#PVF_File

[player number]
	2	8

[pvp start area]
	0	0	0	0
	0	0	0	0
	0	0	0	0

[dungeon]
	42
[/dungeon]

[type]
	`[normal]`

[greed]
	`BB BB`

[tile]
	`Tile/emptytile.til`
	`Tile/emptytile.til`
	`Tile/emptytile.til`
	`Tile/emptytile.til`
	`Tile/emptytile.til`
	`Tile/emptytile.til`
[/tile]

[extended tile]
	`Tile/sp06_1.til`
	`Tile/sp06.til`
	`Tile/sp22.til`
	`Tile/sp23.til`
	`Tile/sp24.til`
	`Tile/sp25.til`
	`Tile/sp01.til`
	`Tile/sp01_1.til`
	`Tile/sp01_1.til`
	`Tile/sp29.til`
	`Tile/sp30.til`
	`Tile/sp31.til`
	`Tile/sp01.til`
	`Tile/sp01_1.til`
	`Tile/sp02_1.til`
	`Tile/sp11.til`
	`Tile/emptytileex.til`
	`Tile/emptytile.til`
	`Tile/sp03.til`
	`Tile/sp03_1.til`
	`Tile/sp11-1.til`
	`Tile/sp19.til`
	`Tile/emptytileex.til`
	`Tile/emptytileex.til`
	`Tile/sp16.til`
	`Tile/sp16.til`
	`Tile/sp16.til`
	`Tile/sp19.til`
	`Tile/emptytileex.til`
	`Tile/emptytileex.til`
[/extended tile]

[far sight scroll]
	56

[middle sight scroll]
	90

[near sight scroll]
	110

[background animation]
	[ani info]
		[filename]
			`Animation/far01-300.ani`
		[layer]
			`[distantback]`
		[order]
			`[below]`
	[/ani info]
	[ani info]
		[filename]
			`../CommonAnimation/Fog.ani`
		[layer]
			`[close]`
		[order]
			`[upper]`
	[/ani info]
[/background animation]

[pathgate pos]
	54	986	1327	296	198	981	359	1014

[sound]
	`M_CHARNAKRIDGE`
	`R_AMB_SNOWWIND`
[/sound]

[animation]
	`Animation/far00.ani`	`[distantback]`	720	579	0
	`Animation/far00.ani`	`[distantback]`	-1	579	0
	`Animation/far00.ani`	`[distantback]`	1441	579	0
	`Animation/far00.ani`	`[distantback]`	2162	579	0
[/animation]

[passive object]
	739	2362	278	0
	845	1442	279	0
	8100	108	288	0
	743	1911	302	0
	742	1955	302	0
	8102	426	303	0
	845	1757	324	0
	8103	269	330	0
	845	2241	331	0
	845	1644	387	0
	745	719	466	0
	743	2197	468	0
	846	2149	475	0
	846	2173	483	0
	738	782	487	0
	744	2074	491	0
	845	2122	491	0
	48047	0	0	0
	951	8	308	0
	955	638	319	0
	748	569	319	0
	955	1742	446	0
	8115	247	461	0
	955	1773	463	0
	748	582	518	0
[/passive object]

[monster]
	50503	1	0	400	396	0	1	1	`[fixed]`	`[normal]`
	1012	1	0	263	408	0	1	1	`[fixed]`	`[normal]`
	1012	1	0	538	431	0	1	1	`[fixed]`	`[normal]`
	56707	1	0	94	448	0	1	1	`[fixed]`	`[normal]`
	1012	1	0	268	523	0	1	1	`[fixed]`	`[normal]`
	50503	1	0	403	534	0	1	1	`[fixed]`	`[normal]`
[/monster]

[monster specific AI]
	`[normal]`
	`[normal]`
	`[normal]`
	`[normal]`
	`[normal]`
	`[normal]`
[/monster specific AI]

[special passive object]
	849	54	577	0	1
	`[trap]`	2211	1	3	4	-1	
[/special passive object]

[event monster position]
	169	413	0
	987	308	0
	869	316	0
[/event monster position]

[map name]
	`PVP 无名`
