#PVF_File

[player number]
	2	8

[pvp start area]
	0	0	0	0
	0	0	0	0
	0	0	0	0

[dungeon]
	42
[/dungeon]

[type]
	`[normal]`

[greed]
	`FF FF`

[tile]
	`Tile/emptytile.til`
	`Tile/emptytile.til`
	`Tile/emptytile.til`
	`Tile/emptytile.til`
	`Tile/emptytile.til`
	`Tile/emptytile.til`
	`Tile/emptytile.til`
	`Tile/emptytile.til`
[/tile]

[extended tile]
	`Tile/sp06.til`
	`Tile/sp06_1.til`
	`Tile/sp07.til`
	`Tile/emptytileex.til`
	`Tile/emptytileex.til`
	`Tile/emptytileex.til`
	`Tile/emptytileex.til`
	`Tile/emptytileex.til`
	`Tile/sp01_1.til`
	`Tile/sp01_1.til`
	`Tile/sp05.til`
	`Tile/sp06.til`
	`Tile/sp06_1.til`
	`Tile/sp22.til`
	`Tile/sp28.til`
	`Tile/sp22.til`
	`Tile/sp04.til`
	`Tile/sp01.til`
	`Tile/sp01_1.til`
	`Tile/sp01.til`
	`Tile/sp01_1.til`
	`Tile/sp01.til`
	`Tile/sp01.til`
	`Tile/sp01_1.til`
	`Tile/sp08.til`
	`Tile/sp03.til`
	`Tile/sp04.til`
	`Tile/sp01_1.til`
	`Tile/sp01_1.til`
	`Tile/sp01_1.til`
	`Tile/sp01.til`
	`Tile/sp01.til`
	`Tile/sp21.til`
	`Tile/sp16.til`
	`Tile/sp08.til`
	`Tile/sp03_1.til`
	`Tile/sp03.til`
	`Tile/sp03.til`
	`Tile/sp03_1.til`
	`Tile/sp03.til`
	`Tile/sp21.til`
	`Tile/sp16.til`
	`Tile/sp21.til`
	`Tile/sp16.til`
	`Tile/sp16.til`
	`Tile/sp16.til`
	`Tile/sp16.til`
	`Tile/sp16.til`
[/extended tile]

[far sight scroll]
	56

[middle sight scroll]
	90

[near sight scroll]
	110

[background animation]
	[ani info]
		[filename]
			`Animation/far01-300.ani`
		[layer]
			`[distantback]`
		[order]
			`[below]`
	[/ani info]
[/background animation]

[pathgate pos]
	3	387	1763	441	403	1169	241	1179

[sound]
	`M_CHARNAKRIDGE`
	`R_AMB_SNOWWIND`
[/sound]

[animation]
	`Animation/RicuDoor2.ani`	`[normal]`	1738	547	0
	`Animation/RicuDoor1.ani`	`[normal]`	1638	194	0
	`Animation/far00.ani`	`[distantback]`	720	579	0
	`Animation/far00.ani`	`[distantback]`	-1	579	0
	`Animation/far00.ani`	`[distantback]`	1441	579	0
	`Animation/far00.ani`	`[distantback]`	2162	579	0
[/animation]

[passive object]
	739	598	391	0
	738	650	414	0
	8452	759	419	0
	955	678	426	0
	8452	1214	439	0
	8104	1019	440	0
	8452	816	468	0
	8104	1451	479	0
	8452	1252	493	0
	739	316	579	0
	739	282	595	0
	954	351	601	0
	8452	1273	662	0
	8452	800	662	0
	8104	1503	674	0
	8104	1083	683	0
	8452	854	717	0
	8452	1303	721	0
[/passive object]

[monster]
	8	1	0	695	493	0	1	1	`[fixed]`	`[normal]`
	3	1	0	824	525	0	1	1	`[fixed]`	`[normal]`
	8	1	0	608	534	0	1	1	`[fixed]`	`[normal]`
	3	1	0	1160	547	0	1	1	`[fixed]`	`[normal]`
	56705	1	0	1090	559	0	1	1	`[fixed]`	`[normal]`
	3	1	0	825	589	0	1	1	`[fixed]`	`[normal]`
	8	1	0	692	594	0	1	1	`[fixed]`	`[normal]`
	3	1	0	1161	602	0	1	1	`[fixed]`	`[normal]`
[/monster]

[monster specific AI]
	`[normal]`
	`[normal]`
	`[normal]`
	`[normal]`
	`[normal]`
	`[normal]`
	`[normal]`
	`[normal]`
[/monster specific AI]

[event monster position]
	601	463	0
	487	521	0
	608	595	0
	489	403	0
[/event monster position]

[map name]
	`PVP 无名`
