#PVF_File

[player number]
	2	8

[pvp start area]
	0	0	0	0
	0	0	0	0
	0	0	0	0

[dungeon]
	13
[/dungeon]

[type]
	`[normal]`

[greed]
	`JJ JJ`

[tile]
	`Tile/SkyCastleNPoll.til`
	`Tile/SkyCastleLCPoll.til`
	`Tile/SkyCastleNPoll.til`
	`Tile/SkyCastleLCPoll.til`
	`Tile/SkyCastleNPoll.til`
	`Tile/SkyCastleLCPoll.til`
	`Tile/SkyCastleNPoll.til`
	`Tile/SkyCastleLCPoll.til`
[/tile]

[far sight scroll]
	56

[middle sight scroll]
	90

[near sight scroll]
	110

[background animation]
	[ani info]
		[filename]
			`Animation/far1.ani`
		[layer]
			`[distantback]`
		[order]
			`[below]`
	[/ani info]
	[ani info]
		[filename]
			`Animation/far3.ani`
		[layer]
			`[middleback]`
		[order]
			`[below]`
	[/ani info]
[/background animation]

[pathgate pos]
	13	679	1750	279	1049	864	416	340

[sound]
	`M_GOLEM_TOWER`
	`R_AMB_WIND`
[/sound]

[animation]
	`Animation/scloud.ani`	`[distantback]`	-378	180	0
	`Animation/scloud.ani`	`[distantback]`	253	180	0
	`Animation/scloud.ani`	`[distantback]`	884	180	0
	`Animation/scloud.ani`	`[distantback]`	1515	180	0
	`Animation/scloud.ani`	`[distantback]`	2146	180	0
	`Animation/scloud.ani`	`[distantback]`	2777	180	0
[/animation]

[passive object]
	801	847	206	0
	235	1217	211	0
	801	847	230	0
	270	274	316	0
	801	847	332	0
	235	1233	341	0
	801	846	355	0
[/passive object]

[monster]
	33	1	0	1022	243	0	1	1	`[fixed]`	`[normal]`
	50094	1	0	1447	260	0	1	1	`[fixed]`	`[normal]`
	78	1	0	126	272	0	1	1	`[fixed]`	`[normal]`
	76	1	0	708	289	0	1	1	`[fixed]`	`[normal]`
	34	1	0	1023	318	0	1	1	`[fixed]`	`[normal]`
[/monster]

[monster specific AI]
	`[normal]`
	`[normal]`
	`[normal]`
	`[normal]`
	`[normal]`
[/monster specific AI]

[special passive object]
	1035	291	201	0	1
	`[item]`	0	1	-1	-1	-1
	1035	379	201	0	1
	`[item]`	0	1	-1	-1	-1
	1035	335	201	0	1
	`[item]`	0	1	-1	-1	-1
	1035	425	201	0	0
	1035	474	201	0	0
	1035	517	201	0	0
	1035	1219	241	0	1
	`[item]`	0	1	-1	-1	-1
	1035	1222	272	0	1
	`[item]`	0	1	-1	-1	-1
	1035	1222	298	0	1
	`[item]`	0	1	-1	-1	-1	
[/special passive object]

[event monster position]
	293	259	0
	527	259	0
	1317	229	0
	1323	314	0
[/event monster position]

[map name]
	`PVP 无名`
