#PVF_File

[player number]
	2	8

[pvp start area]
	0	0	0	0
	0	0	0	0
	0	0	0	0

[dungeon]
	13
[/dungeon]

[type]
	`[normal]`

[greed]
	`FF EE`

[tile]
	`Tile/SkyCastleLCPoll.til`
	`Tile/SkyCastleNPoll.til`
	`Tile/SkyCastleLCPoll.til`
	`Tile/SkyCastlePCPoll.til`
	`Tile/SkyCastleLCPoll.til`
	`Tile/SkyCastlePCPoll.til`
	`Tile/SkyCastleLCPoll.til`
[/tile]

[far sight scroll]
	56

[middle sight scroll]
	90

[near sight scroll]
	110

[background animation]
	[ani info]
		[filename]
			`Animation/far1.ani`
		[layer]
			`[distantback]`
		[order]
			`[below]`
	[/ani info]
	[ani info]
		[filename]
			`Animation/far3.ani`
		[layer]
			`[middleback]`
		[order]
			`[below]`
	[/ani info]
[/background animation]

[pathgate pos]
	11	262	1522	295	868	870	1244	333

[sound]
	`M_GOLEM_TOWER`
	`R_AMB_WIND`
[/sound]

[animation]
	`Animation/scloud.ani`	`[distantback]`	-378	201	0
	`Animation/scloud.ani`	`[distantback]`	253	201	0
	`Animation/scloud.ani`	`[distantback]`	884	201	0
	`Animation/scloud.ani`	`[distantback]`	1515	201	0
	`Animation/scloud.ani`	`[distantback]`	2146	201	0
	`Animation/scloud.ani`	`[distantback]`	2777	201	0
[/animation]

[passive object]
	801	601	195	0
	801	1061	199	0
	801	617	210	0
	801	1080	217	0
	801	1000	332	0
	235	926	333	0
	235	593	338	0
	801	510	340	0
	801	1017	353	0
	801	528	360	0
[/passive object]

[monster]
	38	1	0	968	231	0	1	1	`[fixed]`	`[normal]`
	39	1	0	752	233	0	1	1	`[fixed]`	`[normal]`
	75	1	0	470	234	0	1	1	`[fixed]`	`[normal]`
	50094	1	0	858	256	0	1	1	`[fixed]`	`[normal]`
	75	1	0	648	279	0	1	1	`[fixed]`	`[normal]`
	38	1	0	972	282	0	1	1	`[fixed]`	`[normal]`
	39	1	0	757	289	0	1	1	`[fixed]`	`[normal]`
[/monster]

[monster specific AI]
	`[normal]`
	`[normal]`
	`[normal]`
	`[normal]`
	`[normal]`
	`[normal]`
	`[normal]`
[/monster specific AI]

[event monster position]
	571	260	0
	470	239	0
	664	261	0
	1069	255	0
[/event monster position]

[map name]
	`PVP 无名`
