#PVF_File

[player number]
	2	8

[pvp start area]
	0	0	0	0
	0	0	0	0
	0	0	0	0

[dungeon]
	3537
[/dungeon]

[type]
	`[normal]`

[greed]
	`FF FF`

[tile]
	`Tile/Tile01.til`
	`Tile/Tile01.til`
	`Tile/Tile01.til`
	`Tile/Tile01.til`
	`Tile/Tile01.til`
	`Tile/Tile01.til`
	`Tile/Tile01.til`
[/tile]

[extended tile]
	`Tile/Tile01_Ex.til`
	`Tile/Tile01_Ex.til`
	`Tile/Tile01_Ex.til`
	`Tile/Tile01_Ex.til`
	`Tile/Tile01_Ex.til`
	`Tile/Tile01_Ex.til`
	`Tile/Tile01_Ex.til`
[/extended tile]

[far sight scroll]
	42

[middle sight scroll]
	90

[near sight scroll]
	110

[background animation]
	[ani info]
		[filename]
			`Animation/uffar.ani`
		[layer]
			`[distantback]`
		[order]
			`[below]`
	[/ani info]
	[ani info]
		[filename]
			`Animation/ufmid.ani`
		[layer]
			`[middleback]`
		[order]
			`[below]`
	[/ani info]
[/background animation]

[pathgate pos]
	65	281	1590	281	0	0	0	0

[sound]
	`M_IN_CAVE`
	`AMB_DIMENSION_01`
[/sound]

[animation]
	`Animation/midle_black3.ani`	`[closeback]`	-1	-121	0
	`Animation/midle_black0.ani`	`[closeback]`	406	-121	0
	`Animation/midle_black3.ani`	`[closeback]`	1050	-121	0
	`Animation/midle_black_srv0.ani`	`[closeback]`	1581	129	0
	`Animation/tile_stone2.ani`	`[closeback]`	71	146	0
	`Animation/tile_quake4.ani`	`[bottom]`	1289	308	0
	`Animation/tile_quake3.ani`	`[bottom]`	1293	284	0
	`Animation/tile_stone7.ani`	`[close]`	1610	360	0
	`Animation/fire_00.ani`	`[close]`	-30	350	0
	`Animation/fire_00.ani`	`[close]`	700	350	0
	`Animation/fire_00.ani`	`[close]`	1430	350	0
	`Animation/fire_00.ani`	`[middleback]`	25	-45	0
	`Animation/fire_00.ani`	`[middleback]`	755	-45	0
	`Animation/tile_stone2.ani`	`[closeback]`	841	96	0
	`Animation/tile_stone2.ani`	`[closeback]`	859	96	0
	`Animation/tile_stone2.ani`	`[closeback]`	871	96	0
	`Animation/tile_stone5.ani`	`[closeback]`	739	142	0
	`Animation/tile_stone5.ani`	`[closeback]`	1176	144	0
	`Animation/tile_stone5.ani`	`[closeback]`	513	143	0
	`Animation/tile_stone5.ani`	`[closeback]`	1426	154	0
	`Animation/tile_stone6.ani`	`[middleback]`	150	142	0
	`Animation/tile_stone6.ani`	`[middleback]`	759	141	0
	`Animation/tile_stone6.ani`	`[middleback]`	1176	136	0
	`Animation/tile_stone6.ani`	`[closeback]`	1019	152	0
[/animation]

[passive object]
	54200	1274	392	0
	54199	661	186	0
	54202	895	225	0
	54202	276	372	0
	54201	577	378	0
	54183	1545	322	0
	54183	1569	231	0
	54183	11	320	0
	54183	40	238	0
	54200	772	265	0
	54200	630	361	0
[/passive object]

[monster]
	100002	1	0	535	292	0	1	1	`[fixed]`	`[normal]`
	100004	1	0	717	323	0	1	1	`[fixed]`	`[normal]`
	100004	1	0	719	322	0	1	1	`[fixed]`	`[normal]`
	100004	1	0	1485	283	0	1	1	`[fixed]`	`[normal]`
	100005	1	0	724	320	0	1	1	`[fixed]`	`[normal]`
	100005	1	0	1460	287	0	1	1	`[fixed]`	`[normal]`
	100009	1	0	431	333	0	1	1	`[fixed]`	`[normal]`
	100009	1	0	604	224	0	1	1	`[fixed]`	`[normal]`
	100009	1	0	1462	302	0	1	1	`[fixed]`	`[normal]`
[/monster]

[monster specific AI]
	`[normal]`
	`[normal]`
	`[normal]`
	`[normal]`
	`[normal]`
	`[normal]`
	`[normal]`
	`[normal]`
	`[normal]`
[/monster specific AI]

[special passive object]
	826	910	394	0	1
	`[item]`	0	1	-1	-1	-1
	826	966	394	0	1
	`[item]`	0	1	-1	-1	-1
	826	1374	206	0	1
	`[item]`	0	1	-1	-1	-1
	826	1427	206	0	1
	`[item]`	0	1	-1	-1	-1	
[/special passive object]

[map name]
	`PVP 无名`
