#PVF_File

[player number]
	2	8

[pvp start area]
	0	0	0	0
	0	0	0	0
	0	0	0	0

[dungeon]
	84
[/dungeon]

[type]
	`[normal]`

[greed]
	`HH HH`

[tile]
	`Tile/NightFieldTile3_4.til`
	`Tile/NightFieldTile3_2.til`
	`Tile/NightFieldTile3_2.til`
	`Tile/NightFieldTile3_2.til`
	`Tile/NightFieldTile2_1.til`
	`Tile/NightFieldTile2_2.til`
[/tile]

[extended tile]
	`Tile/NightFieldTileEx_1.til`
	`Tile/NightFieldTileEx.til`
	`Tile/NightFieldTileEx.til`
	`Tile/NightFieldTileEx.til`
	`Tile/NightFieldTileEx.til`
	`Tile/NightFieldTileEx.til`
[/extended tile]

[background animation]
	[ani info]
		[filename]
			`Animation/FieldNightFar.ani`
		[layer]
			`[distantback]`
		[order]
			`[below]`
	[/ani info]
	[ani info]
		[filename]
			`Animation/FieldNightMid.ani`
		[layer]
			`[middleback]`
		[order]
			`[below]`
	[/ani info]
[/background animation]

[pathgate pos]
	67	405	1098	223	570	158	239	732

[sound]
	`M_INTERCEPTION`
[/sound]

[animation]
	`Animation/Lamp.ani`	`[close]`	808	104	0
	`Animation/Lamp.ani`	`[close]`	228	101	0
	`Animation/TentClose.ani`	`[bottom]`	368	168	0
	`Animation/TentClose.ani`	`[bottom]`	144	168	0
	`Animation/TentMid.ani`	`[bottom]`	-80	168	0
	`Animation/Tentin.ani`	`[bottom]`	1098	225	0
	`Animation/TentClose.ani`	`[bottom]`	815	168	0
[/animation]

[passive object]
	10150	363	163	0
	10151	912	164	0
	10151	802	164	0
	10150	57	164	0
	10150	211	166	0
	10151	47	170	0
	8963	594	170	0
	10151	66	201	0
	8963	343	212	0
	8963	295	214	0
	8963	257	216	0
	8963	369	217	0
	8963	341	226	0
	10151	88	231	0
	10150	1270	412	0
	8963	1152	448	0
	8963	1116	448	0
	10150	1288	455	0
	8963	1078	456	0
	8963	1109	461	0
	8963	1143	464	0
[/passive object]

[monster]
	61009	1	0	449	287	0	1	1	`[fixed]`	`[normal]`
	56002	1	0	935	293	0	1	1	`[fixed]`	`[normal]`
	61009	1	0	303	300	0	1	1	`[fixed]`	`[normal]`
	61009	1	0	490	357	0	1	1	`[fixed]`	`[normal]`
	61009	1	0	345	366	0	1	1	`[fixed]`	`[normal]`
[/monster]

[monster specific AI]
	`[normal]`
	`[normal]`
	`[normal]`
	`[normal]`
	`[normal]`
[/monster specific AI]

[special passive object]
	30528	632	293	0	1
	`[hellparty]`
		125	25	1
		126	25	1
		127	25	1
		128	25	1
		31	20	1
		32	20	1
		34	20	1
		36	20	1
		37	20	1
		33	20	2
		35	20	2
		42	20	2
		44	20	2
	`[/hellparty]`
[/special passive object]

[event monster position]
	703	274	0
	722	309	0
	742	344	0
	766	387	0
[/event monster position]

[map name]
	`PVP 无名`
