#PVF_File

[player number]
	2	8

[pvp start area]
	0	0	0	0
	0	0	0	0
	0	0	0	0

[dungeon]
	84
[/dungeon]

[type]
	`[normal]`

[greed]
	`FF EE`

[tile]
	`Tile/NightFieldTile3_4.til`
	`Tile/NightFieldTile3_2.til`
	`Tile/NightFieldTile3_2.til`
	`Tile/NightFieldTile3_2.til`
	`Tile/NightFieldTile2_1.til`
	`Tile/NightFieldTile2_2.til`
[/tile]

[extended tile]
	`Tile/NightFieldTileEx_1.til`
	`Tile/NightFieldTileEx.til`
	`Tile/NightFieldTileEx.til`
	`Tile/NightFieldTileEx.til`
	`Tile/NightFieldTileEx.til`
	`Tile/NightFieldTileEx.til`
[/extended tile]

[background animation]
	[ani info]
		[filename]
			`Animation/FieldNightFar.ani`
		[layer]
			`[distantback]`
		[order]
			`[below]`
	[/ani info]
	[ani info]
		[filename]
			`Animation/FieldNightMid.ani`
		[layer]
			`[middleback]`
		[order]
			`[below]`
	[/ani info]
[/background animation]

[pathgate pos]
	69	405	1099	223	711	784	501	685

[sound]
	`M_INTERCEPTION`
[/sound]

[animation]
	`Animation/Lamp.ani`	`[close]`	364	84	0
	`Animation/Lamp.ani`	`[close]`	763	79	0
	`Animation/TentClose.ani`	`[bottom]`	816	168	0
	`Animation/TentClose.ani`	`[bottom]`	592	168	0
	`Animation/TentClose.ani`	`[bottom]`	368	168	0
	`Animation/TentClose.ani`	`[bottom]`	144	168	0
	`Animation/TentClose.ani`	`[bottom]`	-80	168	0
	`Animation/Tentin.ani`	`[bottom]`	1099	225	0
[/animation]

[passive object]
	10233	956	175	0
	10234	518	176	0
	10234	846	177	0
	8958	364	181	0
	8957	214	181	0
	8959	78	181	0
	8963	616	193	0
	8963	651	193	0
	10233	418	196	0
	8960	560	212	0
	10233	473	221	0
	8963	659	222	0
	8963	617	223	0
	10232	290	229	0
	8963	860	231	0
	10232	90	238	0
	10150	1195	357	0
	10234	1093	399	0
	10150	1263	408	0
	8960	1021	434	0
	10234	1141	440	0
	10150	1318	457	0
	8960	1019	466	0
	10233	1153	476	0
[/passive object]

[monster]
	61009	1	0	878	298	0	1	1	`[fixed]`	`[normal]`
	61009	1	0	766	308	0	1	1	`[fixed]`	`[normal]`
	61216	1	0	512	352	0	1	1	`[fixed]`	`[normal]`
	61216	1	0	387	356	0	1	1	`[fixed]`	`[normal]`
	61009	1	0	674	362	0	1	1	`[fixed]`	`[normal]`
	61216	1	0	411	391	0	1	1	`[fixed]`	`[normal]`
	61009	1	0	886	392	0	1	1	`[fixed]`	`[normal]`
	61216	1	0	288	392	0	1	1	`[fixed]`	`[normal]`
	61009	1	0	768	400	0	1	1	`[fixed]`	`[normal]`
	61216	1	0	515	417	0	1	1	`[fixed]`	`[normal]`
	61216	1	0	387	439	0	1	1	`[fixed]`	`[normal]`
[/monster]

[monster specific AI]
	`[normal]`
	`[normal]`
	`[normal]`
	`[normal]`
	`[normal]`
	`[normal]`
	`[normal]`
	`[normal]`
	`[normal]`
	`[normal]`
	`[normal]`
[/monster specific AI]

[special passive object]
	8962	711	198	0	3
	`[trap]`	2010	1	1	3	-1
	`[trap]`	2110	1	1	3	-1
	`[trap]`	2210	1	1	3	-1
	8956	942	457	0	1
	`[item]`	2	1	-1	-1	-1	
[/special passive object]

[event monster position]
	194	308	0
	232	309	0
	266	309	0
	296	309	0
[/event monster position]

[map name]
	`PVP 无名`
