#PVF_File

[player number]
	2	8

[pvp start area]
	0	0	0	0
	0	0	0	0
	0	0	0	0

[dungeon]
	84
[/dungeon]

[type]
	`[normal]`

[greed]
	`FF FF`

[tile]
	`Tile/NightFieldTile3_7.til`
	`Tile/NightFieldTile3_2.til`
	`Tile/NightFieldTile3_2.til`
	`Tile/NightFieldTile3_2.til`
	`Tile/NightFieldTile2_1.til`
	`Tile/NightFieldTile2_2.til`
[/tile]

[background animation]
	[ani info]
		[filename]
			`Animation/FieldNightFar.ani`
		[layer]
			`[distantback]`
		[order]
			`[below]`
	[/ani info]
	[ani info]
		[filename]
			`Animation/FieldNightMid.ani`
		[layer]
			`[middleback]`
		[order]
			`[below]`
	[/ani info]
[/background animation]

[pathgate pos]
	71	265	1099	223	530	782	239	732

[sound]
	`M_INTERCEPTION`
[/sound]

[animation]
	`Animation/Lamp.ani`	`[close]`	508	99	0
	`Animation/Lamp.ani`	`[close]`	808	104	0
	`Animation/Lamp.ani`	`[close]`	228	101	0
	`Animation/TentClose.ani`	`[bottom]`	368	168	0
	`Animation/TentClose.ani`	`[bottom]`	144	168	0
	`Animation/TentClose.ani`	`[bottom]`	-80	168	0
	`Animation/TentOpen.ani`	`[bottom]`	592	168	0
	`Animation/Tentin.ani`	`[bottom]`	1099	225	0
	`Animation/TentOpen.ani`	`[bottom]`	816	168	0
[/animation]

[passive object]
	10151	358	154	0
	10150	675	159	0
	10150	211	164	0
	10150	57	164	0
	10150	931	166	0
	8963	533	179	0
	8963	571	181	0
	8453	637	215	0
	8453	703	272	0
	8963	794	344	0
	8963	834	345	0
[/passive object]

[monster]
	61009	1	0	1012	255	0	1	1	`[fixed]`	`[normal]`
	61009	1	0	891	257	0	1	1	`[fixed]`	`[normal]`
	61009	1	0	381	264	0	1	1	`[fixed]`	`[normal]`
	61009	1	0	481	280	0	1	1	`[fixed]`	`[normal]`
	61009	1	0	947	306	0	1	1	`[fixed]`	`[normal]`
	61009	1	0	1048	326	0	1	1	`[fixed]`	`[normal]`
	61009	1	0	448	330	0	1	1	`[fixed]`	`[normal]`
[/monster]

[monster specific AI]
	`[normal]`
	`[normal]`
	`[normal]`
	`[normal]`
	`[normal]`
	`[normal]`
	`[normal]`
[/monster specific AI]

[special passive object]
	10152	806	162	0	1
	`[item]`	1	1	-1	-1	-1
	10152	461	171	0	1
	`[item]`	1	1	-1	-1	-1
	8453	670	244	0	1
	`[trap]`	2600	1	1	2	-1	
[/special passive object]

[heroes mode map index]
	17013

[event monster position]
	286	209	0
	223	213	0
	355	208	0
	404	210	0
[/event monster position]

[map name]
	`PVP 无名`
