#PVF_File

[player number]
	2	8

[pvp start area]
	0	0	0	0
	0	0	0	0
	0	0	0	0

[dungeon]
	84
[/dungeon]

[type]
	`[normal]`

[greed]
	`HH HH`

[tile]
	`Tile/NightFieldTile3_4.til`
	`Tile/NightFieldTile3_2.til`
	`Tile/NightFieldTile3_2.til`
	`Tile/NightFieldTile3_2.til`
	`Tile/NightFieldTile2_1.til`
	`Tile/NightFieldTile2_2.til`
[/tile]

[extended tile]
	`Tile/NightFieldTileEx_1.til`
	`Tile/NightFieldTileEx.til`
	`Tile/NightFieldTileEx.til`
	`Tile/NightFieldTileEx.til`
	`Tile/NightFieldTileEx.til`
	`Tile/NightFieldTileEx.til`
[/extended tile]

[background animation]
	[ani info]
		[filename]
			`Animation/FieldNightFar.ani`
		[layer]
			`[distantback]`
		[order]
			`[below]`
	[/ani info]
	[ani info]
		[filename]
			`Animation/FieldNightMid.ani`
		[layer]
			`[middleback]`
		[order]
			`[below]`
	[/ani info]
[/background animation]

[pathgate pos]
	67	405	1099	223	570	158	239	732

[sound]
	`M_INTERCEPTION`
[/sound]

[animation]
	`Animation/Lamp.ani`	`[close]`	808	104	0
	`Animation/Lamp.ani`	`[close]`	228	101	0
	`Animation/TentClose.ani`	`[bottom]`	368	168	0
	`Animation/TentClose.ani`	`[bottom]`	144	168	0
	`Animation/TentMid.ani`	`[bottom]`	-80	168	0
	`Animation/Tentin.ani`	`[bottom]`	1099	225	0
	`Animation/TentMid.ani`	`[bottom]`	815	168	0
[/animation]

[passive object]
	8957	933	164	0
	8960	775	171	0
	10234	207	173	0
	8958	54	173	0
	8957	1300	438	0
	8957	1321	470	0
	10233	1192	480	0
[/passive object]

[monster]
	61006	1	0	375	310	0	1	1	`[fixed]`	`[normal]`
	61014	1	0	941	317	0	1	1	`[fixed]`	`[normal]`
	61014	1	0	784	347	0	1	1	`[fixed]`	`[normal]`
	61006	1	0	429	356	0	1	1	`[fixed]`	`[normal]`
	56005	1	0	597	386	0	1	1	`[fixed]`	`[normal]`
	61014	1	0	975	409	0	1	1	`[fixed]`	`[normal]`
	61014	1	0	851	423	0	1	1	`[fixed]`	`[normal]`
	61006	1	0	483	424	0	1	1	`[fixed]`	`[normal]`
[/monster]

[monster specific AI]
	`[normal]`
	`[normal]`
	`[normal]`
	`[normal]`
	`[normal]`
	`[normal]`
	`[normal]`
	`[normal]`
[/monster specific AI]

[special passive object]
	8961	544	229	0	1
	`[item]`	0	1	-1	-1	-1
	8961	822	240	0	1
	`[item]`	0	1	-1	-1	-1
	8961	921	434	0	1
	`[item]`	0	1	-1	-1	-1
	8961	578	434	0	1
	`[item]`	0	1	-1	-1	-1
	8960	827	171	0	5
	`[trap]`	2010	1	4	30	-1
	`[trap]`	2200	1	4	30	-1
	`[trap]`	2110	1	2	30	-1
	`[trap]`	2211	1	2	30	-1
	`[trap]`	2210	1	2	30	-1	
[/special passive object]

[event monster position]
	691	254	0
	733	279	0
	742	344	0
	766	387	0
[/event monster position]

[map name]
	`PVP 无名`
