#PVF_File

[player number]
	2	8

[pvp start area]
	0	0	0	0
	0	0	0	0
	0	0	0	0

[dungeon]
	11060
[/dungeon]

[type]
	`[normal]`

[greed]
	`BB BB`

[tile]
	`Tile/tile.til`
	`Tile/tile1.til`
	`Tile/tile2.til`
	`Tile/tile3.til`
	`Tile/tile4.til`
	`Tile/tile5.til`
[/tile]

[background animation]
	[ani info]
		[filename]
			`Animation/far4.ani`
		[layer]
			`[distantback]`
		[order]
			`[below]`
	[/ani info]
	[ani info]
		[filename]
			`Animation/far5.ani`
		[layer]
			`[distantback]`
		[order]
			`[below]`
	[/ani info]
	[ani info]
		[filename]
			`Animation/far6.ani`
		[layer]
			`[distantback]`
		[order]
			`[below]`
	[/ani info]
	[ani info]
		[filename]
			`Animation/far7.ani`
		[layer]
			`[distantback]`
		[order]
			`[below]`
	[/ani info]
[/background animation]

[pathgate pos]
	118	189	1222	206	672	144	672	348

[dungeon start area]
	807	510	46	35

[sound]
	`M_DESPAIR_TOWER_TOP`
[/sound]

[animation]
	`Animation/floorobject.ani`	`[bottom]`	449	143	0
	`Animation/floorobject3.ani`	`[bottom]`	498	164	0
	`Animation/floorobject5.ani`	`[bottom]`	563	147	0
	`Animation/floorobject6.ani`	`[bottom]`	629	176	0
	`Animation/floorobject6.ani`	`[bottom]`	728	132	0
	`Animation/floorobject6.ani`	`[bottom]`	967	326	0
	`Animation/floorobject1.ani`	`[bottom]`	323	228	0
	`Animation/floorobject2.ani`	`[bottom]`	973	173	0
	`Animation/ceiling_rope.ani`	`[closeback]`	699	-143	0
	`Animation/ceiling_rope1.ani`	`[closeback]`	852	-147	0
	`Animation/far_sun1.ani`	`[middleback]`	972	-133	0
	`Animation/far_star1.ani`	`[middleback]`	997	-103	0
	`Animation/windowpillar1.ani`	`[middleback]`	698	103	0
[/animation]

[passive object]
	10372	1025	143	0
	10372	895	144	0
	10372	960	144	0
	10387	350	-100	0
[/passive object]

[NPC]
	10000	`[left]`	590	148	0
[/NPC]

[ai character]
	16514	290	240	0	`[monster]`	`[boss]`	2	0
[/ai character]

[event monster position]
	693	261	0
	667	236	0
	611	262	0
	517	234	0
[/event monster position]

[map name]
	`PVP 无名`
