#PVF_File

[player number]
	2	8

[pvp start area]
	0	0	0	0
	0	0	0	0
	0	0	0	0

[dungeon]
	91
[/dungeon]

[type]
	`[normal]`

[greed]
	`CC CC`

[tile]
	`Tile/smnowindowplant.til`
	`Tile/smnowindow.til`
	`Tile/smnowindow.til`
	`Tile/smnowindowplant.til`
	`Tile/smnowindow.til`
	`Tile/smnowindowplant.til`
[/tile]

[far sight scroll]
	56

[middle sight scroll]
	90

[near sight scroll]
	110

[pathgate pos]
	10	278	1330	248	429	166	792	322

[dungeon start area]
	1068	305	118	126

[sound]
	`M_GODDESS_TEMPLE`
	`R_AMB_WIND`
[/sound]

[animation]
	`../Jungle/Animation/act3_vine.ani`	`[close]`	1074	-59	0
	`../Jungle/Animation/act3_vine.ani`	`[close]`	317	-61	0
	`../Jungle/Animation/act3_vine.ani`	`[close]`	117	-61	0
	`../Jungle/Animation/act3_vine.ani`	`[close]`	1572	-59	0
	`../GBL_breeding/Animation/ceiling.ani`	`[close]`	193	-114	0
	`../GBL_breeding/Animation/ceiling.ani`	`[close]`	493	-114	0
	`../GBL_breeding/Animation/ceiling.ani`	`[close]`	1089	-113	0
	`Animation/floorobj03.ani`	`[bottom]`	1072	180	0
	`Animation/floorobj03.ani`	`[bottom]`	175	212	0
	`Animation/floorobj03.ani`	`[bottom]`	627	220	0
	`Animation/floorobj00.ani`	`[bottom]`	242	280	0
	`Animation/floorobj01.ani`	`[bottom]`	602	309	0
	`Animation/floorobj00.ani`	`[bottom]`	1166	314	0
	`Animation/floorobj00.ani`	`[bottom]`	974	255	0
	`Animation/floorobj01.ani`	`[bottom]`	569	230	0
	`Animation/floorobj02.ani`	`[bottom]`	1071	190	0
	`Animation/floorobj03.ani`	`[bottom]`	902	255	0
	`Animation/entrance.ani`	`[closeback]`	400	148	0
[/animation]

[passive object]
	707	782	196	0
[/passive object]

[monster]
	5003	1	0	267	209	0	1	1	`[fixed]`	`[normal]`
	500	1	0	413	239	0	1	1	`[fixed]`	`[normal]`
	5002	1	0	505	240	0	1	1	`[fixed]`	`[normal]`
	5002	1	0	304	262	0	1	1	`[fixed]`	`[normal]`
	5002	1	0	564	274	0	1	1	`[fixed]`	`[normal]`
	500	1	0	427	294	0	1	1	`[fixed]`	`[normal]`
	5003	1	0	273	307	0	1	1	`[fixed]`	`[normal]`
[/monster]

[monster specific AI]
	`[normal]`
	`[normal]`
	`[normal]`
	`[normal]`
	`[normal]`
	`[normal]`
	`[normal]`
[/monster specific AI]

[event monster position]
	380	252	0
	475	256	0
	204	233	0
	667	209	0
[/event monster position]

[map name]
	`PVP 无名`
