#PVF_File

[player number]
	2	8

[pvp start area]
	0	0	0	0
	0	0	0	0
	0	0	0	0

[dungeon]
	91
[/dungeon]

[type]
	`[normal]`

[greed]
	`BB BB`

[tile]
	`Tile/tile00.til`
	`Tile/tile01.til`
	`Tile/tile02.til`
	`Tile/tile03.til`
	`Tile/tile01.til`
	`Tile/tile02.til`
	`Tile/tile02.til`
[/tile]

[pathgate pos]
	436	703	1554	235	604	718	755	669

[sound]
	`AMB_INSIDE_01`
	`M_GODDESS_TEMPLE`
[/sound]

[animation]
	`Animation/floorobj01.ani`	`[bottom]`	1095	173	0
	`Animation/floorobj03.ani`	`[bottom]`	1301	173	0
	`Animation/floorobj03.ani`	`[bottom]`	564	175	0
	`Animation/floorobj00.ani`	`[bottom]`	628	176	0
	`Animation/floorobj02.ani`	`[bottom]`	348	178	0
	`Animation/floorobj01.ani`	`[bottom]`	1416	198	0
	`Animation/floorobj01.ani`	`[bottom]`	854	210	0
	`Animation/floorobj03.ani`	`[bottom]`	1002	217	0
	`Animation/floorobj00.ani`	`[bottom]`	222	218	0
	`Animation/floorobj03.ani`	`[bottom]`	465	231	0
	`Animation/floorobj03.ani`	`[bottom]`	250	234	0
	`Animation/floorobj00.ani`	`[bottom]`	509	237	0
	`Animation/floorobj03.ani`	`[bottom]`	944	265	0
	`Animation/floorobj01.ani`	`[bottom]`	1391	265	0
	`Animation/floorobj01.ani`	`[bottom]`	785	287	0
	`Animation/floorobj01.ani`	`[bottom]`	1137	293	0
	`Animation/floorobj00.ani`	`[bottom]`	370	300	0
	`Animation/floorobj02.ani`	`[bottom]`	622	300	0
	`Animation/floorobj03.ani`	`[bottom]`	608	300	0
	`Animation/floorobj03.ani`	`[bottom]`	1308	328	0
	`Animation/floorobj03.ani`	`[bottom]`	1469	331	0
	`Animation/smallstatue01.ani`	`[closeback]`	787	82	0
	`Animation/smallstatue01.ani`	`[closeback]`	652	82	0
	`Animation/smallstatue01.ani`	`[closeback]`	1114	83	0
	`Animation/smallstatue00.ani`	`[closeback]`	518	104	0
	`Animation/smallstatue00.ani`	`[closeback]`	356	104	0
	`Animation/smallstatue00.ani`	`[closeback]`	1365	106	0
	`Animation/statue00.ani`	`[closeback]`	1010	110	0
	`Animation/statue01.ani`	`[closeback]`	1453	113	0
	`Animation/statue00.ani`	`[closeback]`	1243	113	0
[/animation]

[passive object]
	885	821	163	0
	300	1177	165	0
	11114	346	167	0
	317	677	168	0
	884	881	168	0
	779	920	170	0
	814	262	170	60
	884	848	171	0
	814	390	178	60
	828	1177	224	0
	884	1250	235	0
	884	1279	265	0
	885	1261	316	0
	300	720	343	0
	11114	926	345	0
	814	910	347	60
	11114	1173	348	0
[/passive object]

[monster]
	63023	1	0	464	206	0	1	1	`[fixed]`	`[normal]`
	63023	1	0	570	212	0	1	1	`[fixed]`	`[normal]`
	260	1	0	336	241	0	1	1	`[fixed]`	`[normal]`
	260	1	0	654	263	0	1	1	`[fixed]`	`[normal]`
	260	1	0	421	282	0	1	1	`[fixed]`	`[normal]`
	63023	1	0	655	305	0	1	1	`[fixed]`	`[normal]`
	63023	1	0	515	316	0	1	1	`[fixed]`	`[normal]`
[/monster]

[monster specific AI]
	`[normal]`
	`[normal]`
	`[normal]`
	`[normal]`
	`[normal]`
	`[normal]`
	`[normal]`
[/monster specific AI]

[event monster position]
	380	252	0
	475	256	0
	204	233	0
	608	233	0
[/event monster position]

[map name]
	`PVP 无名`
