#PVF_File

[player number]
	2	8

[pvp start area]
	0	0	0	0
	0	0	0	0
	0	0	0	0

[dungeon]
	66
[/dungeon]

[type]
	`[normal]`

[greed]
	`FF FF`

[tile]
	`Tile/Tile04.til`
	`Tile/Tile07.til`
	`Tile/Tile07.til`
	`Tile/Tile07.til`
	`Tile/Tile07.til`
	`Tile/Tile08.til`
[/tile]

[extended tile]
	`Tile/Tile04_EX.til`
	`Tile/Tile07_EX.til`
	`Tile/Tile07_EX.til`
	`Tile/Tile07_EX.til`
	`Tile/Tile07_EX.til`
	`Tile/Tile05_EX.til`
[/extended tile]

[far sight scroll]
	40

[middle sight scroll]
	60

[near sight scroll]
	120

[background animation]
	[ani info]
		[filename]
			`animation/Far.ani`
		[layer]
			`[distantback]`
		[order]
			`[below]`
	[/ani info]
	[ani info]
		[filename]
			`animation/Far2.ani`
		[layer]
			`[distantback]`
		[order]
			`[below]`
	[/ani info]
[/background animation]

[pathgate pos]
	48	179	1306	197	201	642	110	631

[sound]
	`AMB_DIMENSEAN_01`
	`M_DIMENSIONSPACE`
[/sound]

[animation]
	`Animation/Tile_Particle01.ani`	`[closeback]`	1242	410	0
	`Animation/Tile_Particle02.ani`	`[closeback]`	442	453	0
	`Animation/Tile_Particle03.ani`	`[closeback]`	463	447	0
	`Animation/Tile_Particle03.ani`	`[closeback]`	234	452	0
	`Animation/Middle3.ani`	`[middleback]`	700	86	0
	`Animation/Middle.ani`	`[middleback]`	464	106	0
	`Animation/Middle1.ani`	`[middleback]`	683	-10	0
	`Animation/Tile_Particle01.ani`	`[middleback]`	775	96	0
	`Animation/Tile_Particle02.ani`	`[middleback]`	361	108	0
	`Animation/Tile_Particle03.ani`	`[middleback]`	853	125	0
[/animation]

[passive object]
	10299	930	201	0
	10289	782	229	0
	10285	452	231	0
	10307	695	232	0
	10305	578	232	0
	10303	1014	269	0
	10304	1097	329	0
	10291	918	346	0
	10306	738	348	0
	10286	565	350	0
[/passive object]

[monster]
	56023	1	0	712	290	0	1	1	`[fixed]`	`[normal]`
[/monster]

[monster specific AI]
	`[normal]`
[/monster specific AI]

[event monster position]
	197	178	0
	196	345	0
	982	188	0
	1102	308	0
[/event monster position]

[map name]
	`PVP 无名`
