#PVF_File

[background pos]
	80

[player number]
	2	8

[pvp start area]
	0	0	0	0
	0	0	0	0
	0	0	0	0

[dungeon]
	101
[/dungeon]

[type]
	`[normal]`

[greed]
	`GG GG`

[tile]
	`Tile/basic_4.til`
	`Tile/basic_1.til`
	`Tile/basic_5.til`
	`Tile/basic_2.til`
	`Tile/basic_3.til`
[/tile]

[extended tile]
	`Tile/basic_ex_1.til`
	`Tile/basic_ex_1.til`
	`Tile/basic_ex_1.til`
	`Tile/basic_ex_1.til`
	`Tile/basic_ex_2.til`
	`Tile/basic_ex_3.til`
	`Tile/basic_ex_3.til`
	`Tile/basic_ex_3.til`
[/extended tile]

[far sight scroll]
	56

[background animation]
	[ani info]
		[filename]
			`Animation/back_far.ani`
		[layer]
			`[distantback]`
		[order]
			`[below]`
	[/ani info]
	[ani info]
		[filename]
			`Animation/back_middle3.ani`
		[layer]
			`[middleback]`
		[order]
			`[below]`
	[/ani info]
[/background animation]

[pathgate pos]
	42	223	1038	40	553	101	1258	402

[sound]
	`M_KOHLE`
	`AMB_POWERSTATION_KOHLE`
[/sound]

[animation]
	`Animation/rail_2.ani`	`[close]`	555	497	0
	`Animation/rail_2.ani`	`[close]`	331	497	0
	`Animation/rail_1.ani`	`[close]`	111	554	0
	`Animation/downstair_1.ani`	`[close]`	780	470	0
	`Animation/downstair_2.ani`	`[close]`	799	606	0
	`Animation/pipe_groove.ani`	`[normal]`	491	153	0
	`Animation/pipe_groove.ani`	`[normal]`	833	153	0
	`Animation/pipe_groove.ani`	`[normal]`	691	154	0
	`Animation/pipe_groove.ani`	`[normal]`	387	154	0
	`Animation/pipe_groove.ani`	`[normal]`	605	154	0
	`Animation/pipe_groove.ani`	`[normal]`	313	155	0
	`Animation/pipe_groove.ani`	`[normal]`	712	183	0
	`Animation/pipe_groove.ani`	`[normal]`	884	183	0
	`Animation/pipe_groove.ani`	`[normal]`	533	183	0
	`Animation/pipe_groove.ani`	`[normal]`	428	184	0
	`Animation/pipe_groove.ani`	`[normal]`	626	184	0
	`Animation/pipe_groove.ani`	`[normal]`	788	184	0
	`Animation/pipe_groove.ani`	`[normal]`	338	184	0
	`Animation/pipe_groove.ani`	`[normal]`	839	213	0
	`Animation/pipe_groove.ani`	`[normal]`	465	213	0
	`Animation/pipe_groove.ani`	`[normal]`	641	213	0
	`Animation/pipe_groove.ani`	`[normal]`	374	213	0
	`Animation/pipe_groove.ani`	`[normal]`	734	213	0
	`Animation/pipe_groove.ani`	`[normal]`	556	214	0
	`Animation/pipe_groove.ani`	`[normal]`	737	242	0
	`Animation/pipe_groove.ani`	`[normal]`	794	243	0
	`Animation/pipe_groove.ani`	`[normal]`	494	243	0
	`Animation/pipe_groove.ani`	`[normal]`	393	243	0
	`Animation/pipe_groove.ani`	`[normal]`	892	244	0
	`Animation/pipe_groove.ani`	`[normal]`	689	244	0
	`Animation/pipe_groove.ani`	`[normal]`	588	244	0
	`Animation/pipe_groove.ani`	`[normal]`	306	245	0
	`Animation/pipe_groove.ani`	`[normal]`	278	273	0
	`Animation/pipe_groove.ani`	`[normal]`	852	273	0
	`Animation/pipe_groove.ani`	`[normal]`	435	273	0
	`Animation/pipe_groove.ani`	`[normal]`	555	273	0
	`Animation/pipe_groove.ani`	`[normal]`	342	274	0
	`Animation/pipe_groove.ani`	`[normal]`	673	274	0
	`Animation/pipe_groove.ani`	`[normal]`	770	274	0
	`Animation/pipe_groove.ani`	`[normal]`	496	274	0
	`Animation/pipe_groove.ani`	`[normal]`	461	301	0
	`Animation/pipe_groove.ani`	`[normal]`	713	302	0
	`Animation/pipe_groove.ani`	`[normal]`	304	303	0
	`Animation/pipe_groove.ani`	`[normal]`	821	303	0
	`Animation/pipe_groove.ani`	`[normal]`	380	304	0
	`Animation/pipe_groove.ani`	`[normal]`	901	304	0
	`Animation/pipe_groove.ani`	`[normal]`	577	304	0
	`Animation/pipe_groove.ani`	`[normal]`	645	304	0
	`Animation/pipe_bottom05.ani`	`[bottom]`	768	153	0
	`Animation/pipe_bottom05.ani`	`[bottom]`	352	153	0
	`Animation/pipe_bottom05.ani`	`[bottom]`	404	153	0
	`Animation/pipe_bottom05.ani`	`[bottom]`	456	153	0
	`Animation/pipe_bottom05.ani`	`[bottom]`	508	153	0
	`Animation/pipe_bottom05.ani`	`[bottom]`	560	153	0
	`Animation/pipe_bottom05.ani`	`[bottom]`	612	153	0
	`Animation/pipe_bottom05.ani`	`[bottom]`	664	153	0
	`Animation/pipe_bottom05.ani`	`[bottom]`	716	153	0
	`Animation/pipe_bottom05.ani`	`[bottom]`	820	153	0
	`Animation/pipe_bottom05.ani`	`[bottom]`	872	153	0
	`Animation/pipe_bottom05.ani`	`[bottom]`	300	153	0
	`Animation/pipe_bottom02.ani`	`[bottom]`	906	161	0
	`Animation/pipe_bottom05.ani`	`[bottom]`	768	183	0
	`Animation/pipe_bottom05.ani`	`[bottom]`	352	183	0
	`Animation/pipe_bottom05.ani`	`[bottom]`	404	183	0
	`Animation/pipe_bottom05.ani`	`[bottom]`	456	183	0
	`Animation/pipe_bottom05.ani`	`[bottom]`	508	183	0
	`Animation/pipe_bottom05.ani`	`[bottom]`	560	183	0
	`Animation/pipe_bottom05.ani`	`[bottom]`	664	183	0
	`Animation/pipe_bottom05.ani`	`[bottom]`	716	183	0
	`Animation/pipe_bottom05.ani`	`[bottom]`	820	183	0
	`Animation/pipe_bottom05.ani`	`[bottom]`	872	183	0
	`Animation/pipe_bottom05.ani`	`[bottom]`	300	183	0
	`Animation/pipe_bottom05.ani`	`[bottom]`	612	183	0
	`Animation/pipe_bottom02.ani`	`[bottom]`	906	191	0
	`Animation/pipe_bottom05.ani`	`[bottom]`	768	213	0
	`Animation/pipe_bottom05.ani`	`[bottom]`	352	213	0
	`Animation/pipe_bottom05.ani`	`[bottom]`	404	213	0
	`Animation/pipe_bottom05.ani`	`[bottom]`	456	213	0
	`Animation/pipe_bottom05.ani`	`[bottom]`	508	213	0
	`Animation/pipe_bottom05.ani`	`[bottom]`	560	213	0
	`Animation/pipe_bottom05.ani`	`[bottom]`	612	213	0
	`Animation/pipe_bottom05.ani`	`[bottom]`	664	213	0
	`Animation/pipe_bottom05.ani`	`[bottom]`	716	213	0
	`Animation/pipe_bottom05.ani`	`[bottom]`	820	213	0
	`Animation/pipe_bottom05.ani`	`[bottom]`	872	213	0
	`Animation/pipe_bottom05.ani`	`[bottom]`	300	213	0
	`Animation/pipe_bottom02.ani`	`[bottom]`	906	221	0
	`Animation/pipe_bottom05.ani`	`[bottom]`	456	243	0
	`Animation/pipe_bottom05.ani`	`[bottom]`	508	243	0
	`Animation/pipe_bottom05.ani`	`[bottom]`	560	243	0
	`Animation/pipe_bottom05.ani`	`[bottom]`	612	243	0
	`Animation/pipe_bottom05.ani`	`[bottom]`	664	243	0
	`Animation/pipe_bottom05.ani`	`[bottom]`	716	243	0
	`Animation/pipe_bottom05.ani`	`[bottom]`	820	243	0
	`Animation/pipe_bottom05.ani`	`[bottom]`	872	243	0
	`Animation/pipe_bottom05.ani`	`[bottom]`	300	243	0
	`Animation/pipe_bottom05.ani`	`[bottom]`	768	243	0
	`Animation/pipe_bottom05.ani`	`[bottom]`	352	243	0
	`Animation/pipe_bottom05.ani`	`[bottom]`	404	243	0
	`Animation/pipe_bottom02.ani`	`[bottom]`	906	251	0
	`Animation/pipe_bottom05.ani`	`[bottom]`	456	273	0
	`Animation/pipe_bottom05.ani`	`[bottom]`	508	273	0
	`Animation/pipe_bottom05.ani`	`[bottom]`	560	273	0
	`Animation/pipe_bottom05.ani`	`[bottom]`	612	273	0
	`Animation/pipe_bottom05.ani`	`[bottom]`	664	273	0
	`Animation/pipe_bottom05.ani`	`[bottom]`	716	273	0
	`Animation/pipe_bottom05.ani`	`[bottom]`	820	273	0
	`Animation/pipe_bottom05.ani`	`[bottom]`	872	273	0
	`Animation/pipe_bottom05.ani`	`[bottom]`	300	273	0
	`Animation/pipe_bottom05.ani`	`[bottom]`	768	273	0
	`Animation/pipe_bottom05.ani`	`[bottom]`	352	273	0
	`Animation/pipe_bottom05.ani`	`[bottom]`	404	273	0
	`Animation/pipe_bottom02.ani`	`[bottom]`	906	281	0
	`Animation/pipe_bottom02.ani`	`[bottom]`	906	311	0
	`Animation/pipe_bottom05.ani`	`[bottom]`	768	303	0
	`Animation/pipe_bottom05.ani`	`[bottom]`	352	303	0
	`Animation/pipe_bottom05.ani`	`[bottom]`	404	303	0
	`Animation/pipe_bottom05.ani`	`[bottom]`	456	303	0
	`Animation/pipe_bottom05.ani`	`[bottom]`	508	303	0
	`Animation/pipe_bottom05.ani`	`[bottom]`	560	303	0
	`Animation/pipe_bottom05.ani`	`[bottom]`	612	303	0
	`Animation/pipe_bottom05.ani`	`[bottom]`	664	303	0
	`Animation/pipe_bottom05.ani`	`[bottom]`	716	303	0
	`Animation/pipe_bottom05.ani`	`[bottom]`	820	303	0
	`Animation/pipe_bottom05.ani`	`[bottom]`	872	303	0
	`Animation/pipe_bottom05.ani`	`[bottom]`	300	303	0
	`Animation/pipe_bottom01.ani`	`[bottom]`	268	161	0
	`Animation/pipe_bottom01.ani`	`[bottom]`	268	191	0
	`Animation/pipe_bottom01.ani`	`[bottom]`	268	221	0
	`Animation/pipe_bottom01.ani`	`[bottom]`	268	251	0
	`Animation/pipe_bottom01.ani`	`[bottom]`	268	281	0
	`Animation/pipe_bottom01.ani`	`[bottom]`	268	311	0
	`Animation/bottom_2.ani`	`[bottom]`	137	216	0
	`Animation/bottom_1.ani`	`[bottom]`	340	196	0
	`Animation/bottom_1.ani`	`[bottom]`	324	317	0
	`Animation/bottom_1.ani`	`[bottom]`	122	352	0
	`Animation/bottom_2.ani`	`[bottom]`	91	441	0
	`Animation/bottom_2.ani`	`[bottom]`	92	479	0
	`Animation/bottom_2.ani`	`[bottom]`	390	419	0
	`Animation/back_steam.ani`	`[middleback]`	385	45	0
	`Animation/upstair.ani`	`[middleback]`	535	64	0
	`Animation/back_close_1.ani`	`[middleback]`	877	304	0
	`Animation/back_spark_3.ani`	`[middleback]`	867	-37	0
[/animation]

[passive object]
	11234	680	136	0
	11228	902	151	0
	11243	836	151	0
	11243	315	151	0
	11243	489	152	0
	11243	387	153	0
	11243	692	154	0
	11243	606	156	0
	11234	294	158	0
	11243	883	179	0
	11243	626	179	0
	11243	533	180	0
	11243	713	182	0
	11243	339	182	0
	11243	428	184	0
	11243	787	185	0
	11221	1179	195	0
	11243	465	210	0
	11243	640	210	0
	11243	375	211	0
	11243	272	211	0
	11243	733	211	0
	11243	553	213	0
	11243	840	213	0
	11243	687	243	0
	11243	493	243	0
	11243	887	244	0
	11243	737	245	0
	11243	794	245	0
	11243	306	245	0
	11243	392	245	0
	11243	587	248	0
	11243	343	273	0
	11243	494	273	0
	11243	435	273	0
	11243	769	275	0
	11243	852	275	0
	11243	672	276	0
	11243	555	276	0
	11242	1110	296	0
	11243	300	300	0
	11243	709	300	0
	11243	461	302	0
	11243	900	302	0
	11243	376	302	0
	11242	1097	303	0
	11243	825	303	0
	11243	576	303	0
	11243	644	305	0
	11229	1080	373	0
	11229	1034	437	0
	11228	699	470	0
	11225	224	471	0
	11223	430	474	0
	11229	958	484	0
	11223	3	486	0
	11228	810	489	0
	11242	195	626	0
	11242	296	668	0
	11242	329	671	0
	11242	258	705	0
[/passive object]

[monster]
	63046	1	0	518	191	0	1	1	`[fixed]`	`[normal]`
	61635	1	0	455	209	0	1	1	`[fixed]`	`[normal]`
	63047	1	0	575	215	0	1	1	`[fixed]`	`[normal]`
	63046	1	0	488	239	0	1	1	`[fixed]`	`[normal]`
	63046	1	0	774	274	0	1	1	`[fixed]`	`[normal]`
	63047	1	0	849	323	0	1	1	`[fixed]`	`[normal]`
	61635	1	0	781	340	0	1	1	`[fixed]`	`[normal]`
[/monster]

[monster specific AI]
	`[normal]`
	`[normal]`
	`[normal]`
	`[normal]`
	`[normal]`
	`[normal]`
	`[normal]`
[/monster specific AI]

[event monster position]
	440	273	0
	343	277	0
	395	194	0
	246	272	0
[/event monster position]

[map name]
	`PVP 无名`
