#PVF_File

[player number]
	2	8

[pvp start area]
	0	0	0	0
	0	0	0	0
	0	0	0	0

[dungeon]
	6
[/dungeon]

[type]
	`[normal]`

[greed]
	`GG EE`

[tile]
	`Tile/ForestOver.til`
	`Tile/ForestOver.til`
	`Tile/ForestOver.til`
	`Tile/ForestOver.til`
	`Tile/ForestOver.til`
	`Tile/ForestOver.til`
	`Tile/ForestOver.til`
[/tile]

[far sight scroll]
	56

[middle sight scroll]
	90

[near sight scroll]
	110

[background animation]
	[ani info]
		[filename]
			`Animation/far0.ani`
		[layer]
			`[distantback]`
		[order]
			`[below]`
	[/ani info]
	[ani info]
		[filename]
			`Animation/mid0.ani`
		[layer]
			`[middleback]`
		[order]
			`[below]`
	[/ani info]
	[ani info]
		[filename]
			`../CommonAnimation/pfog.ani`
		[layer]
			`[close]`
		[order]
			`[upper]`
	[/ani info]
[/background animation]

[pathgate pos]
	16	216	1550	236	1290	140	784	348

[sound]
	`M_SUNDERLAND`
	`AMB_FOREST_02`
[/sound]

[animation]
	`Animation/smallTree0.ani`	`[close]`	237	485	0
	`Animation/smallTree0.ani`	`[close]`	355	475	0
	`Animation/smallTree0.ani`	`[close]`	607	519	0
	`Animation/smallTree0.ani`	`[close]`	467	505	0
	`Animation/smallTree0.ani`	`[close]`	1043	511	0
	`Animation/smallTree0.ani`	`[close]`	1157	493	0
	`Animation/smallTree0.ani`	`[close]`	1267	509	0
	`Animation/smallTree0.ani`	`[close]`	1496	489	0
	`Animation/smallTree0.ani`	`[close]`	1570	479	0
	`Animation/smallTree0.ani`	`[close]`	37	475	0
	`Animation/smallTree0.ani`	`[close]`	775	490	0
	`Animation/smallTree0.ani`	`[close]`	891	504	0
	`Animation/Flower1.ani`	`[normal]`	661	328	0
	`Animation/Flower2.ani`	`[normal]`	1118	316	0
	`Animation/Flower0.ani`	`[normal]`	787	302	0
	`Animation/Flower1.ani`	`[normal]`	375	292	0
	`Animation/Flower2.ani`	`[normal]`	1238	198	0
	`Animation/Flower0.ani`	`[normal]`	989	158	0
	`Animation/Grass0.ani`	`[bottom]`	1357	324	0
	`Animation/Grass0.ani`	`[bottom]`	678	219	0
	`Animation/Grass0.ani`	`[bottom]`	733	290	0
	`Animation/Tree4.ani`	`[closeback]`	1454	145	0
	`Animation/Tree1.ani`	`[closeback]`	800	145	0
	`Animation/Tree2.ani`	`[closeback]`	1127	141	0
	`Animation/Tree1.ani`	`[closeback]`	645	149	0
	`Animation/Tree0.ani`	`[closeback]`	327	145	0
	`Animation/smallTree0.ani`	`[closeback]`	167	141	0
	`Animation/smallTree1.ani`	`[closeback]`	487	139	0
	`Animation/smallTree0.ani`	`[closeback]`	962	133	0
	`Animation/smallTree0.ani`	`[closeback]`	1052	129	0
[/animation]

[passive object]
	247	424	144	0
	247	686	172	0
	247	1019	174	0
	247	1220	176	0
	247	882	176	0
	247	504	182	0
	247	807	184	0
	247	1156	200	0
	247	453	200	0
	247	739	206	0
	247	604	226	0
	247	1122	252	0
	247	543	266	0
	261	743	268	0
	247	681	284	0
	247	970	304	0
	247	1160	316	0
	247	861	322	0
	231	1153	323	0
	247	613	324	0
	247	1267	326	0
	247	450	326	0
	231	494	331	0
	231	535	355	0
[/passive object]

[monster]
	8	1	0	861	156	0	1	1	`[fixed]`	`[normal]`
	3	0	6	718	164	0	1	1	`[fixed]`	`[normal]`
	5002	1	0	1154	166	0	1	1	`[fixed]`	`[normal]`
	5002	1	0	966	169	0	1	1	`[fixed]`	`[normal]`
	5003	1	0	1177	174	0	1	1	`[fixed]`	`[normal]`
	3	0	6	460	182	0	1	1	`[fixed]`	`[normal]`
	12	1	1	1276	258	0	1	1	`[fixed]`	`[normal]`
	3	0	6	740	310	0	1	1	`[fixed]`	`[normal]`
	3	0	6	848	314	0	1	1	`[fixed]`	`[normal]`
	3	0	6	343	322	0	1	1	`[fixed]`	`[normal]`
	8	1	0	941	326	0	1	1	`[fixed]`	`[normal]`
[/monster]

[monster specific AI]
	`[normal]`
	`[normal]`
	`[normal]`
	`[normal]`
	`[normal]`
	`[normal]`
	`[normal]`
	`[normal]`
	`[normal]`
	`[normal]`
	`[normal]`
[/monster specific AI]

[special passive object]
	231	541	170	0	1
	`[item]`	1	1	-1	-1	-1
	231	1078	179	0	1
	`[item]`	1	1	-1	-1	-1
	221	606	192	0	2
	`[monster]`	8	11	1	3	-1
	`[item]`	2	-1	1	-1	-1
	231	400	247	0	1
	`[item]`	1	1	-1	-1	-1
	296	736	250	0	0
	221	972	252	0	1
	`[trap]`	2211	1	3	10	-1
	296	862	252	0	0
	296	619	252	0	0
	296	1054	255	0	0
	221	442	296	0	1
	`[trap]`	2311	1	4	10	-1
	231	1196	323	0	1
	`[item]`	1	1	-1	-1	-1
	231	998	347	0	1
	`[item]`	1	1	-1	-1	-1
	221	1071	350	0	1
	`[monster]`	8	11	1	3	-1	
[/special passive object]

[event monster position]
	598	292	0
	662	322	0
	1004	168	0
	1262	302	0
[/event monster position]

[map name]
	`PVP 无名`
