#PVF_File

[player number]
	2	8

[pvp start area]
	0	0	0	0
	0	0	0	0
	0	0	0	0

[dungeon]
	6
[/dungeon]

[type]
	`[normal]`

[greed]
	`EE EE`

[tile]
	`Tile/ForestUnderOver.til`
	`Tile/ForestOverUnder.til`
	`Tile/ForestUnder.til`
	`Tile/ForestUnderOver.til`
	`Tile/ForestOverUnder.til`
	`Tile/ForestUnder.til`
[/tile]

[far sight scroll]
	56

[middle sight scroll]
	90

[near sight scroll]
	110

[background animation]
	[ani info]
		[filename]
			`Animation/far0.ani`
		[layer]
			`[distantback]`
		[order]
			`[below]`
	[/ani info]
	[ani info]
		[filename]
			`Animation/mid0.ani`
		[layer]
			`[middleback]`
		[order]
			`[below]`
	[/ani info]
	[ani info]
		[filename]
			`../CommonAnimation/pfog.ani`
		[layer]
			`[close]`
		[order]
			`[upper]`
	[/ani info]
[/background animation]

[pathgate pos]
	14	239	1330	230	672	144	651	349

[dungeon start area]
	1041	241	74	197

[sound]
	`M_SUNDERLAND`
	`AMB_FOREST_02`
[/sound]

[animation]
	`Animation/Grass0.ani`	`[bottom]`	1357	324	0
	`Animation/Grass2.ani`	`[bottom]`	291	221	0
	`Animation/Grass2.ani`	`[bottom]`	311	191	0
	`Animation/smallTree1.ani`	`[closeback]`	837	122	0
	`Animation/smallTree1.ani`	`[closeback]`	1408	161	0
	`Animation/smallTree1.ani`	`[closeback]`	1180	159	0
	`Animation/smallTree1.ani`	`[closeback]`	1003	122	0
	`Animation/smallTree1.ani`	`[closeback]`	504	116	0
	`Animation/smallTree1.ani`	`[closeback]`	111	129	0
	`Animation/smallTree1.ani`	`[closeback]`	304	124	0
	`Animation/smallTree1.ani`	`[closeback]`	648	154	0
[/animation]

[passive object]
	247	411	164	0
	247	190	169	0
	247	591	172	0
	247	176	182	0
	247	576	182	0
	247	418	183	0
	247	955	189	0
	247	137	193	0
	247	118	196	0
	247	149	196	0
	247	562	197	0
	247	1048	203	0
	247	468	205	0
	247	485	208	0
	257	763	210	0
	257	725	215	0
	257	810	215	0
	247	966	218	0
	247	1006	222	0
	257	853	222	0
	247	1030	231	0
	257	685	232	0
	257	885	237	0
	1011	776	250	0
	257	915	251	0
	254	649	254	0
	254	907	267	0
	254	670	273	0
	254	883	274	0
	254	699	281	0
	254	731	282	0
	254	839	282	0
	254	767	282	0
	254	809	288	0
	296	223	332	0
[/passive object]

[monster]
	5003	1	0	294	206	0	1	1	`[fixed]`	`[normal]`
	5001	0	10	415	229	0	1	1	`[fixed]`	`[normal]`
	3	0	6	597	233	0	1	1	`[fixed]`	`[normal]`
	3	0	6	726	236	0	1	1	`[fixed]`	`[normal]`
	3	0	6	500	276	0	1	1	`[fixed]`	`[normal]`
	5002	1	0	608	299	0	1	1	`[fixed]`	`[normal]`
	6	0	10	432	308	0	1	1	`[fixed]`	`[normal]`
[/monster]

[monster specific AI]
	`[normal]`
	`[normal]`
	`[normal]`
	`[normal]`
	`[normal]`
	`[normal]`
	`[normal]`
[/monster specific AI]

[special passive object]
	228	139	169	0	1
	`[item]`	0	1	-1	-1	-1
	221	467	183	0	1
	`[monster]`	6	9	3	5	-1
	228	1000	197	0	1
	`[item]`	0	1	-1	-1	-1
	221	367	298	0	1
	`[trap]`	2000	1	3	5	-1	
[/special passive object]

[event monster position]
	367	325	0
	358	178	0
	524	313	0
	536	193	0
[/event monster position]

[map name]
	`PVP 无名`
