#PVF_File

[player number]
	2	8

[pvp start area]
	0	0	0	0
	0	0	0	0
	0	0	0	0

[dungeon]
	3539
[/dungeon]

[type]
	`[normal]`

[greed]
	`FF FF`

[tile]
	`Tile/Tile01.til`
	`Tile/Tile01.til`
	`Tile/Tile01.til`
	`Tile/Tile01.til`
	`Tile/Tile01.til`
[/tile]

[extended tile]
	`Tile/Tile01_Ex.til`
	`Tile/Tile01_Ex.til`
	`Tile/Tile01_Ex.til`
	`Tile/Tile01_Ex.til`
	`Tile/Tile01_Ex.til`
[/extended tile]

[far sight scroll]
	42

[middle sight scroll]
	90

[near sight scroll]
	110

[background animation]
	[ani info]
		[filename]
			`Animation/ufmid.ani`
		[layer]
			`[middleback]`
		[order]
			`[below]`
	[/ani info]
	[ani info]
		[filename]
			`Animation/uffar.ani`
		[layer]
			`[distantback]`
		[order]
			`[below]`
	[/ani info]
[/background animation]

[pathgate pos]
	65	232	1136	233	0	0	0	0

[sound]
	`M_THE_NEST_OF_NEITRAM`
	`AMB_CAVE_03`
[/sound]

[animation]
	`Animation/midle_black_boss3.ani`	`[bottom]`	-17	-157	0
	`Animation/midle_black_boss3.ani`	`[bottom]`	390	-156	0
	`Animation/midle_black_boss3.ani`	`[bottom]`	795	-156	0
	`Animation/tile_stone7.ani`	`[close]`	1037	185	0
	`Animation/tile_stone6.ani`	`[close]`	-10	454	0
	`Animation/tile_stone6.ani`	`[close]`	681	480	0
	`Animation/tile_stone6.ani`	`[middleback]`	124	86	0
	`Animation/tile_stone6.ani`	`[middleback]`	880	95	0
	`Animation/fire_00.ani`	`[middleback]`	-54	-104	0
	`Animation/fire_00.ani`	`[close]`	-77	321	0
	`Animation/fire_00.ani`	`[close]`	653	321	0
	`Animation/fire_00.ani`	`[middleback]`	686	-107	0
	`Animation/tile_dust0.ani`	`[bottom]`	157	226	0
	`Animation/tile_dust0.ani`	`[bottom]`	361	297	0
	`Animation/tile_dust0.ani`	`[bottom]`	289	247	0
	`Animation/tile_dust0.ani`	`[bottom]`	431	293	0
	`Animation/tile_dust0.ani`	`[bottom]`	635	364	0
	`Animation/tile_dust0.ani`	`[bottom]`	563	314	0
	`Animation/tile_dust0.ani`	`[bottom]`	803	213	0
	`Animation/tile_dust0.ani`	`[bottom]`	995	330	0
	`Animation/tile_deck3.ani`	`[bottom]`	346	170	0
	`Animation/tile_deck3.ani`	`[bottom]`	97	322	0
	`Animation/tile_deck3.ani`	`[bottom]`	563	177	0
	`Animation/tile_deck3.ani`	`[bottom]`	-32	176	0
	`Animation/tile_deck3.ani`	`[bottom]`	827	284	0
	`Animation/tile_deck3.ani`	`[bottom]`	638	343	0
	`Animation/tile_deck3.ani`	`[bottom]`	833	157	0
	`Animation/tile_quake_boss2.ani`	`[bottom]`	253	271	0
	`Animation/tile_quake_boss1.ani`	`[bottom]`	570	263	0
	`Animation/tile_quake_boss0.ani`	`[bottom]`	915	270	0
[/animation]

[passive object]
	54177	1095	276	0
	54177	1107	203	0
	54086	1120	263	0
[/passive object]

[monster]
	100007	1	0	1536	265	0	1	1	`[fixed]`	`[normal]`
[/monster]

[monster specific AI]
	`[normal]`
[/monster specific AI]

[special passive object]
	818	357	363	0	1
	`[item]`	0	1	-1	-1	-1
	818	1041	363	0	1
	`[item]`	0	1	-1	-1	-1
	803	58	160	0	1
	`[item]`	1	1	-1	-1	-1
	803	53	363	0	1
	`[item]`	1	1	-1	-1	-1	
[/special passive object]

[map name]
	`PVP 无名`
