#PVF_File

[player number]
	2	8

[pvp start area]
	0	0	0	0
	0	0	0	0
	0	0	0	0

[dungeon]
	76
[/dungeon]

[type]
	`[normal]`

[greed]
	`GG GG`

[tile]
	`Tile/tile.til`
	`Tile/tile.til`
	`Tile/tile.til`
	`Tile/tile.til`
[/tile]

[extended tile]
	`Tile/tile_ex.til`
	`Tile/tile_ex.til`
	`Tile/tile_ex.til`
	`Tile/tile_ex.til`
	`Tile/tile_ex.til`
	`Tile/tile_ex.til`
	`Tile/tile_ex.til`
	`Tile/tile_ex.til`
[/extended tile]

[background animation]
	[ani info]
		[filename]
			`animation/Far.ani`
		[layer]
			`[distantback]`
		[order]
			`[below]`
	[/ani info]
	[ani info]
		[filename]
			`animation/Far2.ani`
		[layer]
			`[distantback]`
		[order]
			`[below]`
	[/ani info]
[/background animation]

[pathgate pos]
	17	264	1091	675	685	203	1102	680

[sound]
	`M_T_BEGINNING`
	`AMB_DARKSTAGE_01`
[/sound]

[animation]
	`Animation/Time_Fargear_down_eff.ani`	`[distantback]`	691	-33	0
[/animation]

[passive object]
	1044	331	211	0
	1044	487	211	0
	1044	170	212	0
	10585	247	565	0
	10586	527	565	0
	10588	809	565	0
[/passive object]

[monster]
	62519	1	0	238	364	0	1	1	`[fixed]`	`[normal]`
	62002	1	0	665	447	0	1	1	`[fixed]`	`[normal]`
	62002	1	0	380	473	0	1	1	`[fixed]`	`[normal]`
	62519	1	0	77	504	0	1	1	`[fixed]`	`[normal]`
[/monster]

[monster specific AI]
	`[normal]`
	`[normal]`
	`[normal]`
	`[normal]`
[/monster specific AI]

[special passive object]
	16012	309	372	0	1
	`[hellparty]`
		116	20	1
		117	20	1
		118	20	1
		119	20	1
		120	20	1
		135	20	1
		136	20	1
		137	20	1
		138	20	1
		139	20	1
		140	20	1
		162	20	1
		108	20	2
		109	20	2
		110	20	2
		111	20	2
		112	20	2
		113	20	2
		114	20	2
		115	20	2
	`[/hellparty]`
[/special passive object]

[event monster position]
	525	331	0
	557	326	0
	557	355	0
	530	355	0
[/event monster position]

[map name]
	`PVP 无名`
