#PVF_File

[player number]
	2	8

[pvp start area]
	0	0	0	0
	0	0	0	0
	0	0	0	0

[dungeon]
	202
[/dungeon]

[type]
	`[normal]`

[greed]
	`FF FF`

[tile]
	`Tile/1overnoblankmid.til`
	`Tile/1overnoblankmid.til`
	`Tile/1overnoblankmid.til`
	`Tile/1overnoblankmid.til`
	`Tile/1overnoblankmid.til`
[/tile]

[far sight scroll]
	56

[middle sight scroll]
	90

[near sight scroll]
	110

[background animation]
	[ani info]
		[filename]
			`Animation/far.ani`
		[layer]
			`[distantback]`
		[order]
			`[below]`
	[/ani info]
	[ani info]
		[filename]
			`Animation/dcmid_1.ani`
		[layer]
			`[middleback]`
		[order]
			`[below]`
	[/ani info]
[/background animation]

[pathgate pos]
	11	242	1103	205	400	129	758	492

[sound]
	`M_SCREAMING_CAVE`
	`R_AMB_CAVE`
[/sound]

[animation]
	`Animation/dcrock2_1.ani`	`[closeback]`	153	123	0
	`Animation/dcrock2_1.ani`	`[closeback]`	639	120	0
	`Animation/Time_Fargear_down_D.ani`	`[distantback]`	1003	36	0
	`Animation/Time_Fargear_up_eff.ani`	`[distantback]`	232	-120	0
	`Animation/Time_Fargear_up_D.ani`	`[distantback]`	289	-38	0
[/animation]

[passive object]
	35001	689	200	0
	35003	546	200	0
	35012	536	250	0
	35039	702	250	0
[/passive object]

[monster]
	56748	1	0	628	212	10000	1	1	`[fixed]`	`[normal]`
[/monster]

[monster specific AI]
	`[normal]`
[/monster specific AI]

[map name]
	`PVP 无名`
