#PVF_File

[player number]
	2	8

[pvp start area]
	0	0	0	0
	0	0	0	0
	0	0	0	0

[dungeon]
	202
[/dungeon]

[type]
	`[normal]`

[greed]
	`FF FF`

[tile]
	`Tile/2overnoblankupb.til`
	`Tile/2overnoblankupb.til`
	`Tile/2overnoblankupb.til`
	`Tile/2overnoblankupb.til`
	`Tile/2overnoblankupb.til`
	`Tile/2overnoblankupb.til`
	`Tile/2overrightb.til`
	`Tile/2underupb.til`
[/tile]

[extended tile]
	`Tile/3exbottomblankbig.til`
	`Tile/3exbottomblankbig.til`
	`Tile/3exbottomblankbig.til`
	`Tile/3exbottomblankbig.til`
	`Tile/3exbottomblankbig.til`
	`Tile/3exbottomblankbig.til`
	`Tile/3exbottomblankmid.til`
	`Tile/3exbottomblankmid.til`
[/extended tile]

[far sight scroll]
	56

[middle sight scroll]
	90

[near sight scroll]
	110

[background animation]
	[ani info]
		[filename]
			`Animation/far.ani`
		[layer]
			`[distantback]`
		[order]
			`[below]`
	[/ani info]
	[ani info]
		[filename]
			`Animation/dcmid_0.ani`
		[layer]
			`[middleback]`
		[order]
			`[below]`
	[/ani info]
[/background animation]

[pathgate pos]
	13	309	1770	267	376	125	942	716

[sound]
	`M_SCREAMING_CAVE`
	`R_AMB_CAVE`
[/sound]

[animation]
	`Animation/dcrock1_0.ani`	`[closeback]`	113	91	0
	`Animation/dcrock1_0.ani`	`[closeback]`	401	88	0
	`Animation/dcrock2_0.ani`	`[closeback]`	306	117	0
	`Animation/dcrock1_0.ani`	`[closeback]`	610	86	0
	`Animation/dcrock2_0.ani`	`[closeback]`	801	108	0
	`Animation/dcrock1_0.ani`	`[closeback]`	996	94	0
	`Animation/dcrock1_0.ani`	`[closeback]`	1172	93	0
	`Animation/dcrock1_0.ani`	`[closeback]`	1390	105	0
	`Animation/dcrock2_0.ani`	`[closeback]`	1325	131	0
	`Animation/Time_Fargear_down_D.ani`	`[distantback]`	1003	36	0
	`Animation/Time_Fargear_up_eff.ani`	`[distantback]`	232	-120	0
	`Animation/Time_Fargear_up_D.ani`	`[distantback]`	289	-38	0
[/animation]

[passive object]
	11097	791	185	0
	11097	539	237	0
	11097	1076	247	0
	1066	0	0	0
	11097	823	326	0
[/passive object]

[monster]
	61755	1	0	1051	157	0	1	1	`[fixed]`	`[normal]`
	61755	1	0	846	157	0	1	1	`[fixed]`	`[normal]`
	61755	1	0	532	159	0	1	1	`[fixed]`	`[normal]`
	61755	1	0	347	177	0	1	1	`[fixed]`	`[normal]`
	61756	1	0	640	179	0	1	1	`[fixed]`	`[normal]`
	61755	1	0	1182	184	0	1	1	`[fixed]`	`[normal]`
	61755	1	0	1366	186	0	1	1	`[fixed]`	`[normal]`
	61755	1	0	425	191	0	1	1	`[fixed]`	`[normal]`
	61755	1	0	364	192	0	1	1	`[fixed]`	`[normal]`
	61756	1	0	954	192	0	1	1	`[fixed]`	`[normal]`
	61755	1	0	1049	204	0	1	1	`[fixed]`	`[normal]`
	61755	1	0	1215	207	0	1	1	`[fixed]`	`[normal]`
	61755	1	0	302	220	0	1	1	`[fixed]`	`[normal]`
	61755	1	0	708	223	0	1	1	`[fixed]`	`[normal]`
	61755	1	0	717	228	0	1	1	`[fixed]`	`[normal]`
	61755	1	0	1285	228	0	1	1	`[fixed]`	`[normal]`
	61755	1	0	825	229	0	1	1	`[fixed]`	`[normal]`
	61755	1	0	383	244	0	1	1	`[fixed]`	`[normal]`
	61755	1	0	920	245	0	1	1	`[fixed]`	`[normal]`
	61755	1	0	1164	253	0	1	1	`[fixed]`	`[normal]`
	61755	1	0	1359	256	0	1	1	`[fixed]`	`[normal]`
	61755	1	0	403	257	0	1	1	`[fixed]`	`[normal]`
	61755	1	0	625	268	0	1	1	`[fixed]`	`[normal]`
	61755	1	0	798	268	0	1	1	`[fixed]`	`[normal]`
	61755	1	0	687	269	0	1	1	`[fixed]`	`[normal]`
	61755	1	0	303	269	0	1	1	`[fixed]`	`[normal]`
	61755	1	0	1257	277	0	1	1	`[fixed]`	`[normal]`
	61755	1	0	869	284	0	1	1	`[fixed]`	`[normal]`
	61755	1	0	525	286	0	1	1	`[fixed]`	`[normal]`
	61755	1	0	972	286	0	1	1	`[fixed]`	`[normal]`
	61755	1	0	1164	295	0	1	1	`[fixed]`	`[normal]`
	61755	1	0	1073	301	0	1	1	`[fixed]`	`[normal]`
	61755	1	0	371	310	0	1	1	`[fixed]`	`[normal]`
	61755	1	0	711	313	0	1	1	`[fixed]`	`[normal]`
	61755	1	0	1361	316	0	1	1	`[fixed]`	`[normal]`
	61755	1	0	321	317	0	1	1	`[fixed]`	`[normal]`
	61756	1	0	606	322	0	1	1	`[fixed]`	`[normal]`
	61755	1	0	1220	323	0	1	1	`[fixed]`	`[normal]`
	61755	1	0	482	332	0	1	1	`[fixed]`	`[normal]`
	61756	1	0	937	341	0	1	1	`[fixed]`	`[normal]`
	61755	1	0	692	343	0	1	1	`[fixed]`	`[normal]`
	61755	1	0	1305	346	0	1	1	`[fixed]`	`[normal]`
	61755	1	0	1050	350	0	1	1	`[fixed]`	`[normal]`
	61755	1	0	1181	357	0	1	1	`[fixed]`	`[normal]`
[/monster]

[monster specific AI]
	`[normal]`
	`[normal]`
	`[normal]`
	`[normal]`
	`[normal]`
	`[normal]`
	`[normal]`
	`[normal]`
	`[normal]`
	`[normal]`
	`[normal]`
	`[normal]`
	`[normal]`
	`[normal]`
	`[normal]`
	`[normal]`
	`[normal]`
	`[normal]`
	`[normal]`
	`[normal]`
	`[normal]`
	`[normal]`
	`[normal]`
	`[normal]`
	`[normal]`
	`[normal]`
	`[normal]`
	`[normal]`
	`[normal]`
	`[normal]`
	`[normal]`
	`[normal]`
	`[normal]`
	`[normal]`
	`[normal]`
	`[normal]`
	`[normal]`
	`[normal]`
	`[normal]`
	`[normal]`
	`[normal]`
	`[normal]`
	`[normal]`
	`[normal]`
[/monster specific AI]

[map name]
	`PVP 无名`
