#PVF_File

[player number]
	2	8

[pvp start area]
	0	0	0	0
	0	0	0	0
	0	0	0	0

[dungeon]
	3051
[/dungeon]

[type]
	`[normal]`

[greed]
	`II II`

[tile]
	`Tile/Dungoen_GentTile.til`
	`Tile/Dungoen_GentTile.til`
	`Tile/Dungoen_GentTile.til`
	`Tile/Dungoen_GentTile.til`
	`Tile/Dungoen_GentTile.til`
[/tile]

[far sight scroll]
	50

[middle sight scroll]
	90

[background animation]
	[ani info]
		[filename]
			`Animation/GentFar.ani`
		[layer]
			`[distantback]`
		[order]
			`[below]`
	[/ani info]
	[ani info]
		[filename]
			`Animation/GentMid.ani`
		[layer]
			`[middleback]`
		[order]
			`[below]`
	[/ani info]
[/background animation]

[pathgate pos]
	1166	566	1301	533	1072	593	535	343

[sound]
	`AMB_FOREST_04`
	`M_NIGHTATTACK`
[/sound]

[animation]
	`Animation/Pole3.ani`	`[normal]`	547	218	0
	`Animation/Pole2.ani`	`[normal]`	890	219	0
	`Animation/Pole1.ani`	`[normal]`	138	218	0
	`Animation/Tree3.ani`	`[normal]`	723	146	0
	`Animation/Tree3.ani`	`[normal]`	413	141	0
	`Animation/Tree2.ani`	`[normal]`	88	140	0
	`Animation/TreeChip.ani`	`[normal]`	176	143	0
	`Animation/TreeChip1.ani`	`[normal]`	663	141	0
	`Animation/TreeChip1.ani`	`[normal]`	578	128	0
	`Animation/TreeChip1.ani`	`[normal]`	307	138	0
	`Animation/TreeChip1.ani`	`[normal]`	981	140	0
	`Animation/PoleChip2.ani`	`[bottom]`	67	218	0
	`Animation/PoleChip.ani`	`[bottom]`	451	209	0
	`Animation/PoleChip.ani`	`[bottom]`	960	224	0
	`Animation/Lowwall.ani`	`[closeback]`	896	140	0
	`Animation/Lowwall.ani`	`[closeback]`	0	140	0
	`Animation/Lowwall.ani`	`[closeback]`	224	140	0
	`Animation/Lowwall.ani`	`[closeback]`	448	140	0
	`Animation/Lowwall.ani`	`[closeback]`	672	140	0
[/animation]

[monster]
	61640	1	0	888	249	0	1	1	`[fixed]`	`[normal]`
	61640	1	0	184	249	0	1	1	`[fixed]`	`[normal]`
	61640	1	0	449	255	0	1	1	`[fixed]`	`[normal]`
	56477	1	0	1013	317	0	1	1	`[fixed]`	`[normal]`
	61640	1	0	304	332	0	1	1	`[fixed]`	`[normal]`
	61640	1	0	770	335	0	1	1	`[fixed]`	`[normal]`
	61640	1	0	60	338	0	1	1	`[fixed]`	`[normal]`
[/monster]

[monster specific AI]
	`[normal]`
	`[normal]`
	`[normal]`
	`[normal]`
	`[normal]`
	`[normal]`
	`[normal]`
[/monster specific AI]

[event monster position]
	308	312	0
	1111	556	0
	616	266	0
	442	255	0
[/event monster position]

[map name]
	`PVP 无名`
