#PVF_File

[background pos]
	80

[player number]
	2	8

[pvp start area]
	1545	286	504	129
	995	239	82	197
	2274	236	112	202

[pvp practice start area]
	1413	230	89	217	1860	231	91	216

[type]
	`[normal]`

[tile]
	`Tile/GentTile.til`
	`Tile/GentTile.til`
	`Tile/GentTile.til`
	`Tile/GentTile.til`
	`Tile/GentTile.til`
	`Tile/GentTile.til`
	`Tile/GentTile.til`
	`Tile/GentTile.til`
	`Tile/GentTile.til`
	`Tile/GentTile.til`
[/tile]

[extended tile]
	`Tile/Dungoen_GentTileEx2.til`
	`Tile/Dungoen_GentTileEx2.til`
	`Tile/Dungoen_GentTileEx2.til`
	`Tile/Dungoen_GentTileEx2.til`
	`Tile/Dungoen_GentTileEx2.til`
	`Tile/Dungoen_GentTileEx2.til`
	`Tile/Dungoen_GentTileEx2.til`
	`Tile/Dungoen_GentTileEx2.til`
	`Tile/Dungoen_GentTileEx2.til`
	`Tile/Dungoen_GentTileEx2.til`
[/extended tile]

[far sight scroll]
	50

[middle sight scroll]
	90

[background animation]
	[ani info]
		[filename]
			`Animation/GentFar.ani`
		[layer]
			`[distantback]`
		[order]
			`[below]`
	[/ani info]
	[ani info]
		[filename]
			`Animation/GentMid.ani`
		[layer]
			`[middleback]`
		[order]
			`[below]`
	[/ani info]
[/background animation]

[town movable area]
	51	218	41	91	6	5
[/town movable area]

[virtual movable area]
	676	211	1779	211
	1509	135	101	88
	626	284	56	138
	79	228	619	75
[/virtual movable area]

[sound]
	`M_SKYSTAIR`
	`AMB_TOWN_03`
[/sound]

[animation]
	`Animation/Imperial_Palace_entrance03.ani`	`[close]`	180	360	0
	`Animation/Gent_MarketSign.ani`	`[normal]`	1713	86	0
	`Animation/GateUpLight.ani`	`[normal]`	1557	131	0
	`Animation/Roadlamp.ani`	`[normal]`	724	182	0
	`Animation/Roadlamp.ani`	`[normal]`	2164	184	0
	`Animation/RoadGuide.ani`	`[normal]`	2102	206	0
	`Animation/RoadGuide.ani`	`[normal]`	1904	207	0
	`Animation/RoadGuide.ani`	`[normal]`	1033	207	0
	`Animation/RoadGuide.ani`	`[normal]`	1271	212	0
	`Animation/westMsafetybar.ani`	`[normal]`	797	490	0
	`Animation/westMsafetybar.ani`	`[normal]`	856	490	0
	`Animation/westMsafetybar01.ani`	`[normal]`	1210	490	0
	`Animation/westMsafetybar.ani`	`[normal]`	915	490	0
	`Animation/westMsafetybar.ani`	`[normal]`	974	490	0
	`Animation/westMsafetybar.ani`	`[normal]`	1033	490	0
	`Animation/westMsafetybar.ani`	`[normal]`	1092	490	0
	`Animation/westMsafetybar.ani`	`[normal]`	1151	490	0
	`Animation/GateUp.ani`	`[closeback]`	1557	131	0
	`Animation/Lowwall.ani`	`[closeback]`	448	140	0
	`Animation/Lowwall.ani`	`[closeback]`	224	140	0
	`Animation/Lowwall.ani`	`[closeback]`	672	140	0
	`Animation/Lowwall.ani`	`[closeback]`	896	140	0
	`Animation/Lowwall.ani`	`[closeback]`	1120	140	0
	`Animation/Lowwall.ani`	`[closeback]`	1792	140	0
	`Animation/Lowwall.ani`	`[closeback]`	2016	140	0
	`Animation/House2.ani`	`[closeback]`	2001	144	0
	`Animation/Pinetree.ani`	`[closeback]`	370	142	0
	`Animation/Pinetree.ani`	`[closeback]`	508	147	0
	`Animation/Pinetree.ani`	`[closeback]`	1195	147	0
	`Animation/Imperial_Palace_entrance01.ani`	`[closeback]`	180	360	0
	`Animation/Imperial_Palace_entrance02.ani`	`[closeback]`	180	360	0
	`Animation/MarleneBackground01.ani`	`[closeback]`	1009	127	0
	`Animation/MarleneBackground02.ani`	`[closeback]`	1221	121	0
[/animation]

[NPC]
	208	`[left]`	1432	189	0
	208	`[left]`	1692	190	0
[/NPC]

[map name]
	`PVP 无名`
