#PVF_File

[player number]
	2	8

[pvp start area]
	0	0	0	0
	46	678	233	132
	1340	346	195	146

[pvp practice start area]
	158	632	1115	73	1340	346	195	146

[dungeon]
	3050
[/dungeon]

[type]
	`[boss]`

[greed]
	`AA AA`

[tile]
	`Tile/DualTile_Boss.til`
	`Tile/DualTile_Boss.til`
	`Tile/DualTile_Boss.til`
	`Tile/DualTile_Boss.til`
	`Tile/DualTile_Boss.til`
	`Tile/DualTile_Boss.til`
	`Tile/DualTile_Boss.til`
[/tile]

[extended tile]
	`Tile/DualTile_Ex_Boss.til`
	`Tile/DualTile_Ex_Boss.til`
	`Tile/DualTile_Ex_Boss.til`
	`Tile/DualTile_Ex_Boss.til`
	`Tile/DualTile_Ex_Boss.til`
	`Tile/DualTile_Ex_Boss.til`
	`Tile/DualTile_Ex_Boss.til`
	`Tile/DualTile_Ex_Boss.til`
	`Tile/DualTile_Ex_Boss.til`
	`Tile/DualTile_Ex_Boss.til`
	`Tile/DualTile_Ex_Boss.til`
	`Tile/DualTile_Ex_Boss.til`
	`Tile/DualTile_Ex_Boss.til`
	`Tile/DualTile_Ex_Boss.til`
	`Tile/DualTile_Ex_Boss.til`
	`Tile/DualTile_Ex_Boss.til`
	`Tile/DualTile_Ex_Boss.til`
	`Tile/DualTile_Ex_Boss.til`
	`Tile/DualTile_Ex_Boss.til`
	`Tile/DualTile_Ex_Boss.til`
	`Tile/DualTile_Ex_Boss.til`
[/extended tile]

[far sight scroll]
	50

[middle sight scroll]
	90

[background animation]
	[ani info]
		[filename]
			`Animation/GentFar.ani`
		[layer]
			`[distantback]`
		[order]
			`[below]`
	[/ani info]
	[ani info]
		[filename]
			`Animation/GentMid.ani`
		[layer]
			`[middleback]`
		[order]
			`[below]`
	[/ani info]
[/background animation]

[pathgate pos]
	10	440	1552	438	1425	923	1417	966

[dungeon start area]
	158	632	1115	73

[sound]
	`AMB_FOREST_04`
	`M_NIGHTATTACK`
[/sound]

[animation]
	`Animation/Lamp.ani`	`[normal]`	1211	34	0
	`Animation/Lamp1.ani`	`[normal]`	884	34	0
	`Animation/Lamp1.ani`	`[normal]`	1376	34	0
	`Animation/Lamp1.ani`	`[normal]`	609	35	0
	`Animation/Lamp.ani`	`[normal]`	3	35	0
	`Animation/Lamp1.ani`	`[normal]`	445	35	0
	`Animation/Smoke.ani`	`[normal]`	1122	287	0
	`Animation/Smoke.ani`	`[normal]`	173	586	0
	`Animation/Wall3.ani`	`[closeback]`	137	154	0
	`Animation/Wall.ani`	`[closeback]`	301	154	0
	`Animation/Wall4.ani`	`[closeback]`	575	154	0
	`Animation/Wall1.ani`	`[closeback]`	739	154	0
	`Animation/Wall4.ani`	`[closeback]`	1013	154	0
	`Animation/Wall2.ani`	`[closeback]`	1505	154	0
	`Animation/Wall4.ani`	`[closeback]`	1341	154	0
	`Animation/Wall3.ani`	`[closeback]`	1177	154	0
	`Animation/CeilingWire.ani`	`[closeback]`	20	-80	0
	`Animation/CeilingWire1.ani`	`[closeback]`	487	-88	0
	`Animation/CeilingWire.ani`	`[closeback]`	712	-80	0
	`Animation/CeilingWire.ani`	`[closeback]`	1150	-88	0
	`Animation/CeilingWire1.ani`	`[closeback]`	1359	-71	0
	`Animation/CeilingWire1.ani`	`[closeback]`	1215	-67	0
[/animation]

[passive object]
	16110	762	211	0
	16167	600	227	0
	16110	761	271	0
	16110	759	328	0
	16110	764	389	0
	16110	764	448	0
	16110	765	506	0
	16110	761	566	0
	16110	764	631	0
	16110	764	692	0
[/passive object]

[monster]
	61655	1	0	518	245	0	1	1	`[fixed]`	`[normal]`
	61649	1	0	516	335	0	1	1	`[fixed]`	`[normal]`
	61644	1	0	938	450	0	1	1	`[fixed]`	`[boss]`
	61645	1	0	575	450	0	1	1	`[fixed]`	`[boss]`
	61653	1	0	520	515	0	1	1	`[fixed]`	`[normal]`
	61654	1	0	517	633	0	1	1	`[fixed]`	`[normal]`
[/monster]

[monster specific AI]
	`[normal]`
	`[normal]`
	`[normal]`
	`[normal]`
	`[normal]`
	`[normal]`
[/monster specific AI]

[monster collision group]
	2	0	1	2	0	1	1	0	1	1	2	0	1	2	0	1
[/monster collision group]

[map name]
	`PVP 无名`
