#PVF_File

[player number]
	2	8

[pvp start area]
	0	0	0	0
	0	0	0	0
	0	0	0	0

[dungeon]
	11000
[/dungeon]

[type]
	`[normal]`

[tile]
	`Tile/basetile1.til`
	`Tile/basetile1.til`
	`Tile/basetile2.til`
	`Tile/basetile1.til`
	`Tile/basetile1.til`
[/tile]

[far sight scroll]
	56

[middle sight scroll]
	90

[near sight scroll]
	110

[background animation]
	[ani info]
		[filename]
			`Animation/DTfar1.ani`
		[layer]
			`[distantback]`
		[order]
			`[below]`
	[/ani info]
[/background animation]

[pathgate pos]
	15	320	1110	247	559	136	564	351

[sound]
	`M_EVILTOWER_01`
	`AMB_EVILTOWER_BASIC`
[/sound]

[animation]
	`Animation/torch.ani`	`[normal]`	335	28	0
	`Animation/torch.ani`	`[normal]`	110	28	0
	`Animation/torch.ani`	`[normal]`	785	28	0
	`Animation/torch.ani`	`[normal]`	1007	28	0
	`Animation/DTdeco_floorendL1.ani`	`[bottom]`	169	241	0
	`Animation/DTdeco_floorendR1.ani`	`[bottom]`	953	241	0
	`Animation/DTclose1.ani`	`[middleback]`	0	-120	0
	`Animation/DTclose1.ani`	`[middleback]`	448	-120	0
	`Animation/DTclose1.ani`	`[middleback]`	896	-120	0
	`Animation/DTclose1.ani`	`[middleback]`	1344	-120	0
	`Animation/DTclose1.ani`	`[middleback]`	1792	-120	0
	`Animation/DTdeco_table1.ani`	`[middleback]`	223	116	0
	`Animation/DTdeco_table2.ani`	`[middleback]`	896	116	0
	`Animation/props_clock_1.ani`	`[middleback]`	559	10	0
	`Animation/props_clock_2.ani`	`[middleback]`	559	10	0
[/animation]

[passive object]
	5108	220	-60	0
	5104	51	277	0
	5105	1069	277	0
[/passive object]

[monster]
	55014	0	50	855	180	0	1	1	`[fixed]`	`[normal]`
	55014	0	50	520	195	0	1	1	`[fixed]`	`[normal]`
	55014	0	50	411	251	0	1	1	`[fixed]`	`[normal]`
	55014	0	50	866	303	0	1	1	`[fixed]`	`[normal]`
	55014	0	50	535	308	0	1	1	`[fixed]`	`[normal]`
[/monster]

[monster specific AI]
	`[normal]`
	`[normal]`
	`[normal]`
	`[normal]`
	`[normal]`
[/monster specific AI]

[NPC]
	1001	`[left]`	620	150	0
[/NPC]

[ai character]
	606	680	258	0	`[monster]`	`[normal]`	0	0
[/ai character]

[map name]
	`PVP 无名`
