#PVF_File

[player number]
	2	8

[pvp start area]
	0	0	0	0
	0	0	0	0
	0	0	0	0

[dungeon]
	11000
[/dungeon]

[type]
	`[normal]`

[tile]
	`Tile/dawntile2.til`
	`Tile/dawntile2.til`
	`Tile/dawntile2.til`
	`Tile/dawntile2.til`
[/tile]

[far sight scroll]
	56

[middle sight scroll]
	90

[near sight scroll]
	110

[background animation]
	[ani info]
		[filename]
			`Animation/DTfar1.ani`
		[layer]
			`[distantback]`
		[order]
			`[below]`
	[/ani info]
	[ani info]
		[filename]
			`Animation/DTmidcloud1.ani`
		[layer]
			`[middleback]`
		[order]
			`[below]`
	[/ani info]
[/background animation]

[pathgate pos]
	107	251	787	264	460	147	486	344

[sound]
	`M_EVILTOWER_02`
	`AMB_WIND_01`
[/sound]

[animation]
	`Animation/DTdeco_floorendL1.ani`	`[bottom]`	169	241	0
	`Animation/DTdeco_floorendR1.ani`	`[bottom]`	728	241	0
	`Animation/DTmidmoon2.ani`	`[distantback]`	495	-103	0
[/animation]

[passive object]
	5108	220	-60	0
	5104	49	241	0
	5105	846	241	0
[/passive object]

[monster]
	55021	0	50	128	157	0	1	1	`[fixed]`	`[normal]`
	55021	0	50	823	313	0	1	1	`[fixed]`	`[normal]`
[/monster]

[ai character]
	602	453	250	0	`[monster]`	`[normal]`	0	0
[/ai character]

[NPC]
	1001	`[left]`	440	150	0
[/NPC]

[map name]
	`PVP 无名`
