#PVF_File

[player number]
	2	8

[pvp start area]
	543	168	184	243
	0	0	0	0
	0	0	0	0

[dungeon]
	11000
[/dungeon]

[type]
	`[normal]`

[tile]
	`Tile/dawntile2.til`
	`Tile/dawntile1.til`
	`Tile/dawntile2.til`
	`Tile/dawntile1.til`
	`Tile/dawntile2.til`
[/tile]

[far sight scroll]
	56

[middle sight scroll]
	90

[near sight scroll]
	110

[background animation]
	[ani info]
		[filename]
			`Animation/DTfar1.ani`
		[layer]
			`[distantback]`
		[order]
			`[below]`
	[/ani info]
[/background animation]

[sound]
	`M_EVILTOWER_01`
	`AMB_WIND_01`
[/sound]

[pathgate pos]
	102	257	1009	261	565	148	577	337

[animation]
	`Animation/DTdeco_floorendL1.ani`	`[bottom]`	167	241	0
	`Animation/DTdeco_floorendR1.ani`	`[bottom]`	952	241	0
	`Animation/DTmidcloud2.ani`	`[middleback]`	306	40	0
	`Animation/DTmidcloud2.ani`	`[middleback]`	897	44	0
	`Animation/DTmidcloud2.ani`	`[middleback]`	1171	42	0
	`Animation/DTmidsun.ani`	`[distantback]`	212	53	0
	`Animation/DTmidmoon2.ani`	`[distantback]`	853	-103	0
[/animation]

[passive object]
	5108	220	-60	0
	5105	1070	241	0
	5104	48	241	0
[/passive object]

[monster]
	55013	0	50	467	156	0	1	1	`[fixed]`	`[normal]`
	55013	0	50	748	175	0	1	1	`[fixed]`	`[normal]`
	55013	0	50	369	176	0	1	1	`[fixed]`	`[normal]`
	55013	0	50	823	195	0	1	1	`[fixed]`	`[normal]`
	55013	0	50	266	198	0	1	1	`[fixed]`	`[normal]`
	55013	0	50	896	211	0	1	1	`[fixed]`	`[normal]`
	55013	0	50	972	247	0	1	1	`[fixed]`	`[normal]`
	55013	0	50	265	247	0	1	1	`[fixed]`	`[normal]`
	55013	0	50	900	249	0	1	1	`[fixed]`	`[normal]`
	55013	0	50	828	252	0	1	1	`[fixed]`	`[normal]`
	55013	0	50	374	253	0	1	1	`[fixed]`	`[normal]`
	55013	0	50	197	260	0	1	1	`[fixed]`	`[normal]`
	55013	0	50	904	299	0	1	1	`[fixed]`	`[normal]`
	55013	0	50	258	312	0	1	1	`[fixed]`	`[normal]`
	55013	0	50	829	318	0	1	1	`[fixed]`	`[normal]`
	55013	0	50	751	333	0	1	1	`[fixed]`	`[normal]`
	55013	0	50	375	337	0	1	1	`[fixed]`	`[normal]`
	55013	0	50	475	342	0	1	1	`[fixed]`	`[normal]`
[/monster]

[monster specific AI]
	`[normal]`
	`[normal]`
	`[normal]`
	`[normal]`
	`[normal]`
	`[normal]`
	`[normal]`
	`[normal]`
	`[normal]`
	`[normal]`
	`[normal]`
	`[normal]`
	`[normal]`
	`[normal]`
	`[normal]`
	`[normal]`
	`[normal]`
	`[normal]`
[/monster specific AI]

[NPC]
	1001	`[left]`	620	150	0
[/NPC]

[map name]
	`PVP 无名`
