#PVF_File

[player number]
	2	8

[pvp start area]
	0	0	0	0
	0	0	0	0
	0	0	0	0

[dungeon]
	11000
[/dungeon]

[type]
	`[normal]`

[tile]
	`Tile/greentile1.til`
	`Tile/greentile1.til`
	`Tile/greentile1.til`
	`Tile/greentile1.til`
[/tile]

[far sight scroll]
	56

[middle sight scroll]
	90

[near sight scroll]
	110

[sound]
	`M_EVILTOWER_02`
	`AMB_EVILTOWER_BASIC`
[/sound]

[background animation]
	[ani info]
		[filename]
			`Animation/DTclose4.ani`
		[layer]
			`[middleback]`
		[order]
			`[below]`
	[/ani info]
[/background animation]

[pathgate pos]
	108	263	787	247	457	148	480	336

[animation]
	`Animation/torch.ani`	`[normal]`	111	28	0
	`Animation/torch.ani`	`[normal]`	783	28	0
	`Animation/torch.ani`	`[normal]`	336	28	0
	`Animation/torch.ani`	`[normal]`	558	28	0
	`Animation/DTdeco_floorendL2.ani`	`[bottom]`	169	241	0
	`Animation/DTdeco_floorendR2.ani`	`[bottom]`	728	241	0
[/animation]

[passive object]
	5108	220	-60	0
	5104	49	241	0
	5105	846	241	0
[/passive object]

[monster]
	55015	0	50	551	184	0	1	1	`[fixed]`	`[normal]`
	55015	0	50	661	188	0	1	1	`[fixed]`	`[normal]`
	55015	0	50	373	203	0	1	1	`[fixed]`	`[normal]`
	55015	0	50	258	222	0	1	1	`[fixed]`	`[normal]`
	55015	0	50	665	257	0	1	1	`[fixed]`	`[normal]`
	55016	0	50	464	261	0	1	1	`[fixed]`	`[normal]`
	55015	0	50	208	268	0	1	1	`[fixed]`	`[normal]`
	55015	0	50	308	309	0	1	1	`[fixed]`	`[normal]`
	55015	0	50	555	313	0	1	1	`[fixed]`	`[normal]`
[/monster]

[monster specific AI]
	`[normal]`
	`[normal]`
	`[normal]`
	`[normal]`
	`[normal]`
	`[normal]`
	`[normal]`
	`[normal]`
	`[normal]`
[/monster specific AI]

[NPC]
	1001	`[left]`	440	150	0
[/NPC]

[map name]
	`PVP 无名`
