#PVF_File

[player number]
	2	8

[pvp start area]
	0	0	0	0
	0	0	0	0
	0	0	0	0

[dungeon]
	11000
[/dungeon]

[type]
	`[normal]`

[tile]
	`Tile/nighttile1.til`
	`Tile/nighttile1.til`
	`Tile/nighttile1.til`
	`Tile/nighttile1.til`
[/tile]

[far sight scroll]
	56

[middle sight scroll]
	90

[near sight scroll]
	110

[sound]
	`M_EVILTOWER_02`
	`AMB_FOREST_03`
[/sound]

[background animation]
	[ani info]
		[filename]
			`Animation/DTfar2.ani`
		[layer]
			`[distantback]`
		[order]
			`[below]`
	[/ani info]
	[ani info]
		[filename]
			`Animation/DTmidcloud1.ani`
		[layer]
			`[middleback]`
		[order]
			`[below]`
	[/ani info]
[/background animation]

[pathgate pos]
	106	253	782	255	334	144	347	340

[animation]
	`Animation/torch.ani`	`[normal]`	110	28	0
	`Animation/torch.ani`	`[normal]`	335	28	0
	`Animation/torch.ani`	`[normal]`	560	28	0
	`Animation/DTdeco_floorendL1.ani`	`[bottom]`	169	241	0
	`Animation/DTdeco_floorendR1.ani`	`[bottom]`	728	241	0
	`Animation/DTmidtower2.ani`	`[middleback]`	450	78	0
	`Animation/DTmidtower1.ani`	`[middleback]`	625	86	0
	`Animation/DTmidmoon1.ani`	`[distantback]`	274	-74	0
[/animation]

[passive object]
	5108	220	-60	0
	5104	49	241	0
	5105	846	241	0
[/passive object]

[monster]
	55017	0	50	438	184	0	1	1	`[fixed]`	`[normal]`
	55022	0	50	209	204	0	1	1	`[fixed]`	`[normal]`
	55017	0	50	306	224	0	1	1	`[fixed]`	`[normal]`
	55017	0	50	351	239	0	1	1	`[fixed]`	`[normal]`
	55017	0	50	240	287	0	1	1	`[fixed]`	`[normal]`
	55023	0	50	425	313	0	1	1	`[fixed]`	`[normal]`
[/monster]

[monster specific AI]
	`[normal]`
	`[normal]`
	`[normal]`
	`[normal]`
	`[normal]`
	`[normal]`
[/monster specific AI]

[NPC]
	1001	`[left]`	335	150	0
[/NPC]

[map name]
	`PVP 无名`
