#PVF_File

[player number]
	2	8

[pvp start area]
	0	0	0	0
	0	0	0	0
	0	0	0	0

[dungeon]
	61
[/dungeon]

[type]
	`[normal]`

[greed]
	`CC CC`

[tile]
	`Tile/Cartel1.til`
	`Tile/Cartel6.til`
	`Tile/Cartel1.til`
	`Tile/Cartel1.til`
[/tile]

[background animation]
	[ani info]
		[filename]
			`Animation/topWeed.ani`
		[layer]
			`[close]`
		[order]
			`[below]`
	[/ani info]
[/background animation]

[pathgate pos]
	130	414	329	424	326	136	235	421

[sound]
	`M_SHALLOWKEEP`
	`AMB_INSIDE_01`
[/sound]

[animation]
	`Animation/mlweb2.ani`	`[close]`	51	434	0
	`Animation/mlupweb4.ani`	`[normal]`	147	164	0
	`Animation/mlweb1.ani`	`[normal]`	813	140	0
	`Animation/mlupweb3.ani`	`[normal]`	14	-127	0
	`Animation/Field.ani`	`[bottom]`	703	324	0
	`Animation/Field.ani`	`[bottom]`	176	258	0
	`Animation/Vomit.ani`	`[bottom]`	155	179	0
	`Animation/mlupweb1.ani`	`[bottom]`	704	331	0
[/animation]

[passive object]
	8053	856	184	0
	8053	7	186	0
	8053	23	273	0
	8053	883	282	0
	8053	852	385	0
	8053	28	387	0
[/passive object]

[monster]
	61304	1	0	540	183	0	1	1	`[fixed]`	`[normal]`
	61202	1	0	399	193	0	1	1	`[fixed]`	`[normal]`
	61202	1	0	315	201	0	1	1	`[fixed]`	`[normal]`
	61202	1	0	498	206	0	1	1	`[fixed]`	`[normal]`
	61202	1	0	274	253	0	1	1	`[fixed]`	`[normal]`
	61202	1	0	521	264	0	1	1	`[fixed]`	`[normal]`
	61323	1	0	397	301	0	1	1	`[fixed]`	`[normal]`
	61202	1	0	311	315	0	1	1	`[fixed]`	`[normal]`
	61202	1	0	467	325	0	1	1	`[fixed]`	`[normal]`
	61202	1	0	386	333	0	1	1	`[fixed]`	`[normal]`
[/monster]

[monster specific AI]
	`[normal]`
	`[normal]`
	`[normal]`
	`[normal]`
	`[normal]`
	`[normal]`
	`[normal]`
	`[normal]`
	`[normal]`
	`[normal]`
[/monster specific AI]

[ai character]
	10611	186	238	0	`[character]`	`[normal]`	0	0
[/ai character]

[event monster position]
	237	194	0
	239	273	0
[/event monster position]

[map name]
	`PVP 无名`
