#PVF_File

[background pos]
	80

[player number]
	2	8

[pvp start area]
	185	229	466	222
	187	232	69	220
	569	230	81	221

[pvp practice start area]
	187	232	69	220	569	230	81	221

[type]
	`[normal]`

[tile]
	`Tile/hm01.til`
	`Tile/hm01.til`
	`Tile/hm01.til`
	`Tile/hm01.til`
[/tile]

[far sight scroll]
	50

[middle sight scroll]
	90

[near sight scroll]
	110

[background animation]
	[ani info]
		[filename]
			`Animation/far00.ani`
		[layer]
			`[distantback]`
		[order]
			`[below]`
	[/ani info]
	[ani info]
		[filename]
			`Animation/mid00.ani`
		[layer]
			`[middleback]`
		[order]
			`[below]`
	[/ani info]
[/background animation]

[town movable area]
	865	225	23	112	2	2
	13	225	23	103	5	0
[/town movable area]

[virtual movable area]
	17	217	859	124
[/virtual movable area]

[sound]
	`M_HENDONMYRE`
	`AMB_TOWN_03`
[/sound]

[animation]
	`Animation/hmstwayfence01.ani`	`[normal]`	251	377	0
	`Animation/hmstwayfence01.ani`	`[normal]`	42	366	0
	`Animation/hmstwayfence01.ani`	`[normal]`	459	359	0
	`Animation/obj13.ani`	`[normal]`	568	191	0
	`Animation/obj06.ani`	`[normal]`	859	180	0
	`Animation/obj06.ani`	`[normal]`	475	179	0
	`Animation/tree00.ani`	`[normal]`	774	172	0
	`Animation/obj07.ani`	`[normal]`	517	176	0
	`Animation/tree01.ani`	`[normal]`	627	170	0
	`Animation/wall00.ani`	`[closeback]`	811	220	0
	`Animation/wall00.ani`	`[closeback]`	587	220	0
	`Animation/wall00.ani`	`[closeback]`	363	220	0
	`Animation/wall00.ani`	`[closeback]`	139	220	0
	`Animation/hmstwaywall01.ani`	`[closeback]`	104	284	0
	`Animation/hmstwaywall02.ani`	`[closeback]`	332	227	0
[/animation]

[map name]
	`PVP 无名`
