#PVF_File

[background pos]
	80

[player number]
	2	8

[pvp start area]
	126	276	548	177
	128	237	92	173
	545	279	103	171

[pvp practice start area]
	128	237	92	173	545	279	103	171

[type]
	`[normal]`

[tile]
	`Tile/skytile01.til`
	`Tile/skytile02.til`
	`Tile/skytile03.til`
	`Tile/skytile04.til`
[/tile]

[far sight scroll]
	50

[middle sight scroll]
	90

[near sight scroll]
	110

[background animation]
	[ani info]
		[filename]
			`Animation/westfar00.ani`
		[layer]
			`[distantback]`
		[order]
			`[below]`
	[/ani info]
[/background animation]

[town movable area]
	2	221	21	129	3	1
	869	261	23	88	-1	-1
[/town movable area]

[virtual movable area]
	13	266	865	70
	12	234	422	49
[/virtual movable area]

[sound]
	`AMB_PORT_01`
	`M_WESTCOAST`
[/sound]

[animation]
	`Animation/brpost00.ani`	`[normal]`	559	265	0
	`Animation/westOmidship.ani`	`[bottom]`	773	37	0
	`Animation/skyclose00.ani`	`[bottom]`	0	220	0
	`Animation/westile00.ani`	`[bottom]`	103	336	0
	`Animation/westile01.ani`	`[bottom]`	325	335	0
	`Animation/westile02.ani`	`[bottom]`	548	341	0
	`Animation/westile03.ani`	`[bottom]`	773	335	0
	`Animation/westnearship.ani`	`[bottom]`	793	294	0
	`Animation/westile04.ani`	`[bottom]`	742	349	0
	`Animation/westmid00.ani`	`[middleback]`	0	-80	0
[/animation]

[NPC]
	19	`[left]`	82	222	0
[/NPC]

[map name]
	`PVP 无名`
