#PVF_File

[player number]
	2	8

[pvp start area]
	0	0	0	0
	0	0	0	0
	0	0	0	0

[dungeon]
	51
[/dungeon]

[greed]
	`JJ JJ`

[type]
	`[normal]`

[tile]
	`Tile/hamelntile.til`
	`Tile/hamelntile.til`
	`Tile/hamelntile.til`
	`Tile/hamelntile.til`
[/tile]

[extended tile]
	`Tile/hamelntileex.til`
	`Tile/hamelntileex.til`
	`Tile/hamelntileex.til`
	`Tile/hamelntileex.til`
	`Tile/hamelntileex.til`
	`Tile/hamelntileex.til`
	`Tile/hamelntileex.til`
	`Tile/hamelntileex.til`
[/extended tile]

[far sight scroll]
	56

[middle sight scroll]
	90

[near sight scroll]
	110

[background animation]
	[ani info]
		[filename]
			`Animation/hamelnfar.ani`
		[layer]
			`[distantback]`
		[order]
			`[below]`
	[/ani info]
	[ani info]
		[filename]
			`Animation/hamelnmid.ani`
		[layer]
			`[middleback]`
		[order]
			`[below]`
	[/ani info]
[/background animation]

[sound]
	`M_HAMELN`
	`AMB_TOWN_01`
[/sound]

[pathgate pos]
	6	832	876	389	398	179	178	596

[animation]
	`Animation/dust1.ani`	`[bottom]`	267	287	0
	`Animation/dust2.ani`	`[bottom]`	225	342	0
	`Animation/stones3.ani`	`[bottom]`	378	411	0
	`Animation/stones1.ani`	`[bottom]`	326	435	0
	`Animation/paper1.ani`	`[bottom]`	358	383	0
	`Animation/paper2.ani`	`[bottom]`	571	450	0
	`Animation/paper3.ani`	`[bottom]`	538	497	0
	`Animation/dust1.ani`	`[bottom]`	463	519	0
	`Animation/dust2.ani`	`[bottom]`	152	300	0
	`Animation/stones1.ani`	`[bottom]`	639	402	0
	`Animation/stones2.ani`	`[bottom]`	845	279	0
	`Animation/stones2.ani`	`[bottom]`	213	272	0
	`Animation/paper2.ani`	`[bottom]`	250	321	0
	`Animation/BigDust.ani`	`[bottom]`	638	311	0
	`Animation/BigDust.ani`	`[bottom]`	296	500	0
	`Animation/dust2.ani`	`[bottom]`	130	527	0
	`Animation/paper2.ani`	`[bottom]`	187	521	0
	`Animation/stones2.ani`	`[bottom]`	120	497	0
	`Animation/stones2.ani`	`[bottom]`	351	535	0
	`Animation/dust2.ani`	`[bottom]`	574	361	0
	`Animation/paper3.ani`	`[bottom]`	677	288	0
	`Animation/dust2.ani`	`[bottom]`	782	417	0
	`Animation/BigDust.ani`	`[bottom]`	815	552	0
	`Animation/paper1.ani`	`[bottom]`	243	485	0
	`Animation/house5.ani`	`[closeback]`	951	167	0
	`Animation/house6.ani`	`[closeback]`	690	169	0
	`Animation/house3.ani`	`[closeback]`	417	169	0
	`Animation/wallhouse2.ani`	`[closeback]`	172	168	0
[/animation]

[passive object]
	915	718	184	0
	915	643	185	0
	917	50	190	0
	912	645	208	0
	915	709	208	0
	913	28	209	0
	917	597	229	0
	917	40	466	0
	912	27	487	0
	913	612	558	0
	915	667	579	0
	918	601	610	0
[/passive object]

[monster]
	1079	1	0	180	229	0	1	1	`[fixed]`	`[normal]`
	1097	1	0	345	232	0	1	1	`[fixed]`	`[normal]`
	1079	1	0	632	287	0	1	1	`[fixed]`	`[normal]`
	1097	1	0	231	304	0	1	1	`[fixed]`	`[normal]`
	1079	1	0	364	335	0	1	1	`[fixed]`	`[normal]`
	1097	1	0	586	349	0	1	1	`[fixed]`	`[normal]`
	1079	1	0	166	395	0	1	1	`[fixed]`	`[normal]`
	1079	1	0	666	404	0	1	1	`[fixed]`	`[normal]`
[/monster]

[monster specific AI]
	`[normal]`
	`[normal]`
	`[normal]`
	`[normal]`
	`[normal]`
	`[normal]`
	`[normal]`
	`[normal]`
[/monster specific AI]

[event monster position]
	466	289	0
	107	291	0
	680	466	0
	372	537	0
[/event monster position]

[map name]
	`PVP 无名`
