#PVF_File

[player number]
	2	8

[pvp start area]
	0	0	0	0
	0	0	0	0
	0	0	0	0

[dungeon]
	52
[/dungeon]

[type]
	`[normal]`

[greed]
	`MM MM`

[tile]
	`Tile/attile2.til`
	`Tile/attile2.til`
	`Tile/attile2.til`
	`Tile/attile2.til`
[/tile]

[extended tile]
	`Tile/attileex.til`
	`Tile/attileex.til`
	`Tile/attileex.til`
	`Tile/attileex.til`
[/extended tile]

[far sight scroll]
	56

[middle sight scroll]
	90

[near sight scroll]
	110

[background animation]
	[ani info]
		[filename]
			`Animation/atfar.ani`
		[layer]
			`[distantback]`
		[order]
			`[below]`
	[/ani info]
	[ani info]
		[filename]
			`Animation/atmid.ani`
		[layer]
			`[middleback]`
		[order]
			`[below]`
	[/ani info]
	[ani info]
		[filename]
			`Animation/cback.ani`
		[layer]
			`[middleback]`
		[order]
			`[below]`
	[/ani info]
[/background animation]

[pathgate pos]
	16	266	856	769	85	733	474	463

[sound]
	`M_BLOODBUTTERFLY`
	`AMB_WIND_03`
[/sound]

[passive object]
	10017	852	171	0
	10016	18	187	0
	10016	894	215	0
	8919	183	220	0
	8919	816	461	0
	10016	15	463	0
[/passive object]

[monster]
	61464	1	0	217	245	0	1	1	`[fixed]`	`[normal]`
	61464	1	0	595	282	0	1	1	`[fixed]`	`[normal]`
	56426	1	0	283	310	0	1	1	`[fixed]`	`[normal]`
	61464	1	0	586	331	0	1	1	`[fixed]`	`[normal]`
	61464	1	0	163	342	0	1	1	`[fixed]`	`[normal]`
[/monster]

[monster specific AI]
	`[normal]`
	`[normal]`
	`[normal]`
	`[normal]`
	`[normal]`
[/monster specific AI]

[special passive object]
	8938	698	236	0	1
	`[monster]`	62014	65	-1	-1	-1
	8938	302	241	0	1
	`[monster]`	62014	64	-1	-1	-1
	8938	815	319	0	1
	`[monster]`	62014	65	-1	-1	-1
	8938	681	396	0	1
	`[monster]`	62014	65	-1	-1	-1
	8939	291	428	0	1
	`[monster]`	62015	64	-1	-1	-1	
[/special passive object]

[event monster position]
	948	191	0
	825	266	0
	647	201	0
	502	240	0
[/event monster position]

[show dust]
	`Common/CommonEffect/Animation/SandDust.ani`
	`Common/CommonEffect/Animation/FootPrintOnSand.ani`

[map name]
	`PVP 无名`
