#PVF_File

[player number]
	2	8

[pvp start area]
	0	0	0	0
	0	0	0	0
	0	0	0	0

[dungeon]
	92
[/dungeon]

[type]
	`[normal]`

[greed]
	`FF FF`

[tile]
	`Tile/tile09.til`
	`Tile/tile10.til`
	`Tile/tile11.til`
	`Tile/tile00.til`
	`Tile/tile00.til`
[/tile]

[extended tile]
	`Tile/tileex01.til`
	`Tile/tileex04.til`
	`Tile/tileex05.til`
	`Tile/tileex01.til`
	`Tile/tileex02.til`
	`Tile/tileex03.til`
	`Tile/tileex06.til`
	`Tile/tileex07.til`
	`Tile/tileex03.til`
	`Tile/tileex03.til`
[/extended tile]

[far sight scroll]
	56

[middle sight scroll]
	90

[near sight scroll]
	110

[background animation]
	[ani info]
		[filename]
			`Animation/far00.ani`
		[layer]
			`[distantback]`
		[order]
			`[below]`
	[/ani info]
	[ani info]
		[filename]
			`Animation/mid01.ani`
		[layer]
			`[middleback]`
		[order]
			`[below]`
	[/ani info]
[/background animation]

[pathgate pos]
	37	309	1063	215	1232	1677	1266	1675

[sound]
	`AMB_WIND_01`
	`M_HAZE`
[/sound]

[animation]
	`Animation/flag1.ani`	`[close]`	635	442	0
	`Animation/fog.ani`	`[close]`	-10	350	0
	`Animation/fog.ani`	`[close]`	705	350	0
	`Animation/brick.ani`	`[normal]`	197	92	0
	`Animation/brick.ani`	`[normal]`	299	101	0
	`Animation/brick.ani`	`[normal]`	392	113	0
	`Animation/brick.ani`	`[normal]`	353	393	0
	`Animation/brick.ani`	`[normal]`	417	395	0
	`Animation/brick.ani`	`[normal]`	381	417	0
	`Animation/brick.ani`	`[normal]`	561	440	0
	`Animation/brick.ani`	`[normal]`	582	464	0
	`Animation/wallback01.ani`	`[bottom]`	798	643	0
	`Animation/floor00.ani`	`[bottom]`	657	216	0
	`Animation/floor01.ani`	`[bottom]`	328	330	0
	`Animation/floor02.ani`	`[bottom]`	49	103	0
	`Animation/floor03.ani`	`[bottom]`	158	130	0
	`Animation/floor03.ani`	`[bottom]`	472	93	0
	`Animation/floor02.ani`	`[bottom]`	279	77	0
	`Animation/cliff06.ani`	`[closeback]`	93	53	0
	`Animation/cliff07.ani`	`[closeback]`	322	53	0
	`Animation/cliff03.ani`	`[closeback]`	475	60	0
	`Animation/wallobj06.ani`	`[closeback]`	127	-49	0
	`Animation/wallobj02.ani`	`[closeback]`	460	50	0
	`Animation/close02.ani`	`[middleback]`	477	271	0
	`Animation/close02.ani`	`[middleback]`	607	88	0
[/animation]

[passive object]
	10417	252	68	0
	10418	349	78	0
	10416	89	88	0
	10416	35	103	0
	10409	785	229	0
	10409	760	313	0
	10415	538	409	0
	10416	470	447	0
[/passive object]

[monster]
	61245	1	0	453	186	0	1	1	`[fixed]`	`[normal]`
	61244	1	0	255	199	0	1	1	`[fixed]`	`[normal]`
	61243	1	0	542	221	0	1	1	`[fixed]`	`[normal]`
	61244	1	0	339	241	0	1	1	`[fixed]`	`[normal]`
	61243	1	0	646	279	0	1	1	`[fixed]`	`[normal]`
	61244	1	0	238	292	0	1	1	`[fixed]`	`[normal]`
	61245	1	0	364	299	0	1	1	`[fixed]`	`[normal]`
	61243	1	0	527	317	0	1	1	`[fixed]`	`[normal]`
[/monster]

[monster specific AI]
	`[normal]`
	`[normal]`
	`[normal]`
	`[normal]`
	`[normal]`
	`[normal]`
	`[normal]`
	`[normal]`
[/monster specific AI]

[event monster position]
	422	245	0
	415	279	0
	448	218	0
	419	307	0
[/event monster position]

[map name]
	`PVP 无名`
