#PVF_File

[player number]
	2	8

[pvp start area]
	0	0	0	0
	0	0	0	0
	0	0	0	0

[dungeon]
	92
[/dungeon]

[type]
	`[normal]`

[greed]
	`CC CC`

[tile]
	`Tile/tile09.til`
	`Tile/tile09.til`
	`Tile/tile10.til`
	`Tile/tile10.til`
[/tile]

[extended tile]
	`Tile/tileex02.til`
	`Tile/tileex01.til`
	`Tile/tileex02.til`
	`Tile/tileex02.til`
	`Tile/tileex03.til`
	`Tile/tileex03.til`
	`Tile/tileex03.til`
	`Tile/tileex03.til`
[/extended tile]

[far sight scroll]
	56

[middle sight scroll]
	90

[near sight scroll]
	110

[background animation]
	[ani info]
		[filename]
			`Animation/far00.ani`
		[layer]
			`[distantback]`
		[order]
			`[below]`
	[/ani info]
	[ani info]
		[filename]
			`Animation/mid00.ani`
		[layer]
			`[middleback]`
		[order]
			`[below]`
	[/ani info]
[/background animation]

[pathgate pos]
	1293	1562	1288	1588	569	95	1317	1575

[dungeon start area]
	53	267	118	73

[sound]
	`AMB_WIND_01`
	`M_HAZE`
[/sound]

[animation]
	`Animation/close02.ani`	`[close]`	890	456	0
	`Animation/close02.ani`	`[close]`	714	532	0
	`Animation/fog.ani`	`[close]`	-10	400	0
	`Animation/fog.ani`	`[close]`	705	400	0
	`Animation/floor00.ani`	`[bottom]`	205	316	0
	`Animation/floor02.ani`	`[bottom]`	38	94	0
	`Animation/wallback00.ani`	`[bottom]`	555	599	0
	`Animation/wallUpdoor.ani`	`[closeback]`	563	24	0
	`Animation/cliff00.ani`	`[closeback]`	322	56	0
	`Animation/cliff03.ani`	`[closeback]`	252	72	0
	`Animation/cliff02.ani`	`[closeback]`	90	79	0
	`Animation/cliff01.ani`	`[closeback]`	826	69	0
[/animation]

[passive object]
	10412	305	104	0
	10408	65	114	0
	10411	230	117	0
	10414	131	140	0
	10414	216	151	0
[/passive object]

[monster]
	61268	1	0	671	192	0	1	1	`[fixed]`	`[normal]`
	61243	1	0	436	209	0	1	1	`[fixed]`	`[normal]`
	61243	1	0	541	217	0	1	1	`[fixed]`	`[normal]`
	61268	1	0	768	232	0	1	1	`[fixed]`	`[normal]`
	61243	1	0	579	272	0	1	1	`[fixed]`	`[normal]`
	61268	1	0	726	291	0	1	1	`[fixed]`	`[normal]`
	61243	1	0	408	305	0	1	1	`[fixed]`	`[normal]`
[/monster]

[monster specific AI]
	`[normal]`
	`[normal]`
	`[normal]`
	`[normal]`
	`[normal]`
	`[normal]`
	`[normal]`
[/monster specific AI]

[event monster position]
	488	297	0
	494	273	0
	524	290	0
	617	296	0
[/event monster position]

[map name]
	`PVP 无名`
