#PVF_File

[player number]
	2	8

[pvp start area]
	0	0	0	0
	0	0	0	0
	0	0	0	0

[dungeon]
	92
[/dungeon]

[type]
	`[normal]`

[greed]
	`FF FF`

[tile]
	`Tile/tile09.til`
	`Tile/tile09.til`
	`Tile/tile09.til`
	`Tile/tile09.til`
[/tile]

[extended tile]
	`Tile/tileex02.til`
	`Tile/tileex02.til`
	`Tile/tileex02.til`
	`Tile/tileex02.til`
	`Tile/tileex03.til`
	`Tile/tileex03.til`
	`Tile/tileex03.til`
	`Tile/tileex03.til`
[/extended tile]

[far sight scroll]
	56

[middle sight scroll]
	90

[near sight scroll]
	110

[background animation]
	[ani info]
		[filename]
			`Animation/far00.ani`
		[layer]
			`[distantback]`
		[order]
			`[below]`
	[/ani info]
	[ani info]
		[filename]
			`Animation/mid00.ani`
		[layer]
			`[middleback]`
		[order]
			`[below]`
	[/ani info]
[/background animation]

[pathgate pos]
	23	253	880	216	458	743	437	738

[sound]
	`AMB_WIND_01`
	`M_HAZE`
[/sound]

[animation]
	`Animation/fog.ani`	`[close]`	-10	400	0
	`Animation/fog.ani`	`[close]`	705	400	0
	`Animation/brick.ani`	`[normal]`	377	127	0
	`Animation/brick.ani`	`[normal]`	484	136	0
	`Animation/wallDowndoor.ani`	`[bottom]`	452	502	0
	`Animation/floor01.ani`	`[bottom]`	31	119	0
	`Animation/floor02.ani`	`[bottom]`	676	98	0
	`Animation/floor00.ani`	`[bottom]`	381	294	0
	`Animation/floor03.ani`	`[bottom]`	535	333	0
	`Animation/floor03.ani`	`[bottom]`	615	309	0
	`Animation/cliff02.ani`	`[closeback]`	104	74	0
	`Animation/cliff00.ani`	`[closeback]`	312	47	0
	`Animation/cliff03.ani`	`[closeback]`	266	67	0
	`Animation/cliff01.ani`	`[closeback]`	514	59	0
	`Animation/cliff02.ani`	`[closeback]`	738	58	0
	`Animation/cliff03.ani`	`[closeback]`	900	51	0
[/animation]

[passive object]
	10416	458	81	0
	10417	326	93	0
	10418	543	100	0
	10432	235	102	0
	10431	449	109	0
	10432	311	111	0
[/passive object]

[monster]
	61245	1	0	658	169	0	1	1	`[fixed]`	`[normal]`
	61243	1	0	423	218	0	1	1	`[fixed]`	`[normal]`
	61243	1	0	265	224	0	1	1	`[fixed]`	`[normal]`
	61246	1	0	654	224	0	1	1	`[fixed]`	`[normal]`
	61245	1	0	733	226	0	1	1	`[fixed]`	`[normal]`
	61243	1	0	344	284	0	1	1	`[fixed]`	`[normal]`
[/monster]

[monster specific AI]
	`[normal]`
	`[normal]`
	`[normal]`
	`[normal]`
	`[normal]`
	`[normal]`
[/monster specific AI]

[event monster position]
	167	191	0
	671	250	0
	203	153	0
	245	257	0
[/event monster position]

[map name]
	`PVP 无名`
