#PVF_File

[player number]
	2	8

[pvp start area]
	0	0	0	0
	0	0	0	0
	0	0	0	0

[dungeon]
	27
[/dungeon]

[type]
	`[normal]`

[greed]
	`KK KK`

[tile]
	`Tile/aniwall1.til`
	`Tile/uppath.til`
	`Tile/smblank.til`
	`Tile/bigblank.til`
	`Tile/smblank.til`
	`Tile/uppath.til`
	`Tile/aniwall1.til`
[/tile]

[far sight scroll]
	56

[middle sight scroll]
	90

[near sight scroll]
	110

[background animation]
	[ani info]
		[filename]
			`Animation/bhfar.ani`
		[layer]
			`[distantback]`
		[order]
			`[below]`
	[/ani info]
[/background animation]

[pathgate pos]
	10	256	1556	248	1245	179	246	316

[sound]
	`M_BLOODHELL`
	`AMB_VISCERAL_01`
[/sound]

[animation]
	`Animation/visceraani.ani`	`[close]`	184	-28	0
	`Animation/visceraani.ani`	`[close]`	514	-72	0
	`Animation/visceraani.ani`	`[close]`	1359	-29	0
	`Animation/visceraani.ani`	`[normal]`	817	-33	0
	`Animation/aniwall1ani.ani`	`[bottom]`	1380	180	0
	`Animation/aniwall1ani.ani`	`[bottom]`	36	180	0
[/animation]

[passive object]
	775	109	190	0
	775	161	190	0
	775	265	190	0
	775	317	190	0
	345	717	193	0
	1059	1025	195	0
	1057	1025	205	0
	775	1249	319	0
	775	1193	319	0
	775	1138	319	0
	775	1084	319	0
	345	601	325	0
[/passive object]

[monster]
	1041	1	0	884	193	0	1	1	`[fixed]`	`[normal]`
	1040	1	0	594	199	0	1	1	`[fixed]`	`[normal]`
	1041	1	0	386	205	0	1	1	`[fixed]`	`[normal]`
	1042	1	0	518	213	0	1	1	`[fixed]`	`[normal]`
	1042	1	0	362	263	0	1	1	`[fixed]`	`[normal]`
	1040	1	0	870	289	0	1	1	`[fixed]`	`[normal]`
	1040	1	0	784	291	0	1	1	`[fixed]`	`[normal]`
	1041	1	0	688	295	0	1	1	`[fixed]`	`[normal]`
[/monster]

[monster specific AI]
	`[normal]`
	`[normal]`
	`[normal]`
	`[normal]`
	`[normal]`
	`[normal]`
	`[normal]`
	`[normal]`
[/monster specific AI]

[special passive object]
	800	806	185	0	0
	775	213	190	0	1
	`[trap]`	48003	8	1	2	-1
	775	1303	319	0	1
	`[trap]`	48021	23	1	2	-1	
[/special passive object]

[event monster position]
	420	307	0
	533	243	0
	642	225	0
	798	328	0
[/event monster position]

[map name]
	`PVP 无名`
