#PVF_File

[player number]
	2	8

[pvp start area]
	0	0	0	0
	0	0	0	0
	0	0	0	0

[dungeon]
	72
[/dungeon]

[type]
	`[normal]`

[greed]
	`FF FF`

[tile]
	`Tile/tile10(tent02).til`
	`Tile/tile10(tile01).til`
	`Tile/tile10(tent02).til`
	`Tile/tile10(tent02).til`
[/tile]

[extended tile]
	`Tile/tileex00.til`
	`Tile/tileex00.til`
	`Tile/tileex05.til`
	`Tile/tileex02.til`
[/extended tile]

[background animation]
	[ani info]
		[filename]
			`Animation/far00.ani`
		[layer]
			`[distantback]`
		[order]
			`[below]`
	[/ani info]
[/background animation]

[pathgate pos]
	24	419	879	187	1533	709	1535	680

[sound]
	`M_T_CARTEL`
	`AMB_WIND_01`
[/sound]

[animation]
	`Animation/tiledeco_3.ani`	`[normal]`	587	59	0
	`Animation/tiledeco_3.ani`	`[normal]`	572	213	0
	`Animation/tiledeco_3.ani`	`[bottom]`	93	266	0
	`Animation/tiledeco_2.ani`	`[bottom]`	140	359	0
	`Animation/tiledeco_3.ani`	`[bottom]`	493	360	0
	`Animation/tiledeco_3.ani`	`[bottom]`	479	197	0
	`Animation/tiledeco_2.ani`	`[bottom]`	497	232	0
	`Animation/tiledeco_3.ani`	`[bottom]`	675	160	0
	`Animation/tiledeco_1.ani`	`[bottom]`	245	145	0
	`Animation/wallstonestatue.ani`	`[closeback]`	214	62	0
	`Animation/wallside2.ani`	`[closeback]`	482	87	0
	`Animation/Time_Fargear_down_D.ani`	`[distantback]`	527	-100	0
[/animation]

[passive object]
	17004	349	70	0
	17004	7	98	0
	10405	506	164	0
	17006	221	268	0
	17006	290	311	0
	10405	629	341	0
	17006	289	387	0
	17006	358	433	0
[/passive object]

[monster]
	61244	1	0	183	189	0	1	1	`[fixed]`	`[normal]`
	61274	1	0	630	189	0	1	1	`[fixed]`	`[normal]`
	61244	1	0	572	270	0	1	1	`[fixed]`	`[normal]`
	61244	1	0	400	340	0	1	1	`[fixed]`	`[normal]`
[/monster]

[monster specific AI]
	`[normal]`
	`[normal]`
	`[normal]`
	`[normal]`
[/monster specific AI]

[special passive object]
	16012	318	258	0	1
	`[hellparty]`
		116	20	1
		117	20	1
		118	20	1
		119	20	1
		120	20	1
		135	20	1
		136	20	1
		137	20	1
		138	20	1
		139	20	1
		140	20	1
		162	20	1
		108	20	2
		109	20	2
		110	20	2
		111	20	2
		112	20	2
		113	20	2
		114	20	2
		115	20	2
	`[/hellparty]`
[/special passive object]

[event monster position]
	634	222	0
	544	317	0
	579	176	0
	423	276	0
[/event monster position]

[map name]
	`PVP 无名`
