#PVF_File

[player number]
	2	8

[pvp start area]
	0	0	0	0
	0	0	0	0
	0	0	0	0

[type]
	`[normal]`

[greed]
	`LL LL`

[tile]
	`Tile/SkyCastleHD.til`
	`Tile/SkyCastleHD.til`
	`Tile/SkyCastleHD.til`
	`Tile/SkyCastleHD.til`
	`Tile/SkyCastleHD.til`
	`Tile/SkyCastleHD.til`
[/tile]

[extended tile]
	`Tile/SkyCastleEX2.til`
	`Tile/SkyCastleEX3.til`
	`Tile/SkyCastleEX4.til`
	`Tile/SkyCastleEX1.til`
	`Tile/SkyCastleEX1.til`
	`Tile/SkyCastleEX5.til`
[/extended tile]

[far sight scroll]
	56

[near sight scroll]
	110

[background animation]
	[ani info]
		[filename]
			`Animation/far1.ani`
		[layer]
			`[distantback]`
		[order]
			`[below]`
	[/ani info]
	[ani info]
		[filename]
			`Animation/far3.ani`
		[layer]
			`[middleback]`
		[order]
			`[below]`
	[/ani info]
[/background animation]

[pathgate pos]
	10	265	1332	289	794	200	803	464

[sound]
	`M_HALL_OF_DOLL_BOSS`
	`R_AMB_WIND`
	`R_AMB_THUNDER`
[/sound]

[animation]
	`Animation/LightningShadow.ani`	`[closeback]`	0	-68	0
	`Animation/LightningShadow.ani`	`[closeback]`	224	-68	0
	`Animation/LightningShadow.ani`	`[closeback]`	448	-68	0
	`Animation/LightningShadow.ani`	`[closeback]`	672	-68	0
	`Animation/LightningShadow.ani`	`[closeback]`	896	-68	0
	`Animation/LightningShadow.ani`	`[closeback]`	1120	-68	0
	`Animation/middledark.ani`	`[middleback]`	0	-120	0
	`Animation/middledark.ani`	`[middleback]`	224	-120	0
	`Animation/middledark.ani`	`[middleback]`	448	-120	0
	`Animation/middledark.ani`	`[middleback]`	672	-120	0
	`Animation/middledark.ani`	`[middleback]`	896	-120	0
	`Animation/middledark.ani`	`[middleback]`	1120	-120	0
[/animation]

[passive object]
	1035	620	245	0
	1035	622	288	0
	1035	623	337	0
	1035	625	390	0
	1035	992	229	0
	1035	994	276	0
	1035	996	322	0
	1035	1000	370	0
[/passive object]

[monster]
	82	1	0	549	235	0	1	1	`[fixed]`	`[normal]`
	81	1	0	1069	254	0	1	1	`[fixed]`	`[normal]`
	83	1	0	558	295	0	1	1	`[fixed]`	`[normal]`
	83	1	0	1077	296	0	1	1	`[fixed]`	`[normal]`
	81	1	0	557	366	0	1	1	`[fixed]`	`[normal]`
	82	1	0	1078	385	0	1	1	`[fixed]`	`[normal]`
[/monster]

[monster specific AI]
	`[normal]`
	`[normal]`
	`[normal]`
	`[normal]`
	`[normal]`
	`[normal]`
[/monster specific AI]

[special passive object]
	30507	823	328	0	1
	`[hellparty]`
		1	50	1
		5	50	1
		6	50	1
		7	50	1
		8	50	1
		9	50	1
		10	50	1
		61	50	1
		62	50	1
		63	50	1
		64	50	1
	`[/hellparty]`
[/special passive object]

[map name]
	`PVP 无名`
