#PVF_File

[player number]
	2	8

[pvp start area]
	0	0	0	0
	0	0	0	0
	0	0	0	0

[dungeon]
	11037
[/dungeon]

[type]
	`[normal]`

[greed]
	`BB BB`

[tile]
	`Tile/tile6.til`
	`Tile/tile2.til`
	`Tile/tile1.til`
	`Tile/tile1.til`
	`Tile/tile3.til`
	`Tile/tile7.til`
[/tile]

[background animation]
	[ani info]
		[filename]
			`Animation/far.ani`
		[layer]
			`[distantback]`
		[order]
			`[below]`
	[/ani info]
	[ani info]
		[filename]
			`Animation/far1.ani`
		[layer]
			`[distantback]`
		[order]
			`[below]`
	[/ani info]
	[ani info]
		[filename]
			`animation/fog.ani`
		[layer]
			`[middleback]`
		[order]
			`[below]`
	[/ani info]
[/background animation]

[pathgate pos]
	103	176	1251	184	672	144	672	348

[dungeon start area]
	796	471	74	44

[animation]
	`Animation/gate_left2.ani`	`[close]`	110	353	0
	`Animation/gate_right2.ani`	`[close]`	1210	354	0
	`Animation/floorobject1.ani`	`[bottom]`	867	260	0
	`Animation/floorobject2.ani`	`[bottom]`	537	145	0
	`Animation/floorobject.ani`	`[bottom]`	908	168	0
	`Animation/gate_left.ani`	`[closeback]`	251	125	0
	`Animation/gate_right.ani`	`[closeback]`	1096	133	0
	`Animation/gate_left1.ani`	`[closeback]`	362	103	0
	`Animation/gate_right1.ani`	`[closeback]`	978	106	0
	`Animation/closewall4.ani`	`[closeback]`	784	123	0
	`Animation/closewall2.ani`	`[closeback]`	560	123	0
[/animation]

[sound]
	`M_DESPAIR_TOWER_UNDER`
[/sound]

[passive object]
	10376	725	118	0
	10374	451	125	0
	10373	705	407	0
	10386	350	-100	0
[/passive object]

[NPC]
	10000	`[left]`	621	129	0
[/NPC]

[ai character]
	31505	536	319	0	`[monster]`	`[boss]`	2	0
[/ai character]

[event monster position]
	444	277	0
	665	310	0
	456	241	0
	492	308	0
[/event monster position]

[map name]
	`PVP 无名`
