#PVF_File

[player number]
	2	8

[pvp start area]
	0	0	0	0
	0	0	0	0
	0	0	0	0

[dungeon]
	11049
[/dungeon]

[type]
	`[normal]`

[greed]
	`BB BB`

[tile]
	`Tile/tile6.til`
	`Tile/tile2.til`
	`Tile/tile5.til`
	`Tile/tile.til`
	`Tile/tile7.til`
[/tile]

[background animation]
	[ani info]
		[filename]
			`Animation/far.ani`
		[layer]
			`[distantback]`
		[order]
			`[below]`
	[/ani info]
	[ani info]
		[filename]
			`Animation/far1.ani`
		[layer]
			`[distantback]`
		[order]
			`[below]`
	[/ani info]
	[ani info]
		[filename]
			`animation/fog.ani`
		[layer]
			`[middleback]`
		[order]
			`[below]`
	[/ani info]
[/background animation]

[pathgate pos]
	103	176	1027	184	560	144	560	348

[dungeon start area]
	713	481	74	44

[animation]
	`Animation/gate_left2.ani`	`[close]`	110	353	0
	`Animation/gate_right2.ani`	`[close]`	986	354	0
	`Animation/floorobject3.ani`	`[bottom]`	694	267	0
	`Animation/floorobject4.ani`	`[bottom]`	766	188	0
	`Animation/mid2.ani`	`[closeback]`	559	112	0
	`Animation/mid1.ani`	`[closeback]`	335	112	0
	`Animation/gate_left.ani`	`[closeback]`	251	125	0
	`Animation/mid3.ani`	`[closeback]`	783	112	0
	`Animation/gate_right.ani`	`[closeback]`	872	128	0
[/animation]

[sound]
	`M_DESPAIR_TOWER_UNDER`
[/sound]

[passive object]
	10375	668	125	0
	10376	559	127	0
	10386	350	-100	0
[/passive object]

[NPC]
	10000	`[left]`	572	168	0
[/NPC]

[ai character]
	30403	586	289	0	`[monster]`	`[boss]`	2	0
	30404	486	289	0	`[monster]`	`[boss]`	2	0
	30404	686	289	0	`[monster]`	`[boss]`	2	0
[/ai character]

[event monster position]
	384	240	0
	409	294	0
	456	241	0
	411	205	0
[/event monster position]

[map name]
	`PVP 无名`
