#PVF_File

[player number]
	2	8

[pvp start area]
	0	0	0	0
	0	0	0	0
	0	0	0	0

[dungeon]
	37
[/dungeon]

[type]
	`[boss]`

[greed]
	`II II`

[tile]
	`Tile/2overnoblankb.til`
	`Tile/2overrightb.til`
	`Tile/2underdownb.til`
	`Tile/2underdownb.til`
	`Tile/2underdownb.til`
[/tile]

[extended tile]
	`Tile/3exleftblankmid.til`
	`Tile/3exall1.til`
	`Tile/3exall1.til`
	`Tile/3exall1.til`
	`Tile/3exrightblankbig.til`
[/extended tile]

[far sight scroll]
	56

[middle sight scroll]
	90

[near sight scroll]
	110

[background animation]
	[ani info]
		[filename]
			`Animation/smfar.ani`
		[layer]
			`[distantback]`
		[order]
			`[below]`
	[/ani info]
	[ani info]
		[filename]
			`Animation/smmid.ani`
		[layer]
			`[middleback]`
		[order]
			`[below]`
	[/ani info]
[/background animation]

[pathgate pos]
	25	689	1095	219	1290	791	906	466

[sound]
	`M_SHADOW_MAZE_BOSS`
	`R_AMB_CAVE`
[/sound]

[animation]
	`Animation/smgroundgrass1.ani`	`[bottom]`	678	293	0
	`Animation/smgroundgrass2.ani`	`[bottom]`	253	253	0
	`Animation/smshortwpollwall2.ani`	`[closeback]`	69	177	0
	`Animation/smshort2longwall.ani`	`[closeback]`	293	177	0
	`Animation/smlongwpollwall2.ani`	`[closeback]`	516	178	0
	`Animation/smlongwpollwall2.ani`	`[closeback]`	964	178	0
	`Animation/smlongwpollwall2.ani`	`[closeback]`	740	178	0
	`Animation/smlongwpollwall2.ani`	`[closeback]`	1188	178	0
	`Animation/smfarstreamani.ani`	`[distantback]`	0	-120	0
	`Animation/smfarstreamani.ani`	`[distantback]`	640	-120	0
	`Animation/smfarstreamani.ani`	`[distantback]`	1280	-120	0
	`Animation/smfarstreamani.ani`	`[distantback]`	1920	-120	0
[/animation]

[passive object]
	880	759	223	0
	880	821	224	0
	880	792	255	0
	880	390	440	0
	880	355	467	0
	880	420	470	0
[/passive object]

[special passive object]
	803	42	250	0	2
	`[trap]`	2600	1	2	5	-1
	`[trap]`	2111	1	2	5	-1	
[/special passive object]

[NPC]
	1000	`[left]`	0	0	0
[/NPC]

[ai character]
	1301	260	279	0	`[monster]`	`[boss]`	2	0
[/ai character]

[event monster position]
	395	235	0
	526	380	0
	526	260	0
	713	372	0
[/event monster position]

[map name]
	`PVP 无名`
