#PVF_File

[player number]
	2	8

[pvp start area]
	0	0	0	0
	0	0	0	0
	0	0	0	0

[dungeon]
	37
[/dungeon]

[type]
	`[normal]`

[greed]
	`LL LL`

[tile]
	`Tile/2overnoblankb.til`
	`Tile/2overnoblankb.til`
	`Tile/2overrightb.til`
	`Tile/2underdownb.til`
[/tile]

[extended tile]
	`Tile/3exall1.til`
	`Tile/3exall1.til`
	`Tile/3exall1.til`
	`Tile/4exleftblankbig.til`
	`Tile/3exall1.til`
	`Tile/3exall1.til`
	`Tile/3exrightblankmid.til`
	`Tile/4extoprightsmall1.til`
[/extended tile]

[far sight scroll]
	56

[middle sight scroll]
	90

[near sight scroll]
	110

[background animation]
	[ani info]
		[filename]
			`Animation/smfar.ani`
		[layer]
			`[distantback]`
		[order]
			`[below]`
	[/ani info]
	[ani info]
		[filename]
			`Animation/smmid.ani`
		[layer]
			`[middleback]`
		[order]
			`[below]`
	[/ani info]
[/background animation]

[pathgate pos]
	27	334	877	236	152	142	56	599

[sound]
	`M_SHADOW_MAZE`
	`R_AMB_CAVE`
[/sound]

[animation]
	`Animation/smgroundgrass1.ani`	`[bottom]`	678	293	0
	`Animation/smgroundgrass2.ani`	`[bottom]`	253	253	0
	`Animation/smgroundgrass1.ani`	`[bottom]`	172	409	0
	`Animation/smgroundgrass1.ani`	`[bottom]`	393	468	0
	`Animation/smgroundgrass2.ani`	`[bottom]`	152	194	0
	`Animation/smgroundgrass2.ani`	`[bottom]`	549	329	0
	`Animation/smgroundgrass2.ani`	`[bottom]`	791	374	0
	`Animation/smgroundgrass2.ani`	`[bottom]`	509	548	0
	`Animation/smgroundgrass1.ani`	`[bottom]`	441	228	0
	`Animation/smfarstreamani.ani`	`[distantback]`	0	-120	0
	`Animation/smfarstreamani.ani`	`[distantback]`	640	-120	0
	`Animation/smfarstreamani.ani`	`[distantback]`	1280	-120	0
	`Animation/smfarstreamani.ani`	`[distantback]`	1920	-120	0
[/animation]

[passive object]
	940	387	119	0
	30398	148	172	0
	843	606	182	0
	843	523	186	0
	844	540	214	0
	804	591	219	0
	844	658	222	0
	844	618	239	0
	844	756	377	0
	844	806	397	0
	844	704	416	0
	941	634	439	0
[/passive object]

[monster]
	601	1	0	363	271	0	1	1	`[fixed]`	`[normal]`
	600	1	0	452	289	0	1	1	`[fixed]`	`[normal]`
	603	1	0	505	296	0	1	1	`[fixed]`	`[normal]`
	600	1	0	518	328	0	1	1	`[fixed]`	`[normal]`
	601	1	0	396	330	0	1	1	`[fixed]`	`[normal]`
	602	1	0	557	336	0	1	1	`[fixed]`	`[normal]`
	1098	1	0	266	369	0	1	1	`[fixed]`	`[normal]`
	601	1	0	503	396	0	1	1	`[fixed]`	`[normal]`
	602	1	0	451	417	0	1	1	`[fixed]`	`[normal]`
	603	1	0	528	452	0	1	1	`[fixed]`	`[normal]`
	601	1	0	516	541	0	1	1	`[fixed]`	`[normal]`
[/monster]

[monster specific AI]
	`[normal]`
	`[normal]`
	`[normal]`
	`[normal]`
	`[normal]`
	`[normal]`
	`[normal]`
	`[normal]`
	`[normal]`
	`[normal]`
	`[normal]`
[/monster specific AI]

[special passive object]
	803	351	185	0	2
	`[trap]`	2212	1	4	10	-1
	`[trap]`	2202	1	3	10	-1	
[/special passive object]

[event monster position]
	272	448	0
	342	393	0
	201	290	0
	269	188	0
[/event monster position]

[map name]
	`PVP 无名`
