#PVF_File

[player number]
	2	8

[pvp start area]
	0	0	0	0
	0	0	0	0
	0	0	0	0

[dungeon]
	200
[/dungeon]

[type]
	`[normal]`

[greed]
	`FF FF`

[tile]
	`Tile/overnoblankdown.til`
	`Tile/overnoblankup.til`
	`Tile/overnoblankmid.til`
	`Tile/overnoblankdown.til`
	`Tile/overnoblankmid.til`
[/tile]

[far sight scroll]
	56

[middle sight scroll]
	90

[near sight scroll]
	110

[background animation]
	[ani info]
		[filename]
			`Animation/far.ani`
		[layer]
			`[distantback]`
		[order]
			`[below]`
	[/ani info]
	[ani info]
		[filename]
			`Animation/krmid.ani`
		[layer]
			`[middleback]`
		[order]
			`[below]`
	[/ani info]
[/background animation]

[pathgate pos]
	12	202	1108	202	1135	867	568	286

[sound]
	`R_AMB_CAVE`
	`M_SKYCASTLE_BOSS_03`
[/sound]

[animation]
	`Animation/fireflag.ani`	`[closeback]`	267	33	0
	`Animation/fireflag.ani`	`[closeback]`	45	33	0
	`Animation/fireflag.ani`	`[closeback]`	713	33	0
	`Animation/fireflag.ani`	`[closeback]`	494	33	0
	`Animation/fireflag.ani`	`[closeback]`	938	33	0
	`Animation/Time_Fargear_down_D.ani`	`[distantback]`	881	25	0
	`Animation/Time_Fargear_up_eff.ani`	`[distantback]`	183	-105	0
	`Animation/Time_Fargear_up_D.ani`	`[distantback]`	243	-16	0
[/animation]

[monster]
	56733	1	0	471	179	0	6	6	`[fixed]`	`[normal]`
	56733	1	0	618	241	0	1	1	`[fixed]`	`[normal]`
[/monster]

[monster specific AI]
	`[normal]`
	`[normal]`
[/monster specific AI]

[special passive object]
	816	329	132	0	0
	816	698	136	0	0
	816	345	192	0	0
	816	724	208	0	0
	816	363	270	0	0
	816	748	284	0	0
	
[/special passive object]

[map name]
	`PVP 无名`
