#PVF_File

[player number]
	2	8

[pvp start area]
	0	0	0	0
	0	0	0	0
	0	0	0	0

[dungeon]
	203
[/dungeon]

[type]
	`[normal]`

[greed]
	`FF FF`

[tile]
	`Tile/tile01_0.til`
	`Tile/tile01_0.til`
	`Tile/tile02_0.til`
	`Tile/tile02_0.til`
	`Tile/tile02_0.til`
[/tile]

[far sight scroll]
	56

[middle sight scroll]
	90

[near sight scroll]
	110

[background animation]
	[ani info]
		[filename]
			`Animation/distantback.ani`
		[layer]
			`[distantback]`
		[order]
			`[below]`
	[/ani info]
	[ani info]
		[filename]
			`Animation/middleback_0.ani`
		[layer]
			`[middleback]`
		[order]
			`[below]`
	[/ani info]
	[ani info]
		[filename]
			`Animation/fog_0.ani`
		[layer]
			`[middleback]`
		[order]
			`[below]`
	[/ani info]
[/background animation]

[pathgate pos]
	15	233	1084	231	1501	311	1446	297

[sound]
	`M_NPERA`
	`AMB_DARKSTAGE_01`
[/sound]

[animation]
	`Animation/bottom_deco_big01_0.ani`	`[bottom]`	728	226	0
	`Animation/bottom_deco_big03_0.ani`	`[bottom]`	592	225	0
	`Animation/bottom_deco_big02_0.ani`	`[bottom]`	464	225	0
	`Animation/bottom_deco_big01_0.ani`	`[bottom]`	336	225	0
	`Animation/bottom_deco_big02_0.ani`	`[bottom]`	208	225	0
	`Animation/closeback_pillar1_0.ani`	`[middleback]`	166	0	0
	`Animation/closeback_pillar1_0.ani`	`[middleback]`	500	0	0
	`Animation/closeback_pillar1_0.ani`	`[middleback]`	834	0	0
	`Animation/closeback_pillar1_0.ani`	`[middleback]`	1168	0	0
	`Animation/closeback_pillar1_0.ani`	`[middleback]`	1502	0	0
	`Animation/closeback_pillar1_0.ani`	`[middleback]`	1836	0	0
	`Animation/closeback_pillar1_0.ani`	`[middleback]`	2170	0	0
	`Animation/closeback_pillar1_0.ani`	`[middleback]`	2504	0	0
	`Animation/closeback_pillar1_0.ani`	`[middleback]`	2838	0	0
	`Animation/Time_Fargear_down_D.ani`	`[distantback]`	297	35	0
	`Animation/Time_Fargear_down_eff.ani`	`[distantback]`	653	-189	0
[/animation]

[monster]
	56757	1	0	477	216	0	1	1	`[fixed]`	`[normal]`
	56757	1	0	673	216	0	1	1	`[fixed]`	`[normal]`
	61781	1	0	315	228	0	1	1	`[fixed]`	`[normal]`
	61798	1	0	783	230	0	1	1	`[fixed]`	`[normal]`
	61798	1	0	370	231	0	1	1	`[fixed]`	`[normal]`
	61782	1	0	850	242	0	1	1	`[fixed]`	`[normal]`
[/monster]

[monster specific AI]
	`[normal]`
	`[normal]`
	`[normal]`
	`[normal]`
	`[normal]`
	`[normal]`
[/monster specific AI]

[map name]
	`PVP 无名`
