#PVF_File

[player number]
	2	8

[pvp start area]
	0	0	0	0
	0	0	0	0
	0	0	0	0

[dungeon]
	61
[/dungeon]

[type]
	`[normal]`

[greed]
	`DD DD`

[tile]
	`Tile/GroznyClear.til`
	`Tile/GroznyClear.til`
	`Tile/GroznyClear.til`
	`Tile/GroznyClear.til`
[/tile]

[background animation]
	[ani info]
		[filename]
			`Animation/Far.ani`
		[layer]
			`[distantback]`
		[order]
			`[below]`
	[/ani info]
	[ani info]
		[filename]
			`Animation/Mid.ani`
		[layer]
			`[middleback]`
		[order]
			`[below]`
	[/ani info]
[/background animation]

[pathgate pos]
	12	269	900	259	87	200	41	350

[sound]
	`M_SHALLOWKEEP`
	`AMB_WIND_01`
[/sound]

[animation]
	`Animation/Tree1.ani`	`[close]`	368	439	0
	`Animation/Tree1.ani`	`[close]`	613	442	0
	`Animation/Tree1.ani`	`[close]`	134	442	0
	`Animation/mlupweb2.ani`	`[normal]`	56	111	0
[/animation]

[monster]
	61320	1	0	343	274	0	1	1	`[fixed]`	`[normal]`
	61320	1	0	564	285	0	1	1	`[fixed]`	`[normal]`
	61320	1	0	278	286	0	1	1	`[fixed]`	`[normal]`
	61320	1	0	645	290	0	1	1	`[fixed]`	`[normal]`
	61320	1	0	434	291	0	1	1	`[fixed]`	`[normal]`
	61320	1	0	598	307	0	1	1	`[fixed]`	`[normal]`
	61320	1	0	407	318	0	1	1	`[fixed]`	`[normal]`
	61320	1	0	603	320	0	1	1	`[fixed]`	`[normal]`
	61320	1	0	549	327	0	1	1	`[fixed]`	`[normal]`
	61320	1	0	372	329	0	1	1	`[fixed]`	`[normal]`
	61320	1	0	346	335	0	1	1	`[fixed]`	`[normal]`
	61320	1	0	653	340	0	1	1	`[fixed]`	`[normal]`
[/monster]

[monster specific AI]
	`[normal]`
	`[normal]`
	`[normal]`
	`[normal]`
	`[normal]`
	`[normal]`
	`[normal]`
	`[normal]`
	`[normal]`
	`[normal]`
	`[normal]`
	`[normal]`
[/monster specific AI]

[event monster position]
	201	291	0
	382	265	0
	482	333	0
[/event monster position]

[map name]
	`PVP 无名`
