#PVF_File

[player number]
	2	8

[pvp start area]
	0	0	0	0
	0	0	0	0
	0	0	0	0

[dungeon]
	82
[/dungeon]

[type]
	`[normal]`

[greed]
	`JJ JJ`

[tile]
	`Tile/RampartTile.til`
	`Tile/RampartTile.til`
	`Tile/RampartTile.til`
	`Tile/RampartTile.til`
	`Tile/RampartTile.til`
	`Tile/RampartTile.til`
	`Tile/RampartTile.til`
[/tile]

[far sight scroll]
	56

[middle sight scroll]
	90

[near sight scroll]
	110

[background animation]
	[ani info]
		[filename]
			`Animation/RampartFar.ani`
		[layer]
			`[distantback]`
		[order]
			`[below]`
	[/ani info]
	[ani info]
		[filename]
			`Animation/RampartMid.ani`
		[layer]
			`[middleback]`
		[order]
			`[below]`
	[/ani info]
[/background animation]

[pathgate pos]
	15	800	1558	236	1084	698	686	342

[sound]
	`M_GENTGATE`
	`AMB_WAR_01`
[/sound]

[animation]
	`Animation/RampartWall1.ani`	`[closeback]`	112	177	0
	`Animation/RampartWall3.ani`	`[closeback]`	336	177	0
	`Animation/RampartWall1.ani`	`[closeback]`	560	177	0
	`Animation/RampartWall3.ani`	`[closeback]`	784	177	0
	`Animation/RampartWall3.ani`	`[closeback]`	1232	177	0
	`Animation/RampartWall3.ani`	`[closeback]`	1456	177	0
	`Animation/RampartWall1.ani`	`[closeback]`	1008	177	0
[/animation]

[passive object]
	8333	694	190	0
	8333	67	200	0
	8186	358	255	0
	8180	341	271	0
	8185	432	280	0
	8190	951	290	0
	8184	1059	291	0
	8333	1475	314	0
	8180	1002	323	0
	8180	1060	324	0
	8189	914	324	0
	8181	374	333	0
	8189	487	344	0
	8188	475	374	0
[/passive object]

[monster]
	61801	1	0	256	199	0	1	1	`[fixed]`	`[normal]`
	61801	1	0	184	217	0	1	1	`[fixed]`	`[normal]`
	61801	1	0	1221	226	0	1	1	`[fixed]`	`[normal]`
	61801	1	0	1154	238	0	1	1	`[fixed]`	`[normal]`
	61801	1	0	148	271	0	1	1	`[fixed]`	`[normal]`
	56502	1	0	1323	275	0	1	1	`[fixed]`	`[normal]`
	61801	1	0	69	275	0	1	1	`[fixed]`	`[normal]`
	61801	1	0	238	279	0	1	1	`[fixed]`	`[normal]`
	61801	1	0	1169	302	0	1	1	`[fixed]`	`[normal]`
	61801	1	0	1231	313	0	1	1	`[fixed]`	`[normal]`
	61801	1	0	178	335	0	1	1	`[fixed]`	`[normal]`
[/monster]

[monster specific AI]
	`[normal]`
	`[normal]`
	`[normal]`
	`[normal]`
	`[normal]`
	`[normal]`
	`[normal]`
	`[normal]`
	`[normal]`
	`[normal]`
	`[normal]`
[/monster specific AI]

[event monster position]
	135	214	0
	565	251	0
	846	267	0
	1254	262	0
[/event monster position]

[map name]
	`PVP 无名`
