#PVF_File

[player number]
	2	8

[pvp start area]
	0	0	0	0
	0	0	0	0
	0	0	0	0

[dungeon]
	82
[/dungeon]

[type]
	`[normal]`

[greed]
	`NN NN`

[tile]
	`Tile/RampartTile.til`
	`Tile/RampartTile.til`
	`Tile/RampartTile.til`
	`Tile/RampartTile.til`
	`Tile/RampartTile.til`
[/tile]

[far sight scroll]
	56

[middle sight scroll]
	90

[near sight scroll]
	110

[background animation]
	[ani info]
		[filename]
			`Animation/RampartFar.ani`
		[layer]
			`[distantback]`
		[order]
			`[below]`
	[/ani info]
	[ani info]
		[filename]
			`Animation/RampartMid.ani`
		[layer]
			`[middleback]`
		[order]
			`[below]`
	[/ani info]
[/background animation]

[pathgate pos]
	16	227	1104	227	431	720	560	348

[sound]
	`M_GENTGATE`
	`AMB_WAR_01`
[/sound]

[animation]
	`Animation/RampartWall1.ani`	`[closeback]`	336	170	0
	`Animation/RampartWall3.ani`	`[closeback]`	112	170	0
	`Animation/RampartWall2.ani`	`[closeback]`	784	170	0
	`Animation/RampartWall1.ani`	`[closeback]`	1007	168	0
	`Animation/RampartWall2.ani`	`[closeback]`	560	170	0
[/animation]

[passive object]
	8186	847	178	0
	8182	737	185	0
	8181	882	203	0
	8189	804	208	0
	8183	207	332	0
	8182	488	341	0
	8184	126	361	0
[/passive object]

[monster]
	61802	1	0	321	210	0	1	1	`[fixed]`	`[normal]`
	61802	1	0	270	212	0	1	1	`[fixed]`	`[normal]`
	61802	1	0	320	264	0	1	1	`[fixed]`	`[normal]`
	61802	1	0	266	266	0	1	1	`[fixed]`	`[normal]`
	61802	1	0	879	284	0	1	1	`[fixed]`	`[normal]`
	61802	1	0	828	284	0	1	1	`[fixed]`	`[normal]`
	61802	1	0	887	317	0	1	1	`[fixed]`	`[normal]`
	61802	1	0	833	320	0	1	1	`[fixed]`	`[normal]`
[/monster]

[monster specific AI]
	`[normal]`
	`[normal]`
	`[normal]`
	`[normal]`
	`[normal]`
	`[normal]`
	`[normal]`
	`[normal]`
[/monster specific AI]

[event monster position]
	671	258	0
	998	299	0
	532	239	0
	618	228	0
[/event monster position]

[map name]
	`PVP 无名`
