#PVF_File

[player number]
	2	8

[pvp start area]
	0	0	0	0
	0	0	0	0
	0	0	0	0

[dungeon]
	82
[/dungeon]

[type]
	`[normal]`

[greed]
	`CC CC`

[tile]
	`Tile/RampartTile.til`
	`Tile/RampartTile.til`
	`Tile/RampartTile.til`
	`Tile/RampartTile.til`
[/tile]

[far sight scroll]
	56

[middle sight scroll]
	90

[near sight scroll]
	110

[background animation]
	[ani info]
		[filename]
			`Animation/RampartFar.ani`
		[layer]
			`[distantback]`
		[order]
			`[below]`
	[/ani info]
	[ani info]
		[filename]
			`Animation/RampartMid.ani`
		[layer]
			`[middleback]`
		[order]
			`[below]`
	[/ani info]
[/background animation]

[pathgate pos]
	16	800	942	800	788	176	449	621

[dungeon start area]
	712	332	140	58

[sound]
	`M_GENTGATE`
	`AMB_WAR_01`
[/sound]

[animation]
	`Animation/RampartWall1.ani`	`[closeback]`	112	177	0
	`Animation/RampartWall3.ani`	`[closeback]`	336	177	0
	`Animation/RampartWall1.ani`	`[closeback]`	560	177	0
[/animation]

[passive object]
	8181	51	190	0
	8181	96	191	0
	8182	152	192	0
	8189	622	215	0
	8186	583	266	0
	8184	463	269	0
	8185	234	324	0
	8183	112	328	0
	8187	278	368	0
[/passive object]

[monster]
	61801	1	0	276	214	0	1	1	`[fixed]`	`[normal]`
	61801	1	0	326	243	0	1	1	`[fixed]`	`[normal]`
	61801	1	0	55	262	0	1	1	`[fixed]`	`[normal]`
	61801	1	0	129	269	0	1	1	`[fixed]`	`[normal]`
	61801	1	0	342	294	0	1	1	`[fixed]`	`[normal]`
	61801	1	0	381	326	0	1	1	`[fixed]`	`[normal]`
[/monster]

[monster specific AI]
	`[normal]`
	`[normal]`
	`[normal]`
	`[normal]`
	`[normal]`
	`[normal]`
[/monster specific AI]

[event monster position]
	761	276	0
	285	247	0
	321	206	0
	189	219	0
[/event monster position]

[map name]
	`PVP 无名`
