#PVF_File

[player number]
	2	8

[pvp start area]
	0	0	0	0
	0	0	0	0
	0	0	0	0

[dungeon]
	82
[/dungeon]

[type]
	`[normal]`

[greed]
	`GG GG`

[tile]
	`Tile/RampartTile.til`
	`Tile/RampartTile.til`
	`Tile/RampartTile.til`
	`Tile/RampartTile.til`
	`Tile/RampartTile.til`
	`Tile/RampartTile.til`
[/tile]

[far sight scroll]
	56

[middle sight scroll]
	90

[near sight scroll]
	110

[background animation]
	[ani info]
		[filename]
			`Animation/RampartFar.ani`
		[layer]
			`[distantback]`
		[order]
			`[below]`
	[/ani info]
	[ani info]
		[filename]
			`Animation/RampartMid.ani`
		[layer]
			`[middleback]`
		[order]
			`[below]`
	[/ani info]
[/background animation]

[pathgate pos]
	16	235	2000	800	1236	176	1334	612

[sound]
	`M_GENTGATE`
	`AMB_WAR_01`
[/sound]

[animation]
	`Animation/RampartWall1.ani`	`[closeback]`	1008	177	0
	`Animation/RampartWall1.ani`	`[closeback]`	112	176	0
	`Animation/RampartWall3.ani`	`[closeback]`	336	176	0
	`Animation/RampartWall1.ani`	`[closeback]`	784	177	0
	`Animation/RampartWall1.ani`	`[closeback]`	560	176	0
[/animation]

[passive object]
	8185	1073	215	0
	8185	1045	216	0
	8185	406	221	0
	8185	377	224	0
	8185	505	369	0
	8185	484	378	0
[/passive object]

[monster]
	61800	1	0	766	211	0	1	1	`[fixed]`	`[normal]`
	61495	1	0	924	237	0	1	1	`[fixed]`	`[normal]`
	61800	1	0	596	240	0	1	1	`[fixed]`	`[normal]`
	61800	1	0	670	267	0	1	1	`[fixed]`	`[normal]`
	61495	1	0	934	286	0	1	1	`[fixed]`	`[normal]`
	61800	1	0	594	318	0	1	1	`[fixed]`	`[normal]`
	61800	1	0	772	330	0	1	1	`[fixed]`	`[normal]`
	61495	1	0	948	332	0	1	1	`[fixed]`	`[normal]`
[/monster]

[monster specific AI]
	`[normal]`
	`[normal]`
	`[normal]`
	`[normal]`
	`[normal]`
	`[normal]`
	`[normal]`
	`[normal]`
[/monster specific AI]

[event monster position]
	342	290	0
	661	287	0
	192	290	0
	218	208	0
[/event monster position]

[map name]
	`PVP 无名`
