#PVF_File

[player number]
	2	8

[pvp start area]
	0	0	0	0
	0	0	0	0
	0	0	0	0

[dungeon]
	25
[/dungeon]

[type]
	`[normal]`

[tile]
	`Tile/bigwindowsmplant.til`
	`Tile/bigwindowsmplant.til`
	`Tile/smwindow.til`
	`Tile/smnowindow.til`
	`Tile/smwindow.til`
	`Tile/bigwindowsmplant.til`
	`Tile/bigwindowsmplant.til`
[/tile]

[far sight scroll]
	56

[middle sight scroll]
	90

[near sight scroll]
	110

[pathgate pos]
	11	278	1554	246	784	176	790	322

[sound]
	`M_1ST_SPINE`
	`R_AMB_WIND`
[/sound]

[animation]
	`Animation/watering.ani`	`[normal]`	565	125	0
	`Animation/watering.ani`	`[normal]`	1015	123	0
[/animation]

[passive object]
	709	0	0	120
	710	0	0	120
	711	0	0	120
	712	0	0	120
	713	0	0	120
	713	0	0	-980
	778	523	205	0
	778	990	207	0
	778	615	301	0
	778	1060	301	0
	1032	347	303	0
	1032	1242	214	0
[/passive object]

[monster]
	250	1	0	1136	190	0	1	1	`[fixed]`	`[normal]`
	252	1	0	453	206	0	1	1	`[fixed]`	`[normal]`
	250	0	34	1186	232	0	1	1	`[fixed]`	`[normal]`
	250	0	34	1108	234	0	1	1	`[fixed]`	`[normal]`
	252	1	0	507	248	0	1	1	`[fixed]`	`[normal]`
	500	1	0	302	257	0	1	1	`[fixed]`	`[normal]`
	500	1	0	1300	257	0	1	1	`[fixed]`	`[normal]`
	250	0	34	1162	276	0	1	1	`[fixed]`	`[normal]`
	252	1	0	427	278	0	1	1	`[fixed]`	`[normal]`
[/monster]

[special passive object]
	779	1188	195	0	1
	`[monster]`	250	34	1	3	-1
	779	398	239	0	1
	`[monster]`	250	34	1	3	-1	
[/special passive object]

[greed]
	`KK CC`

[event monster position]
	649	219	0
	873	220	0
	162	224	0
	1303	272	0
[/event monster position]

[map name]
	`PVP 无名`
