#PVF_File

[player number]
	2	8

[pvp start area]
	0	0	0	0
	0	0	0	0
	0	0	0	0

[dungeon]
	25
[/dungeon]

[type]
	`[normal]`

[greed]
	`GG EE`

[tile]
	`Tile/smwindow.til`
	`Tile/smwindow.til`
	`Tile/smwindow.til`
	`Tile/smwindow.til`
	`Tile/smwindow.til`
	`Tile/smnowindow.til`
	`Tile/smwindow.til`
[/tile]

[far sight scroll]
	56

[middle sight scroll]
	90

[near sight scroll]
	110

[pathgate pos]
	11	274	1554	248	1224	178	558	322

[sound]
	`M_1ST_SPINE`
	`R_AMB_WIND`
[/sound]

[animation]
	`Animation/watering.ani`	`[normal]`	121	129	0
	`Animation/watering.ani`	`[normal]`	567	127	0
	`Animation/watering.ani`	`[normal]`	1015	125	0
	`Animation/watering.ani`	`[normal]`	1461	125	0
	`Animation/watering.ani`	`[normal]`	341	123	0
	`Animation/watering.ani`	`[normal]`	789	123	0
[/animation]

[passive object]
	709	0	0	120
	710	0	0	120
	711	0	0	120
	712	0	0	120
	713	0	0	120
	713	0	0	-980
	1024	1157	195	0
	1024	874	197	0
	778	593	207	0
	1024	755	245	0
	1024	1287	245	0
	778	729	299	0
	1024	885	313	0
	1024	1032	315	0
	1024	1165	319	0
[/passive object]

[monster]
	250	1	0	441	219	0	1	1	`[fixed]`	`[normal]`
	253	1	0	1021	225	0	1	1	`[fixed]`	`[normal]`
	252	1	0	873	225	0	1	1	`[fixed]`	`[normal]`
	252	1	0	1161	232	0	1	1	`[fixed]`	`[normal]`
	250	0	34	475	252	0	1	1	`[fixed]`	`[normal]`
[/monster]

[monster specific AI]
	`[normal]`
	`[normal]`
	`[normal]`
	`[normal]`
	`[normal]`
[/monster specific AI]

[special passive object]
	779	1021	187	0	3
	`[trap]`	2001	1	1	10	-1
	`[trap]`	2010	1	1	10	-1
	`[trap]`	2011	1	1	20	-1
	779	416	197	0	3
	`[trap]`	2101	1	2	10	-1
	`[trap]`	2110	1	2	10	-1
	`[trap]`	2111	1	2	20	-1	
[/special passive object]

[event monster position]
	256	237	0
	957	241	0
	1118	240	0
	1379	236	0
[/event monster position]

[map name]
	`PVP 无名`
