#PVF_File

[player number]
	2	8

[pvp start area]
	0	0	0	0
	0	0	0	0
	0	0	0	0

[dungeon]
	12
[/dungeon]

[type]
	`[normal]`

[tile]
	`Tile/SkyCastleNOPoll.til`
	`Tile/SkyCastlePCPoll.til`
	`Tile/SkyCastleNOPoll.til`
	`Tile/SkyCastleNOPoll.til`
	`Tile/SkyCastleNOPoll.til`
	`Tile/SkyCastleNOPoll.til`
	`Tile/SkyCastleNOPoll.til`
[/tile]

[far sight scroll]
	56

[middle sight scroll]
	90

[near sight scroll]
	110

[background animation]
	[ani info]
		[filename]
			`Animation/far1.ani`
		[layer]
			`[distantback]`
		[order]
			`[below]`
	[/ani info]
	[ani info]
		[filename]
			`Animation/far3.ani`
		[layer]
			`[middleback]`
		[order]
			`[below]`
	[/ani info]
[/background animation]

[pathgate pos]
	11	262	1554	264	901	203	241	347

[sound]
	`RM_SKYCASTLE`
	`WIND_AMB_01`
	`G_AMON`
[/sound]

[animation]
	`Animation/scloud.ani`	`[distantback]`	-378	201	0
	`Animation/scloud.ani`	`[distantback]`	253	201	0
	`Animation/scloud.ani`	`[distantback]`	884	201	0
	`Animation/scloud.ani`	`[distantback]`	1515	201	0
	`Animation/scloud.ani`	`[distantback]`	2146	201	0
	`Animation/scloud.ani`	`[distantback]`	2777	201	0
[/animation]

[passive object]
	268	1012	248	160
	268	581	251	160
	1035	466	272	0
	1035	963	276	0
	268	814	279	160
	1044	515	161	0
	1044	573	161	0
	1044	631	160	0
	1044	797	159	0
	1044	851	158	0
	1044	904	159	0
	1044	1041	160	0
	1044	1100	161	0
	1044	1157	160	0
[/passive object]

[monster]
	37	0	18	1175	242	0	1	1	`[fixed]`	`[normal]`
	60	1	0	1012	248	0	1	1	`[fixed]`	`[normal]`
	60	1	0	581	251	0	1	1	`[fixed]`	`[normal]`
	31	0	18	882	256	0	1	1	`[fixed]`	`[normal]`
	37	0	18	1282	266	0	1	1	`[fixed]`	`[normal]`
	37	1	0	696	272	0	1	1	`[fixed]`	`[normal]`
	60	1	0	814	279	0	1	1	`[fixed]`	`[normal]`
	37	1	0	773	324	0	1	1	`[fixed]`	`[normal]`
	37	0	18	1136	327	0	1	1	`[fixed]`	`[normal]`
	31	0	18	878	344	0	1	1	`[fixed]`	`[normal]`
[/monster]

[special passive object]
	240	697	206	0	1
	`[item]`	0	3	-1	-1	-1
	238	415	216	0	5
	`[trap]`	2010	1	1	5	-1
	`[trap]`	2210	1	1	5	-1
	`[trap]`	2011	1	1	10	-1
	`[trap]`	2211	1	1	10	-1
	`[trap]`	2110	1	1	5	-1
	1035	492	286	0	1
	`[item]`	1	1	-1	-1	-1
	1035	982	308	0	1
	`[item]`	1	1	-1	-1	-1
	238	1224	336	0	1
	`[item]`	3	-1	3	-1	-1
	238	571	340	0	1
	`[item]`	3	-1	3	-1	-1	
[/special passive object]

[greed]
	`II II`

[map name]
	`PVP 无名`
