#PVF_File

[player number]
	2	8

[pvp start area]
	0	0	0	0
	0	0	0	0
	0	0	0	0

[dungeon]
	11
[/dungeon]

[type]
	`[normal]`

[tile]
	`Tile/SkyCastleDCPoll.til`
	`Tile/SkyCastleUCPoll.til`
	`Tile/SkyCastlePCPoll.til`
	`Tile/SkyCastleNPoll.til`
	`Tile/SkyCastleNPoll.til`
	`Tile/SkyCastleDCPoll.til`
[/tile]

[far sight scroll]
	56

[near sight scroll]
	110

[background animation]
	[ani info]
		[filename]
			`Animation/far1.ani`
		[layer]
			`[distantback]`
		[order]
			`[below]`
	[/ani info]
	[ani info]
		[filename]
			`Animation/far3.ani`
		[layer]
			`[middleback]`
		[order]
			`[below]`
	[/ani info]
[/background animation]

[pathgate pos]
	15	256	1330	265	672	144	342	347

[dungeon start area]
	266	255	81	158

[sound]
	`RM_SKYCASTLE`
	`WIND_AMB_01`
	`G_AMON`
[/sound]

[animation]
	`Animation/bakalsymbol.ani`	`[middleback]`	112	145	0
	`Animation/bakalsymbol.ani`	`[middleback]`	336	145	0
	`Animation/bakalsymbol.ani`	`[middleback]`	560	145	0
	`Animation/bakalsymbol.ani`	`[middleback]`	784	145	0
	`Animation/bakalsymbol.ani`	`[middleback]`	1008	145	0
	`Animation/bakalsymbol.ani`	`[middleback]`	1232	145	0
	`Animation/scloud.ani`	`[distantback]`	-378	201	0
	`Animation/scloud.ani`	`[distantback]`	253	201	0
	`Animation/scloud.ani`	`[distantback]`	884	201	0
	`Animation/scloud.ani`	`[distantback]`	1515	201	0
	`Animation/scloud.ani`	`[distantback]`	2146	201	0
	`Animation/scloud.ani`	`[distantback]`	2777	201	0
[/animation]

[monster]
	50	1	0	632	233	0	1	1	`[fixed]`	`[normal]`
	50	1	0	886	234	0	1	1	`[fixed]`	`[normal]`
	50	1	0	1095	250	0	1	1	`[fixed]`	`[normal]`
	50	1	0	1036	303	0	1	1	`[fixed]`	`[normal]`
	50	1	0	767	304	0	1	1	`[fixed]`	`[normal]`
[/monster]

[special passive object]
	240	492	319	0	1
	`[item]`	0	1	-1	-1	-1	
[/special passive object]

[greed]
	`MM MM`

[map name]
	`PVP 无名`
