#PVF_File

[player number]
	2	8

[pvp start area]
	0	0	0	0
	0	0	0	0
	0	0	0	0

[dungeon]
	64
[/dungeon]

[type]
	`[boss]`

[greed]
	`EE EE`

[tile]
	`Tile/OdesaWide.til`
	`Tile/OdesaWide.til`
	`Tile/OdesaWide.til`
	`Tile/OdesaWide.til`
	`Tile/OdesaWide.til`
	`Tile/OdesaWide.til`
[/tile]

[background animation]
	[ani info]
		[filename]
			`Animation/Far.ani`
		[layer]
			`[distantback]`
		[order]
			`[below]`
	[/ani info]
	[ani info]
		[filename]
			`Animation/MidSub.ani`
		[layer]
			`[middleback]`
		[order]
			`[below]`
	[/ani info]
[/background animation]

[pathgate pos]
	16	216	1328	216	672	144	672	348

[sound]
	`M_SQUADWAR_BOSS`
	`AMB_TOWN_02`
[/sound]

[animation]
	`Animation/obj01.ani`	`[normal]`	705	127	0
	`Animation/obj00.ani`	`[normal]`	1240	121	0
	`Animation/obj10.ani`	`[normal]`	1070	114	0
	`Animation/obj00.ani`	`[normal]`	574	93	0
	`Animation/obj01.ani`	`[normal]`	970	87	0
	`Animation/obj08.ani`	`[normal]`	852	75	0
	`Animation/obj01.ani`	`[normal]`	372	69	0
	`Animation/obj00.ani`	`[normal]`	265	63	0
	`Animation/obj09.ani`	`[normal]`	95	59	0
	`Animation/obj01.ani`	`[normal]`	627	21	0
	`Animation/BigDust.ani`	`[bottom]`	1165	293	0
	`Animation/BigDustBig.ani`	`[bottom]`	430	277	0
	`Animation/HighWall0.ani`	`[bottom]`	1259	219	0
	`Animation/HighWall0.ani`	`[closeback]`	139	219	0
	`Animation/HighWall0.ani`	`[closeback]`	587	219	0
	`Animation/HighWall0.ani`	`[closeback]`	811	219	0
	`Animation/HighWall0.ani`	`[closeback]`	363	219	0
	`Animation/HighWall0.ani`	`[closeback]`	1035	219	0
	`Animation/Light.ani`	`[middleback]`	795	149	0
	`Animation/Light.ani`	`[middleback]`	547	149	0
	`Animation/Light.ani`	`[middleback]`	269	141	0
	`Animation/Light.ani`	`[middleback]`	8	143	0
	`Animation/obj08.ani`	`[middleback]`	133	103	0
	`Animation/GT9600.ani`	`[middleback]`	1056	220	0
[/animation]

[passive object]
	8056	1173	178	0
	8056	419	187	0
	8056	521	275	0
	8056	1193	346	0
	8056	642	368	0
[/passive object]

[monster]
	61416	1	0	670	198	0	1	1	`[fixed]`	`[normal]`
	61353	1	0	1205	205	0	1	1	`[fixed]`	`[normal]`
	61415	1	0	557	208	0	1	1	`[fixed]`	`[normal]`
	61135	1	0	1177	257	0	2	1	`[fixed]`	`[boss]`
	61352	1	0	1014	272	0	1	1	`[fixed]`	`[normal]`
	61415	1	0	644	299	0	1	1	`[fixed]`	`[normal]`
	61353	1	0	1225	300	0	1	1	`[fixed]`	`[normal]`
	61416	1	0	757	327	0	1	1	`[fixed]`	`[normal]`
[/monster]

[monster specific AI]
	`[normal]`
	`[normal]`
	`[normal]`
	`[normal]`
	`[normal]`
	`[normal]`
	`[normal]`
	`[normal]`
[/monster specific AI]

[NPC]
	1000	`[left]`	0	0	0
[/NPC]

[map name]
	`PVP 无名`
