#PVF_File

[player number]
	2	8

[pvp start area]
	150	260	50	50
	0	0	0	0
	0	0	0	0

[dungeon]
	11001
[/dungeon]

[type]
	`[normal]`

[tile]
	`Tile/greentile1.til`
	`Tile/greentile2.til`
	`Tile/greentile2.til`
	`Tile/greentile1.til`
[/tile]

[far sight scroll]
	56

[middle sight scroll]
	90

[near sight scroll]
	110

[pathgate pos]
	10	259	888	248	338	114	329	350

[sound]
	`M_ILLUSIONTOWER`
	`AMB_EVILTOWER_BASIC`
[/sound]

[animation]
	`Animation/torch.ani`	`[normal]`	110	28	0
	`Animation/torch.ani`	`[normal]`	785	28	0
	`Animation/DTdeco_floorendL2.ani`	`[bottom]`	170	241	0
	`Animation/DTdeco_floorendR2.ani`	`[bottom]`	728	241	0
	`Animation/DTclose4.ani`	`[middleback]`	0	-120	0
	`Animation/DTclose4.ani`	`[middleback]`	448	-120	0
	`Animation/props_clock_3.ani`	`[middleback]`	335	10	0
	`Animation/props_clock_4.ani`	`[middleback]`	335	10	0
	`Animation/DTdeco_tableGreen1.ani`	`[middleback]`	446	116	0
	`Animation/DTdeco_tableGreen2.ani`	`[middleback]`	220	116	0
[/animation]

[passive object]
	5108	220	-61	0
	5104	51	277	0
	5105	846	277	0
[/passive object]

[NPC]
	1001	`[left]`	447	150	0
[/NPC]

[apc random point]
	100

[monster spawn pos]
	2	350	280	25	450	240	25

[map name]
	`PVP 无名`
