#PVF_File

[player number]
	2	8

[pvp start area]
	150	260	50	50
	0	0	0	0
	0	0	0	0

[dungeon]
	11001
[/dungeon]

[type]
	`[normal]`

[greed]
	`KK KK`

[tile]
	`Tile/basetile1.til`
	`Tile/basetile1.til`
	`Tile/basetile1.til`
	`Tile/basetile1.til`
[/tile]

[far sight scroll]
	56

[middle sight scroll]
	90

[near sight scroll]
	110

[background animation]
	[ani info]
		[filename]
			`Animation/Ifar0.ani`
		[layer]
			`[distantback]`
		[order]
			`[below]`
	[/ani info]
[/background animation]

[pathgate pos]
	12	255	1107	321	332	132	327	351

[sound]
	`M_ILLUSIONTOWER`
	`AMB_WIND_01`
[/sound]

[animation]
	`Animation/torch.ani`	`[normal]`	559	28	0
	`Animation/torch.ani`	`[normal]`	112	28	0
	`Animation/torch.ani`	`[normal]`	336	28	0
	`Animation/torch.ani`	`[normal]`	783	31	0
	`Animation/DTdeco_floorendL2.ani`	`[bottom]`	168	241	0
	`Animation/DTdeco_floorendR2.ani`	`[bottom]`	728	241	0
	`Animation/DTdeco_tableGreen2.ani`	`[middleback]`	490	152	0
[/animation]

[passive object]
	5108	220	-61	0
	5105	844	275	0
	5104	51	277	0
[/passive object]

[monster]
	60030	1	0	524	176	0	1	1	`[fixed]`	`[normal]`
	60030	1	0	680	180	0	1	1	`[fixed]`	`[normal]`
	60030	1	0	726	210	0	1	1	`[fixed]`	`[normal]`
	60030	1	0	482	215	0	1	1	`[fixed]`	`[normal]`
	60030	1	0	526	229	0	1	1	`[fixed]`	`[normal]`
	60030	1	0	491	266	0	1	1	`[fixed]`	`[normal]`
	60030	1	0	729	271	0	1	1	`[fixed]`	`[normal]`
	60030	1	0	690	307	0	1	1	`[fixed]`	`[normal]`
	60030	1	0	526	310	0	1	1	`[fixed]`	`[normal]`
[/monster]

[monster specific AI]
	`[normal]`
	`[normal]`
	`[normal]`
	`[normal]`
	`[normal]`
	`[normal]`
	`[normal]`
	`[normal]`
	`[normal]`
[/monster specific AI]

[NPC]
	1001	`[left]`	463	152	0
[/NPC]

[ai character]
	608	560	225	0	`[monster]`	`[normal]`	0	0
[/ai character]

[map name]
	`PVP 无名`
