#PVF_File

[player number]
	2	8

[pvp start area]
	0	0	0	0
	0	0	0	0
	0	0	0	0

[dungeon]
	1506
[/dungeon]

[type]
	`[normal]`

[greed]
	`DD DD`

[tile]
	`Tile/tile.til`
	`Tile/tile.til`
	`Tile/tile.til`
	`Tile/tile.til`
[/tile]

[extended tile]
	`Tile/extile.til`
	`Tile/extile.til`
	`Tile/extile.til`
	`Tile/extile.til`
	`Tile/extile.til`
	`Tile/extile.til`
	`Tile/extile.til`
	`Tile/extile.til`
[/extended tile]

[background animation]
	[ani info]
		[filename]
			`Animation/far.ani`
		[layer]
			`[distantback]`
		[order]
			`[below]`
	[/ani info]
	[ani info]
		[filename]
			`Animation/mid.ani`
		[layer]
			`[middleback]`
		[order]
			`[below]`
	[/ani info]
[/background animation]

[pathgate pos]
	1157	666	882	475	139	146	1148	663

[sound]
	`M_LESHPHON`
	`AMB_RAIN_03`
[/sound]

[animation]
	`Animation/frontwall1.ani`	`[close]`	64	610	0
	`Animation/frontwall2.ani`	`[close]`	268	618	0
	`Animation/frontwall1.ani`	`[close]`	410	658	0
	`Animation/puddleS1.ani`	`[bottom]`	604	208	0
	`Animation/puddleS1.ani`	`[bottom]`	210	523	0
	`Animation/puddleS2.ani`	`[bottom]`	243	492	0
	`Animation/lowwall1.ani`	`[closeback]`	394	139	0
	`Animation/lowwall1.ani`	`[closeback]`	624	138	0
[/animation]

[passive object]
	9390	0	260	100
	9390	640	260	100
	9392	0	0	0
	9392	640	0	0
	9392	0	200	0
	9392	640	200	0
	10247	620	162	0
	10246	478	164	0
	10249	658	167	0
	10246	391	171	0
	10246	469	201	0
	10243	54	333	0
	10243	103	357	0
	10243	32	361	0
	10244	176	377	0
	10249	97	383	0
	10248	197	392	0
	10250	418	238	0
	10251	199	444	0
[/passive object]

[monster]
	62119	1	0	234	221	0	1	1	`[fixed]`	`[normal]`
	62119	1	0	138	232	0	1	1	`[fixed]`	`[normal]`
	62119	1	0	530	281	0	1	1	`[fixed]`	`[normal]`
	62119	1	0	341	292	0	1	1	`[fixed]`	`[normal]`
	62119	1	0	477	368	0	1	1	`[fixed]`	`[normal]`
	62119	1	0	354	411	0	1	1	`[fixed]`	`[normal]`
	62119	1	0	487	491	0	1	1	`[fixed]`	`[normal]`
	62119	1	0	159	513	0	1	1	`[fixed]`	`[normal]`
	62119	1	0	388	513	0	1	1	`[fixed]`	`[normal]`
	62119	1	0	267	520	0	1	1	`[fixed]`	`[normal]`
[/monster]

[monster specific AI]
	`[normal]`
	`[normal]`
	`[normal]`
	`[normal]`
	`[normal]`
	`[normal]`
	`[normal]`
	`[normal]`
	`[normal]`
	`[normal]`
[/monster specific AI]

[event monster position]
	37	438	0
	74	438	0
	50	467	0
	85	468	0
[/event monster position]

[map name]
	`PVP 无名`
