#PVF_File

[player number]
	2	8

[pvp start area]
	0	0	0	0
	0	0	0	0
	0	0	0	0

[dungeon]
	507
[/dungeon]

[type]
	`[normal]`

[greed]
	`EE EE`

[tile]
	`Tile/BH004.til`
	`Tile/BH002.til`
	`Tile/BH001.til`
	`Tile/BH005.til`
[/tile]

[far sight scroll]
	70

[middle sight scroll]
	90

[near sight scroll]
	110

[pathgate pos]
	69	206	378	682	356	567	172	558

[dungeon start area]
	645	289	177	87

[sound]
	`M_AGANZO`
[/sound]

[animation]
	`Animation/pan.ani`	`[normal]`	460	-90	0
[/animation]

[passive object]
	8817	234	139	0
	8817	309	139	0
	8817	381	139	0
	8817	451	140	0
[/passive object]

[monster]
	82	1	0	273	199	0	1	1	`[fixed]`	`[normal]`
	84	1	0	510	206	0	1	1	`[fixed]`	`[normal]`
	83	1	0	438	221	0	1	1	`[fixed]`	`[normal]`
	83	1	0	341	233	0	1	1	`[fixed]`	`[normal]`
	84	1	0	453	264	0	1	1	`[fixed]`	`[normal]`
	84	1	0	544	265	0	1	1	`[fixed]`	`[normal]`
	82	1	0	208	270	0	1	1	`[fixed]`	`[normal]`
	83	1	0	385	279	0	1	1	`[fixed]`	`[normal]`
[/monster]

[monster specific AI]
	`[normal]`
	`[normal]`
	`[normal]`
	`[normal]`
	`[normal]`
	`[normal]`
	`[normal]`
	`[normal]`
[/monster specific AI]

[event monster position]
	590	211	0
	635	209	0
	599	244	0
	635	244	0
[/event monster position]

[map name]
	`PVP 无名`
