#PVF_File

[player number]
	2	8

[pvp start area]
	0	0	0	0
	0	0	0	0
	0	0	0	0

[dungeon]
	70
[/dungeon]

[type]
	`[normal]`

[greed]
	`CC CC`

[tile]
	`Tile/ForestOver.til`
	`Tile/ForestOverUnder.til`
	`Tile/ForestUnder.til`
	`Tile/ForestUnderOver.til`
	`Tile/ForestOverUnder.til`
[/tile]

[far sight scroll]
	56

[middle sight scroll]
	90

[near sight scroll]
	110

[background animation]
	[ani info]
		[filename]
			`Animation/far0.ani`
		[layer]
			`[distantback]`
		[order]
			`[below]`
	[/ani info]
	[ani info]
		[filename]
			`Animation/mid0.ani`
		[layer]
			`[middleback]`
		[order]
			`[below]`
	[/ani info]
	[ani info]
		[filename]
			`Animation/FireCurtain01.ani`
		[layer]
			`[close]`
		[order]
			`[upper]`
		[screen pos]
			0	80
	[/ani info]
[/background animation]

[pathgate pos]
	12	242	1110	255	856	124	866	348

[dungeon start area]
	225	341	110	51

[sound]
	`M_T_CONFLAGRATION`
	`AMB_FOREST_05`
[/sound]

[animation]
	`Animation/BurntTree4.ani`	`[close]`	500	397	0
	`Animation/fire01.ani`	`[close]`	-1	423	0
	`Animation/fire02.ani`	`[close]`	874	355	0
	`Animation/fire03.ani`	`[close]`	1072	355	0
	`Animation/Tree0.ani`	`[normal]`	164	104	0
	`Animation/Tree4.ani`	`[normal]`	34	132	0
	`Animation/Tree2.ani`	`[normal]`	549	160	0
	`Animation/smallTree1.ani`	`[normal]`	47	209	0
	`Animation/Stone0.ani`	`[normal]`	366	228	0
	`Animation/smallTree1.ani`	`[normal]`	41	274	0
	`Animation/Stone0.ani`	`[normal]`	895	293	0
	`Animation/smallTree1.ani`	`[normal]`	9	325	0
	`Animation/smallTree1.ani`	`[normal]`	1034	432	0
	`Animation/smallTree1.ani`	`[normal]`	67	441	0
	`Animation/smallTree1.ani`	`[normal]`	927	473	0
	`Animation/smallTree1.ani`	`[normal]`	872	479	0
	`Animation/aniFlower.ani`	`[normal]`	1238	236	0
	`Animation/BurntTree0.ani`	`[normal]`	1255	298	0
	`Animation/BurntTree1.ani`	`[normal]`	1219	159	0
	`Animation/BurntTree2.ani`	`[normal]`	1033	142	0
	`Animation/BurntTree3.ani`	`[normal]`	1014	230	0
	`Animation/BurntTree4.ani`	`[normal]`	1256	411	0
	`Animation/BurntTree5.ani`	`[normal]`	1398	287	0
	`Animation/BurntTree6.ani`	`[normal]`	216	405	0
	`Animation/DeadTree0.ani`	`[normal]`	698	400	0
	`Animation/DeadTree1.ani`	`[normal]`	781	390	0
	`Animation/elf_house01.ani`	`[normal]`	221	151	0
	`Animation/elf_house02.ani`	`[normal]`	404	221	0
	`Animation/elf_lamp01.ani`	`[normal]`	658	191	0
	`Animation/elf_lamp02.ani`	`[normal]`	625	182	0
	`Animation/elf_obj01.ani`	`[normal]`	630	213	0
	`Animation/elf_obj02.ani`	`[normal]`	742	190	0
	`Animation/elf_obj03.ani`	`[normal]`	855	192	0
	`Animation/elf_obj04.ani`	`[normal]`	904	184	0
	`Animation/elf_obj05.ani`	`[normal]`	952	176	0
	`Animation/Flower0.ani`	`[normal]`	354	432	0
	`Animation/Flower1.ani`	`[normal]`	429	445	0
	`Animation/Flower2.ani`	`[normal]`	514	457	0
	`Animation/Grass0.ani`	`[normal]`	639	445	0
	`Animation/Grass1.ani`	`[normal]`	293	479	0
	`Animation/Grass2.ani`	`[normal]`	445	485	0
	`Animation/Tree1.ani`	`[closeback]`	961	100	0
	`Animation/BurntTree6.ani`	`[closeback]`	307	150	0
	`Animation/BurntTree3.ani`	`[closeback]`	651	120	0
	`Animation/BurntTree0.ani`	`[closeback]`	419	155	0
	`Animation/BurntTree1.ani`	`[closeback]`	665	162	0
[/animation]

[passive object]
	7	200	260	540
	11187	545	170	0
	11189	236	192	0
	11189	143	197	0
	11183	94	201	0
	11189	320	207	0
	302	819	213	0
	11189	232	225	0
	11190	710	226	0
	11191	710	226	253
	11188	365	235	0
	11189	325	235	0
	306	511	275	0
	221	704	326	0
	221	653	346	0
	302	710	349	0
[/passive object]

[monster]
	63037	1	0	710	226	0	1	1	`[fixed]`	`[normal]`
	63039	1	0	510	226	0	1	1	`[fixed]`	`[normal]`
[/monster]

[monster specific AI]
	`[normal]`
	`[normal]`
[/monster specific AI]

[map name]
	`PVP 无名`
