#PVF_File

[player number]
	2	8

[pvp start area]
	0	0	0	0
	0	0	0	0
	0	0	0	0

[dungeon]
	504
[/dungeon]

[type]
	`[normal]`

[greed]
	`EE EE`

[tile]
	`Tile/SkyCastlePCPoll.til`
	`Tile/SkyCastleDCPoll.til`
	`Tile/SkyCastleLCPoll.til`
	`Tile/SkyCastleUCPoll.til`
[/tile]

[far sight scroll]
	56

[middle sight scroll]
	90

[near sight scroll]
	110

[background animation]
	[ani info]
		[filename]
			`Animation/far0.ani`
		[layer]
			`[distantback]`
		[order]
			`[below]`
	[/ani info]
	[ani info]
		[filename]
			`Animation/OceanGradationTop.ani`
		[layer]
			`[middleback]`
		[order]
			`[below]`
	[/ani info]
[/background animation]

[pathgate pos]
	14	265	1456	726	340	944	1192	592

[dungeon start area]
	690	365	158	85

[sound]
	`RM_SKYCASTLE_BOSS`
	`AMB_WATER_01`
[/sound]

[animation]
	`Animation/wshadow.ani`	`[bottom]`	532	326	0
[/animation]

[passive object]
	1021	353	213	0
	1021	504	218	0
	1021	673	348	0
[/passive object]

[monster]
	50	1	0	430	239	0	1	1	`[fixed]`	`[normal]`
	51	1	0	290	246	0	1	1	`[fixed]`	`[normal]`
	50	1	0	358	258	0	1	1	`[fixed]`	`[normal]`
	50	1	0	493	267	0	1	1	`[fixed]`	`[normal]`
	51	1	0	210	268	0	1	1	`[fixed]`	`[normal]`
	50	1	0	328	281	0	1	1	`[fixed]`	`[normal]`
	51	1	0	266	288	0	1	1	`[fixed]`	`[normal]`
	50	1	0	392	298	0	1	1	`[fixed]`	`[normal]`
	50	1	0	450	305	0	1	1	`[fixed]`	`[normal]`
[/monster]

[monster specific AI]
	`[normal]`
	`[normal]`
	`[normal]`
	`[normal]`
	`[normal]`
	`[normal]`
	`[normal]`
	`[normal]`
	`[normal]`
[/monster specific AI]

[event monster position]
	717	235	0
	761	235	0
	718	270	0
	760	272	0
[/event monster position]

[map name]
	`PVP 无名`
