#PVF_File

1
`Act1/Lorien.dgn`
2
`Act1/LorienInside.dgn`
3
`Act1/MirkWood.dgn`
4
`Act1/MirkWoodDeep.dgn`
5
`Act1/SunderLand.dgn`
6
`Act1/SunderLandPoison.dgn`
7
`Act1/GrakKarak.dgn`
8
`Act1/GrakKarakBurning.dgn`
9
`Act1/MirkWoodFrost.dgn`
10
`Act1/Lorien_copy.dgn`
11
`Act2/DraconianTower.dgn`
12
`Act2/Hallofdoll.dgn`
13
`Act2/GolemTower.dgn`
14
`Act2/DarkEntrance.dgn`
15
`Act2/PalaceOfLoad.dgn`
17
`Act2/FloatingCastle.dgn`
21
`Act3/OuterWall.dgn`
22
`Act3/Jungle.dgn`
23
`Act3/Darkhell.dgn`
24
`Act3/WhiteNight.dgn`
25
`Act3/1stBackbone.dgn`
26
`Act3/2ndBackbone.dgn`
27
`Act3/BloodHell.dgn`
31
`Act4/ShallowKeep.dgn`
32
`Act4/MarpissaLair.dgn`
33
`Act4/KingsRuins.dgn`
34
`Act4/MagmaCave.dgn`
35
`Act4/DarkelfCemetary.dgn`
36
`Act4/Underfoot.dgn`
37
`Act4/ShadowMaze.dgn`
40
`Act5/CharnakRidge.dgn`
41
`Act5/TheBoyWithColdheart.dgn`
42
`Act5/RicuCeiling.dgn`
43
`Act5/WhiteLand.dgn`
44
`Act5/IcePalace.dgn`
45
`Act5/ScasaLair.dgn`
50
`Act6/AstrayThief.dgn`
51
`Act6/VillageOfTemptation.dgn`
52
`Act6/DanceingButterfly.dgn`
53
`Act6/SuspiciousVillage.dgn`
60
`Village/CartelArad/Odesa.dgn`
61
`Village/CartelArad/Grozni.dgn`
62
`Impossible/GoblinKingdom.dgn`
63
`Impossible/ActiveSkyCastle.dgn`
64
`Impossible/RanjerusDogs.dgn`
65
`Impossible/bakalcastle.dgn`
66
`Impossible/Cosmofiend.dgn`
67
`Impossible/blackearth.dgn`
80
`Act7/OuterGent.dgn`
81
`Act7/GentEastGate.dgn`
82
`Act7/GentSouthGate.dgn`
83
`Act7/NightAssault.dgn`
84
`Act7/Supplycut.dgn`
85
`Act7/CounterAttack.dgn`
86
`Act8/pirateonthetrain.dgn`
87
`Act8/seatrainretaking.dgn`
88
`Act7/gentnorthgate.dgn`
89
`Act7/GentDefence.dgn`
100
`southerndale/grimseeker.dgn`
140
`Village/MoonLightPub/Aganzo.dgn`
141
`Act5/Bwanga.dgn`
200
`riskdungeon/r_kingsruins.dgn`
201
`riskdungeon/r_vilmark.dgn`
202
`riskdungeon/r_screamingcave.dgn`
203
`riskdungeon/r_noirpera.dgn`
204
`riskdungeon/r_ghosttrain.dgn`
205
`riskdungeon/r_leshphon.dgn`
206
`riskdungeon/r_cartelcommand.dgn`
500
`quest/training.dgn`
501
`quest/captainscabin.dgn`
502
`quest/steelscales.dgn`
503
`quest/deadmoon.dgn`
504
`quest/middleocean.dgn`
505
`quest/training_striker.dgn`
506
`quest/deadmoon_avenger2.dgn`
507
`quest/training_asura.dgn`
508
`quest/training_weaponmaster.dgn`
509
`quest/deadmoon_summoner1.dgn`
510
`quest/deadmoon_summoner2.dgn`
511
`quest/training2.dgn`
512
`quest/deadmoon_elemental.dgn`
513
`quest/deadmoon_witch.dgn`
514
`quest/deadmoon_avenger1.dgn`
515
`quest/timegate.dgn`
516
`quest/fairyforest.dgn`
517
`quest/lawlessdistrict.dgn`
518
`quest/tangledtimegate.dgn`
519
`quest/iristime.dgn`
520
`quest/irisconsciousness.dgn`
521
`quest/deadmoon_new.dgn`
522
`quest/Energyisolator.dgn`
1000
`Act1/SunderLandDark.dgn`
1500
`Ancient/Vilmark.dgn`
1501
`Ancient/ScreamingCave.dgn`
1502
`Ancient/Noirpera.dgn`
1504
`Ancient/GhostTrain.dgn`
1506
`Ancient/leshphon.dgn`
1507
`Ancient/cartelcommand.dgn`
2000
`WarRoom/Grenselos20-30.dgn`
2001
`WarRoom/Grenselos30-40.dgn`
2002
`WarRoom/Grenselos40-50.dgn`
2003
`WarRoom/Grenselos50-60.dgn`
2004
`WarRoom/Grenselos60-70.dgn`
10000
`Tutorial/Tutorial.dgn`
10001
`Tutorial/Tutorial_timegate.dgn`
10002
`Tutorial/Tutorial_timegate2.dgn`
11000
`Towers/TowerOfDeath.dgn`
11001
`Towers/TowerOfIllusion.dgn`
11006
`Towers/TowerOfBloodyFight4.dgn`
11007
`Towers/TowerOfUltimate.dgn`
11008
`Towers/ZTowerOfDespair001.dgn`
11009
`Towers/ZTowerOfDespair002.dgn`
11010
`Towers/ZTowerOfDespair003.dgn`
11011
`Towers/ZTowerOfDespair004.dgn`
11012
`Towers/ZTowerOfDespair005.dgn`
11013
`Towers/ZTowerOfDespair006.dgn`
11014
`Towers/ZTowerOfDespair007.dgn`
11015
`Towers/ZTowerOfDespair008.dgn`
11016
`Towers/ZTowerOfDespair009.dgn`
11017
`Towers/ZTowerOfDespair010.dgn`
11018
`Towers/ZTowerOfDespair011.dgn`
11019
`Towers/ZTowerOfDespair012.dgn`
11020
`Towers/ZTowerOfDespair013.dgn`
11021
`Towers/ZTowerOfDespair014.dgn`
11022
`Towers/ZTowerOfDespair015.dgn`
11023
`Towers/ZTowerOfDespair016.dgn`
11024
`Towers/ZTowerOfDespair017.dgn`
11025
`Towers/ZTowerOfDespair018.dgn`
11026
`Towers/ZTowerOfDespair019.dgn`
11027
`Towers/ZTowerOfDespair020.dgn`
11028
`Towers/ZTowerOfDespair021.dgn`
11029
`Towers/ZTowerOfDespair022.dgn`
11030
`Towers/ZTowerOfDespair023.dgn`
11031
`Towers/ZTowerOfDespair024.dgn`
11032
`Towers/ZTowerOfDespair025.dgn`
11033
`Towers/ZTowerOfDespair026.dgn`
11034
`Towers/ZTowerOfDespair027.dgn`
11035
`Towers/ZTowerOfDespair028.dgn`
11036
`Towers/ZTowerOfDespair029.dgn`
11037
`Towers/ZTowerOfDespair030.dgn`
11038
`Towers/ZTowerOfDespair031.dgn`
11039
`Towers/ZTowerOfDespair032.dgn`
11040
`Towers/ZTowerOfDespair033.dgn`
11041
`Towers/ZTowerOfDespair034.dgn`
11042
`Towers/ZTowerOfDespair035.dgn`
11043
`Towers/ZTowerOfDespair036.dgn`
11044
`Towers/ZTowerOfDespair037.dgn`
11045
`Towers/ZTowerOfDespair038.dgn`
11046
`Towers/ZTowerOfDespair039.dgn`
11047
`Towers/ZTowerOfDespair040.dgn`
11048
`Towers/ZTowerOfDespair041.dgn`
11049
`Towers/ZTowerOfDespair042.dgn`
11050
`Towers/ZTowerOfDespair043.dgn`
11051
`Towers/ZTowerOfDespair044.dgn`
11052
`Towers/ZTowerOfDespair045.dgn`
11053
`Towers/ZTowerOfDespair046.dgn`
11054
`Towers/ZTowerOfDespair047.dgn`
11055
`Towers/ZTowerOfDespair048.dgn`
11056
`Towers/ZTowerOfDespair049.dgn`
11057
`Towers/ZTowerOfDespair050.dgn`
11058
`Towers/ZTowerOfDespair051.dgn`
11059
`Towers/ZTowerOfDespair052.dgn`
11060
`Towers/ZTowerOfDespair053.dgn`
11061
`Towers/ZTowerOfDespair054.dgn`
11062
`Towers/ZTowerOfDespair055.dgn`
11063
`Towers/ZTowerOfDespair056.dgn`
11064
`Towers/ZTowerOfDespair057.dgn`
11065
`Towers/ZTowerOfDespair058.dgn`
11066
`Towers/ZTowerOfDespair059.dgn`
11067
`Towers/ZTowerOfDespair060.dgn`
11068
`Towers/ZTowerOfDespair061.dgn`
11069
`Towers/ZTowerOfDespair062.dgn`
11070
`Towers/ZTowerOfDespair063.dgn`
11071
`Towers/ZTowerOfDespair064.dgn`
11072
`Towers/ZTowerOfDespair065.dgn`
11073
`Towers/ZTowerOfDespair066.dgn`
11074
`Towers/ZTowerOfDespair067.dgn`
11075
`Towers/ZTowerOfDespair068.dgn`
11076
`Towers/ZTowerOfDespair069.dgn`
11077
`Towers/ZTowerOfDespair070.dgn`
11078
`Towers/ZTowerOfDespair071.dgn`
11079
`Towers/ZTowerOfDespair072.dgn`
11080
`Towers/ZTowerOfDespair073.dgn`
11081
`Towers/ZTowerOfDespair074.dgn`
11082
`Towers/ZTowerOfDespair075.dgn`
11083
`Towers/ZTowerOfDespair076.dgn`
11084
`Towers/ZTowerOfDespair077.dgn`
11085
`Towers/ZTowerOfDespair078.dgn`
11086
`Towers/ZTowerOfDespair079.dgn`
11087
`Towers/ZTowerOfDespair080.dgn`
11088
`Towers/ZTowerOfDespair081.dgn`
11089
`Towers/ZTowerOfDespair082.dgn`
11090
`Towers/ZTowerOfDespair083.dgn`
11091
`Towers/ZTowerOfDespair084.dgn`
11092
`Towers/ZTowerOfDespair085.dgn`
11093
`Towers/ZTowerOfDespair086.dgn`
11094
`Towers/ZTowerOfDespair087.dgn`
11095
`Towers/ZTowerOfDespair088.dgn`
11096
`Towers/ZTowerOfDespair089.dgn`
11097
`Towers/ZTowerOfDespair090.dgn`
11098
`Towers/ZTowerOfDespair091.dgn`
11099
`Towers/ZTowerOfDespair092.dgn`
11100
`Towers/ZTowerOfDespair093.dgn`
11101
`Towers/ZTowerOfDespair094.dgn`
11102
`Towers/ZTowerOfDespair095.dgn`
11103
`Towers/ZTowerOfDespair096.dgn`
11104
`Towers/ZTowerOfDespair097.dgn`
11105
`Towers/ZTowerOfDespair098.dgn`
11106
`Towers/ZTowerOfDespair099.dgn`
11107
`Towers/ZTowerOfDespair100.dgn`
110
`Village/Gbl/Gbl_BranchOfArad.dgn`
111
`Village/Gbl/Gbl_Laboratory.dgn`
112
`Village/Gbl/Gbl_Hatchery.dgn`
20000
`VillageAttack/Hendon_org_Easy.dgn`
20001
`VillageAttack/Hendon_org_Normal.dgn`
20002
`VillageAttack/Hendon_org_Hard.dgn`
20003
`VillageAttack/Hendon_org_Special.dgn`
20004
`VillageAttack/Hendon_City_Easy.dgn`
20005
`VillageAttack/Hendon_City_Normal.dgn`
20006
`VillageAttack/Hendon_City_Hard.dgn`
20007
`VillageAttack/Hendon_City_Special.dgn`
20008
`VillageAttack/Hendon_Auction_Easy.dgn`
20009
`VillageAttack/Hendon_Auction_Normal.dgn`
20010
`VillageAttack/Hendon_Auction_Hard.dgn`
20011
`VillageAttack/Hendon_Auction_Special.dgn`
20012
`VillageAttack/WestCoast_org_Easy.dgn`
20013
`VillageAttack/WestCoast_org_Normal.dgn`
20014
`VillageAttack/WestCoast_org_Hard.dgn`
20015
`VillageAttack/WestCoast_org_Special.dgn`
20016
`VillageAttack/WestCoast_Magic_Easy.dgn`
20017
`VillageAttack/WestCoast_Magic_Normal.dgn`
20018
`VillageAttack/WestCoast_Magic_Hard.dgn`
20019
`VillageAttack/WestCoast_Magic_Special.dgn`
20020
`VillageAttack/Hendon_org_Ultimate.dgn`
20021
`VillageAttack/Hendon_City_Ultimate.dgn`
20022
`VillageAttack/Hendon_Auction_Ultimate.dgn`
20023
`VillageAttack/WestCoast_org_Ultimate.dgn`
20024
`VillageAttack/WestCoast_Magic_Ultimate.dgn`
90
`Act3/Breeding.dgn`
91
`Act3/goddesstemple.dgn`
92
`Act8/haze.dgn`
93
`Act8/arden.dgn`
120
`Shonantournament/yellowdragon.dgn`
121
`Shonantournament/bluedragon.dgn`
70
`timegate/conflagration.dgn`
71
`timegate/epidemic.dgn`
72
`timegate/formacartel.dgn`
73
`timegate/Black_church.dgn`
74
`timegate/TopSecretArea.dgn`
75
`timegate/OldScreamingCave.dgn`
76
`timegate/beginning.dgn`
77
`timegate/consciousness.dgn`
101
`Act9/KohlePowerStation.dgn`
102
`Act9/Fruz_Station.dgn`
103
`Act9/Trombe.dgn`
104
`Act9/grandine.dgn`
3001
`event/bluemarble/3001.dgn`
3002
`event/bluemarble/3002.dgn`
3003
`event/bluemarble/3003.dgn`
3004
`event/bluemarble/3004.dgn`
3005
`event/bluemarble/3005.dgn`
3006
`event/bluemarble/3006.dgn`
3007
`event/bluemarble/3007.dgn`
3008
`event/bluemarble/3008.dgn`
3009
`event/bluemarble/3009.dgn`
3010
`event/bluemarble/3010.dgn`
3011
`event/bluemarble/3011.dgn`
3012
`event/bluemarble/3012.dgn`
3013
`event/bluemarble/3013.dgn`
3014
`event/bluemarble/3014.dgn`
3015
`event/bluemarble/3015.dgn`
3016
`event/bluemarble/3016.dgn`
3017
`event/bluemarble/3017.dgn`
3018
`event/bluemarble/3018.dgn`
3019
`event/bluemarble/3019.dgn`
3020
`event/bluemarble/3020.dgn`
3021
`event/bluemarble/3021.dgn`
3022
`event/bluemarble/3022.dgn`
3023
`event/bluemarble/3023.dgn`
3024
`event/bluemarble/3024.dgn`
3025
`event/bluemarble/3025.dgn`
3026
`event/bluemarble/3026.dgn`
3027
`event/bluemarble/3027.dgn`
3028
`event/bluemarble/3028.dgn`
3029
`event/bluemarble/3029.dgn`
3030
`event/bluemarble/3030.dgn`
3031
`event/bluemarble/3031.dgn`
3032
`event/bluemarble/3032.dgn`
3033
`event/bluemarble/3033.dgn`
3034
`event/bluemarble/3034.dgn`
3035
`event/bluemarble/3035.dgn`
3036
`event/bluemarble/3036.dgn`
3037
`event/bluemarble/3037.dgn`
3038
`event/bluemarble/3038.dgn`
3039
`event/bluemarble/3039.dgn`
3040
`event/bluemarble/3040.dgn`
3041
`event/bluemarble/3041.dgn`
3042
`event/bluemarble/3042.dgn`
3043
`event/bluemarble/3043.dgn`
3044
`event/bluemarble/3044.dgn`
3045
`event/bluemarble/3045.dgn`
3046
`event/bluemarble/kick.dgn`
3047
`event/bluemarble/aganzo.dgn`
3048
`event/bluemarble/lorien.dgn`
3505
`towers/towerofboss.dgn`
3506
`GlobalTutorial/GlobalTutorial.dgn`
3511
`advancealtar/advancealtar_stage_01.dgn`
3512
`advancealtar/advancealtar_stage_02.dgn`
3513
`advancealtar/advancealtar_stage_03.dgn`
3514
`advancealtar/advancealtar_stage_04.dgn`
3515
`advancealtar/advancealtar_stage_05.dgn`
3516
`advancealtar/advancealtar_stage_06.dgn`
3517
`advancealtar/advancealtar_stage_07.dgn`
3518
`advancealtar/advancealtar_stage_08.dgn`
3519
`advancealtar/advancealtar_stage_09.dgn`
3520
`advancealtar/advancealtar_stage_10.dgn`
3521
`advancealtar/advancealtar_stage_11.dgn`
3522
`advancealtar/advancealtar_stage_12.dgn`
3523
`advancealtar/advancealtar_survival_01.dgn`
3536
`Event/chn_Dragon_Dungeon/chn_Dragon_dungeon_01_tranning_area.dgn`
3537
`Event/chn_Dragon_Dungeon/chn_Dragon_dungeon_02_in_cave.dgn`
3538
`Event/chn_Dragon_Dungeon/chn_Dragon_dungeon_03_dragon_nest.dgn`
3539
`Event/chn_Dragon_Dungeon/chn_Dragon_dungeon_03_time.dgn`
3540
`Event/chn_Dragon_Dungeon/chn_Dragon_dungeon_03_event.dgn`
3700
`Tau_kingdom/Tau_kingdom.dgn`
5000
`poongjintrainingroom/poongjintrainingroom.dgn`