#PVF_File

[player number]
	2	8

[pvp start area]
	0	0	0	0
	0	0	0	0
	0	0	0	0

[dungeon]
	40
[/dungeon]

[type]
	`[normal]`

[greed]
	`NN II`

[tile]
	`Tile/emptytile.til`
	`Tile/emptytile.til`
	`Tile/emptytile.til`
	`Tile/emptytile.til`
	`Tile/emptytile.til`
	`Tile/emptytile.til`
[/tile]

[extended tile]
	`Tile/sp25.til`
	`Tile/sp26.til`
	`Tile/sp27.til`
	`Tile/sp28.til`
	`Tile/sp06_1.til`
	`Tile/sp06.til`
	`Tile/sp31.til`
	`Tile/sp32.til`
	`Tile/sp33.til`
	`Tile/sp01.til`
	`Tile/sp01.til`
	`Tile/sp01.til`
	`Tile/emptytileex.til`
	`Tile/emptytileex.til`
	`Tile/sp09.til`
	`Tile/sp03.til`
	`Tile/sp04.til`
	`Tile/sp01.til`
	`Tile/emptytileex.til`
	`Tile/emptytileex.til`
	`Tile/sp18.til`
	`Tile/sp16.til`
	`Tile/sp08.til`
	`Tile/sp03.til`
	`Tile/emptytileex.til`
	`Tile/emptytileex.til`
	`Tile/sp18.til`
	`Tile/sp16.til`
	`Tile/sp21.til`
	`Tile/sp16.til`
[/extended tile]

[far sight scroll]
	56

[middle sight scroll]
	90

[near sight scroll]
	110

[background animation]
	[ani info]
		[filename]
			`Animation/far01-300.ani`
		[layer]
			`[distantback]`
		[order]
			`[below]`
	[/ani info]
[/background animation]

[pathgate pos]
	9	292	1327	364	897	284	1189	588

[sound]
	`M_CHARNAKRIDGE`
	`R_AMB_SNOWWIND`
[/sound]

[animation]
	`Animation/far00.ani`	`[distantback]`	720	579	0
	`Animation/far00.ani`	`[distantback]`	-1	579	0
	`Animation/far00.ani`	`[distantback]`	1441	579	0
	`Animation/far00.ani`	`[distantback]`	2162	579	0
[/animation]

[passive object]
	955	650	458	0
	954	735	318	0
	747	997	404	0
[/passive object]

[monster]
	50085	1	0	1058	327	0	1	1	`[fixed]`	`[normal]`
	50085	1	0	1169	385	0	1	1	`[fixed]`	`[normal]`
	50085	1	0	803	389	0	1	1	`[fixed]`	`[normal]`
	50085	1	0	825	460	0	1	1	`[fixed]`	`[normal]`
	50085	1	0	1107	490	0	1	1	`[fixed]`	`[normal]`
[/monster]

[monster specific AI]
	`[normal]`
	`[normal]`
	`[normal]`
	`[normal]`
	`[normal]`
[/monster specific AI]

[event monster position]
	1073	358	0
	898	402	0
	696	402	0
	443	325	0
[/event monster position]

[map name]
	`PVP 无名`
