#PVF_File

[player number]
	2	8

[pvp start area]
	0	0	0	0
	0	0	0	0
	0	0	0	0

[dungeon]
	71
[/dungeon]

[type]
	`[normal]`

[greed]
	`EE EE
 BB BB`

[tile]
	`Tile/tile01.til`
	`Tile/tile01.til`
	`Tile/tile02.til`
	`Tile/tile02.til`
	`Tile/tile02.til`
	`Tile/tile02.til`
	`Tile/tile04.til`
	`Tile/tile09.til`
[/tile]

[far sight scroll]
	56

[middle sight scroll]
	90

[near sight scroll]
	110

[background animation]
	[ani info]
		[filename]
			`Animation/distantback.ani`
		[layer]
			`[distantback]`
		[order]
			`[below]`
	[/ani info]
	[ani info]
		[filename]
			`Animation/middleback.ani`
		[layer]
			`[middleback]`
		[order]
			`[below]`
	[/ani info]
	[ani info]
		[filename]
			`Animation/fog.ani`
		[layer]
			`[middleback]`
		[order]
			`[below]`
	[/ani info]
[/background animation]

[pathgate pos]
	16	216	1772	150	1055	681	848	666

[sound]
	`M_T_EPIDEMIC`
	`AMB_DARKSTAGE_01`
[/sound]

[animation]
	`Animation/bottom_deco_big01.ani`	`[bottom]`	728	226	0
	`Animation/bottom_deco_big03.ani`	`[bottom]`	592	225	0
	`Animation/bottom_deco_big02.ani`	`[bottom]`	464	225	0
	`Animation/bottom_deco_big01.ani`	`[bottom]`	336	225	0
	`Animation/bottom_deco_big02.ani`	`[bottom]`	208	225	0
	`Animation/smgroundgrass1.ani`	`[bottom]`	1221	210	0
	`Animation/smgroundgrass1.ani`	`[bottom]`	414	251	0
	`Animation/smgroundgrass2.ani`	`[bottom]`	1461	216	0
	`Animation/smgroundgrass2.ani`	`[bottom]`	1613	262	0
	`Animation/smgroundgrass2.ani`	`[bottom]`	1475	136	0
	`Animation/smgroundgrass2.ani`	`[bottom]`	1510	274	0
	`Animation/smgroundgrass2.ani`	`[bottom]`	1414	273	0
	`Animation/closeback_pillar1.ani`	`[middleback]`	166	0	0
	`Animation/closeback_pillar1.ani`	`[middleback]`	500	0	0
	`Animation/closeback_pillar1.ani`	`[middleback]`	834	0	0
	`Animation/closeback_pillar1.ani`	`[middleback]`	1168	0	0
	`Animation/closeback_pillar1.ani`	`[middleback]`	1502	0	0
	`Animation/closeback_pillar1.ani`	`[middleback]`	1836	0	0
	`Animation/closeback_pillar1.ani`	`[middleback]`	2170	0	0
	`Animation/closeback_pillar1.ani`	`[middleback]`	2504	0	0
	`Animation/closeback_pillar1.ani`	`[middleback]`	2838	0	0
[/animation]

[passive object]
	1050	188	-121	0
	1050	1222	-120	0
	1050	869	-119	0
	940	1391	185	0
	816	404	202	0
	816	1411	230	0
	816	356	240	0
	804	984	243	0
	804	1053	259	0
	816	1394	260	0
	804	971	273	0
	816	409	274	0
	805	999	279	0
	805	1022	280	0
	816	1442	281	0
[/passive object]

[monster]
	62123	1	0	591	161	0	1	1	`[fixed]`	`[normal]`
	62123	1	0	1059	170	0	1	1	`[fixed]`	`[normal]`
	61422	1	0	691	201	0	1	1	`[fixed]`	`[normal]`
	62123	1	0	522	201	0	1	1	`[fixed]`	`[normal]`
	61422	1	0	844	204	0	1	1	`[fixed]`	`[normal]`
	62121	1	0	930	211	0	1	1	`[fixed]`	`[normal]`
	62123	1	0	1150	215	0	1	1	`[fixed]`	`[normal]`
	62123	1	0	584	219	0	1	1	`[fixed]`	`[normal]`
	61422	1	0	751	220	0	1	1	`[fixed]`	`[normal]`
	61422	1	0	878	223	0	1	1	`[fixed]`	`[normal]`
	62121	1	0	262	243	0	1	1	`[fixed]`	`[normal]`
	62123	1	0	1083	248	0	1	1	`[fixed]`	`[normal]`
	61422	1	0	811	262	0	1	1	`[fixed]`	`[normal]`
	61422	1	0	716	263	0	1	1	`[fixed]`	`[normal]`
	61422	1	0	902	269	0	1	1	`[fixed]`	`[normal]`
[/monster]

[monster specific AI]
	`[normal]`
	`[normal]`
	`[normal]`
	`[normal]`
	`[normal]`
	`[normal]`
	`[normal]`
	`[normal]`
	`[normal]`
	`[normal]`
	`[normal]`
	`[normal]`
	`[normal]`
	`[normal]`
	`[normal]`
[/monster specific AI]

[special passive object]
	10608	1468	186	0	1
	`[item]`	0	1	-1	-1	-1
	10608	472	282	0	1
	`[item]`	0	1	-1	-1	-1	
[/special passive object]

[event monster position]
	1244	215	0
	1272	212	0
	1272	234	0
	1250	238	0
[/event monster position]

[map name]
	`PVP 无名`
