#PVF_File

[player number]
	2	8

[pvp start area]
	0	0	0	0
	0	0	0	0
	0	0	0	0

[dungeon]
	71
[/dungeon]

[type]
	`[normal]`

[greed]
	`NN NN`

[tile]
	`Tile/tile_ex_base01.til`
	`Tile/tile_ex_base02.til`
	`Tile/tile_ex_base03.til`
	`Tile/tile_ex_base03.til`
	`Tile/tile_ex_base03.til`
	`Tile/tile_ex_base03.til`
	`Tile/tile_ex_base04.til`
	`Tile/tile_ex_base05.til`
[/tile]

[extended tile]
	`Tile/tile_ex_sub05.til`
	`Tile/tile_ex_sub06.til`
	`Tile/tile_ex_sub05.til`
	`Tile/tile_ex_sub06.til`
	`Tile/tile_ex_sub06.til`
	`Tile/tile_ex_sub06.til`
	`Tile/tile_ex_sub05.til`
	`Tile/tile_ex_sub06.til`
[/extended tile]

[far sight scroll]
	56

[middle sight scroll]
	90

[near sight scroll]
	110

[background animation]
	[ani info]
		[filename]
			`Animation/distantback.ani`
		[layer]
			`[distantback]`
		[order]
			`[below]`
	[/ani info]
	[ani info]
		[filename]
			`Animation/middleback.ani`
		[layer]
			`[middleback]`
		[order]
			`[below]`
	[/ani info]
	[ani info]
		[filename]
			`Animation/fog.ani`
		[layer]
			`[middleback]`
		[order]
			`[below]`
	[/ani info]
[/background animation]

[pathgate pos]
	27	241	1774	161	788	707	717	379

[sound]
	`M_T_EPIDEMIC`
	`AMB_DARKSTAGE_01`
[/sound]

[animation]
	`Animation/d_smoke01.ani`	`[normal]`	1496	182	0
	`Animation/d_smoke03.ani`	`[normal]`	970	194	0
	`Animation/d_smoke03.ani`	`[normal]`	1548	196	0
	`Animation/d_smoke01.ani`	`[normal]`	1257	199	0
	`Animation/d_smoke03.ani`	`[normal]`	155	208	0
	`Animation/d_smoke01.ani`	`[normal]`	957	211	0
	`Animation/d_smoke01.ani`	`[normal]`	1236	222	0
	`Animation/d_smoke01.ani`	`[normal]`	1013	261	0
	`Animation/d_smoke01.ani`	`[normal]`	985	264	0
	`Animation/d_smoke01.ani`	`[normal]`	1583	367	0
	`Animation/d_smoke03.ani`	`[normal]`	310	369	0
	`Animation/closeback_pillar1.ani`	`[middleback]`	166	0	0
	`Animation/closeback_pillar2.ani`	`[middleback]`	566	0	0
	`Animation/closeback_pillar2.ani`	`[middleback]`	966	0	0
	`Animation/closeback_pillar1.ani`	`[middleback]`	1366	0	0
	`Animation/closeback_ceilingrock1.ani`	`[middleback]`	245	0	0
	`Animation/closeback_ceilingrock2.ani`	`[middleback]`	445	0	0
	`Animation/closeback_ceilingrock1.ani`	`[middleback]`	645	0	0
	`Animation/closeback_ceilingrock2.ani`	`[middleback]`	845	0	0
	`Animation/closeback_ceilingrock2.ani`	`[middleback]`	945	0	0
	`Animation/closeback_ceilingrock1.ani`	`[middleback]`	1345	0	0
	`Animation/closeback_ceilingrock2.ani`	`[middleback]`	1805	0	0
	`Animation/Time_Fargear_up_eff.ani`	`[distantback]`	461	-135	0
[/animation]

[passive object]
	1050	291	-124	0
	1050	613	-123	0
	1050	1587	-123	0
	1050	1367	-122	0
	880	1460	137	0
	880	1528	141	0
	799	690	187	0
	942	1313	191	0
	843	568	194	0
	943	1337	208	0
	942	1380	220	0
	843	616	224	0
	941	1375	250	0
	818	1335	255	0
	818	1318	272	0
	818	1335	301	0
	818	1327	322	0
	804	1391	325	0
	804	1453	336	0
	804	1541	360	0
	805	1419	360	0
	804	1388	362	0
	805	1489	364	0
	804	1464	364	0
	805	1329	369	0
	939	1148	372	0
	844	519	376	0
	844	569	379	0
	844	985	380	0
[/passive object]

[monster]
	62123	1	0	1174	200	0	1	1	`[fixed]`	`[normal]`
	62123	1	0	1033	204	0	1	1	`[fixed]`	`[normal]`
	62123	1	0	1095	229	0	1	1	`[fixed]`	`[normal]`
	62123	1	0	1000	256	0	1	1	`[fixed]`	`[normal]`
	62516	1	0	456	266	0	1	1	`[fixed]`	`[normal]`
	62516	1	0	382	273	0	1	1	`[fixed]`	`[normal]`
	62122	1	0	789	282	0	1	1	`[fixed]`	`[normal]`
	62516	1	0	453	301	0	1	1	`[fixed]`	`[normal]`
	62516	1	0	368	321	0	1	1	`[fixed]`	`[normal]`
[/monster]

[monster specific AI]
	`[normal]`
	`[normal]`
	`[normal]`
	`[normal]`
	`[normal]`
	`[normal]`
	`[normal]`
	`[normal]`
	`[normal]`
[/monster specific AI]

[event monster position]
	564	263	0
	594	262	0
	571	284	0
	596	281	0
[/event monster position]

[map name]
	`PVP 无名`
