#PVF_File

[player number]
	2	8

[pvp start area]
	0	0	0	0
	0	0	0	0
	0	0	0	0

[dungeon]
	71
[/dungeon]

[type]
	`[normal]`

[greed]
	`KK KK`

[tile]
	`Tile/tile_ex_base01.til`
	`Tile/tile_ex_base01.til`
	`Tile/tile_ex_base03.til`
	`Tile/tile_ex_base02.til`
	`Tile/tile_ex_base03.til`
[/tile]

[extended tile]
	`Tile/tile_ex_sub05.til`
	`Tile/tile_ex_sub06.til`
	`Tile/tile_ex_sub05.til`
	`Tile/tile_ex_sub05.til`
	`Tile/tile_ex_sub06.til`
[/extended tile]

[far sight scroll]
	56

[middle sight scroll]
	90

[near sight scroll]
	110

[background animation]
	[ani info]
		[filename]
			`Animation/distantback.ani`
		[layer]
			`[distantback]`
		[order]
			`[below]`
	[/ani info]
	[ani info]
		[filename]
			`Animation/middleback.ani`
		[layer]
			`[middleback]`
		[order]
			`[below]`
	[/ani info]
	[ani info]
		[filename]
			`Animation/fog.ani`
		[layer]
			`[middleback]`
		[order]
			`[below]`
	[/ani info]
[/background animation]

[pathgate pos]
	1154	648	1124	838	1007	186	167	377

[sound]
	`M_T_EPIDEMIC`
	`AMB_DARKSTAGE_01`
[/sound]

[animation]
	`Animation/d_smoke05.ani`	`[normal]`	819	191	0
	`Animation/d_smoke03.ani`	`[normal]`	171	202	0
	`Animation/d_smoke03.ani`	`[normal]`	876	215	0
	`Animation/d_smoke05.ani`	`[normal]`	272	354	0
	`Animation/d_smoke02.ani`	`[normal]`	812	354	0
	`Animation/d_smoke03.ani`	`[normal]`	863	355	0
	`Animation/smgroundgrass2.ani`	`[bottom]`	599	358	0
	`Animation/smgroundgrass2.ani`	`[bottom]`	582	202	0
	`Animation/smgroundgrass2.ani`	`[bottom]`	686	206	0
	`Animation/smgroundgrass1.ani`	`[bottom]`	113	194	0
	`Animation/smgroundgrass1.ani`	`[bottom]`	483	347	0
	`Animation/smgroundgrass1.ani`	`[bottom]`	827	202	0
	`Animation/closeback_ceilingrock1.ani`	`[middleback]`	294	0	0
	`Animation/closeback_ceilingrock2.ani`	`[middleback]`	841	0	0
	`Animation/closeback_ceilingrock1.ani`	`[middleback]`	495	0	0
	`Animation/closeback_ceilingrock2.ani`	`[middleback]`	619	0	0
	`Animation/closeback_ceilingrock1.ani`	`[middleback]`	1018	0	0
	`Animation/Time_Fargear_up_D.ani`	`[distantback]`	295	12	0
[/animation]

[passive object]
	843	551	274	0
	843	565	295	0
	843	600	308	0
	843	641	355	0
[/passive object]

[monster]
	62124	1	0	729	267	10000	1	1	`[fixed]`	`[normal]`
	62124	1	0	382	275	10000	1	1	`[fixed]`	`[normal]`
	62124	1	0	292	282	10000	1	1	`[fixed]`	`[normal]`
	62514	1	0	438	296	0	1	1	`[fixed]`	`[normal]`
	62514	1	0	353	298	0	1	1	`[fixed]`	`[normal]`
	62124	1	0	827	301	10000	1	1	`[fixed]`	`[normal]`
	62124	1	0	288	309	10000	1	1	`[fixed]`	`[normal]`
	62124	1	0	394	318	10000	1	1	`[fixed]`	`[normal]`
	62514	1	0	508	335	0	1	1	`[fixed]`	`[normal]`
[/monster]

[monster specific AI]
	`[normal]`
	`[normal]`
	`[normal]`
	`[normal]`
	`[normal]`
	`[normal]`
	`[normal]`
	`[normal]`
	`[normal]`
[/monster specific AI]

[event monster position]
	684	295	0
	711	295	0
	688	314	0
	710	314	0
[/event monster position]

[map name]
	`PVP 无名`
