#PVF_File

[player number]
	2	8

[pvp start area]
	0	0	0	0
	0	0	0	0
	0	0	0	0

[dungeon]
	36
[/dungeon]

[greed]
	`DD DD`

[type]
	`[normal]`

[tile]
	`Tile/2overnoblankb.til`
	`Tile/2overnoblankupb.til`
	`Tile/2overnoblankupb.til`
	`Tile/2overnoblankupb.til`
[/tile]

[extended tile]
	`Tile/3exbottomblankmid.til`
	`Tile/3exbottomblankbig.til`
	`Tile/3exbottomblankmid.til`
	`Tile/3exbottomblankmid.til`
[/extended tile]

[far sight scroll]
	56

[middle sight scroll]
	90

[near sight scroll]
	110

[background animation]
	[ani info]
		[filename]
			`Animation/uffar.ani`
		[layer]
			`[distantback]`
		[order]
			`[below]`
	[/ani info]
	[ani info]
		[filename]
			`Animation/ufmid.ani`
		[layer]
			`[middleback]`
		[order]
			`[below]`
	[/ani info]
[/background animation]

[sound]
	`M_UNDERFOOT_ENTER`
	`R_AMB_CAVE`
[/sound]

[pathgate pos]
	16	334	880	249	541	122	639	381

[animation]
	`Animation/devellight.ani`	`[normal]`	920	-108	0
	`Animation/uflongmanwall1.ani`	`[closeback]`	72	128	0
	`Animation/uflongwpollwall2.ani`	`[closeback]`	296	129	0
	`Animation/ufshort2longwall.ani`	`[closeback]`	753	178	0
	`Animation/uflongrightwall.ani`	`[closeback]`	865	178	0
	`Animation/uffarstreamani.ani`	`[distantback]`	0	-120	0
	`Animation/uffarstreamani.ani`	`[distantback]`	640	-120	0
	`Animation/uffarstreamani.ani`	`[distantback]`	1280	-120	0
	`Animation/uffarstreamani.ani`	`[distantback]`	1920	-120	0
[/animation]

[passive object]
	879	436	186	0
	879	377	250	0
	1063	491	253	0
	1063	421	325	0
[/passive object]

[monster]
	409	1	0	288	196	0	1	1	`[fixed]`	`[normal]`
	409	1	0	208	199	0	1	1	`[fixed]`	`[normal]`
	409	1	0	682	261	0	1	1	`[fixed]`	`[normal]`
	409	1	0	257	281	0	1	1	`[fixed]`	`[normal]`
	409	1	0	655	291	0	1	1	`[fixed]`	`[normal]`
	409	1	0	543	315	0	1	1	`[fixed]`	`[normal]`
	409	1	0	764	342	0	1	1	`[fixed]`	`[normal]`
	409	1	0	432	347	0	1	1	`[fixed]`	`[normal]`
[/monster]

[monster specific AI]
	`[normal]`
	`[normal]`
	`[normal]`
	`[normal]`
	`[normal]`
	`[normal]`
	`[normal]`
	`[normal]`
[/monster specific AI]

[event monster position]
	256	237	0
	577	263	0
	605	337	0
	269	338	0
[/event monster position]

[map name]
	`PVP 无名`
