#PVF_File

[player number]
	2	8

[pvp start area]
	0	0	0	0
	0	0	0	0
	0	0	0	0

[dungeon]
	80
[/dungeon]

[type]
	`[normal]`

[greed]
	`DD BB`

[tile]
	`Tile/GentTile.til`
	`Tile/GentTile.til`
	`Tile/GentTile.til`
	`Tile/GentTile.til`
[/tile]

[extended tile]
	`Tile/GentTile2.til`
	`Tile/GentTile2.til`
	`Tile/GentTile2.til`
	`Tile/GentTile2.til`
[/extended tile]

[far sight scroll]
	50

[middle sight scroll]
	90

[near sight scroll]
	110

[background animation]
	[ani info]
		[filename]
			`Animation/GentFar.ani`
		[layer]
			`[distantback]`
		[order]
			`[below]`
	[/ani info]
	[ani info]
		[filename]
			`Animation/GentMid.ani`
		[layer]
			`[middleback]`
		[order]
			`[below]`
	[/ani info]
[/background animation]

[pathgate pos]
	985	732	882	259	116	193	1035	604

[sound]
	`M_GENTGATE_OUTSIDE`
	`AMB_WAR_01`
[/sound]

[animation]
	`Animation/dust1.ani`	`[normal]`	477	361	0
	`Animation/stones3.ani`	`[bottom]`	278	261	0
	`Animation/dust1.ani`	`[bottom]`	568	407	0
	`Animation/stones3.ani`	`[bottom]`	115	477	0
	`Animation/BigDust.ani`	`[bottom]`	143	374	0
	`Animation/BigDust.ani`	`[bottom]`	427	448	0
	`Animation/stones3.ani`	`[bottom]`	544	440	0
	`Animation/stones3.ani`	`[bottom]`	566	305	0
	`Animation/dust1.ani`	`[bottom]`	550	505	0
	`Animation/stones3.ani`	`[bottom]`	144	334	0
	`Animation/OuterGentWall1.ani`	`[closeback]`	562	165	0
	`Animation/OuterGentWall3.ani`	`[closeback]`	338	165	0
	`Animation/OuterGentWall1.ani`	`[closeback]`	786	165	0
[/animation]

[passive object]
	8819	252	241	0
	8830	487	246	0
	8818	310	295	0
	8826	415	345	0
	8820	644	393	0
	8831	48	425	0
	8828	622	437	0
	8820	112	447	0
	8825	677	486	0
[/passive object]

[monster]
	61801	1	0	57	338	0	1	1	`[fixed]`	`[normal]`
	61803	1	0	186	356	0	1	1	`[fixed]`	`[normal]`
	61801	1	0	238	422	0	1	1	`[fixed]`	`[normal]`
	61801	1	0	473	440	0	1	1	`[fixed]`	`[normal]`
	61803	1	0	408	448	0	1	1	`[fixed]`	`[normal]`
	61803	1	0	336	452	0	1	1	`[fixed]`	`[normal]`
	61803	1	0	170	464	0	1	1	`[fixed]`	`[normal]`
[/monster]

[monster specific AI]
	`[normal]`
	`[normal]`
	`[normal]`
	`[normal]`
	`[normal]`
	`[normal]`
	`[normal]`
[/monster specific AI]

[event monster position]
	242	300	0
	120	297	0
	633	375	0
	518	449	0
[/event monster position]

[map name]
	`PVP 无名`
