#PVF_File

[player number]
	2	8

[pvp start area]
	0	0	0	0
	0	0	0	0
	0	0	0	0

[dungeon]
	80
[/dungeon]

[type]
	`[boss]`

[greed]
	`II II`

[tile]
	`Tile/GentTile.til`
	`Tile/GentTile.til`
	`Tile/GentTile.til`
	`Tile/GentTile.til`
	`Tile/GentTile.til`
[/tile]

[far sight scroll]
	50

[middle sight scroll]
	90

[near sight scroll]
	110

[background animation]
	[ani info]
		[filename]
			`Animation/GentFar.ani`
		[layer]
			`[distantback]`
		[order]
			`[below]`
	[/ani info]
	[ani info]
		[filename]
			`Animation/GentMid.ani`
		[layer]
			`[middleback]`
		[order]
			`[below]`
	[/ani info]
[/background animation]

[pathgate pos]
	156	719	1251	574	1024	679	136	349

[sound]
	`M_GENTGATE_OUTSIDE_BOSS`
	`AMB_WAR_01`
[/sound]

[animation]
	`Animation/dust1.ani`	`[normal]`	477	361	0
	`Animation/BigDust.ani`	`[bottom]`	424	257	0
	`Animation/stones3.ani`	`[bottom]`	772	218	0
	`Animation/stones3.ani`	`[bottom]`	999	334	0
	`Animation/stones3.ani`	`[bottom]`	541	276	0
	`Animation/dust2.ani`	`[bottom]`	925	256	0
	`Animation/BigDust.ani`	`[bottom]`	762	300	0
	`Animation/stones3.ani`	`[bottom]`	619	346	0
	`Animation/BigDust.ani`	`[bottom]`	53	322	0
	`Animation/BigDust.ani`	`[bottom]`	1119	248	0
	`Animation/stones3.ani`	`[bottom]`	189	306	0
	`Animation/OuterGentWall2.ani`	`[closeback]`	115	165	0
	`Animation/OuterGentWall3.ani`	`[closeback]`	339	165	0
	`Animation/OuterGentWall2.ani`	`[closeback]`	563	165	0
	`Animation/OuterGentWall1.ani`	`[closeback]`	787	165	0
	`Animation/OuterGentWall1.ani`	`[closeback]`	1011	165	0
[/animation]

[passive object]
	8033	630	227	0
	8033	458	229	0
	8033	310	232	0
	8033	633	264	0
	8033	470	271	0
	8820	837	275	0
	8818	687	275	0
	8819	359	275	0
	8820	230	275	0
	8820	509	275	0
	8033	323	280	0
	8033	639	294	0
	8033	513	327	0
	8033	642	332	0
	8033	362	335	0
[/passive object]

[monster]
	61803	1	0	794	240	0	1	1	`[fixed]`	`[normal]`
	61803	1	0	565	241	0	1	1	`[fixed]`	`[normal]`
	61709	1	3	967	295	0	2	1	`[fixed]`	`[boss]`
	61803	1	0	693	324	0	1	1	`[fixed]`	`[normal]`
	61803	1	0	421	325	0	1	1	`[fixed]`	`[normal]`
[/monster]

[monster specific AI]
	`[normal]`
	`[normal]`
	`[normal]`
	`[normal]`
	`[normal]`
[/monster specific AI]

[NPC]
	1000	`[left]`	0	0	0
[/NPC]

[event monster position]
	276	272	0
	336	276	0
	766	273	0
	830	263	0
[/event monster position]

[map name]
	`PVP 无名`
