#PVF_File

[player number]
	2	8

[pvp start area]
	0	0	0	0
	0	0	0	0
	0	0	0	0

[dungeon]
	75
[/dungeon]

[type]
	`[normal]`

[greed]
	`FF FF`

[tile]
	`Tile/2underupb.til`
	`Tile/2underupb.til`
	`Tile/2overleftb.til`
	`Tile/2overnoblankb.til`
	`Tile/2overrightb.til`
	`Tile/2undermidb.til`
[/tile]

[extended tile]
	`Tile/3exbottomblankbig.til`
	`Tile/3exbottomblankbig.til`
	`Tile/3exbottomblankmid.til`
	`Tile/3exleftblankbig.til`
	`Tile/3exrightblankbig.til`
	`Tile/3exbottomrightblank1.til`
	`Tile/3exallblank.til`
	`Tile/3exallblank.til`
	`Tile/3exallblank.til`
	`Tile/3extoprightsmall1.til`
	`Tile/3exbottomrightblank1.til`
	`Tile/4exallblank.til`
	`Tile/4exallblank.til`
	`Tile/4exallblank.til`
	`Tile/4exallblank.til`
	`Tile/4exallblank.til`
	`Tile/4exallblank.til`
	`Tile/4exallblank.til`
[/extended tile]

[far sight scroll]
	56

[middle sight scroll]
	90

[near sight scroll]
	110

[background animation]
	[ani info]
		[filename]
			`Animation/dcfar.ani`
		[layer]
			`[distantback]`
		[order]
			`[below]`
	[/ani info]
	[ani info]
		[filename]
			`Animation/dcmid.ani`
		[layer]
			`[middleback]`
		[order]
			`[below]`
	[/ani info]
[/background animation]

[pathgate pos]
	64	291	1297	286	564	694	495	688

[sound]
	`AMB_DARKSTAGE_01`
	`M_T_OLD_SCAVE`
[/sound]

[animation]
	`Animation/ghost_bluck.ani`	`[close]`	198	678	0
	`Animation/ghost_bluck.ani`	`[close]`	993	701	0
	`Animation/dcrock3.ani`	`[normal]`	956	129	0
	`Animation/witch_bone.ani`	`[normal]`	908	135	0
	`Animation/witch_bone.ani`	`[normal]`	1113	189	0
	`Animation/ufshotleftwall.ani`	`[closeback]`	869	181	0
	`Animation/ufshort2longwall.ani`	`[closeback]`	981	168	0
	`Animation/uflongwpollwall1.ani`	`[closeback]`	1205	169	0
	`Animation/uflongrightwall.ani`	`[closeback]`	1313	184	0
	`Animation/dcrock3.ani`	`[closeback]`	1152	179	0
	`Animation/dcrock1.ani`	`[closeback]`	809	82	0
	`Animation/dcrock2.ani`	`[closeback]`	742	113	0
	`Animation/dcrock2.ani`	`[closeback]`	533	127	0
	`Animation/ghost_bluck.ani`	`[middleback]`	656	299	0
	`Animation/Time_Fargear_up_eff.ani`	`[distantback]`	191	-136	0
	`Animation/Time_Fargear_up_D.ani`	`[distantback]`	269	-62	0
[/animation]

[passive object]
	16021	478	143	0
	814	550	146	0
	16035	660	173	0
	814	1019	178	0
	814	1019	178	0
	16019	986	190	0
	15042	502	196	0
	880	405	201	0
	16019	1036	207	0
	880	307	216	0
	880	204	216	0
	16019	1006	230	0
	814	952	270	0
	814	289	292	0
	880	403	332	0
	880	306	333	0
	880	204	333	0
	705	392	341	0
	16019	723	345	0
[/passive object]

[monster]
	61627	1	0	778	189	0	1	1	`[fixed]`	`[normal]`
	61628	1	0	703	192	0	1	1	`[fixed]`	`[normal]`
	61627	1	0	656	296	0	1	1	`[fixed]`	`[normal]`
	61628	1	0	589	299	0	1	1	`[fixed]`	`[normal]`
[/monster]

[monster specific AI]
	`[normal]`
	`[normal]`
	`[normal]`
	`[normal]`
[/monster specific AI]

[NPC]
	1011	`[left]`	824	141	0
[/NPC]

[event monster position]
	823	228	0
	858	229	0
	823	257	0
	856	258	0
[/event monster position]

[map name]
	`PVP 无名`
