#PVF_File

[player number]
	2	8

[pvp start area]
	0	0	0	0
	0	0	0	0
	0	0	0	0

[dungeon]
	75
[/dungeon]

[type]
	`[normal]`

[greed]
	`FF FF`

[tile]
	`Tile/2underupb.til`
	`Tile/2underupb.til`
	`Tile/2overleftb.til`
	`Tile/2overnoblankb.til`
	`Tile/2overrightb.til`
	`Tile/2undermidb.til`
[/tile]

[extended tile]
	`Tile/3exbottomblankmid.til`
	`Tile/3exbottomblankmid.til`
	`Tile/3exbottomblankbig.til`
	`Tile/3exbottomblankmid.til`
	`Tile/3exbottomblankmid.til`
	`Tile/3exbottomblankmid.til`
	`Tile/3exallblank.til`
	`Tile/3exallblank.til`
	`Tile/3exallblank.til`
	`Tile/4exallblank.til`
	`Tile/4exallblank.til`
	`Tile/4exallblank.til`
[/extended tile]

[far sight scroll]
	56

[middle sight scroll]
	90

[near sight scroll]
	110

[background animation]
	[ani info]
		[filename]
			`Animation/dcfar.ani`
		[layer]
			`[distantback]`
		[order]
			`[below]`
	[/ani info]
	[ani info]
		[filename]
			`Animation/dcmid.ani`
		[layer]
			`[middleback]`
		[order]
			`[below]`
	[/ani info]
[/background animation]

[pathgate pos]
	54	299	1287	311	1476	731	1488	703

[sound]
	`AMB_DARKSTAGE_01`
	`M_T_OLD_SCAVE`
[/sound]

[animation]
	`Animation/ghost_cloud.ani`	`[close]`	614	581	0
	`Animation/ghost_cloud.ani`	`[middleback]`	1108	284	0
	`Animation/ghost_cloud.ani`	`[middleback]`	265	238	0
	`Animation/Time_Fargear_down_eff.ani`	`[distantback]`	889	-89	0
	`Animation/Time_Fargear_down_D.ani`	`[distantback]`	876	-137	0
	`Animation/Time_Fargear_up_D.ani`	`[distantback]`	217	-135	0
[/animation]

[passive object]
	15040	564	104	0
	15041	966	124	0
	814	783	165	0
	15042	592	169	0
	15041	378	182	0
	15042	1195	183	0
	15042	151	185	0
	15046	682	193	0
	814	1025	204	0
	16040	777	221	0
	814	289	221	0
	15046	647	246	0
	15047	667	278	0
	15046	511	289	0
	705	392	341	0
	16040	998	358	0
	15046	884	369	0
	15047	815	380	0
[/passive object]

[monster]
	61631	1	0	1017	181	0	1	1	`[fixed]`	`[normal]`
	61630	1	0	946	193	0	1	1	`[fixed]`	`[normal]`
	61631	1	0	974	221	0	1	1	`[fixed]`	`[normal]`
	61629	1	0	291	294	0	1	1	`[fixed]`	`[normal]`
	61629	1	0	289	344	0	1	1	`[fixed]`	`[normal]`
[/monster]

[monster specific AI]
	`[normal]`
	`[normal]`
	`[normal]`
	`[normal]`
	`[normal]`
[/monster specific AI]

[event monster position]
	730	225	0
	766	224	0
	729	255	0
	766	258	0
[/event monster position]

[map name]
	`PVP 无名`
