#PVF_File

[player number]
	2	8

[pvp start area]
	0	0	0	0
	0	0	0	0
	0	0	0	0

[dungeon]
	75
[/dungeon]

[type]
	`[boss]`

[greed]
	`EE EE`

[tile]
	`Tile/2overleftb.til`
	`Tile/2overnoblankb.til`
	`Tile/2highovernoblankmidb.til`
	`Tile/2highovernoblankmidb.til`
	`Tile/2overnoblankb.til`
[/tile]

[extended tile]
	`Tile/3exleftblankbig.til`
	`Tile/3exall2.til`
	`Tile/3exall2.til`
	`Tile/3exall1.til`
	`Tile/3exall2.til`
	`Tile/3extoprightsmall1.til`
	`Tile/3exleftblankbig.til`
	`Tile/3exall2.til`
	`Tile/3exall1.til`
	`Tile/3exall2.til`
	`Tile/3exallblank.til`
	`Tile/3extoprightsmall1.til`
	`Tile/3exbottomblankmid.til`
	`Tile/3exbottomblankmid.til`
	`Tile/3exbottomblankmid.til`
	`Tile/3exallblank.til`
	`Tile/3exallblank.til`
	`Tile/3exallblank.til`
	`Tile/3exallblank.til`
	`Tile/3exallblank.til`
[/extended tile]

[far sight scroll]
	56

[middle sight scroll]
	90

[near sight scroll]
	110

[background animation]
	[ani info]
		[filename]
			`Animation/dcfar.ani`
		[layer]
			`[distantback]`
		[order]
			`[below]`
	[/ani info]
	[ani info]
		[filename]
			`Animation/dcmid.ani`
		[layer]
			`[middleback]`
		[order]
			`[below]`
	[/ani info]
[/background animation]

[pathgate pos]
	64	300	1439	662	1333	692	1310	696

[sound]
	`AMB_DARKSTAGE_01`
	`M_T_OLD_SCAVE_BOSS`
[/sound]

[animation]
	`Animation/ghost_cloud.ani`	`[close]`	749	802	0
	`Animation/uplight.ani`	`[normal]`	289	-123	0
	`Animation/uplight.ani`	`[normal]`	636	-116	0
	`Animation/uplight.ani`	`[normal]`	114	-115	0
	`Animation/uplight.ani`	`[normal]`	570	-115	0
	`Animation/uplight.ani`	`[normal]`	926	-115	0
	`Animation/ghost_cloud.ani`	`[middleback]`	281	218	0
	`Animation/ghost_cloud.ani`	`[middleback]`	799	261	0
	`Animation/Time_Fargear_down_D.ani`	`[distantback]`	437	17	0
	`Animation/Time_Fargear_down_D.ani`	`[distantback]`	833	37	0
[/animation]

[passive object]
	15041	988	113	0
	15042	154	118	0
	15041	611	120	0
	15041	94	125	0
	15042	1048	132	0
	814	184	146	0
	814	654	147	0
	15046	733	192	0
	15047	382	195	0
	15040	1097	201	0
	15047	430	232	0
	814	1021	261	0
	15042	1078	267	0
	15047	701	268	0
	15040	1112	328	0
	705	392	341	0
	15046	448	368	0
	15042	1057	394	0
	15047	500	396	0
	15040	1105	461	0
	15041	218	466	0
	15046	872	469	0
	814	337	481	0
	15042	259	504	0
	15040	1113	579	0
	15042	432	587	0
	15041	1030	617	0
[/passive object]

[monster]
	61628	1	0	770	254	0	1	1	`[fixed]`	`[normal]`
	61614	1	0	947	318	0	1	1	`[fixed]`	`[boss]`
	61628	1	0	761	388	0	1	1	`[fixed]`	`[normal]`
[/monster]

[monster specific AI]
	`[normal]`
	`[normal]`
	`[normal]`
[/monster specific AI]

[special passive object]
	10608	993	148	0	1
	`[item]`	0	1	-1	-1	-1
	10608	931	596	0	1
	`[item]`	0	1	-1	-1	-1
	10608	957	611	0	1
	`[item]`	0	1	-1	-1	-1	
[/special passive object]

[NPC]
	1000	`[left]`	1535	735	0
[/NPC]

[event monster position]
	552	242	0
	604	241	0
	552	285	0
	610	286	0
[/event monster position]

[map name]
	`PVP 无名`
