#PVF_File

[player number]
	2	8

[pvp start area]
	0	0	0	0
	0	0	0	0
	0	0	0	0

[dungeon]
	3
[/dungeon]

[type]
	`[normal]`

[greed]
	`DD BB`

[tile]
	`Tile/ForestOver.til`
	`Tile/ForestOver.til`
	`Tile/ForestOver.til`
	`Tile/ForestOverUnder.til`
	`Tile/ForestUnder.til`
	`Tile/ForestUnder.til`
[/tile]

[far sight scroll]
	56

[middle sight scroll]
	90

[near sight scroll]
	110

[background animation]
	[ani info]
		[filename]
			`Animation/far0.ani`
		[layer]
			`[distantback]`
		[order]
			`[below]`
	[/ani info]
	[ani info]
		[filename]
			`Animation/mid1.ani`
		[layer]
			`[middleback]`
		[order]
			`[below]`
	[/ani info]
[/background animation]

[pathgate pos]
	12	252	1332	260	280	142	672	348

[sound]
	`M_MIRKWOOD`
	`AMB_RAIN_01`
[/sound]

[animation]
	`Animation/Flower1.ani`	`[normal]`	960	322	0
	`Animation/Flower0.ani`	`[normal]`	487	296	0
	`Animation/Flower0.ani`	`[normal]`	914	257	0
	`Animation/Grass2.ani`	`[bottom]`	413	241	0
	`Animation/Stone0.ani`	`[bottom]`	567	281	0
	`Animation/Grass2.ani`	`[bottom]`	1033	307	0
	`Animation/Stone1.ani`	`[bottom]`	844	235	0
[/animation]

[passive object]
	3	200	260	400
	4	200	260	0
	227	629	152	0
	226	1030	178	0
	221	541	248	0
	221	967	274	0
	221	534	294	0
	221	1007	327	0
[/passive object]

[monster]
	2	0	4	646	220	0	1	1	`[fixed]`	`[normal]`
	3	0	5	483	222	0	1	1	`[fixed]`	`[normal]`
	1	0	4	824	223	0	1	1	`[fixed]`	`[normal]`
	4	0	5	407	302	0	1	1	`[fixed]`	`[normal]`
	2	0	4	622	313	0	1	1	`[fixed]`	`[normal]`
	1	0	4	785	322	0	1	1	`[fixed]`	`[normal]`
[/monster]

[monster specific AI]
	`[normal]`
	`[normal]`
	`[normal]`
	`[normal]`
	`[normal]`
	`[normal]`
[/monster specific AI]

[special passive object]
	226	479	150	0	1
	`[item]`	0	2	-1	-1	-1
	227	849	166	0	1
	`[item]`	0	2	-1	-1	-1
	221	778	255	0	1
	`[monster]`	1	3	3	10	-1
	221	847	256	0	1
	`[monster]`	1	3	3	10	-1
	221	699	291	0	1
	`[item]`	3	-1	1	-1	-1
	221	760	301	0	1
	`[monster]`	2	3	3	10	-1	
[/special passive object]

[event monster position]
	425	215	0
	470	295	0
	602	240	0
	714	189	0
[/event monster position]

[map name]
	`PVP 无名`
