#PVF_File

[player number]
	2	8

[pvp start area]
	0	0	0	0
	0	0	0	0
	0	0	0	0

[dungeon]
	3
[/dungeon]

[type]
	`[normal]`

[greed]
	`GG EE`

[tile]
	`Tile/ForestUnder.til`
	`Tile/ForestUnder.til`
	`Tile/ForestUnder.til`
	`Tile/ForestUnder.til`
	`Tile/ForestUnderOver.til`
	`Tile/ForestOver.til`
	`Tile/ForestOver.til`
[/tile]

[far sight scroll]
	56

[middle sight scroll]
	90

[near sight scroll]
	110

[background animation]
	[ani info]
		[filename]
			`Animation/far0.ani`
		[layer]
			`[distantback]`
		[order]
			`[below]`
	[/ani info]
	[ani info]
		[filename]
			`Animation/mid1.ani`
		[layer]
			`[middleback]`
		[order]
			`[below]`
	[/ani info]
[/background animation]

[pathgate pos]
	14	253	1551	239	1265	143	784	348

[sound]
	`M_MIRKWOOD`
	`AMB_RAIN_01`
[/sound]

[animation]
	`Animation/Flower2.ani`	`[normal]`	429	312	0
	`Animation/Flower1.ani`	`[normal]`	896	294	0
	`Animation/Flower2.ani`	`[normal]`	1165	275	0
	`Animation/Flower1.ani`	`[normal]`	620	224	0
	`Animation/Grass2.ani`	`[bottom]`	515	287	0
	`Animation/Stone1.ani`	`[bottom]`	644	299	0
	`Animation/Stone0.ani`	`[bottom]`	814	228	0
	`Animation/Grass2.ani`	`[bottom]`	1028	262	0
	`Animation/BurntTree4.ani`	`[closeback]`	584	171	0
	`Animation/BurntTree5.ani`	`[closeback]`	813	169	0
[/animation]

[passive object]
	3	200	260	400
	4	200	260	0
	227	1039	148	0
	246	976	184	0
	246	399	217	0
	221	872	251	0
	221	523	264	0
	246	811	285	0
	221	873	312	0
	221	525	313	0
	227	321	317	0
	246	1088	331	0
	246	629	335	0
[/passive object]

[monster]
	4	0	4	1134	220	0	1	1	`[fixed]`	`[normal]`
	3	0	4	1028	223	0	1	1	`[fixed]`	`[normal]`
	1	0	4	699	224	0	1	1	`[fixed]`	`[normal]`
	1	0	4	758	276	0	1	1	`[fixed]`	`[normal]`
	4	0	4	1133	299	0	1	1	`[fixed]`	`[normal]`
	3	0	4	1035	306	0	1	1	`[fixed]`	`[normal]`
	1	0	4	700	307	0	1	1	`[fixed]`	`[normal]`
[/monster]

[monster specific AI]
	`[normal]`
	`[normal]`
	`[normal]`
	`[normal]`
	`[normal]`
	`[normal]`
	`[normal]`
[/monster specific AI]

[special passive object]
	221	929	249	0	1
	`[monster]`	3	4	3	10	-1
	221	586	261	0	1
	`[trap]`	40002	40	3	10	-1
	221	935	311	0	1
	`[monster]`	4	4	3	10	-1
	221	591	315	0	1
	`[item]`	3	-1	1	-1	-1	
[/special passive object]

[event monster position]
	988	252	0
	1084	252	0
	1083	323	0
	649	234	0
[/event monster position]

[map name]
	`PVP 无名`
