#PVF_File

[player number]
	2	8

[pvp start area]
	0	0	0	0
	0	0	0	0
	0	0	0	0

[dungeon]
	3
[/dungeon]

[type]
	`[normal]`

[greed]
	`PP CC`

[tile]
	`Tile/ForestOver.til`
	`Tile/ForestOver.til`
	`Tile/ForestOver.til`
	`Tile/ForestOver.til`
	`Tile/ForestOver.til`
	`Tile/ForestOver.til`
	`Tile/ForestOver.til`
[/tile]

[far sight scroll]
	56

[middle sight scroll]
	90

[near sight scroll]
	110

[background animation]
	[ani info]
		[filename]
			`Animation/far0.ani`
		[layer]
			`[distantback]`
		[order]
			`[below]`
	[/ani info]
	[ani info]
		[filename]
			`Animation/mid1.ani`
		[layer]
			`[middleback]`
		[order]
			`[below]`
	[/ani info]
[/background animation]

[pathgate pos]
	12	251	1553	247	784	144	784	348

[sound]
	`M_MIRKWOOD`
	`AMB_RAIN_01`
[/sound]

[animation]
	`Animation/Flower0.ani`	`[normal]`	486	290	0
	`Animation/Flower2.ani`	`[normal]`	1154	284	0
	`Animation/Flower1.ani`	`[normal]`	804	272	0
	`Animation/Flower0.ani`	`[normal]`	650	194	0
	`Animation/Flower2.ani`	`[normal]`	1074	187	0
	`Animation/Flower1.ani`	`[normal]`	901	179	0
	`Animation/Grass0.ani`	`[bottom]`	223	224	0
	`Animation/Grass0.ani`	`[bottom]`	721	283	0
	`Animation/Grass2.ani`	`[bottom]`	836	249	0
	`Animation/Grass0.ani`	`[bottom]`	1034	235	0
	`Animation/Stone0.ani`	`[bottom]`	584	289	0
	`Animation/Stone1.ani`	`[bottom]`	646	234	0
	`Animation/Stone0.ani`	`[bottom]`	1030	296	0
[/animation]

[passive object]
	3	200	260	400
	4	200	260	0
	231	983	151	0
	231	588	152	0
	231	1026	152	0
	231	545	153	0
	221	971	343	0
	221	571	346	0
[/passive object]

[monster]
	1	0	4	578	208	0	1	1	`[fixed]`	`[normal]`
	4	0	4	1276	223	0	1	1	`[fixed]`	`[normal]`
	3	0	4	1091	223	0	1	1	`[fixed]`	`[normal]`
	2	0	4	421	248	0	1	1	`[fixed]`	`[normal]`
	5	0	5	362	259	0	1	1	`[fixed]`	`[normal]`
	2	0	4	423	292	0	1	1	`[fixed]`	`[normal]`
	3	0	4	1083	305	0	1	1	`[fixed]`	`[normal]`
	4	0	4	1269	314	0	1	1	`[fixed]`	`[normal]`
	1	0	4	615	322	0	1	1	`[fixed]`	`[normal]`
[/monster]

[monster specific AI]
	`[normal]`
	`[normal]`
	`[normal]`
	`[normal]`
	`[normal]`
	`[normal]`
	`[normal]`
	`[normal]`
	`[normal]`
[/monster specific AI]

[special passive object]
	227	361	149	0	1
	`[item]`	0	2	-1	-1	-1
	226	1224	150	0	1
	`[item]`	0	2	-1	-1	-1
	231	1069	153	0	1
	`[item]`	1	1	-1	-1	-1
	231	500	153	0	1
	`[item]`	1	1	-1	-1	-1
	221	968	229	0	1
	`[monster]`	4	4	5	10	-1
	221	475	237	0	2
	`[monster]`	3	4	5	10	-1
	`[item]`	3	-1	1	-1	-1
	221	970	277	0	1
	`[trap]`	2600	1	2	10	-1
	221	479	310	0	2
	`[trap]`	40002	40	3	10	-1
	`[trap]`	2500	1	2	10	-1
	226	510	348	0	1
	`[item]`	0	2	-1	-1	-1
	227	1052	348	0	1
	`[item]`	0	2	-1	-1	-1	
[/special passive object]

[event monster position]
	901	236	0
	1180	248	0
	1179	190	0
	1179	313	0
[/event monster position]

[map name]
	`PVP 无名`
