#PVF_File

[player number]
	2	8

[pvp start area]
	0	0	0	0
	0	0	0	0
	0	0	0	0

[dungeon]
	3
[/dungeon]

[type]
	`[normal]`

[greed]
	`CC CC`

[tile]
	`Tile/ForestOver.til`
	`Tile/ForestOver.til`
	`Tile/ForestOverUnder.til`
	`Tile/ForestUnder.til`
	`Tile/ForestUnder.til`
	`Tile/ForestUnder.til`
	`Tile/ForestUnderOver.til`
	`Tile/ForestOver.til`
[/tile]

[far sight scroll]
	56

[middle sight scroll]
	90

[near sight scroll]
	110

[background animation]
	[ani info]
		[filename]
			`Animation/far0.ani`
		[layer]
			`[distantback]`
		[order]
			`[below]`
	[/ani info]
	[ani info]
		[filename]
			`Animation/mid1.ani`
		[layer]
			`[middleback]`
		[order]
			`[below]`
	[/ani info]
[/background animation]

[pathgate pos]
	16	235	1777	241	298	141	896	348

[sound]
	`M_MIRKWOOD`
	`AMB_RAIN_01`
[/sound]

[animation]
	`Animation/smallTree0.ani`	`[close]`	295	457	0
	`Animation/smallTree0.ani`	`[close]`	431	455	0
	`Animation/Stone0.ani`	`[normal]`	1464	321	0
	`Animation/Flower2.ani`	`[normal]`	320	309	0
	`Animation/Flower0.ani`	`[normal]`	1066	297	0
	`Animation/Flower1.ani`	`[normal]`	1355	295	0
	`Animation/Stone0.ani`	`[normal]`	489	278	0
	`Animation/Stone1.ani`	`[normal]`	311	267	0
	`Animation/Flower2.ani`	`[normal]`	1514	266	0
	`Animation/Flower0.ani`	`[normal]`	964	262	0
	`Animation/Flower1.ani`	`[normal]`	725	256	0
	`Animation/Stone1.ani`	`[normal]`	798	252	0
	`Animation/Stone0.ani`	`[normal]`	1327	234	0
	`Animation/Flower1.ani`	`[normal]`	428	211	0
	`Animation/Flower2.ani`	`[normal]`	283	209	0
	`Animation/Flower0.ani`	`[normal]`	1261	203	0
	`Animation/Grass0.ani`	`[bottom]`	403	272	0
	`Animation/Grass1.ani`	`[bottom]`	603	241	0
	`Animation/aniFlower.ani`	`[bottom]`	600	282	0
	`Animation/Grass2.ani`	`[bottom]`	953	308	0
	`Animation/Grass0.ani`	`[bottom]`	1222	222	0
	`Animation/Grass0.ani`	`[bottom]`	1413	299	0
	`Animation/Grass1.ani`	`[bottom]`	1449	217	0
	`Animation/Grass2.ani`	`[bottom]`	1268	326	0
	`Animation/Tree2.ani`	`[closeback]`	993	163	0
	`Animation/Tree1.ani`	`[closeback]`	744	172	0
	`Animation/Tree0.ani`	`[closeback]`	1316	147	0
[/animation]

[passive object]
	3	200	260	400
	4	200	260	0
	227	526	151	0
	227	601	163	0
	221	1055	237	0
	221	760	267	0
	221	939	286	0
	221	1162	289	0
	221	697	294	0
	222	757	351	0
	222	506	355	0
[/passive object]

[monster]
	11	0	4	1405	216	0	1	1	`[fixed]`	`[normal]`
	3	0	4	991	216	0	1	1	`[fixed]`	`[normal]`
	3	0	4	942	224	0	1	1	`[fixed]`	`[normal]`
	11	0	5	843	272	0	1	1	`[fixed]`	`[normal]`
	5	0	5	1043	277	0	1	1	`[fixed]`	`[normal]`
	4	0	4	994	316	0	1	1	`[fixed]`	`[normal]`
	4	0	4	942	317	0	1	1	`[fixed]`	`[normal]`
	11	0	4	1418	321	0	1	1	`[fixed]`	`[normal]`
[/monster]

[monster specific AI]
	`[normal]`
	`[normal]`
	`[normal]`
	`[normal]`
	`[normal]`
	`[normal]`
	`[normal]`
	`[normal]`
[/monster specific AI]

[special passive object]
	227	1148	172	0	1
	`[item]`	1	2	-1	-1	-1
	222	1223	180	0	1
	`[item]`	3	-1	2	-1	-1
	221	698	253	0	1
	`[monster]`	1	4	3	10	-1
	221	1105	288	0	2
	`[monster]`	1	4	3	10	-1
	`[item]`	3	-1	1	-1	-1
	227	590	348	0	1
	`[item]`	0	2	-1	-1	-1
	222	670	354	0	1
	`[trap]`	40002	40	2	10	-1	
[/special passive object]

[event monster position]
	487	201	0
	505	237	0
	452	278	0
	1069	324	0
[/event monster position]

[map name]
	`PVP 无名`
