#PVF_File

[player number]
	2	8

[pvp start area]
	0	0	0	0
	0	0	0	0
	0	0	0	0

[dungeon]
	3
[/dungeon]

[type]
	`[normal]`

[greed]
	`NN FF`

[tile]
	`Tile/ForestOver.til`
	`Tile/ForestOver.til`
	`Tile/ForestOver.til`
	`Tile/ForestOver.til`
	`Tile/ForestOverUnder.til`
	`Tile/ForestUnder.til`
	`Tile/ForestUnder.til`
	`Tile/ForestUnder.til`
[/tile]

[far sight scroll]
	56

[middle sight scroll]
	90

[near sight scroll]
	110

[background animation]
	[ani info]
		[filename]
			`Animation/far0.ani`
		[layer]
			`[distantback]`
		[order]
			`[below]`
	[/ani info]
	[ani info]
		[filename]
			`Animation/mid1.ani`
		[layer]
			`[middleback]`
		[order]
			`[below]`
	[/ani info]
[/background animation]

[pathgate pos]
	14	246	1776	258	896	169	896	348

[sound]
	`M_MIRKWOOD`
	`AMB_RAIN_01`
[/sound]

[animation]
	`Animation/Flower2.ani`	`[normal]`	711	318	0
	`Animation/Flower0.ani`	`[normal]`	843	302	0
	`Animation/Flower2.ani`	`[normal]`	1350	286	0
	`Animation/Flower1.ani`	`[normal]`	509	272	0
	`Animation/Flower0.ani`	`[normal]`	1156	222	0
	`Animation/Flower1.ani`	`[normal]`	772	221	0
	`Animation/Flower0.ani`	`[normal]`	452	206	0
	`Animation/aniFlower.ani`	`[bottom]`	793	210	0
	`Animation/aniFlower.ani`	`[bottom]`	416	281	0
	`Animation/aniFlower.ani`	`[bottom]`	548	220	0
	`Animation/aniFlower.ani`	`[bottom]`	1069	327	0
	`Animation/aniFlower.ani`	`[bottom]`	1264	273	0
	`Animation/Grass0.ani`	`[bottom]`	622	275	0
	`Animation/Grass2.ani`	`[bottom]`	242	298	0
	`Animation/Grass2.ani`	`[bottom]`	256	222	0
	`Animation/Grass2.ani`	`[bottom]`	1064	252	0
	`Animation/Grass2.ani`	`[bottom]`	1459	298	0
[/animation]

[passive object]
	3	200	260	400
	4	200	260	0
	221	423	174	0
	245	1024	181	0
	226	695	209	0
	221	1393	215	0
	245	621	215	0
	245	1358	222	0
	221	561	232	0
	245	340	239	0
	245	415	239	0
	245	1393	248	0
	245	1173	267	0
	221	818	276	0
	245	974	288	0
	245	547	306	0
	221	473	330	0
	245	1227	335	0
	221	1355	347	0
[/passive object]

[monster]
	4	1	0	796	202	0	1	1	`[fixed]`	`[normal]`
	10	1	0	961	218	0	1	1	`[fixed]`	`[normal]`
	1	1	0	1259	221	0	1	1	`[fixed]`	`[normal]`
	3	1	0	1321	251	0	1	1	`[fixed]`	`[normal]`
	1	1	0	1210	266	0	1	1	`[fixed]`	`[normal]`
	1	1	0	717	299	0	1	1	`[fixed]`	`[normal]`
	2	1	0	896	304	0	1	1	`[fixed]`	`[normal]`
[/monster]

[monster specific AI]
	`[normal]`
	`[normal]`
	`[normal]`
	`[normal]`
	`[normal]`
	`[normal]`
	`[normal]`
[/monster specific AI]

[special passive object]
	226	322	183	0	1
	`[item]`	0	2	-1	-1	-1
	226	1462	203	0	1
	`[item]`	0	2	-1	-1	-1	
[/special passive object]

[event monster position]
	641	186	0
	641	246	0
	643	303	0
	468	227	0
[/event monster position]

[map name]
	`PVP 无名`
