#PVF_File

[player number]
	2	8

[pvp start area]
	0	0	0	0
	0	0	0	0
	0	0	0	0

[dungeon]
	3
[/dungeon]

[type]
	`[normal]`

[greed]
	`HH CC`

[tile]
	`Tile/ForestOver.til`
	`Tile/ForestOver.til`
	`Tile/ForestOver.til`
	`Tile/ForestOver.til`
	`Tile/ForestOver.til`
	`Tile/ForestOver.til`
	`Tile/ForestOver.til`
[/tile]

[far sight scroll]
	56

[middle sight scroll]
	90

[near sight scroll]
	110

[background animation]
	[ani info]
		[filename]
			`Animation/far0.ani`
		[layer]
			`[distantback]`
		[order]
			`[below]`
	[/ani info]
	[ani info]
		[filename]
			`Animation/mid1.ani`
		[layer]
			`[middleback]`
		[order]
			`[below]`
	[/ani info]
[/background animation]

[pathgate pos]
	14	252	1553	247	676	139	728	349

[sound]
	`M_MIRKWOOD`
	`AMB_RAIN_01`
[/sound]

[animation]
	`Animation/Flower1.ani`	`[normal]`	1039	338	0
	`Animation/Flower1.ani`	`[normal]`	628	327	0
	`Animation/Flower1.ani`	`[normal]`	779	265	0
	`Animation/Flower1.ani`	`[normal]`	597	238	0
	`Animation/Flower2.ani`	`[normal]`	1010	235	0
	`Animation/Flower1.ani`	`[normal]`	735	198	0
	`Animation/Flower2.ani`	`[normal]`	413	190	0
	`Animation/Flower1.ani`	`[normal]`	603	175	0
	`Animation/Flower0.ani`	`[normal]`	1178	174	0
	`Animation/Grass0.ani`	`[bottom]`	484	252	0
	`Animation/Grass0.ani`	`[bottom]`	704	285	0
	`Animation/Grass1.ani`	`[bottom]`	908	210	0
	`Animation/Grass1.ani`	`[bottom]`	1323	191	0
	`Animation/Stone0.ani`	`[bottom]`	404	293	0
	`Animation/Stone0.ani`	`[bottom]`	869	338	0
	`Animation/Stone0.ani`	`[bottom]`	982	322	0
	`Animation/Grass2.ani`	`[bottom]`	1318	329	0
	`Animation/Grass2.ani`	`[bottom]`	1321	265	0
	`Animation/Tree0.ani`	`[closeback]`	98	111	0
	`Animation/Tree2.ani`	`[closeback]`	955	138	0
	`Animation/Tree3.ani`	`[closeback]`	1265	141	0
[/animation]

[passive object]
	3	200	260	400
	4	200	260	0
	284	352	125	0
	284	477	127	0
	284	1118	130	0
	286	304	153	0
	221	878	155	0
	245	467	159	0
	245	894	163	0
	281	1064	173	0
	221	842	176	0
	286	340	185	0
	245	817	193	0
	286	392	206	0
	245	218	217	0
	245	535	239	0
	245	680	245	0
	281	911	252	0
	245	291	254	0
	245	165	262	0
	286	389	299	0
	221	843	321	0
	286	345	323	0
	245	568	326	0
	281	1052	328	0
	245	466	336	0
	286	292	350	0
	221	887	351	0
[/passive object]

[monster]
	1	1	0	1279	192	0	1	1	`[fixed]`	`[normal]`
	2	1	0	240	197	0	1	1	`[fixed]`	`[normal]`
	2	1	0	1030	206	0	1	1	`[fixed]`	`[normal]`
	3	1	0	1150	238	0	1	1	`[fixed]`	`[normal]`
	1	1	0	200	243	0	1	1	`[fixed]`	`[normal]`
	1	1	0	1219	245	0	1	1	`[fixed]`	`[normal]`
	4	1	0	283	261	0	1	1	`[fixed]`	`[normal]`
	1	1	0	931	297	0	1	1	`[fixed]`	`[normal]`
	2	1	0	711	325	0	1	1	`[fixed]`	`[normal]`
[/monster]

[monster specific AI]
	`[normal]`
	`[normal]`
	`[normal]`
	`[normal]`
	`[normal]`
	`[normal]`
	`[normal]`
	`[normal]`
	`[normal]`
[/monster specific AI]

[special passive object]
	231	485	183	0	0
	231	488	284	0	1
	`[item]`	1	2	-1	-1	-1	
[/special passive object]

[event monster position]
	773	231	0
	1090	203	0
	1174	281	0
	1260	296	0
[/event monster position]

[map name]
	`PVP 无名`
