#PVF_File

[player number]
	2	8

[pvp start area]
	0	0	0	0
	0	0	0	0
	0	0	0	0

[dungeon]
	3
[/dungeon]

[type]
	`[normal]`

[greed]
	`JJ JJ`

[tile]
	`Tile/ForestOver.til`
	`Tile/ForestOver.til`
	`Tile/ForestOver.til`
	`Tile/ForestOver.til`
	`Tile/ForestOver.til`
	`Tile/ForestOver.til`
[/tile]

[far sight scroll]
	56

[middle sight scroll]
	90

[near sight scroll]
	110

[background animation]
	[ani info]
		[filename]
			`Animation/far0.ani`
		[layer]
			`[distantback]`
		[order]
			`[below]`
	[/ani info]
	[ani info]
		[filename]
			`Animation/mid1.ani`
		[layer]
			`[middleback]`
		[order]
			`[below]`
	[/ani info]
[/background animation]

[pathgate pos]
	13	237	1328	241	672	144	672	348

[dungeon start area]
	379	333	111	51

[sound]
	`M_MIRKWOOD`
	`AMB_RAIN_01`
[/sound]

[animation]
	`Animation/BurntTree1.ani`	`[close]`	580	407	0
	`Animation/Flower0.ani`	`[normal]`	672	319	0
	`Animation/Flower1.ani`	`[normal]`	261	308	0
	`Animation/Flower1.ani`	`[normal]`	1043	295	0
	`Animation/Flower1.ani`	`[normal]`	420	286	0
	`Animation/Flower0.ani`	`[normal]`	951	165	0
	`Animation/Flower0.ani`	`[normal]`	714	158	0
	`Animation/Flower0.ani`	`[normal]`	342	144	0
	`Animation/smallTree1.ani`	`[normal]`	970	137	0
	`Animation/Flower0.ani`	`[normal]`	294	129	0
	`Animation/Grass2.ani`	`[bottom]`	605	276	0
	`Animation/Grass1.ani`	`[bottom]`	344	221	0
	`Animation/Grass0.ani`	`[bottom]`	974	245	0
	`Animation/smallTree1.ani`	`[closeback]`	264	135	0
	`Animation/smallTree0.ani`	`[closeback]`	409	123	0
	`Animation/smallTree0.ani`	`[closeback]`	546	122	0
	`Animation/smallTree0.ani`	`[closeback]`	688	121	0
	`Animation/smallTree0.ani`	`[closeback]`	819	125	0
[/animation]

[passive object]
	3	200	260	400
	4	200	260	0
	221	775	227	0
	221	746	296	0
[/passive object]

[monster]
	11	0	4	860	174	0	1	1	`[fixed]`	`[normal]`
	2	0	4	1027	210	0	1	1	`[fixed]`	`[normal]`
	1	0	4	875	214	0	1	1	`[fixed]`	`[normal]`
	1	0	3	731	214	0	1	1	`[fixed]`	`[normal]`
	1	0	3	685	292	0	1	1	`[fixed]`	`[normal]`
	1	0	4	823	299	0	1	1	`[fixed]`	`[normal]`
	2	0	3	951	304	0	1	1	`[fixed]`	`[normal]`
	11	0	4	876	328	0	1	1	`[fixed]`	`[normal]`
[/monster]

[monster specific AI]
	`[normal]`
	`[normal]`
	`[normal]`
	`[normal]`
	`[normal]`
	`[normal]`
	`[normal]`
	`[normal]`
[/monster specific AI]

[event monster position]
	661	213	0
	1024	296	0
	976	196	0
	1078	266	0
[/event monster position]

[map name]
	`PVP 无名`
