#PVF_File

[player number]
	2	8

[pvp start area]
	0	0	0	0
	0	0	0	0
	0	0	0	0

[dungeon]
	32
[/dungeon]

[type]
	`[normal]`

[greed]
	``

[tile]
	`Tile/highovernoblankmid.til`
	`Tile/highovernoblankdown.til`
	`Tile/highovernoblankdown.til`
	`Tile/loverrunder.til`
	`Tile/underup.til`
	`Tile/undermid.til`
	`Tile/underdown.til`
[/tile]

[far sight scroll]
	56

[middle sight scroll]
	90

[near sight scroll]
	110

[background animation]
	[ani info]
		[filename]
			`Animation/mlfar.ani`
		[layer]
			`[distantback]`
		[order]
			`[below]`
	[/ani info]
	[ani info]
		[filename]
			`Animation/mlmid.ani`
		[layer]
			`[middleback]`
		[order]
			`[below]`
	[/ani info]
[/background animation]

[sound]
[/sound]

[pathgate pos]
	13	208	1550	229	311	137	1263	284

[animation]
	`Animation/mlfarstreamani.ani`	`[distantback]`	0	-120	0
	`Animation/mlfarstreamani.ani`	`[distantback]`	640	-120	0
	`Animation/mlfarstreamani.ani`	`[distantback]`	1280	-120	0
	`Animation/mlfarstreamani.ani`	`[distantback]`	1920	-120	0
[/animation]

[map name]
	`PVP 无名`
