#PVF_File

[player number]
	2	8

[pvp start area]
	0	0	0	0
	0	0	0	0
	0	0	0	0

[dungeon]
	11
[/dungeon]

[type]
	`[normal]`

[greed]
	`MM MM`

[tile]
	`Tile/SkyCastleNOPoll.til`
	`Tile/SkyCastleNOPoll.til`
	`Tile/SkyCastleNOPoll.til`
	`Tile/SkyCastleNOPoll.til`
	`Tile/SkyCastleNOPoll.til`
[/tile]

[far sight scroll]
	56

[middle sight scroll]
	90

[near sight scroll]
	110

[background animation]
	[ani info]
		[filename]
			`Animation/far1.ani`
		[layer]
			`[distantback]`
		[order]
			`[below]`
	[/ani info]
	[ani info]
		[filename]
			`Animation/DCcloud1.ani`
		[layer]
			`[middleback]`
		[order]
			`[below]`
	[/ani info]
[/background animation]

[pathgate pos]
	9	291	1272	691	236	195	970	333

[sound]
	`M_DRACONIAN_TOWER`
	`R_AMB_WIND`
[/sound]

[animation]
	`Animation/DCcloud2.ani`	`[distantback]`	-378	60	0
	`Animation/DCcloud2.ani`	`[distantback]`	262	60	0
	`Animation/DCcloud2.ani`	`[distantback]`	902	60	0
	`Animation/DCcloud2.ani`	`[distantback]`	1542	60	0
	`Animation/DCcloud2.ani`	`[distantback]`	2182	60	0
	`Animation/DCcloud2.ani`	`[distantback]`	2822	60	0
[/animation]

[passive object]
	1039	669	207	0
	1044	463	225	0
	1044	404	225	0
	1039	670	234	0
	1040	404	245	0
	1040	407	271	0
	1039	671	277	0
	1040	408	299	0
	1039	671	312	0
	1040	411	327	0
	1039	674	341	0
	1044	463	350	0
	1044	404	350	0
[/passive object]

[monster]
	70	1	0	576	212	0	1	1	`[fixed]`	`[normal]`
	72	1	0	856	219	0	1	1	`[fixed]`	`[normal]`
	72	1	0	768	246	0	1	1	`[fixed]`	`[normal]`
	70	1	0	488	280	0	1	1	`[fixed]`	`[normal]`
	70	1	0	575	336	0	1	1	`[fixed]`	`[normal]`
	72	1	0	773	338	0	1	1	`[fixed]`	`[normal]`
	72	1	0	856	340	0	1	1	`[fixed]`	`[normal]`
[/monster]

[monster specific AI]
	`[normal]`
	`[normal]`
	`[normal]`
	`[normal]`
	`[normal]`
	`[normal]`
	`[normal]`
[/monster specific AI]

[event monster position]
	897	312	0
	899	266	0
	894	216	0
	553	314	0
[/event monster position]

[map name]
	`PVP 无名`
