#PVF_File

[player number]
	2	8

[pvp start area]
	0	0	0	0
	0	0	0	0
	0	0	0	0

[dungeon]
	11
[/dungeon]

[type]
	`[normal]`

[greed]
	`GG GG`

[tile]
	`Tile/SkyCastleUCPoll.til`
	`Tile/SkyCastleDCPoll.til`
	`Tile/SkyCastleDCPoll.til`
	`Tile/SkyCastleDCPoll.til`
[/tile]

[extended tile]
	`Tile/SkyCastleEX2.til`
	`Tile/SkyCastleEX2.til`
	`Tile/SkyCastleEX2.til`
	`Tile/SkyCastleEX2.til`
[/extended tile]

[far sight scroll]
	56

[middle sight scroll]
	90

[near sight scroll]
	110

[background animation]
	[ani info]
		[filename]
			`Animation/far1.ani`
		[layer]
			`[distantback]`
		[order]
			`[below]`
	[/ani info]
	[ani info]
		[filename]
			`Animation/DCcloud1.ani`
		[layer]
			`[middleback]`
		[order]
			`[below]`
	[/ani info]
[/background animation]

[pathgate pos]
	12	264	1555	267	730	202	818	650

[sound]
	`M_DRACONIAN_TOWER`
	`R_AMB_WIND`
[/sound]

[animation]
	`Animation/DCcloud2.ani`	`[distantback]`	-378	60	0
	`Animation/DCcloud2.ani`	`[distantback]`	262	60	0
	`Animation/DCcloud2.ani`	`[distantback]`	902	60	0
	`Animation/DCcloud2.ani`	`[distantback]`	1542	60	0
	`Animation/DCcloud2.ani`	`[distantback]`	2182	60	0
	`Animation/DCcloud2.ani`	`[distantback]`	2822	60	0
[/animation]

[monster]
	72	1	0	548	251	0	1	1	`[fixed]`	`[normal]`
	72	1	0	418	252	0	1	1	`[fixed]`	`[normal]`
	72	1	0	479	290	0	1	1	`[fixed]`	`[normal]`
	72	1	0	416	347	0	1	1	`[fixed]`	`[normal]`
	72	1	0	550	348	0	1	1	`[fixed]`	`[normal]`
[/monster]

[monster specific AI]
	`[normal]`
	`[normal]`
	`[normal]`
	`[normal]`
	`[normal]`
[/monster specific AI]

[event monster position]
	477	276	0
	614	280	0
	811	281	0
	282	314	0
[/event monster position]

[map name]
	`PVP 无名`
