#PVF_File

[player number]
	2	8

[pvp start area]
	0	0	0	0
	0	0	0	0
	0	0	0	0

[dungeon]
	11
[/dungeon]

[type]
	`[normal]`

[greed]
	`EE EE`

[tile]
	`Tile/SkyCastleNPoll.til`
	`Tile/SkyCastleLCPoll.til`
	`Tile/SkyCastleNPoll.til`
	`Tile/SkyCastleLCPoll.til`
	`Tile/SkyCastleNPoll.til`
	`Tile/SkyCastleLCPoll.til`
[/tile]

[far sight scroll]
	56

[middle sight scroll]
	90

[near sight scroll]
	110

[background animation]
	[ani info]
		[filename]
			`Animation/far1.ani`
		[layer]
			`[distantback]`
		[order]
			`[below]`
	[/ani info]
	[ani info]
		[filename]
			`Animation/DCcloud1.ani`
		[layer]
			`[middleback]`
		[order]
			`[below]`
	[/ani info]
[/background animation]

[pathgate pos]
	19	407	1738	697	1133	822	795	670

[sound]
	`M_DRACONIAN_TOWER`
	`R_AMB_WIND`
[/sound]

[animation]
	`Animation/DCcloud2.ani`	`[distantback]`	-378	60	0
	`Animation/DCcloud2.ani`	`[distantback]`	262	60	0
	`Animation/DCcloud2.ani`	`[distantback]`	902	60	0
	`Animation/DCcloud2.ani`	`[distantback]`	1542	60	0
	`Animation/DCcloud2.ani`	`[distantback]`	2182	60	0
	`Animation/DCcloud2.ani`	`[distantback]`	2822	60	0
[/animation]

[passive object]
	1045	642	220	0
	1045	959	221	0
	1045	705	221	0
	1045	894	224	0
	235	1213	243	0
	235	1230	303	0
	1045	898	344	0
	1045	641	347	0
	1045	963	348	0
	1045	705	354	0
[/passive object]

[monster]
	50	1	0	806	233	0	1	1	`[fixed]`	`[normal]`
	50	1	0	795	243	0	1	1	`[fixed]`	`[normal]`
	50	1	0	809	250	0	1	1	`[fixed]`	`[normal]`
	50	1	0	783	251	0	1	1	`[fixed]`	`[normal]`
	51	1	0	759	258	0	1	1	`[fixed]`	`[normal]`
	51	1	0	775	273	0	1	1	`[fixed]`	`[normal]`
	51	1	0	806	275	0	1	1	`[fixed]`	`[normal]`
	72	1	0	449	281	0	1	1	`[fixed]`	`[normal]`
	72	1	0	680	285	0	1	1	`[fixed]`	`[normal]`
[/monster]

[monster specific AI]
	`[normal]`
	`[normal]`
	`[normal]`
	`[normal]`
	`[normal]`
	`[normal]`
	`[normal]`
	`[normal]`
	`[normal]`
[/monster specific AI]

[special passive object]
	240	547	215	0	1
	`[item]`	1	1	-1	-1	-1
	240	1059	218	0	1
	`[item]`	1	1	-1	-1	-1
	240	1067	337	0	1
	`[item]`	1	1	-1	-1	-1
	240	543	339	0	1
	`[item]`	1	1	-1	-1	-1	
[/special passive object]

[event monster position]
	502	286	0
	416	246	0
	421	325	0
	336	284	0
[/event monster position]

[map name]
	`PVP 无名`
