#PVF_File

[player number]
	2	8

[pvp start area]
	0	0	0	0
	0	0	0	0
	0	0	0	0

[dungeon]
	141
[/dungeon]

[type]
	`[normal]`

[greed]
	`FF FF`

[tile]
	`Tile/emptytile.til`
	`Tile/emptytile.til`
	`Tile/emptytile.til`
	`Tile/emptytile.til`
[/tile]

[extended tile]
	`Tile/tile05.til`
	`Tile/tile05.til`
	`Tile/tile05.til`
	`Tile/tile05.til`
	`Tile/tile00.til`
	`Tile/tile00.til`
	`Tile/tile00.til`
	`Tile/tile00.til`
	`Tile/tile00.til`
	`Tile/tile00.til`
	`Tile/tile21.til`
	`Tile/tile00.til`
	`Tile/tile00.til`
	`Tile/tile00.til`
	`Tile/tile01.til`
	`Tile/tile02.til`
	`Tile/tile23.til`
	`Tile/tile02.til`
	`Tile/tile33.til`
	`Tile/tile15.til`
	`Tile/tile15.til`
	`Tile/tile15.til`
	`Tile/tile15.til`
	`Tile/tile15.til`
[/extended tile]

[far sight scroll]
	70

[middle sight scroll]
	90

[near sight scroll]
	110

[pathgate pos]
	5	393	885	411	0	0	0	0

[sound]
	`R_AMB_SNOWWIND`
	`M_BWANGA`
[/sound]

[animation]
	`Animation/fire.ani`	`[normal]`	539	331	0
	`Animation/fire.ani`	`[normal]`	335	331	0
	`Animation/fire.ani`	`[normal]`	437	313	0
	`Animation/back3.ani`	`[bottom]`	263	345	0
	`Animation/back2.ani`	`[bottom]`	890	345	0
	`Animation/back2.ani`	`[bottom]`	39	345	0
	`Animation/back3.ani`	`[bottom]`	666	345	0
	`Animation/back1.ani`	`[bottom]`	442	331	0
	`Animation/back_far.ani`	`[distantback]`	608	370	0
	`Animation/back_far.ani`	`[distantback]`	1329	370	0
[/animation]

[passive object]
	8804	441	309	0
	8806	538	329	0
	8806	336	330	0
	8807	340	376	0
	8807	540	376	0
	8805	440	385	0
	8442	243	518	0
	8440	616	562	0
	8803	542	664	0
	747	575	729	0
[/passive object]

[monster]
	61451	1	0	700	460	0	2	1	`[fixed]`	`[normal]`
	61451	1	0	795	467	0	1	1	`[fixed]`	`[normal]`
	61451	1	0	210	478	0	1	1	`[fixed]`	`[normal]`
	61451	1	0	338	479	0	1	1	`[fixed]`	`[normal]`
	61451	1	0	792	523	0	1	1	`[fixed]`	`[normal]`
	61451	1	0	708	559	0	2	1	`[fixed]`	`[normal]`
	61451	1	0	344	582	0	2	1	`[fixed]`	`[normal]`
	61451	1	0	247	629	0	2	1	`[fixed]`	`[normal]`
	61451	1	0	340	679	0	2	1	`[fixed]`	`[normal]`
[/monster]

[monster specific AI]
	`[normal]`
	`[normal]`
	`[normal]`
	`[normal]`
	`[normal]`
	`[normal]`
	`[normal]`
	`[normal]`
	`[normal]`
[/monster specific AI]

[special passive object]
	849	824	579	0	1
	`[trap]`	2211	1	3	4	-1	
[/special passive object]

[event monster position]
	561	445	0
	579	543	0
	109	648	0
	429	533	0
[/event monster position]

[map name]
	`PVP 无名`
