#PVF_File

[player number]
	2	8

[pvp start area]
	225	247	247	15
	52	315	257	42
	1638	261	311	37

[pvp practice start area]
	17	147	334	186	2360	211	326	176

[dungeon]
	2002
[/dungeon]

[type]
	`[normal]`

[greed]
	`AA AA`

[tile]
	`Tile/underup.til`
	`Tile/underup.til`
	`Tile/overlefthighblank.til`
	`Tile/overnoblankmid.til`
	`Tile/overnoblankmid.til`
	`Tile/overnoblankmid.til`
	`Tile/overrightlowblank.til`
	`Tile/highovernoblankup.til`
	`Tile/highovernoblankup.til`
[/tile]

[far sight scroll]
	56

[middle sight scroll]
	90

[near sight scroll]
	110

[background animation]
	[ani info]
		[filename]
			`Animation/mcfar.ani`
		[layer]
			`[distantback]`
		[order]
			`[below]`
	[/ani info]
	[ani info]
		[filename]
			`Animation/mcmid.ani`
		[layer]
			`[middleback]`
		[order]
			`[below]`
	[/ani info]
[/background animation]

[pathgate pos]
	16	216	2000	216	1008	144	1008	348

[sound]
	`CAVE_AMB_LOOP`
	`M_MAGMA_CAVE`
[/sound]

[animation]
	`Animation/mstonesmall3.ani`	`[normal]`	757	286	0
	`Animation/mstonesmall3.ani`	`[normal]`	781	286	0
	`Animation/mstonesmall3.ani`	`[normal]`	733	284	0
	`Animation/mstonesmall3.ani`	`[normal]`	807	284	0
	`Animation/mstonesmall3.ani`	`[normal]`	832	282	0
	`Animation/mstonesmall3.ani`	`[normal]`	708	281	0
	`Animation/mstonesmall3.ani`	`[normal]`	682	280	0
	`Animation/mstonesmall3.ani`	`[normal]`	656	276	0
	`Animation/mstonesmall3.ani`	`[normal]`	854	276	0
	`Animation/mstonesmall3.ani`	`[normal]`	637	269	0
	`Animation/mstonesmall3.ani`	`[normal]`	875	269	0
	`Animation/mstonesmall3.ani`	`[normal]`	625	262	0
	`Animation/mstonesmall3.ani`	`[normal]`	888	258	0
	`Animation/mstonesmall3.ani`	`[normal]`	615	254	0
	`Animation/mstonesmall4.ani`	`[normal]`	877	241	0
	`Animation/mstonesmall5.ani`	`[normal]`	614	241	0
	`Animation/mstonesmall5.ani`	`[normal]`	630	229	0
	`Animation/mstonesmall8.ani`	`[normal]`	855	227	0
	`Animation/mstonesmall8.ani`	`[normal]`	836	220	0
	`Animation/mstonesmall8.ani`	`[normal]`	655	219	0
	`Animation/mstonesmall8.ani`	`[normal]`	812	218	0
	`Animation/mstonesmall8.ani`	`[normal]`	788	215	0
	`Animation/mstonesmall8.ani`	`[normal]`	677	214	0
	`Animation/mstonesmall8.ani`	`[normal]`	764	214	0
	`Animation/mstonesmall8.ani`	`[normal]`	741	212	0
	`Animation/mstonesmall8.ani`	`[normal]`	701	212	0
	`Animation/mstonesmall8.ani`	`[normal]`	721	212	0
	`Animation/mstonesmall3.ani`	`[normal]`	1219	193	0
	`Animation/mstonesmall3.ani`	`[normal]`	1196	192	0
	`Animation/mstonesmall3.ani`	`[normal]`	1247	192	0
	`Animation/mstonesmall3.ani`	`[normal]`	1169	191	0
	`Animation/mstonesmall3.ani`	`[normal]`	1143	190	0
	`Animation/mstonesmall3.ani`	`[normal]`	1118	187	0
	`Animation/mstonesmall3.ani`	`[normal]`	1262	185	0
	`Animation/mstonesmall3.ani`	`[normal]`	1097	184	0
	`Animation/mstonesmall3.ani`	`[normal]`	1287	184	0
	`Animation/mstonesmall3.ani`	`[normal]`	1307	179	0
	`Animation/mstonesmall3.ani`	`[normal]`	1077	179	0
	`Animation/mstonesmall3.ani`	`[normal]`	1064	172	0
	`Animation/mstonesmall3.ani`	`[normal]`	1323	171	0
	`Animation/mstonesmall3.ani`	`[normal]`	1052	167	0
	`Animation/mstonesmall4.ani`	`[normal]`	1322	153	0
	`Animation/mstonesmall5.ani`	`[normal]`	1048	153	0
	`Animation/mstonesmall8.ani`	`[normal]`	1062	140	0
	`Animation/mstonesmall8.ani`	`[normal]`	1303	139	0
	`Animation/mstonesmall8.ani`	`[normal]`	1289	134	0
	`Animation/mstonesmall8.ani`	`[normal]`	1082	130	0
	`Animation/mstonesmall8.ani`	`[normal]`	1270	128	0
	`Animation/mstonesmall8.ani`	`[normal]`	1246	125	0
	`Animation/mstonesmall8.ani`	`[normal]`	1221	124	0
	`Animation/mstonesmall8.ani`	`[normal]`	1104	123	0
	`Animation/mstonesmall8.ani`	`[normal]`	1200	121	0
	`Animation/mstonesmall8.ani`	`[normal]`	1152	120	0
	`Animation/mstonesmall8.ani`	`[normal]`	1128	120	0
	`Animation/mstonesmall8.ani`	`[normal]`	1176	119	0
	`Animation/mcstreamfog.ani`	`[distantback]`	1920	-120	0
	`Animation/mcfog.ani`	`[distantback]`	0	-120	0
	`Animation/mcfog.ani`	`[distantback]`	730	-120	0
	`Animation/mcfog.ani`	`[distantback]`	1460	-120	0
	`Animation/mcfog.ani`	`[distantback]`	2190	-120	0
	`Animation/mcfarstreamani.ani`	`[distantback]`	0	-120	0
	`Animation/mcfarstreamani.ani`	`[distantback]`	640	-120	0
	`Animation/mcfarstreamani.ani`	`[distantback]`	1280	-120	0
	`Animation/mcfarstreamani.ani`	`[distantback]`	1920	-120	0
	`Animation/mcstreamfog.ani`	`[distantback]`	0	-120	0
	`Animation/mcstreamfog.ani`	`[distantback]`	640	-120	0
	`Animation/mcstreamfog.ani`	`[distantback]`	1280	-120	0
[/animation]

[passive object]
	735	1721	84	0
	735	1902	86	0
	735	232	139	0
	735	58	141	0
	736	572	141	0
	1056	1183	154	0
	1056	746	245	0
	736	1476	281	0
[/passive object]

[NPC]
	31	`[left]`	1598	126	0
	31	`[left]`	187	206	0
[/NPC]

[monster spawn pos]
	20	209	230	30	344	209	30	77	222	30	448	252	30	617	181	30	693	251	30	719	153	30	804	249	30	835	154	30	935	252	30	1015	255	30	1100	148	30	1240	150	30	1143	251	30	1264	245	30	1352	206	30	1391	145	30	1518	156	30	1622	150	30	1770	157	30

[map name]
	`PVP 无名`
