#PVF_File

[background pos]
	80

[player number]
	2	8

[pvp start area]
	1410	230	447	216
	1413	230	89	217
	1860	231	91	216

[pvp practice start area]
	1413	230	89	217	1860	231	91	216

[type]
	`[normal]`

[tile]
	`Tile/GentTile.til`
	`Tile/GentTile.til`
	`Tile/GentTile.til`
	`Tile/GentTile.til`
	`Tile/GentTile.til`
	`Tile/GentTile.til`
	`Tile/GentTile.til`
	`Tile/GentTile.til`
	`Tile/GentTile.til`
[/tile]

[far sight scroll]
	50

[middle sight scroll]
	90

[background animation]
	[ani info]
		[filename]
			`Animation/GentFar.ani`
		[layer]
			`[distantback]`
		[order]
			`[below]`
	[/ani info]
	[ani info]
		[filename]
			`Animation/GentMid.ani`
		[layer]
			`[middleback]`
		[order]
			`[below]`
	[/ani info]
[/background animation]

[town movable area]
	2	232	28	75	9	0
	784	338	96	23	6	0
	1980	210	30	121	6	3
	1112	145	97	21	6	4
[/town movable area]

[virtual movable area]
	17	210	1978	121
	784	299	95	55
	1111	158	99	54
[/virtual movable area]

[sound]
	`M_SKYSTAIR`
	`AMB_TOWN_03`
[/sound]

[animation]
	`Animation/GateDown.ani`	`[close]`	835	357	0
	`Animation/GateDownLight.ani`	`[close]`	835	356	0
	`Animation/HeavenBattleGateLight.ani`	`[normal]`	1951	63	0
	`Animation/Gent_WorkShopSign.ani`	`[normal]`	835	99	0
	`Animation/Pinetree.ani`	`[normal]`	152	153	0
	`Animation/RoadGuide.ani`	`[normal]`	627	207	0
	`Animation/RoadGuide.ani`	`[normal]`	403	207	0
	`Animation/RoadGuide.ani`	`[normal]`	1711	207	0
	`Animation/RoadGuide.ani`	`[normal]`	1487	207	0
	`Animation/Npc_HaitaiSmoke.ani`	`[closeback]`	493	154	0
	`Animation/Lowwall.ani`	`[closeback]`	896	140	0
	`Animation/Lowwall.ani`	`[closeback]`	0	140	0
	`Animation/Lowwall.ani`	`[closeback]`	224	140	0
	`Animation/Lowwall.ani`	`[closeback]`	1120	140	0
	`Animation/Lowwall.ani`	`[closeback]`	1344	140	0
	`Animation/Lowwall.ani`	`[closeback]`	448	140	0
	`Animation/Lowwall.ani`	`[closeback]`	672	140	0
	`Animation/Lowwall.ani`	`[closeback]`	1568	141	0
	`Animation/Lowwall.ani`	`[closeback]`	1792	141	0
	`Animation/HeavenBattleGate.ani`	`[closeback]`	1875	146	0
	`Animation/Armory.ani`	`[closeback]`	514	116	0
	`Animation/GeneralShop.ani`	`[closeback]`	1607	71	0
	`Animation/Seriagate.ani`	`[closeback]`	1159	135	0
	`../Elvengard/Animation/SeriaLight01.ani`	`[closeback]`	1156	165	0
	`../Elvengard/Animation/SeriaLight00.ani`	`[closeback]`	1156	165	0
[/animation]

[NPC]
	58	`[right]`	1593	190	0
	59	`[right]`	528	202	0
[/NPC]

[map name]
	`PVP 无名`
