#PVF_File

[player number]
	2	8

[pvp start area]
	0	0	0	0
	0	0	0	0
	0	0	0	0

[dungeon]
	8
[/dungeon]

[type]
	`[normal]`

[greed]
	`DD BB`

[tile]
	`Tile/ForestOver.til`
	`Tile/ForestOverUnder.til`
	`Tile/ForestUnderOver.til`
	`Tile/ForestOver.til`
	`Tile/ForestOver.til`
	`Tile/ForestOver.til`
	`Tile/ForestOver.til`
[/tile]

[far sight scroll]
	56

[middle sight scroll]
	90

[near sight scroll]
	110

[background animation]
	[ani info]
		[filename]
			`Animation/far0.ani`
		[layer]
			`[distantback]`
		[order]
			`[below]`
	[/ani info]
	[ani info]
		[filename]
			`Animation/mid0.ani`
		[layer]
			`[middleback]`
		[order]
			`[below]`
	[/ani info]
	[ani info]
		[filename]
			`../CommonAnimation/FireCurtain.ani`
		[layer]
			`[close]`
		[order]
			`[upper]`
	[/ani info]
[/background animation]

[pathgate pos]
	12	254	1554	237	278	142	809	348

[sound]
	`M_GRAKKARAK`
	`AMB_FOREST_03`
[/sound]

[animation]
	`Animation/BurntTree4.ani`	`[close]`	409	402	0
	`Animation/BurntTree4.ani`	`[close]`	1495	388	0
	`Animation/Stone1.ani`	`[normal]`	333	312	0
	`Animation/Stone0.ani`	`[normal]`	1003	277	0
	`Animation/Stone1.ani`	`[normal]`	1322	256	0
	`Animation/Stone1.ani`	`[normal]`	1130	251	0
	`Animation/Stone1.ani`	`[normal]`	852	248	0
	`Animation/Stone0.ani`	`[normal]`	406	207	0
	`Animation/Stone0.ani`	`[bottom]`	893	229	0
	`Animation/Stone0.ani`	`[bottom]`	1188	317	0
	`Animation/Stone0.ani`	`[bottom]`	752	283	0
	`Animation/BurntTree6.ani`	`[closeback]`	1122	136	0
	`Animation/BurntTree1.ani`	`[closeback]`	1283	138	0
	`Animation/BurntTree6.ani`	`[closeback]`	447	176	0
[/animation]

[passive object]
	7	200	260	540
	303	826	114	0
	303	528	124	0
	231	974	131	0
	303	7	131	0
	231	1015	133	0
	221	1174	142	0
	303	804	147	0
	231	95	149	0
	231	60	167	0
	221	1175	195	0
	221	1176	249	0
	221	1178	302	0
	221	1179	355	0
[/passive object]

[monster]
	12	0	14	590	169	0	1	1	`[fixed]`	`[normal]`
	7	0	15	822	209	0	1	1	`[fixed]`	`[normal]`
	5002	0	15	258	215	0	1	1	`[fixed]`	`[normal]`
	4	0	6	699	233	0	1	1	`[fixed]`	`[normal]`
	5003	0	15	1337	234	0	1	1	`[fixed]`	`[normal]`
	13	0	14	1047	248	0	1	1	`[fixed]`	`[normal]`
	5002	0	15	228	271	0	1	1	`[fixed]`	`[normal]`
	7	0	15	800	313	0	1	1	`[fixed]`	`[normal]`
[/monster]

[monster specific AI]
	`[normal]`
	`[normal]`
	`[normal]`
	`[normal]`
	`[normal]`
	`[normal]`
	`[normal]`
	`[normal]`
[/monster specific AI]

[special passive object]
	231	937	136	0	1
	`[item]`	0	1	-1	-1	-1
	222	756	139	0	1
	`[trap]`	40002	160	3	10	-1
	231	57	183	0	1
	`[item]`	0	1	-1	-1	-1
	221	426	200	0	1
	`[item]`	1	-1	1	-1	-1
	221	425	254	0	1
	`[monster]`	3	6	5	10	-1
	221	423	308	0	1
	`[monster]`	3	6	5	10	-1
	221	419	360	0	1
	`[item]`	1	-1	1	-1	-1	
[/special passive object]

[event monster position]
	234	184	0
	176	300	0
	603	307	0
	752	265	0
[/event monster position]

[map name]
	`PVP 无名`
