#PVF_File

[player number]
	2	8

[pvp start area]
	0	0	0	0
	0	0	0	0
	0	0	0	0

[dungeon]
	8
[/dungeon]

[type]
	`[normal]`

[greed]
	`HH EE`

[tile]
	`Tile/ForestOver.til`
	`Tile/ForestOver.til`
	`Tile/ForestOver.til`
	`Tile/ForestOver.til`
	`Tile/ForestOver.til`
	`Tile/ForestOver.til`
	`Tile/ForestOver.til`
	`Tile/ForestOver.til`
[/tile]

[far sight scroll]
	56

[middle sight scroll]
	90

[near sight scroll]
	110

[background animation]
	[ani info]
		[filename]
			`Animation/far0.ani`
		[layer]
			`[distantback]`
		[order]
			`[below]`
	[/ani info]
	[ani info]
		[filename]
			`Animation/mid0.ani`
		[layer]
			`[middleback]`
		[order]
			`[below]`
	[/ani info]
	[ani info]
		[filename]
			`../CommonAnimation/FireCurtain.ani`
		[layer]
			`[close]`
		[order]
			`[upper]`
	[/ani info]
[/background animation]

[pathgate pos]
	11	241	1777	242	896	144	896	348

[sound]
	`M_GRAKKARAK`
	`AMB_FOREST_03`
[/sound]

[animation]
	`Animation/Stone0.ani`	`[normal]`	380	315	0
	`Animation/Stone1.ani`	`[normal]`	1351	306	0
	`Animation/Stone0.ani`	`[normal]`	590	295	0
	`Animation/Stone0.ani`	`[normal]`	260	288	0
	`Animation/Stone0.ani`	`[normal]`	929	266	0
	`Animation/Stone1.ani`	`[normal]`	425	223	0
	`Animation/Stone1.ani`	`[normal]`	1026	183	0
	`Animation/Stone0.ani`	`[normal]`	717	204	0
	`Animation/Stone0.ani`	`[normal]`	300	179	0
	`Animation/DeadTree1.ani`	`[normal]`	640	133	0
	`Animation/DeadTree1.ani`	`[normal]`	1386	132	0
	`Animation/DeadTree0.ani`	`[normal]`	332	131	0
	`Animation/DeadTree0.ani`	`[normal]`	1093	130	0
	`Animation/Stone0.ani`	`[bottom]`	1245	332	0
	`Animation/Stone0.ani`	`[bottom]`	1097	241	0
	`Animation/Stone0.ani`	`[bottom]`	1163	176	0
	`Animation/Stone0.ani`	`[bottom]`	492	246	0
	`Animation/Stone1.ani`	`[bottom]`	1449	232	0
[/animation]

[passive object]
	7	200	260	540
	231	742	133	0
	302	1367	154	0
	222	1182	161	0
	222	1103	162	0
	221	675	186	0
	221	1258	187	0
	221	1267	340	0
	231	1413	342	0
	221	674	344	0
	302	1459	352	0
	302	158	352	0
	302	532	352	0
[/passive object]

[monster]
	7	0	16	866	182	0	1	1	`[fixed]`	`[normal]`
	5002	0	16	1405	229	0	1	1	`[fixed]`	`[normal]`
	14	0	17	1010	237	0	1	1	`[fixed]`	`[normal]`
	7	0	16	696	242	0	1	1	`[fixed]`	`[normal]`
	5003	0	16	1191	268	0	1	1	`[fixed]`	`[normal]`
	7	0	16	864	301	0	1	1	`[fixed]`	`[normal]`
[/monster]

[monster specific AI]
	`[normal]`
	`[normal]`
	`[normal]`
	`[normal]`
	`[normal]`
	`[normal]`
[/monster specific AI]

[special passive object]
	231	1035	138	0	1
	`[item]`	0	1	-1	-1	-1
	231	1406	142	0	1
	`[item]`	0	1	-1	-1	-1
	221	469	147	0	1
	`[monster]`	4	6	5	10	-1
	221	387	186	0	1
	`[monster]`	4	6	5	10	-1
	221	752	200	0	1
	`[trap]`	2500	1	3	10	-1
	221	1290	238	0	1
	`[trap]`	2201	1	3	10	-1
	221	1304	285	0	1
	`[trap]`	2201	1	3	10	-1
	221	398	324	0	1
	`[monster]`	4	6	5	10	-1
	221	757	327	0	1
	`[trap]`	2600	1	3	10	-1
	222	1172	335	0	1
	`[item]`	1	-1	2	-1	-1
	222	1101	340	0	1
	`[trap]`	40002	160	3	10	-1
	221	478	352	0	1
	`[monster]`	4	6	5	10	-1	
[/special passive object]

[event monster position]
	517	226	0
	888	230	0
	301	198	0
	299	282	0
[/event monster position]

[map name]
	`PVP 无名`
