#PVF_File

[player number]
	2	8

[pvp start area]
	0	0	0	0
	0	0	0	0
	0	0	0	0

[dungeon]
	8
[/dungeon]

[type]
	`[normal]`

[greed]
	`OO CC`

[tile]
	`Tile/ForestOver.til`
	`Tile/ForestOver.til`
	`Tile/ForestOver.til`
	`Tile/ForestOver.til`
	`Tile/ForestOver.til`
	`Tile/ForestOver.til`
[/tile]

[far sight scroll]
	56

[middle sight scroll]
	90

[near sight scroll]
	110

[background animation]
	[ani info]
		[filename]
			`Animation/far0.ani`
		[layer]
			`[distantback]`
		[order]
			`[below]`
	[/ani info]
	[ani info]
		[filename]
			`Animation/mid0.ani`
		[layer]
			`[middleback]`
		[order]
			`[below]`
	[/ani info]
	[ani info]
		[filename]
			`../CommonAnimation/FireCurtain.ani`
		[layer]
			`[close]`
		[order]
			`[upper]`
	[/ani info]
[/background animation]

[pathgate pos]
	12	237	1329	238	1075	138	258	350

[sound]
	`M_GRAKKARAK`
	`AMB_FOREST_03`
[/sound]

[animation]
	`Animation/Stone0.ani`	`[normal]`	789	332	0
	`Animation/Stone0.ani`	`[normal]`	421	243	0
	`Animation/Stone0.ani`	`[bottom]`	794	215	0
	`Animation/Stone0.ani`	`[bottom]`	1058	307	0
	`Animation/StonePillar1.ani`	`[closeback]`	429	132	0
	`Animation/StonePillar1.ani`	`[closeback]`	688	126	0
	`Animation/StonePillar1.ani`	`[closeback]`	890	122	0
[/animation]

[passive object]
	7	200	260	540
	231	1282	133	0
	221	1328	145	0
	231	513	145	0
	231	328	148	0
	231	284	148	0
	221	1286	172	0
	221	482	195	0
	221	1017	292	0
	221	545	310	0
	306	959	335	0
	302	602	349	0
[/passive object]

[monster]
	4	0	6	766	174	0	1	1	`[fixed]`	`[normal]`
	13	0	14	426	197	0	1	1	`[fixed]`	`[normal]`
	4	0	6	694	240	0	1	1	`[fixed]`	`[normal]`
	13	0	14	331	306	0	1	1	`[fixed]`	`[normal]`
	7	1	0	672	314	0	1	1	`[fixed]`	`[normal]`
	4	0	6	744	335	0	1	1	`[fixed]`	`[normal]`
	11	0	7	484	340	0	1	1	`[fixed]`	`[normal]`
[/monster]

[monster specific AI]
	`[normal]`
	`[normal]`
	`[normal]`
	`[normal]`
	`[normal]`
	`[normal]`
	`[normal]`
[/monster specific AI]

[special passive object]
	231	1237	132	0	1
	`[item]`	0	1	-1	-1	-1
	231	556	144	0	1
	`[item]`	0	1	-1	-1	-1
	221	509	252	0	1
	`[item]`	0	-1	1	-1	-1
	221	1045	337	0	1
	`[monster]`	4	6	5	10	-1	
[/special passive object]

[event monster position]
	621	176	0
	624	250	0
	953	239	0
	306	194	0
[/event monster position]

[map name]
	`PVP 无名`
