#PVF_File

[player number]
	2	8

[pvp start area]
	0	0	0	0
	0	0	0	0
	0	0	0	0

[dungeon]
	8
[/dungeon]

[type]
	`[normal]`

[greed]
	`II II`

[tile]
	`Tile/ForestOver.til`
	`Tile/ForestOverUnder.til`
	`Tile/ForestUnder.til`
	`Tile/ForestUnderOver.til`
	`Tile/ForestOver.til`
	`Tile/ForestOver.til`
[/tile]

[far sight scroll]
	56

[middle sight scroll]
	90

[near sight scroll]
	110

[background animation]
	[ani info]
		[filename]
			`Animation/far0.ani`
		[layer]
			`[distantback]`
		[order]
			`[below]`
	[/ani info]
	[ani info]
		[filename]
			`Animation/mid0.ani`
		[layer]
			`[middleback]`
		[order]
			`[below]`
	[/ani info]
	[ani info]
		[filename]
			`../CommonAnimation/FireCurtain.ani`
		[layer]
			`[close]`
		[order]
			`[upper]`
	[/ani info]
[/background animation]

[pathgate pos]
	12	242	1330	244	566	158	1064	348

[sound]
	`M_GRAKKARAK`
	`AMB_FOREST_03`
[/sound]

[animation]
	`Animation/BurntTree4.ani`	`[close]`	1215	152	0
	`Animation/BurntTree4.ani`	`[close]`	460	395	0
	`Animation/DeadTree1.ani`	`[close]`	687	471	0
	`Animation/Stone1.ani`	`[normal]`	956	313	0
	`Animation/Stone0.ani`	`[normal]`	895	293	0
	`Animation/Stone1.ani`	`[normal]`	843	184	0
	`Animation/Stone0.ani`	`[bottom]`	366	228	0
	`Animation/Stone1.ani`	`[bottom]`	488	207	0
	`Animation/BurntTree6.ani`	`[closeback]`	317	155	0
	`Animation/BurntTree0.ani`	`[closeback]`	436	153	0
	`Animation/BurntTree1.ani`	`[closeback]`	811	141	0
	`Animation/BurntTree2.ani`	`[closeback]`	682	157	0
	`Animation/BurntTree2.ani`	`[closeback]`	559	167	0
	`Animation/BurntTree2.ani`	`[closeback]`	937	140	0
[/animation]

[passive object]
	7	200	260	540
	231	490	174	0
	302	610	184	0
	221	881	261	0
	302	850	333	0
	231	511	358	0
[/passive object]

[monster]
	4	0	6	757	190	0	1	1	`[fixed]`	`[normal]`
	4	0	6	707	245	0	1	1	`[fixed]`	`[normal]`
	4	0	6	576	258	0	1	1	`[fixed]`	`[normal]`
	13	0	14	181	261	0	1	1	`[fixed]`	`[normal]`
	13	0	14	400	275	0	1	1	`[fixed]`	`[normal]`
	4	0	6	675	316	0	1	1	`[fixed]`	`[normal]`
[/monster]

[monster specific AI]
	`[normal]`
	`[normal]`
	`[normal]`
	`[normal]`
	`[normal]`
	`[normal]`
[/monster specific AI]

[special passive object]
	231	232	135	0	1
	`[item]`	0	1	-1	-1	-1
	231	856	152	0	1
	`[item]`	0	1	-1	-1	-1
	221	914	199	0	1
	`[item]`	1	-1	1	-1	-1
	221	840	308	0	1
	`[monster]`	4	6	5	10	-1	
[/special passive object]

[event monster position]
	306	194	0
	537	241	0
	1000	188	0
	661	243	0
[/event monster position]

[map name]
	`PVP 无名`
