#PVF_File

[player number]
	2	8

[pvp start area]
	0	0	0	0
	0	0	0	0
	0	0	0	0

[dungeon]
	8
[/dungeon]

[type]
	`[normal]`

[greed]
	`MM EE`

[tile]
	`Tile/ForestOver.til`
	`Tile/ForestOver.til`
	`Tile/ForestOver.til`
	`Tile/ForestOver.til`
	`Tile/ForestOver.til`
	`Tile/ForestOver.til`
	`Tile/ForestOver.til`
	`Tile/ForestOver.til`
[/tile]

[far sight scroll]
	56

[middle sight scroll]
	90

[near sight scroll]
	110

[background animation]
	[ani info]
		[filename]
			`Animation/far0.ani`
		[layer]
			`[distantback]`
		[order]
			`[below]`
	[/ani info]
	[ani info]
		[filename]
			`Animation/mid0.ani`
		[layer]
			`[middleback]`
		[order]
			`[below]`
	[/ani info]
	[ani info]
		[filename]
			`../CommonAnimation/FireCurtain.ani`
		[layer]
			`[close]`
		[order]
			`[upper]`
	[/ani info]
[/background animation]

[pathgate pos]
	11	241	1777	242	896	144	896	348

[sound]
	`M_GRAKKARAK`
	`AMB_FOREST_03`
[/sound]

[animation]
	`Animation/Stone0.ani`	`[normal]`	380	315	0
	`Animation/Stone0.ani`	`[normal]`	929	267	0
	`Animation/Stone1.ani`	`[normal]`	412	264	0
	`Animation/Stone1.ani`	`[normal]`	1206	258	0
	`Animation/Stone1.ani`	`[normal]`	1449	232	0
	`Animation/Stone1.ani`	`[normal]`	986	195	0
	`Animation/Stone0.ani`	`[normal]`	300	179	0
	`Animation/DeadTree1.ani`	`[normal]`	640	133	0
	`Animation/DeadTree1.ani`	`[normal]`	1386	132	0
	`Animation/DeadTree0.ani`	`[normal]`	332	131	0
	`Animation/DeadTree0.ani`	`[normal]`	1093	130	0
	`Animation/Stone0.ani`	`[bottom]`	543	342	0
	`Animation/Stone0.ani`	`[bottom]`	717	204	0
	`Animation/Stone0.ani`	`[bottom]`	1245	332	0
	`Animation/Stone0.ani`	`[bottom]`	1097	241	0
	`Animation/Stone0.ani`	`[bottom]`	1123	177	0
	`Animation/Stone0.ani`	`[bottom]`	492	246	0
	`Animation/Stone0.ani`	`[bottom]`	493	181	0
[/animation]

[passive object]
	7	200	260	540
	231	847	154	0
	221	634	159	0
	221	696	159	0
	221	756	159	0
	221	1250	177	0
	221	1303	177	0
	302	364	248	0
	301	1058	275	0
	221	516	298	0
	221	1309	302	0
	306	591	304	0
	231	687	310	0
	302	1154	320	0
	222	659	336	0
	222	501	340	0
	222	579	340	0
	231	440	351	0
	302	1195	353	0
	221	1254	354	0
	221	1316	354	0
[/passive object]

[monster]
	5002	0	16	1096	172	0	1	1	`[fixed]`	`[normal]`
	14	0	17	1441	182	0	1	1	`[fixed]`	`[normal]`
	5002	0	16	1017	184	0	1	1	`[fixed]`	`[normal]`
	13	0	14	580	206	0	1	1	`[fixed]`	`[normal]`
	14	0	16	703	209	0	1	1	`[fixed]`	`[normal]`
	12	0	14	814	232	0	1	1	`[fixed]`	`[normal]`
	14	0	16	1529	317	0	1	1	`[fixed]`	`[normal]`
	5002	0	16	915	325	0	1	1	`[fixed]`	`[normal]`
[/monster]

[monster specific AI]
	`[normal]`
	`[normal]`
	`[normal]`
	`[normal]`
	`[normal]`
	`[normal]`
	`[normal]`
	`[normal]`
[/monster specific AI]

[special passive object]
	222	1137	140	0	1
	`[trap]`	40002	30	3	10	-1
	222	989	146	0	1
	`[item]`	1	-1	2	-1	-1
	231	805	154	0	1
	`[item]`	0	1	-1	-1	-1
	221	1308	236	0	1
	`[monster]`	11	7	4	10	-1
	221	1250	238	0	1
	`[trap]`	2201	1	3	10	-1
	221	1254	293	0	1
	`[trap]`	2300	1	3	10	-1
	231	729	308	0	1
	`[item]`	0	1	-1	-1	-1
	221	463	321	0	1
	`[monster]`	11	7	4	10	-1	
[/special passive object]

[event monster position]
	257	171	0
	262	321	0
	260	261	0
	427	185	0
[/event monster position]

[map name]
	`PVP 无名`
