#PVF_File

[player number]
	2	8

[pvp start area]
	0	0	0	0
	0	0	0	0
	0	0	0	0

[dungeon]
	50
[/dungeon]

[greed]
	`KK CC`

[type]
	`[normal]`

[tile]
	`Tile/attile.til`
	`Tile/attile.til`
	`Tile/attile.til`
	`Tile/attile.til`
	`Tile/attile.til`
	`Tile/attile.til`
[/tile]

[far sight scroll]
	56

[middle sight scroll]
	90

[near sight scroll]
	110

[background animation]
	[ani info]
		[filename]
			`Animation/atfar.ani`
		[layer]
			`[distantback]`
		[order]
			`[below]`
	[/ani info]
	[ani info]
		[filename]
			`Animation/atmid.ani`
		[layer]
			`[middleback]`
		[order]
			`[below]`
	[/ani info]
	[ani info]
		[filename]
			`../CommonAnimation/fogMild.ani`
		[layer]
			`[close]`
		[order]
			`[upper]`
	[/ani info]
[/background animation]

[sound]
	`M_THIEF`
	`AMB_TOWN_01`
[/sound]

[pathgate pos]
	15	370	1553	339	558	157	771	349

[animation]
	`Animation/ghost3.ani`	`[normal]`	338	375	0
	`Animation/ghost2.ani`	`[normal]`	236	105	0
	`Animation/ghost1.ani`	`[normal]`	1154	151	0
	`Animation/dust1.ani`	`[bottom]`	374	320	0
	`Animation/stones1.ani`	`[bottom]`	263	291	0
	`Animation/stones3.ani`	`[bottom]`	314	296	0
	`Animation/dust1.ani`	`[bottom]`	904	346	0
	`Animation/dust1.ani`	`[bottom]`	1157	327	0
	`Animation/dust2.ani`	`[bottom]`	167	297	0
	`Animation/dust2.ani`	`[bottom]`	329	346	0
	`Animation/dust2.ani`	`[bottom]`	822	304	0
	`Animation/dust2.ani`	`[bottom]`	954	286	0
	`Animation/dust2.ani`	`[bottom]`	1129	252	0
	`Animation/dust2.ani`	`[bottom]`	1412	429	0
	`Animation/stones1.ani`	`[bottom]`	1012	309	0
	`Animation/stones3.ani`	`[bottom]`	475	355	0
	`Animation/stones3.ani`	`[bottom]`	805	287	0
	`Animation/stones3.ani`	`[bottom]`	1262	270	0
	`Animation/stones3.ani`	`[bottom]`	1078	338	0
	`Animation/BigDust.ani`	`[bottom]`	562	303	0
	`Animation/BigDust.ani`	`[bottom]`	1328	308	0
	`Animation/stones1.ani`	`[bottom]`	1439	356	0
	`Animation/BigDust.ani`	`[bottom]`	166	359	0
	`Animation/house6.ani`	`[closeback]`	163	162	0
	`Animation/wallhouse3.ani`	`[closeback]`	977	161	0
	`Animation/house5.ani`	`[closeback]`	780	166	0
	`Animation/house3.ani`	`[closeback]`	355	170	0
	`Animation/wallhouse2.ani`	`[closeback]`	1406	162	0
[/animation]

[passive object]
	905	65	185	0
	854	1290	255	0
	858	58	258	0
	858	1201	265	0
	906	1076	271	0
	853	169	276	0
	906	61	342	0
[/passive object]

[monster]
	1070	1	0	843	179	0	1	1	`[fixed]`	`[normal]`
	1070	1	0	496	200	0	1	1	`[fixed]`	`[normal]`
	1071	1	0	347	203	0	1	1	`[fixed]`	`[normal]`
	1071	1	0	646	219	0	1	1	`[fixed]`	`[normal]`
	1070	1	0	898	231	0	1	1	`[fixed]`	`[normal]`
	1070	1	0	523	239	0	1	1	`[fixed]`	`[normal]`
	1071	1	0	386	247	0	1	1	`[fixed]`	`[normal]`
	1071	1	0	679	251	0	1	1	`[fixed]`	`[normal]`
	1071	1	0	704	287	0	1	1	`[fixed]`	`[normal]`
	1070	1	0	923	292	0	1	1	`[fixed]`	`[normal]`
	1070	1	0	563	293	0	1	1	`[fixed]`	`[normal]`
	1071	1	0	735	329	0	1	1	`[fixed]`	`[normal]`
	1070	1	0	588	333	0	1	1	`[fixed]`	`[normal]`
	1071	1	0	409	342	0	1	1	`[fixed]`	`[normal]`
	1071	1	0	369	298	0	1	1	`[fixed]`	`[normal]`
	1070	1	0	940	348	0	1	1	`[fixed]`	`[normal]`
[/monster]

[monster specific AI]
	`[normal]`
	`[normal]`
	`[normal]`
	`[normal]`
	`[normal]`
	`[normal]`
	`[normal]`
	`[normal]`
	`[normal]`
	`[normal]`
	`[normal]`
	`[normal]`
	`[normal]`
	`[normal]`
	`[normal]`
	`[normal]`
[/monster specific AI]

[event monster position]
	240	263	0
	229	200	0
	246	329	0
	478	273	0
[/event monster position]

[map name]
	`PVP 无名`
