#PVF_File

[background pos]
	80

[player number]
	2	8

[pvp start area]
	750	301	562	96
	632	305	74	112
	1597	289	80	113

[pvp practice start area]
	1413	230	89	217	1860	231	91	216

[type]
	`[normal]`

[tile]
	`Tile/SloughTile.til`
	`Tile/SloughTile.til`
	`Tile/SloughTile.til`
	`Tile/SloughTile.til`
	`Tile/SloughTile.til`
	`Tile/SloughTile.til`
	`Tile/SloughTile.til`
	`Tile/SloughTile.til`
	`Tile/SloughTile.til`
[/tile]

[far sight scroll]
	50

[middle sight scroll]
	90

[background animation]
	[ani info]
		[filename]
			`Animation/SloughFar_1.ani`
		[layer]
			`[distantback]`
		[order]
			`[below]`
	[/ani info]
	[ani info]
		[filename]
			`Animation/SloughMid.ani`
		[layer]
			`[middleback]`
		[order]
			`[below]`
	[/ani info]
[/background animation]

[town movable area]
	185	317	107	31	14	0
	1979	209	29	142	14	2
[/town movable area]

[virtual movable area]
	46	216	1321	75
	1364	216	629	130
	530	286	23	36
	164	285	96	40
	585	319	780	27
	552	287	813	40
[/virtual movable area]

[sound]
	`M_SLOUGH_INDUSTRIAL`
	`AMB_POWERSTATION_GRANDINE`
[/sound]

[animation]
	`Animation/elevator_down.ani`	`[normal]`	224	352	0
	`Animation/elevator_lamp02.ani`	`[normal]`	224	352	0
	`Animation/elevator_down_bottom.ani`	`[bottom]`	224	352	0
	`Animation/bottom_iron_door.ani`	`[bottom]`	709	276	0
	`Animation/bottom_iron_door.ani`	`[bottom]`	217	207	0
	`Animation/bottom_iron_door.ani`	`[bottom]`	1943	184	0
	`Animation/bottom_iron_door.ani`	`[bottom]`	1415	280	0
	`Animation/bottom_iron_door.ani`	`[bottom]`	887	242	0
	`Animation/bottom_stain.ani`	`[bottom]`	1593	368	0
	`Animation/bottom_stain.ani`	`[bottom]`	1435	355	0
	`Animation/bottom_stain.ani`	`[bottom]`	1258	319	0
	`Animation/bottom_stain.ani`	`[bottom]`	1790	297	0
	`Animation/bottom_stain.ani`	`[bottom]`	1953	364	0
	`Animation/bottom_stain.ani`	`[bottom]`	1414	218	0
	`Animation/bottom_stain.ani`	`[bottom]`	1071	313	0
	`Animation/bottom_stain.ani`	`[bottom]`	632	220	0
	`Animation/bottom_stain.ani`	`[bottom]`	181	248	0
	`Animation/bottom_stain.ani`	`[bottom]`	438	280	0
	`Animation/bottom_stain.ani`	`[bottom]`	889	302	0
	`Animation/bottom_stain.ani`	`[bottom]`	9	222	0
	`Animation/bottom_stain.ani`	`[bottom]`	183	315	0
	`Animation/bottom_stain.ani`	`[bottom]`	634	324	0
	`Animation/rail.ani`	`[closeback]`	34	155	0
	`Animation/rail.ani`	`[closeback]`	258	155	0
	`Animation/rail.ani`	`[closeback]`	482	155	0
	`Animation/rail.ani`	`[closeback]`	706	155	0
	`Animation/rail.ani`	`[closeback]`	930	155	0
	`Animation/rail.ani`	`[closeback]`	1154	155	0
	`Animation/rail.ani`	`[closeback]`	1378	155	0
	`Animation/rail.ani`	`[closeback]`	1602	155	0
	`Animation/rail.ani`	`[closeback]`	1826	155	0
	`Animation/rail.ani`	`[closeback]`	2050	155	0
	`Animation/barracks.ani`	`[closeback]`	522	190	0
	`Animation/communication01.ani`	`[closeback]`	1089	203	0
	`Animation/communication_lamp01.ani`	`[closeback]`	1089	203	0
	`Animation/communication02.ani`	`[closeback]`	914	210	0
	`Animation/robot_factory.ani`	`[closeback]`	1540	201	0
	`Animation/dungeon_sign.ani`	`[closeback]`	1861	193	0
	`Animation/street_sign02.ani`	`[closeback]`	100	179	0
	`Animation/streetlamp02.ani`	`[closeback]`	1244	187	0
	`Animation/street_sign01.ani`	`[closeback]`	784	185	0
[/animation]

[NPC]
	76	`[right]`	537	210	0
	78	`[right]`	1037	210	0
	77	`[right]`	1490	210	0
[/NPC]

[map name]
	`PVP 无名`
