#PVF_File

[player number]
	2	8

[pvp start area]
	0	0	0	0
	0	0	0	0
	0	0	0	0

[dungeon]
	9
[/dungeon]

[type]
	`[boss]`

[greed]
	`II II`

[tile]
	`Tile/ForestOverf.til`
	`Tile/ForestOverf.til`
	`Tile/ForestOverf.til`
	`Tile/ForestOverf.til`
	`Tile/ForestOverf.til`
	`Tile/ForestOverf.til`
[/tile]

[far sight scroll]
	56

[middle sight scroll]
	90

[near sight scroll]
	110

[background animation]
	[ani info]
		[filename]
			`Animation/far0f.ani`
		[layer]
			`[distantback]`
		[order]
			`[below]`
	[/ani info]
	[ani info]
		[filename]
			`Animation/mid1f.ani`
		[layer]
			`[middleback]`
		[order]
			`[below]`
	[/ani info]
[/background animation]

[pathgate pos]
	13	241	1327	240	672	144	1087	348

[sound]
	`M_MIRKWOOD_BOSS`
	`AMB_RAIN_02`
[/sound]

[animation]
	`Animation/DeadTree0f.ani`	`[close]`	521	506	0
	`Animation/BurntTree4f.ani`	`[close]`	756	427	0
	`Animation/Tree3f.ani`	`[closeback]`	546	151	0
	`Animation/Tree1f.ani`	`[closeback]`	272	150	0
	`Animation/BurntTree5f.ani`	`[closeback]`	400	131	0
	`Animation/BurntTree6f.ani`	`[closeback]`	923	132	0
[/animation]

[passive object]
	8	200	260	560
	9	200	260	0
	283	696	189	0
	283	620	194	0
	281	518	214	0
[/passive object]

[monster]
	5003	0	9	279	193	0	1	1	`[fixed]`	`[normal]`
	3	0	7	929	202	0	1	1	`[fixed]`	`[normal]`
	3	0	7	842	214	0	1	1	`[fixed]`	`[normal]`
	5003	0	9	370	227	0	1	1	`[fixed]`	`[normal]`
	3	0	7	743	267	0	1	1	`[fixed]`	`[normal]`
	3	0	7	624	282	0	1	1	`[fixed]`	`[normal]`
	3	0	7	804	291	0	1	1	`[fixed]`	`[normal]`
	21	1	0	325	318	0	2	1	`[fixed]`	`[boss]`
	14	1	0	498	319	0	1	1	`[fixed]`	`[normal]`
	3	0	7	762	338	0	1	1	`[fixed]`	`[normal]`
[/monster]

[monster specific AI]
	`[normal]`
	`[normal]`
	`[normal]`
	`[normal]`
	`[normal]`
	`[normal]`
	`[normal]`
	`[normal]`
	`[normal]`
	`[normal]`
[/monster specific AI]

[special passive object]
	221	553	187	0	2
	`[trap]`	2501	1	3	5	-1
	`[trap]`	2201	1	2	2	-1	
[/special passive object]

[NPC]
	1000	`[left]`	0	0	0
[/NPC]

[event monster position]
	246	246	0
	373	288	0
	260	320	0
	692	276	0
[/event monster position]

[map name]
	`PVP 无名`
