#PVF_File

[player number]
	2	8

[pvp start area]
	0	0	0	0
	0	0	0	0
	0	0	0	0

[dungeon]
	9
[/dungeon]

[type]
	`[normal]`

[greed]
	`GG CC`

[tile]
	`Tile/ForestOverf.til`
	`Tile/ForestOverf.til`
	`Tile/ForestOverf.til`
	`Tile/ForestOverf.til`
	`Tile/ForestOverf.til`
	`Tile/ForestOverf.til`
[/tile]

[far sight scroll]
	56

[middle sight scroll]
	90

[near sight scroll]
	110

[background animation]
	[ani info]
		[filename]
			`Animation/far0f.ani`
		[layer]
			`[distantback]`
		[order]
			`[below]`
	[/ani info]
	[ani info]
		[filename]
			`Animation/mid1f.ani`
		[layer]
			`[middleback]`
		[order]
			`[below]`
	[/ani info]
[/background animation]

[pathgate pos]
	13	246	1331	229	1000	143	672	348

[sound]
	`M_MIRKWOOD`
	`AMB_RAIN_02`
[/sound]

[animation]
	`Animation/Stone0f.ani`	`[normal]`	992	285	0
	`Animation/Stone1f.ani`	`[normal]`	1060	283	0
	`Animation/Stone1f.ani`	`[normal]`	936	273	0
	`Animation/Stone0f.ani`	`[normal]`	781	235	0
	`Animation/Grass0f.ani`	`[bottom]`	467	276	0
	`Animation/Tree2f.ani`	`[closeback]`	225	139	0
	`Animation/Stone1f.ani`	`[closeback]`	347	156	0
	`Animation/Tree2f.ani`	`[closeback]`	696	138	0
	`Animation/Tree4f.ani`	`[closeback]`	823	144	0
	`Animation/Tree4f.ani`	`[closeback]`	151	138	0
	`Animation/Tree2f.ani`	`[closeback]`	406	144	0
[/animation]

[passive object]
	8	200	260	560
	9	200	260	0
	286	475	166	0
	286	570	284	0
	286	763	340	0
[/passive object]

[monster]
	50003	1	0	622	194	0	1	1	`[fixed]`	`[normal]`
	5003	1	0	769	214	0	1	1	`[fixed]`	`[normal]`
	14	1	0	303	225	0	1	1	`[fixed]`	`[champion]`	0
	5003	1	0	897	313	0	1	1	`[fixed]`	`[normal]`
	5003	1	0	1053	340	0	1	1	`[fixed]`	`[normal]`
[/monster]

[monster specific AI]
	`[normal]`
	`[normal]`
	`[normal]`
	`[normal]`
	`[normal]`
[/monster specific AI]

[special passive object]
	1015	501	228	0	2
	`[monster]`	3	7	1	1	-1
	`[monster]`	3	7	1	1	-1
	221	868	241	0	1
	`[trap]`	48020	11	3	5	-1
	1015	653	318	0	2
	`[monster]`	3	7	1	1	-1
	`[monster]`	3	7	1	1	-1
	222	297	340	0	1
	`[item]`	1	-1	4	-1	-1
	221	547	340	0	1
	`[trap]`	2001	1	3	5	-1	
[/special passive object]

[event monster position]
	379	249	0
	439	300	0
	292	259	0
	698	183	0
[/event monster position]

[map name]
	`PVP 无名`
