#PVF_File

[player number]
	2	8

[pvp start area]
	0	0	0	0
	0	0	0	0
	0	0	0	0

[dungeon]
	1504
[/dungeon]

[type]
	`[normal]`

[greed]
	`FF FF`

[tile]
	`Tile/tile1.til`
	`Tile/tile2.til`
	`Tile/tile3.til`
	`Tile/tile4.til`
	`Tile/tile5.til`
	`Tile/tile1.til`
	`Tile/tile1.til`
	`Tile/tile1.til`
	`Tile/tile6.til`
	`Tile/tile7.til`
[/tile]

[pathgate pos]
	5	204	462	598	340	572	284	572

[dungeon start area]
	201	294	177	91

[sound]
	`M_PIRATE`
	`SEATRAIN_AMB`
	`SEAWAVE_AMB`
	`SEAGULL_AMB`
[/sound]

[animation]
	`Animation/closefog.ani`	`[close]`	2142	41	0
	`Animation/frontmachinery1.ani`	`[close]`	200	355	0
	`Animation/frontmachinery2.ani`	`[close]`	1330	354	0
	`Animation/frontmachinery2.ani`	`[close]`	1416	356	0
	`Animation/closefog.ani`	`[close]`	714	41	0
	`Animation/closefog.ani`	`[close]`	0	41	0
	`Animation/closefog.ani`	`[close]`	1428	41	0
	`Animation/knob.ani`	`[bottom]`	1651	172	0
	`Animation/knob.ani`	`[bottom]`	1761	173	0
	`Animation/knob.ani`	`[bottom]`	1109	303	0
	`Animation/knob.ani`	`[bottom]`	1207	303	0
	`Animation/knob.ani`	`[bottom]`	535	306	0
	`Animation/knob.ani`	`[bottom]`	441	306	0
	`Animation/knob.ani`	`[bottom]`	491	306	0
	`Animation/knob.ani`	`[bottom]`	1703	173	0
	`Animation/knob.ani`	`[bottom]`	1160	303	0
	`Animation/rail_web1.ani`	`[closeback]`	246	88	0
	`Animation/gaterail1.ani`	`[closeback]`	539	195	0
	`Animation/gaterail2.ani`	`[closeback]`	712	322	0
	`Animation/gaterail3.ani`	`[closeback]`	505	95	0
	`Animation/gaterail2.ani`	`[closeback]`	958	322	0
	`Animation/gaterail_web3.ani`	`[closeback]`	2099	241	0
	`Animation/gaterail_web1.ani`	`[closeback]`	580	253	0
	`Animation/rail_web3.ani`	`[closeback]`	734	308	0
	`Animation/rail_web2.ani`	`[closeback]`	636	91	0
	`Animation/rail_web3.ani`	`[closeback]`	395	138	0
	`Animation/rail_web1.ani`	`[closeback]`	708	89	0
	`Animation/rail_web2.ani`	`[closeback]`	642	267	0
	`Animation/gaterail_web2.ani`	`[closeback]`	886	260	0
	`Animation/rail_web2.ani`	`[closeback]`	615	131	0
	`Animation/rail_web1.ani`	`[closeback]`	1365	88	0
	`Animation/rail_web2.ani`	`[closeback]`	1574	90	0
	`Animation/farfog.ani`	`[middleback]`	0	-119	0
	`Animation/farfog.ani`	`[middleback]`	715	-119	0
	`Animation/farfog.ani`	`[middleback]`	1430	-119	0
	`Animation/farfog.ani`	`[middleback]`	2145	-119	0
[/animation]

[passive object]
	14026	1775	-49	0
	14026	378	-24	0
	725	-877	0	120
	14026	973	18	0
	14026	255	39	0
	14026	1506	61	0
	14006	900	114	0
	14010	1617	115	0
	14010	64	119	0
	14007	1058	122	0
	14001	796	128	0
	14005	1725	134	0
	14004	1797	148	0
	14024	1034	173	0
	14024	1481	173	0
	14024	139	173	0
	14008	301	207	0
	14008	1822	304	0
	14004	2124	311	0
[/passive object]

[monster]
	61486	1	0	1228	144	0	1	1	`[fixed]`	`[normal]`
	61488	1	0	1335	146	0	1	1	`[fixed]`	`[normal]`
	61491	1	0	1519	236	0	1	1	`[fixed]`	`[normal]`
	61489	1	0	1872	331	0	1	1	`[fixed]`	`[normal]`
	61487	1	0	1746	335	0	1	1	`[fixed]`	`[normal]`
[/monster]

[monster specific AI]
	`[normal]`
	`[normal]`
	`[normal]`
	`[normal]`
	`[normal]`
[/monster specific AI]

[special passive object]
	14013	1223	149	0	0
	14014	1333	150	0	0
	14002	1856	180	0	0
	14002	1911	208	0	0
	14012	1871	335	0	0
	14011	1738	337	0	0
	
[/special passive object]

[event monster position]
	197	178	0
	177	287	0
	982	188	0
	1109	292	0
[/event monster position]

[map name]
	`PVP 无名`
