#PVF_File

[player number]
	2	8

[pvp start area]
	0	0	0	0
	0	0	0	0
	0	0	0	0

[dungeon]
	5
[/dungeon]

[type]
	`[normal]`

[greed]
	`HH CC`

[tile]
	`Tile/ForestOver.til`
	`Tile/ForestOver.til`
	`Tile/ForestOver.til`
	`Tile/ForestOver.til`
	`Tile/ForestOver.til`
	`Tile/ForestOver.til`
	`Tile/ForestOver.til`
	`Tile/ForestOver.til`
[/tile]

[far sight scroll]
	56

[middle sight scroll]
	90

[near sight scroll]
	110

[background animation]
	[ani info]
		[filename]
			`Animation/far0.ani`
		[layer]
			`[distantback]`
		[order]
			`[below]`
	[/ani info]
	[ani info]
		[filename]
			`Animation/mid0.ani`
		[layer]
			`[middleback]`
		[order]
			`[below]`
	[/ani info]
	[ani info]
		[filename]
			`../CommonAnimation/fog.ani`
		[layer]
			`[close]`
		[order]
			`[upper]`
	[/ani info]
[/background animation]

[pathgate pos]
	17	241	1779	240	513	144	896	348

[sound]
	`M_SUNDERLAND`
	`AMB_FOREST_02`
[/sound]

[animation]
	`Animation/BurntTree5.ani`	`[close]`	1482	383	0
	`Animation/StonePillar1.ani`	`[close]`	1625	402	0
	`Animation/DeadTree0.ani`	`[close]`	606	502	0
	`Animation/DeadTree0.ani`	`[close]`	261	456	0
	`Animation/Stone0.ani`	`[normal]`	333	147	0
	`Animation/Stone0.ani`	`[normal]`	364	144	0
	`Animation/StoneTower2.ani`	`[normal]`	954	139	0
	`Animation/Stone0.ani`	`[normal]`	645	135	0
	`Animation/StoneTower0.ani`	`[normal]`	358	129	0
	`Animation/Grass1.ani`	`[bottom]`	1393	209	0
	`Animation/Grass1.ani`	`[bottom]`	1240	230	0
	`Animation/Grass2.ani`	`[bottom]`	583	245	0
	`Animation/BurntTree2.ani`	`[closeback]`	1144	122	0
	`Animation/StoneTower0.ani`	`[closeback]`	1532	130	0
	`Animation/smallTree1.ani`	`[closeback]`	305	132	0
	`Animation/StoneTower1.ani`	`[closeback]`	1356	134	0
	`Animation/Tree0.ani`	`[closeback]`	1473	117	0
	`Animation/Tree0.ani`	`[closeback]`	745	118	0
	`Animation/Tree3.ani`	`[closeback]`	1269	136	0
	`Animation/Tree3.ani`	`[closeback]`	1633	145	0
	`Animation/Tree3.ani`	`[closeback]`	901	130	0
[/animation]

[monster]
	1	0	4	1110	185	0	1	1	`[fixed]`	`[normal]`
	1	0	4	856	200	0	1	1	`[fixed]`	`[normal]`
	5	1	0	1296	205	0	1	1	`[fixed]`	`[normal]`
	13	1	0	1515	217	0	1	1	`[fixed]`	`[normal]`
	1	0	4	1347	234	0	1	1	`[fixed]`	`[normal]`
	8	1	0	943	237	0	1	1	`[fixed]`	`[normal]`
	8	1	0	376	258	0	1	1	`[fixed]`	`[normal]`
	5	1	0	728	302	0	1	1	`[fixed]`	`[normal]`
	8	1	0	1180	311	0	1	1	`[fixed]`	`[normal]`
	13	1	0	1318	311	0	1	1	`[fixed]`	`[normal]`
	1	0	4	478	316	0	1	1	`[fixed]`	`[normal]`
	13	1	0	1078	334	0	1	1	`[fixed]`	`[normal]`
[/monster]

[monster specific AI]
	`[normal]`
	`[normal]`
	`[normal]`
	`[normal]`
	`[normal]`
	`[normal]`
	`[normal]`
	`[normal]`
	`[normal]`
	`[normal]`
	`[normal]`
	`[normal]`
[/monster specific AI]

[special passive object]
	231	1177	159	0	1
	`[item]`	1	1	-1	-1	-1
	228	287	181	0	1
	`[item]`	0	2	-1	-1	-1
	231	1218	190	0	0
	221	730	211	0	2
	`[trap]`	48023	9	2	3	-1
	`[trap]`	2200	1	2	3	-1
	221	1029	252	0	0
	228	1443	281	0	1
	`[item]`	0	2	-1	-1	-1
	231	830	318	0	1
	`[item]`	1	1	-1	-1	-1
	221	651	326	0	2
	`[trap]`	2000	1	2	3	-1
	`[trap]`	48023	9	1	1	-1
	231	785	349	0	0
	
[/special passive object]

[event monster position]
	378	306	0
	286	209	0
	291	279	0
	335	224	0
[/event monster position]

[map name]
	`PVP 无名`
