#PVF_File

[player number]
	2	8

[pvp start area]
	0	0	0	0
	0	0	0	0
	0	0	0	0

[dungeon]
	5
[/dungeon]

[type]
	`[normal]`

[greed]
	`FF BB`

[tile]
	`Tile/ForestUnderOver.til`
	`Tile/ForestOver.til`
	`Tile/ForestOver.til`
	`Tile/ForestOverUnder.til`
	`Tile/ForestUnderOver.til`
	`Tile/ForestOverUnder.til`
	`Tile/ForestUnder.til`
[/tile]

[far sight scroll]
	56

[middle sight scroll]
	90

[near sight scroll]
	110

[background animation]
	[ani info]
		[filename]
			`Animation/far0.ani`
		[layer]
			`[distantback]`
		[order]
			`[below]`
	[/ani info]
	[ani info]
		[filename]
			`Animation/mid0.ani`
		[layer]
			`[middleback]`
		[order]
			`[below]`
	[/ani info]
	[ani info]
		[filename]
			`../CommonAnimation/fog.ani`
		[layer]
			`[close]`
		[order]
			`[upper]`
	[/ani info]
[/background animation]

[pathgate pos]
	16	216	1552	216	784	144	784	348

[sound]
	`M_SUNDERLAND`
	`AMB_FOREST_02`
[/sound]

[animation]
	`Animation/Grass1.ani`	`[bottom]`	500	215	0
	`Animation/Grass2.ani`	`[bottom]`	233	226	0
	`Animation/Grass2.ani`	`[bottom]`	740	294	0
	`Animation/Grass2.ani`	`[bottom]`	747	235	0
	`Animation/Grass2.ani`	`[bottom]`	225	295	0
	`Animation/BurntTree2.ani`	`[closeback]`	922	133	0
	`Animation/StoneTower2.ani`	`[closeback]`	311	134	0
	`Animation/smallTree1.ani`	`[closeback]`	693	132	0
	`Animation/StoneTower2.ani`	`[closeback]`	776	127	0
	`Animation/smallTree1.ani`	`[closeback]`	584	136	0
	`Animation/smallTree1.ani`	`[closeback]`	413	137	0
	`Animation/Tree1.ani`	`[closeback]`	515	133	0
	`Animation/Tree1.ani`	`[closeback]`	1276	127	0
	`Animation/Tree1.ani`	`[closeback]`	1130	117	0
	`Animation/Tree1.ani`	`[closeback]`	984	137	0
	`Animation/StoneTower2.ani`	`[closeback]`	793	153	0
	`Animation/StoneTower2.ani`	`[closeback]`	829	131	0
	`Animation/StoneTower2.ani`	`[closeback]`	641	133	0
	`Animation/StoneTower2.ani`	`[closeback]`	617	149	0
	`Animation/StoneTower2.ani`	`[closeback]`	1200	127	0
	`Animation/StoneTower2.ani`	`[closeback]`	1176	133	0
	`Animation/Tree1.ani`	`[closeback]`	221	130	0
[/animation]

[passive object]
	228	717	164	0
	292	559	207	0
	261	777	212	0
	261	722	233	0
	292	469	246	0
	261	799	250	0
	291	993	253	0
	261	664	303	0
	261	624	305	0
	231	1380	317	0
	231	1312	329	0
	231	1358	339	0
	292	513	340	0
	291	635	341	0
[/passive object]

[monster]
	5001	1	0	987	163	0	1	1	`[fixed]`	`[normal]`
	6	1	0	627	200	0	1	1	`[fixed]`	`[normal]`
	5	1	0	866	221	0	1	1	`[fixed]`	`[normal]`
	5003	1	0	549	256	0	1	1	`[fixed]`	`[normal]`
	8	1	0	742	275	0	1	1	`[fixed]`	`[normal]`
	3	0	6	342	276	0	1	1	`[fixed]`	`[normal]`
	10	1	0	930	316	0	1	1	`[fixed]`	`[normal]`
	5	1	0	1121	331	0	1	1	`[fixed]`	`[normal]`
[/monster]

[monster specific AI]
	`[normal]`
	`[normal]`
	`[normal]`
	`[normal]`
	`[normal]`
	`[normal]`
	`[normal]`
	`[normal]`
[/monster specific AI]

[event monster position]
	442	305	0
	384	175	0
	622	224	0
	859	266	0
[/event monster position]

[map name]
	`PVP 无名`
