#PVF_File

[player number]
	2	8

[pvp start area]
	0	0	0	0
	0	0	0	0
	0	0	0	0

[dungeon]
	205
[/dungeon]

[type]
	`[boss]`

[greed]
	`BB BB`

[tile]
	`Tile/tile.til`
	`Tile/tile.til`
	`Tile/tile.til`
	`Tile/tile.til`
	`Tile/tile.til`
[/tile]

[background animation]
	[ani info]
		[filename]
			`Animation/far.ani`
		[layer]
			`[distantback]`
		[order]
			`[below]`
	[/ani info]
	[ani info]
		[filename]
			`Animation/mid.ani`
		[layer]
			`[middleback]`
		[order]
			`[below]`
	[/ani info]
[/background animation]

[pathgate pos]
	619	775	1093	237	699	707	1019	690

[sound]
	`M_LESHPHON_BOSS`
	`AMB_RAIN_03`
[/sound]

[animation]
	`Animation/roadsign.ani`	`[normal]`	560	146	0
	`Animation/puddleS1.ani`	`[bottom]`	211	285	0
	`Animation/puddleS2.ani`	`[bottom]`	205	233	0
	`Animation/puddleS1.ani`	`[bottom]`	538	232	0
	`Animation/puddleS2.ani`	`[bottom]`	528	286	0
	`Animation/puddleS2.ani`	`[bottom]`	524	343	0
	`Animation/puddleS1.ani`	`[bottom]`	89	232	0
	`Animation/puddleS2.ani`	`[bottom]`	874	233	0
	`Animation/lowwall1.ani`	`[closeback]`	81	135	0
	`Animation/lowwall2.ani`	`[closeback]`	292	137	0
	`Animation/lowwall1.ani`	`[closeback]`	473	132	0
	`Animation/house3.ani`	`[closeback]`	782	136	0
	`Animation/house1.ani`	`[closeback]`	1011	133	0
	`Animation/Time_Fargear_up_eff.ani`	`[distantback]`	98	-191	0
	`Animation/Time_Fargear_up_D.ani`	`[distantback]`	163	-111	0
	`Animation/Time_Fargear_down_D.ani`	`[distantback]`	752	-55	0
[/animation]

[passive object]
	11062	398	144	0
	11064	275	148	0
	11062	53	149	0
	11091	962	294	0
	11075	811	411	0
	11075	210	422	0
	11075	961	428	0
	11091	345	320	0
	11057	0	260	100
	11057	640	260	100
	11060	0	0	0
	11060	640	0	0
	35122	92	207	0
[/passive object]

[monster]
	62254	1	3	122	251	0	2	2	`[fixed]`	`[boss]`
[/monster]

[monster specific AI]
	`[normal]`
[/monster specific AI]

[NPC]
	1000	`[left]`	0	0	0
[/NPC]

[event monster position]
	321	276	0
	281	276	0
	432	263	0
	467	265	0
[/event monster position]

[map name]
	`PVP 无名`
