#PVF_File

`fire`
0
`water`
1
`dark`
2
`light`
3
`none`
4
`near`
0
`far`
1
`physical`
0
`magical`
1
`absolute`
2
`critical`
0
`counter`
1
`backattack`
2
`stuck`
3
`human`
0
`beast`
1
`plant`
2
`insect`
3
`machine`
4
`hybrid`
5
`undead`
6
`devil`
7
`spirit`
8
`dragon`
9
`melee attack`
10
`range attack`
11
`negative`
12
`careful`
13
`rash`
14
`manace`
15
`armor human`
16
`armor fort`
17
`armor divine`
18
`goblin`
19
`tau`
20
`lugaru`
21
`fixture`
22
`slow`
0
`freeze`
1
`poison`
2
`stun`
3
`curse`
4
`blind`
5
`lightning`
6
`stone`
7
`sleep`
8
`burn`
9
`weapon break`
10
`bleeding`
11
`haste`
12
`bless`
13
`element`
14
`confuse`
15
`hold`
16
`armor break`
17
`any`
18
`all`
100
`stand`
0
`sit`
1
`sit forever`
2
`damage`
3
`down`
4
`die`
5
`jump`
6
`jump attack`
7
`attack`
8
`holding`
9
`throw`
10
`dash`
11
`dash attack`
12
`get item`
13
`buff`
14
`enemy`
-1
`neutral`
0
`friend`
1
`apc`
1
`monster`
2
`passive object`
3
`character`
4
`summon`
5
`%`
0
`+`
1
`swordman`
0
`fighter`
1
`gunner`
2
`magician`
3
`priest`
4
`atgunner`
5
`Thief`
6
`atfighter`
7