#PVF_File

[player number]
	2	8

[pvp start area]
	0	0	0	0
	0	0	0	0
	0	0	0	0

[dungeon]
	74
[/dungeon]

[type]
	`[normal]`

[greed]
	`II II`

[tile]
	`Tile/Forest06.til`
	`Tile/Forest00.til`
	`Tile/Forest00.til`
	`Tile/Forest04.til`
	`Tile/Forest05.til`
[/tile]

[extended tile]
	`Tile/Forest_ex00.til`
	`Tile/Forest_ex00.til`
	`Tile/Forest_ex00.til`
	`Tile/Forest_ex00.til`
	`Tile/Forest_ex00.til`
[/extended tile]

[far sight scroll]
	56

[middle sight scroll]
	90

[near sight scroll]
	110

[background animation]
	[ani info]
		[filename]
			`Animation/far.ani`
		[layer]
			`[distantback]`
		[order]
			`[below]`
	[/ani info]
	[ani info]
		[filename]
			`Animation/mid.ani`
		[layer]
			`[middleback]`
		[order]
			`[below]`
	[/ani info]
[/background animation]

[pathgate pos]
	86	736	183	744	164	716	596	471

[sound]
	`AMB_TOPSECRET`
	`M_T_S_AREA`
[/sound]

[animation]
	`Animation/floor0.ani`	`[bottom]`	471	299	0
	`Animation/floor0.ani`	`[bottom]`	733	295	0
	`Animation/floor2.ani`	`[bottom]`	1017	297	0
	`Animation/floor1.ani`	`[bottom]`	190	296	0
	`Animation/floor1.ani`	`[bottom]`	565	383	0
	`Animation/floor2.ani`	`[bottom]`	841	384	0
	`Animation/floor2.ani`	`[bottom]`	1121	384	0
	`Animation/floor0.ani`	`[bottom]`	289	384	0
	`Animation/floor1.ani`	`[bottom]`	-77	299	0
	`Animation/floor0.ani`	`[bottom]`	22	386	0
	`Animation/monsterboxdoor.ani`	`[bottom]`	200	251	0
	`Animation/floor5.ani`	`[bottom]`	364	388	0
	`Animation/floor5.ani`	`[bottom]`	72	268	0
	`Animation/floor5.ani`	`[bottom]`	865	356	0
	`Animation/floor5.ani`	`[bottom]`	762	274	0
	`Animation/Time_Fargear_down_eff.ani`	`[distantback]`	373	-49	0
	`Animation/Time_Fargear_down_D.ani`	`[distantback]`	374	-48	0
[/animation]

[passive object]
	16042	698	170	0
	16042	551	170	0
	10594	253	170	0
	10594	402	170	0
	10595	95	213	0
	16034	1040	233	0
	16034	917	234	0
	10595	42	240	0
	16028	495	263	0
	16028	590	265	0
	16028	590	313	0
	16028	495	314	0
	16024	116	340	0
	16024	51	341	0
	16026	1042	364	0
	16024	200	398	0
	16027	74	402	0
	16024	929	405	0
	16027	1044	422	0
	16026	224	444	0
	16024	891	446	0
	16026	76	458	0
	16027	1022	475	0
[/passive object]

[monster]
	64006	1	0	340	273	0	1	1	`[fixed]`	`[normal]`
	64002	1	0	718	282	0	1	1	`[fixed]`	`[normal]`
	64002	1	0	863	308	0	1	1	`[fixed]`	`[normal]`
	64002	1	0	782	315	0	1	1	`[fixed]`	`[normal]`
	64003	1	0	275	329	0	1	1	`[fixed]`	`[normal]`
	64003	1	0	201	335	0	1	1	`[fixed]`	`[normal]`
	64003	1	0	359	366	0	1	1	`[fixed]`	`[normal]`
	64002	1	0	724	374	0	1	1	`[fixed]`	`[normal]`
	64003	1	0	278	377	0	1	1	`[fixed]`	`[normal]`
	64002	1	0	833	386	0	1	1	`[fixed]`	`[normal]`
[/monster]

[monster specific AI]
	`[normal]`
	`[normal]`
	`[normal]`
	`[normal]`
	`[normal]`
	`[normal]`
	`[normal]`
	`[normal]`
	`[normal]`
	`[normal]`
[/monster specific AI]

[special passive object]
	10608	189	202	0	1
	`[item]`	0	1	-1	-1	-1
	10608	789	208	0	1
	`[item]`	0	1	-1	-1	-1	
[/special passive object]

[event monster position]
	430	386	0
	456	385	0
	478	381	0
	502	375	0
[/event monster position]

[map name]
	`PVP 无名`
