#PVF_File

[player number]
	2	8

[pvp start area]
	0	0	0	0
	0	0	0	0
	0	0	0	0

[dungeon]
	74
[/dungeon]

[type]
	`[normal]`

[tile]
	`Tile/Forest00.til`
	`Tile/Forest00.til`
	`Tile/Forest00.til`
	`Tile/Forest00.til`
	`Tile/Forest00.til`
	`Tile/Forest00.til`
	`Tile/Forest00.til`
	`Tile/Forest00.til`
[/tile]

[far sight scroll]
	56

[middle sight scroll]
	90

[near sight scroll]
	110

[background animation]
	[ani info]
		[filename]
			`Animation/far.ani`
		[layer]
			`[distantback]`
		[order]
			`[below]`
	[/ani info]
[/background animation]

[pathgate pos]
	15	245	1775	244	292	144	1488	349

[sound]
	`AMB_FOREST_02`
	`M_VILMARK`
	`M_T_S_AREA`
[/sound]

[animation]
	`Animation/telephone_pole2.ani`	`[normal]`	266	18	0
	`Animation/Tree3.ani`	`[normal]`	1237	213	0
	`Animation/Tree0.ani`	`[normal]`	848	215	0
	`Animation/telephone_pole1.ani`	`[normal]`	90	216	0
	`Animation/smallTree1.ani`	`[normal]`	236	226	0
	`Animation/telephone_pole1.ani`	`[normal]`	431	229	0
	`Animation/Tree1.ani`	`[normal]`	1107	235	0
	`Animation/floor1.ani`	`[bottom]`	200	378	0
	`Animation/floor1.ani`	`[bottom]`	524	381	0
[/animation]

[passive object]
	834	611	239	0
	837	741	251	0
	836	528	256	0
	16026	165	268	0
	832	350	281	0
	16033	1035	284	0
	835	552	295	0
	16027	193	337	0
	838	848	364	0
	16029	604	370	0
	16028	710	371	0
	16024	1002	372	0
	833	415	379	0
[/passive object]

[map name]
	`PVP 无名`
