#PVF_File

[player number]
	2	8

[pvp start area]
	0	0	0	0
	0	0	0	0
	0	0	0	0

[dungeon]
	3009
[/dungeon]

[type]
	`[boss]`

[greed]
	`AA AA`

[tile]
	`../../GBL_breeding/Tile/Tile4.til`
	`../../GBL_breeding/Tile/Tile2.til`
	`../../GBL_breeding/Tile/Tile4.til`
	`../../GBL_breeding/Tile/Tile3.til`
	`../../GBL_breeding/Tile/Tile4.til`
	`../../GBL_breeding/Tile/Tile3.til`
[/tile]

[far sight scroll]
	56

[middle sight scroll]
	90

[near sight scroll]
	110

[background animation]
	[ani info]
		[filename]
			`../../GBL_breeding/Animation/medle.ani`
		[layer]
			`[middleback]`
		[order]
			`[below]`
	[/ani info]
[/background animation]

[pathgate pos]
	633	635	1354	221	358	192	919	520

[dungeon start area]
	155	356	71	44

[sound]
	`M_BREEDING_PLACE_BOSS`
	`AMB_DARKSTAGE_01`
[/sound]

[animation]
	`../../GBL_breeding/Animation/ceiling.ani`	`[normal]`	1159	-116	0
	`../../GBL_breeding/Animation/ceiling.ani`	`[normal]`	403	-113	0
	`../../GBL_breeding/Animation/deck.ani`	`[bottom]`	1220	184	0
	`../../GBL_breeding/Animation/deck.ani`	`[bottom]`	970	195	0
	`../../GBL_breeding/Animation/deck.ani`	`[bottom]`	300	229	0
	`../../GBL_breeding/Animation/deck.ani`	`[bottom]`	584	233	0
	`../../GBL_breeding/Animation/deck.ani`	`[bottom]`	1168	248	0
	`../../GBL_breeding/Animation/deck.ani`	`[bottom]`	681	254	0
	`../../GBL_breeding/Animation/deck.ani`	`[bottom]`	168	279	0
	`../../GBL_breeding/Animation/deck.ani`	`[bottom]`	997	303	0
	`../../GBL_breeding/Animation/medle.ani`	`[middleback]`	14	-115	0
	`../../GBL_breeding/Animation/far.ani`	`[distantback]`	0	-123	0
[/animation]

[passive object]
	9918	0	0	100
	9920	39	194	0
	9905	545	206	0
	9905	159	208	0
	9908	1076	235	0
	9905	353	249	0
	9905	478	263	0
	9905	547	273	0
	9905	289	279	0
	9909	1028	280	0
	9910	49	304	0
[/passive object]

[monster]
	62638	1	0	767	201	0	1	1	`[fixed]`	`[normal]`
	62639	1	0	230	217	0	1	1	`[fixed]`	`[normal]`
	62640	1	0	877	224	0	1	1	`[fixed]`	`[boss]`
	62641	1	0	591	242	0	1	1	`[fixed]`	`[normal]`
	62638	1	0	47	243	0	1	1	`[fixed]`	`[normal]`
	62641	1	0	463	292	0	1	1	`[fixed]`	`[normal]`
	62638	1	0	816	298	0	1	1	`[fixed]`	`[normal]`
	62639	1	0	1100	301	0	1	1	`[fixed]`	`[normal]`
[/monster]

[monster specific AI]
	`[normal]`
	`[normal]`
	`[normal]`
	`[normal]`
	`[normal]`
	`[normal]`
	`[normal]`
	`[normal]`
[/monster specific AI]

[special passive object]
	9914	1233	293	0	2
	`[trap]`	2200	1	1	2	-1
	`[trap]`	2201	1	1	2	-1	
[/special passive object]

[NPC]
	1000	`[left]`	0	0	0
[/NPC]

[event monster position]
	697	251	0
	397	261	0
	162	280	0
	589	294	0
[/event monster position]

[map name]
	`PVP 无名`
