#PVF_File

[player number]
	2	8

[pvp start area]
	0	0	0	0
	0	0	0	0
	0	0	0	0

[dungeon]
	3008
[/dungeon]

[type]
	`[boss]`

[greed]
	`AA AA`

[tile]
	`../../2ndBackbone/Tile/bigwindowsmplant.til`
	`../../2ndBackbone/Tile/smwindow.til`
	`../../2ndBackbone/Tile/smnowindow.til`
	`../../2ndBackbone/Tile/smnowindowplant.til`
	`../../2ndBackbone/Tile/lotussmnowindow.til`
[/tile]

[far sight scroll]
	56

[middle sight scroll]
	90

[near sight scroll]
	110

[pathgate pos]
	14	282	926	595	699	188	579	322

[dungeon start area]
	1047	343	45	40

[sound]
	`M_2ND_SPINE_BOSS`
	`R_AMB_WIND`
[/sound]

[animation]
	`../../2ndBackbone/Animation/watering.ani`	`[normal]`	346	120	0
[/animation]

[passive object]
	716	0	0	120
	717	0	0	120
	718	0	0	120
	719	0	0	120
	720	0	0	120
	720	0	0	-980
	1024	372	207	0
	770	512	218	0
	1024	655	240	0
	770	796	270	0
	770	416	295	0
[/passive object]

[monster]
	62624	1	0	231	194	0	1	1	`[fixed]`	`[normal]`
	62634	1	0	614	197	0	1	1	`[fixed]`	`[normal]`
	62635	1	0	830	205	0	1	1	`[fixed]`	`[normal]`
	62636	1	0	1128	237	0	2	1	`[fixed]`	`[boss]`
	62637	1	0	251	295	0	1	1	`[fixed]`	`[normal]`
[/monster]

[monster specific AI]
	`[normal]`
	`[normal]`
	`[normal]`
	`[normal]`
	`[normal]`
[/monster specific AI]

[NPC]
	1000	`[left]`	0	0	0
[/NPC]

[map name]
	`PVP 无名`
