#PVF_File

[player number]
	2	8

[pvp start area]
	0	0	0	0
	0	0	0	0
	0	0	0	0

[dungeon]
	3015
[/dungeon]

[type]
	`[boss]`

[greed]
	`AA AA`

[tile]
	`../../Coldboy/Tile/emptytile.til`
	`../../Coldboy/Tile/emptytile.til`
	`../../Coldboy/Tile/emptytile.til`
	`../../Coldboy/Tile/emptytile.til`
	`../../Coldboy/Tile/emptytile.til`
	`../../Coldboy/Tile/emptytile.til`
[/tile]

[extended tile]
	`../../Coldboy/Tile/sp06.til`
	`../../Coldboy/Tile/sp06_1.til`
	`../../Coldboy/Tile/sp06.til`
	`../../Coldboy/Tile/sp06.til`
	`../../Coldboy/Tile/sp06.til`
	`../../Coldboy/Tile/sp06_1.til`
	`../../Coldboy/Tile/sp01.til`
	`../../Coldboy/Tile/sp01_1.til`
	`../../Coldboy/Tile/sp01_1.til`
	`../../Coldboy/Tile/sp01.til`
	`../../Coldboy/Tile/sp01.til`
	`../../Coldboy/Tile/sp01_1.til`
	`../../Coldboy/Tile/sp01.til`
	`../../Coldboy/Tile/sp01.til`
	`../../Coldboy/Tile/sp01_1.til`
	`../../Coldboy/Tile/sp01.til`
	`../../Coldboy/Tile/sp01_1.til`
	`../../Coldboy/Tile/sp01.til`
	`../../Coldboy/Tile/sp03_1.til`
	`../../Coldboy/Tile/sp03.til`
	`../../Coldboy/Tile/sp03.til`
	`../../Coldboy/Tile/sp03_1.til`
	`../../Coldboy/Tile/sp03.til`
	`../../Coldboy/Tile/sp03_1.til`
	`../../Coldboy/Tile/sp16.til`
	`../../Coldboy/Tile/sp16.til`
	`../../Coldboy/Tile/sp16.til`
	`../../Coldboy/Tile/sp16.til`
	`../../Coldboy/Tile/sp16.til`
	`../../Coldboy/Tile/sp16.til`
[/extended tile]

[far sight scroll]
	56

[middle sight scroll]
	90

[near sight scroll]
	110

[background animation]
	[ani info]
		[filename]
			`../../Coldboy/Animation/far01125.ani`
		[layer]
			`[distantback]`
		[order]
			`[below]`
	[/ani info]
	[ani info]
		[filename]
			`../../Coldboy/Animation/mid01125.ani`
		[layer]
			`[middleback]`
		[order]
			`[below]`
	[/ani info]
[/background animation]

[pathgate pos]
	35	595	1335	379	470	-34	932	947

[dungeon start area]
	1083	495	53	53

[sound]
	`M_COLD_BOY`
	`R_AMB_SNOWWIND`
[/sound]

[passive object]
	845	1215	285	0
	845	1261	297	0
	845	412	298	0
	845	1222	315	0
	845	172	320	0
	845	183	338	0
	845	144	342	0
	845	65	366	0
	845	274	577	0
	845	243	599	0
	845	287	601	0
[/passive object]

[monster]
	57012	1	0	273	319	0	1	1	`[fixed]`	`[normal]`
	57013	1	0	376	368	0	1	1	`[fixed]`	`[normal]`
	1034	0	20	993	421	0	1	1	`[fixed]`	`[normal]`
	62765	1	0	302	449	0	2	1	`[fixed]`	`[boss]`
	57014	1	0	379	454	0	1	1	`[fixed]`	`[normal]`
	57015	1	0	275	510	0	1	1	`[fixed]`	`[normal]`
[/monster]

[monster specific AI]
	`[normal]`
	`[normal]`
	`[normal]`
	`[normal]`
	`[normal]`
	`[normal]`
[/monster specific AI]

[monster team]
	100	100	0	100	100	100
[/monster team]

[NPC]
	1000	`[left]`	0	0	0
[/NPC]

[event monster position]
	358	556	0
	496	455	0
	704	392	0
	840	554	0
[/event monster position]

[map name]
	`PVP 无名`
