#PVF_File

[player number]
	2	8

[pvp start area]
	0	0	0	0
	0	0	0	0
	0	0	0	0

[dungeon]
	3010
[/dungeon]

[type]
	`[boss]`

[greed]
	`AA AA`

[tile]
	`../../BloodHell/Tile/bigblank.til`
	`../../BloodHell/Tile/aniwall2.til`
	`../../BloodHell/Tile/smblank.til`
	`../../BloodHell/Tile/aniwall1.til`
	`../../BloodHell/Tile/bigblank.til`
	`../../BloodHell/Tile/aniwall2.til`
	`../../BloodHell/Tile/smblank.til`
	`../../BloodHell/Tile/bigblank.til`
[/tile]

[far sight scroll]
	56

[middle sight scroll]
	90

[near sight scroll]
	110

[background animation]
	[ani info]
		[filename]
			`../../BloodHell/Animation/bhfar.ani`
		[layer]
			`[distantback]`
		[order]
			`[below]`
	[/ani info]
[/background animation]

[pathgate pos]
	10	254	1772	256	560	144	950	314

[dungeon start area]
	1558	353	60	51

[sound]
	`M_BLOODHELL_BOSS`
	`AMB_VISCERAL_01`
[/sound]

[animation]
	`../../BloodHell/Animation/visceraani.ani`	`[close]`	184	-28	0
	`../../BloodHell/Animation/visceraani.ani`	`[close]`	640	-28	0
	`../../BloodHell/Animation/visceraani.ani`	`[close]`	879	-29	0
	`../../BloodHell/Animation/visceraani.ani`	`[normal]`	1398	-59	0
	`../../BloodHell/Animation/visceraani.ani`	`[normal]`	1648	-35	0
	`../../BloodHell/Animation/aniwall2ani.ani`	`[bottom]`	1231	182	0
	`../../BloodHell/Animation/aniwall2ani.ani`	`[bottom]`	335	183	0
	`../../BloodHell/Animation/aniwall1ani.ani`	`[bottom]`	708	180	0
[/animation]

[passive object]
	828	1046	174	0
	827	1010	174	0
	345	564	187	0
	1057	279	189	0
	1057	1176	200	0
	346	448	255	0
	800	166	323	0
	345	1272	329	0
	1057	302	331	0
	346	1224	344	0
[/passive object]

[monster]
	62642	1	0	897	192	0	1	1	`[fixed]`	`[normal]`
	62643	1	0	295	228	0	1	1	`[fixed]`	`[normal]`
	62642	1	0	767	236	0	1	1	`[fixed]`	`[normal]`
	62644	1	0	527	248	0	1	1	`[fixed]`	`[normal]`
	62642	1	0	1085	248	0	1	1	`[fixed]`	`[normal]`
	62645	1	0	1191	253	0	1	1	`[fixed]`	`[normal]`
	62646	1	0	253	274	0	2	1	`[fixed]`	`[boss]`
	62644	1	0	673	298	0	1	1	`[fixed]`	`[normal]`
	62647	1	0	367	308	0	1	1	`[fixed]`	`[normal]`
[/monster]

[monster specific AI]
	`[normal]`
	`[normal]`
	`[normal]`
	`[normal]`
	`[normal]`
	`[normal]`
	`[normal]`
	`[normal]`
	`[normal]`
[/monster specific AI]

[special passive object]
	775	154	197	0	1
	`[item]`	1	-1	1	-1	-1	
[/special passive object]

[NPC]
	1000	`[left]`	0	0	0
[/NPC]

[event monster position]
	426	195	0
	459	317	0
	648	237	0
	1062	306	0
[/event monster position]

[map name]
	`PVP 无名`
