#PVF_File

[player number]
	2	8

[pvp start area]
	0	0	0	0
	0	0	0	0
	0	0	0	0

[dungeon]
	3033
[/dungeon]

[type]
	`[boss]`

[greed]
	`AA AA`

[tile]
	`../../gentnorthgate/Tile/RampartTile.til`
	`../../gentnorthgate/Tile/RampartTile.til`
	`../../gentnorthgate/Tile/RampartTile.til`
	`../../gentnorthgate/Tile/RampartTile.til`
	`../../gentnorthgate/Tile/RampartTile.til`
[/tile]

[background animation]
	[ani info]
		[filename]
			`../../gentnorthgate/Animation/RampartFar.ani`
		[layer]
			`[distantback]`
		[order]
			`[below]`
	[/ani info]
	[ani info]
		[filename]
			`../../gentnorthgate/Animation/RampartMid.ani`
		[layer]
			`[middleback]`
		[order]
			`[below]`
	[/ani info]
[/background animation]

[pathgate pos]
	12	219	1128	680	1108	688	1106	683

[dungeon start area]
	138	329	76	38

[sound]
	`M_GENTGATE_NORTH_BOSS`
	`AMB_WAR_01`
[/sound]

[animation]
	`../../gentnorthgate/Animation/RampartWall1.ani`	`[closeback]`	785	162	0
	`../../gentnorthgate/Animation/RampartWall2.ani`	`[closeback]`	1009	162	0
	`../../gentnorthgate/Animation/RampartWall1.ani`	`[closeback]`	337	162	0
	`../../gentnorthgate/Animation/RampartWall2.ani`	`[closeback]`	561	162	0
	`../../gentnorthgate/Animation/RampartWall1.ani`	`[closeback]`	113	162	0
[/animation]

[passive object]
	8827	1016	172	0
	8825	896	176	0
	8829	449	181	0
	8827	576	181	0
	8828	1092	190	0
	8828	604	367	0
	8826	268	385	0
	8827	467	403	0
	8825	348	405	0
	8825	567	406	0
[/passive object]

[monster]
	62702	1	0	816	222	0	1	1	`[fixed]`	`[normal]`
	62707	1	0	990	226	0	1	1	`[fixed]`	`[normal]`
	62709	1	0	356	241	0	1	1	`[fixed]`	`[normal]`
	62709	1	0	479	245	0	1	1	`[fixed]`	`[normal]`
	62776	1	0	714	250	0	2	1	`[fixed]`	`[boss]`
	62702	1	0	898	262	0	1	1	`[fixed]`	`[normal]`
	62709	1	0	425	292	0	1	1	`[fixed]`	`[normal]`
	62702	1	0	832	308	0	1	1	`[fixed]`	`[normal]`
	62709	1	0	524	314	0	1	1	`[fixed]`	`[normal]`
	62707	1	0	1037	316	0	1	1	`[fixed]`	`[normal]`
	62709	1	0	333	316	0	1	1	`[fixed]`	`[normal]`
[/monster]

[monster specific AI]
	`[normal]`
	`[normal]`
	`[normal]`
	`[normal]`
	`[normal]`
	`[normal]`
	`[normal]`
	`[normal]`
	`[normal]`
	`[normal]`
	`[normal]`
[/monster specific AI]

[special passive object]
	10283	608	204	0	1
	`[trap]`	2620	1	1	1	-1	
[/special passive object]

[NPC]
	1000	`[left]`	0	0	0
[/NPC]

[map name]
	`PVP 无名`
