#PVF_File

[player number]
	2	8

[pvp start area]
	0	0	0	0
	0	0	0	0
	0	0	0	0

[dungeon]
	3041
[/dungeon]

[type]
	`[boss]`

[greed]
	`AA AA`

[tile]
	`../../haze/Tile/tile00.til`
	`../../haze/Tile/tile05.til`
	`../../haze/Tile/tile06.til`
	`../../haze/Tile/tile08.til`
	`../../haze/Tile/tile00.til`
[/tile]

[extended tile]
	`../../haze/Tile/tileex01.til`
	`../../haze/Tile/tileex01.til`
	`../../haze/Tile/tileex02.til`
	`../../haze/Tile/tileex02.til`
	`../../haze/Tile/tileex01.til`
	`../../haze/Tile/tileex03.til`
	`../../haze/Tile/tileex03.til`
	`../../haze/Tile/tileex03.til`
	`../../haze/Tile/tileex03.til`
	`../../haze/Tile/tileex03.til`
[/extended tile]

[far sight scroll]
	56

[middle sight scroll]
	90

[near sight scroll]
	110

[background animation]
	[ani info]
		[filename]
			`../../haze/Animation/far00.ani`
		[layer]
			`[distantback]`
		[order]
			`[below]`
	[/ani info]
[/background animation]

[pathgate pos]
	1307	1509	1334	1490	1320	1487	996	374

[dungeon start area]
	805	361	69	31

[sound]
	`AMB_WIND_01`
	`M_HAZE_BOSS`
[/sound]

[animation]
	`../../haze/Animation/fog.ani`	`[close]`	-10	400	0
	`../../haze/Animation/fog.ani`	`[close]`	705	400	0
	`../../haze/Animation/wallback01.ani`	`[bottom]`	351	643	0
	`../../haze/Animation/wallDowndoor.ani`	`[bottom]`	900	503	0
	`../../haze/Animation/floor00.ani`	`[bottom]`	588	318	0
	`../../haze/Animation/floor03.ani`	`[bottom]`	132	315	0
	`../../haze/Animation/floor01.ani`	`[bottom]`	275	284	0
	`../../haze/Animation/floor02.ani`	`[bottom]`	377	348	0
	`../../haze/Animation/floor02.ani`	`[bottom]`	751	300	0
	`../../haze/Animation/flag.ani`	`[closeback]`	39	146	0
	`../../haze/Animation/flag1.ani`	`[closeback]`	118	161	0
	`../../haze/Animation/flag.ani`	`[closeback]`	180	142	0
	`../../haze/Animation/flag.ani`	`[closeback]`	939	145	0
[/animation]

[passive object]
	10415	32	170	0
	10415	246	170	0
	10408	1064	179	0
	10410	926	180	0
	10415	191	200	0
	10411	870	206	0
	10431	961	216	0
	10430	1068	226	0
	10432	994	231	0
	10424	789	216	0
[/passive object]

[monster]
	62756	1	0	131	251	0	1	1	`[fixed]`	`[normal]`
	62758	1	0	661	276	0	1	1	`[fixed]`	`[normal]`
	62758	1	0	567	283	0	1	1	`[fixed]`	`[normal]`
	62756	1	0	222	288	0	1	1	`[fixed]`	`[normal]`
	62759	1	0	299	290	0	1	1	`[fixed]`	`[boss]`
	62756	1	0	423	311	0	1	1	`[fixed]`	`[normal]`
	62758	1	0	493	313	0	1	1	`[fixed]`	`[normal]`
	62758	1	0	680	343	0	1	1	`[fixed]`	`[normal]`
[/monster]

[monster specific AI]
	`[normal]`
	`[normal]`
	`[normal]`
	`[normal]`
	`[normal]`
	`[normal]`
	`[normal]`
	`[normal]`
[/monster specific AI]

[NPC]
	1000	`[left]`	0	0	0
[/NPC]

[event monster position]
	117	327	0
	39	325	0
	169	332	0
	74	323	0
[/event monster position]

[map name]
	`PVP 无名`
