#PVF_File

[player number]
	2	8

[pvp start area]
	0	0	0	0
	0	0	0	0
	0	0	0	0

[dungeon]
	21
[/dungeon]

[type]
	`[normal]`

[greed]
	`BB BB`

[tile]
	`Tile/bigwindowsmplant.til`
	`Tile/bigwindowsmplant.til`
	`Tile/smwindow.til`
	`Tile/smnowindow.til`
	`Tile/smnowindowplant.til`
	`Tile/bigwindowsmplant.til`
	`Tile/bigwindowsmplant.til`
[/tile]

[far sight scroll]
	56

[middle sight scroll]
	90

[near sight scroll]
	110

[pathgate pos]
	12	264	1556	239	795	188	813	312

[sound]
	`M_OUTER_TEMPLE`
	`R_AMB_WIND`
[/sound]

[animation]
	`Animation/watering.ani`	`[normal]`	571	120	0
[/animation]

[passive object]
	319	0	0	120
	320	0	0	120
	321	0	0	120
	322	0	0	120
	323	0	0	120
	323	0	0	-980
	318	1100	185	0
	318	270	193	0
	318	746	253	0
	318	284	317	0
[/passive object]

[monster]
	270	1	0	384	203	0	1	1	`[fixed]`	`[normal]`
	250	1	0	1180	209	0	1	1	`[fixed]`	`[normal]`
	260	1	0	831	243	0	1	1	`[fixed]`	`[normal]`
	250	1	0	1180	243	0	1	1	`[fixed]`	`[normal]`
	270	1	0	382	251	0	1	1	`[fixed]`	`[normal]`
	260	1	0	558	270	0	1	1	`[fixed]`	`[normal]`
	250	1	0	1194	273	0	1	1	`[fixed]`	`[normal]`
	270	1	0	896	291	0	1	1	`[fixed]`	`[normal]`
	270	1	0	385	306	0	1	1	`[fixed]`	`[normal]`
[/monster]

[monster specific AI]
	`[normal]`
	`[normal]`
	`[normal]`
	`[normal]`
	`[normal]`
	`[normal]`
	`[normal]`
	`[normal]`
	`[normal]`
[/monster specific AI]

[special passive object]
	300	1068	229	0	0
	300	208	250	0	1
	`[item]`	0	1	-1	-1	-1
	300	1074	281	0	0
	300	1086	321	0	1
	`[item]`	0	1	-1	-1	-1	
[/special passive object]

[event monster position]
	637	211	0
	643	293	0
	984	242	0
	1298	249	0
[/event monster position]

[map name]
	`PVP 无名`
