#PVF_File

[player number]
	2	8

[pvp start area]
	0	0	0	0
	0	0	0	0
	0	0	0	0

[dungeon]
	21
[/dungeon]

[type]
	`[normal]`

[greed]
	`NN EE`

[tile]
	`Tile/bigwindowsmplant.til`
	`Tile/bigwindowsmplant.til`
	`Tile/smwindow.til`
	`Tile/smnowindow.til`
	`Tile/smnowindowplant.til`
	`Tile/bigwindowsmplant.til`
	`Tile/bigwindowsmplant.til`
[/tile]

[far sight scroll]
	56

[middle sight scroll]
	90

[near sight scroll]
	110

[pathgate pos]
	10	268	1555	237	784	144	796	325

[sound]
	`M_OUTER_TEMPLE`
	`R_AMB_WIND`
[/sound]

[animation]
	`Animation/watering.ani`	`[normal]`	571	120	0
[/animation]

[passive object]
	319	0	0	120
	320	0	0	120
	321	0	0	120
	322	0	0	120
	323	0	0	120
	323	0	0	-980
	770	485	260	0
	771	1328	263	0
	771	1221	268	0
	771	1198	307	0
[/passive object]

[monster]
	260	1	0	564	193	0	1	1	`[fixed]`	`[normal]`
	270	1	0	953	201	0	1	1	`[fixed]`	`[normal]`
	270	1	0	757	205	0	1	1	`[fixed]`	`[normal]`
	270	1	0	880	253	0	1	1	`[fixed]`	`[normal]`
	250	1	0	378	255	0	1	1	`[fixed]`	`[normal]`
	260	1	0	608	301	0	1	1	`[fixed]`	`[normal]`
	270	1	0	765	308	0	1	1	`[fixed]`	`[normal]`
	270	1	0	1000	310	0	1	1	`[fixed]`	`[normal]`
[/monster]

[monster specific AI]
	`[normal]`
	`[normal]`
	`[normal]`
	`[normal]`
	`[normal]`
	`[normal]`
	`[normal]`
	`[normal]`
[/monster specific AI]

[special passive object]
	771	670	261	0	1
	`[monster]`	260	30	1	5	-1
	300	1286	309	0	1
	`[item]`	0	1	-1	-1	-1	
[/special passive object]

[event monster position]
	328	206	0
	581	229	0
	908	290	0
	1051	210	0
[/event monster position]

[map name]
	`PVP 无名`
