#PVF_File

[player number]
	2	8

[pvp start area]
	0	0	0	0
	0	0	0	0
	0	0	0	0

[dungeon]
	21
[/dungeon]

[type]
	`[normal]`

[greed]
	`FF BB`

[tile]
	`Tile/bigwindowsmplant.til`
	`Tile/bigwindowsmplant.til`
	`Tile/smwindow.til`
	`Tile/smnowindow.til`
	`Tile/smnowindowplant.til`
	`Tile/bigwindowsmplant.til`
	`Tile/bigwindowsmplant.til`
[/tile]

[far sight scroll]
	56

[middle sight scroll]
	90

[near sight scroll]
	110

[pathgate pos]
	10	273	1556	242	795	187	796	312

[sound]
	`M_OUTER_TEMPLE`
	`R_AMB_WIND`
[/sound]

[animation]
	`Animation/watering.ani`	`[normal]`	571	120	0
[/animation]

[passive object]
	320	0	0	120
	321	0	0	120
	322	0	0	120
	323	0	0	120
	323	0	0	-980
	319	0	0	120
	770	586	217	0
	318	1035	225	0
	318	1068	241	0
	318	1100	256	0
	770	658	296	0
	771	1091	316	0
	771	905	319	0
	771	852	322	0
[/passive object]

[monster]
	260	1	0	1210	191	0	1	1	`[fixed]`	`[normal]`
	250	1	0	894	199	0	1	1	`[fixed]`	`[normal]`
	260	1	0	838	209	0	1	1	`[fixed]`	`[normal]`
	250	1	0	912	223	0	1	1	`[fixed]`	`[normal]`
	260	1	0	1225	232	0	1	1	`[fixed]`	`[normal]`
	250	1	0	918	234	0	1	1	`[fixed]`	`[normal]`
	260	1	0	858	239	0	1	1	`[fixed]`	`[normal]`
	260	1	0	851	273	0	1	1	`[fixed]`	`[normal]`
	260	1	0	1239	284	0	1	1	`[fixed]`	`[normal]`
[/monster]

[monster specific AI]
	`[normal]`
	`[normal]`
	`[normal]`
	`[normal]`
	`[normal]`
	`[normal]`
	`[normal]`
	`[normal]`
	`[normal]`
[/monster specific AI]

[special passive object]
	771	1077	182	0	2
	`[trap]`	40002	320	1	5	-1
	`[trap]`	48003	6	1	5	-1
	771	896	191	0	2
	`[monster]`	260	30	2	5	-1
	`[monster]`	260	30	1	5	-1
	300	483	213	0	1
	`[item]`	0	1	-1	-1	-1
	300	500	290	0	1
	`[item]`	0	1	-1	-1	-1	
[/special passive object]

[event monster position]
	1173	245	0
	750	234	0
	997	303	0
	1180	302	0
[/event monster position]

[map name]
	`PVP 无名`
