#PVF_File

[player number]
	2	8

[pvp start area]
	0	0	0	0
	0	0	0	0
	0	0	0	0

[dungeon]
	21
[/dungeon]

[type]
	`[normal]`

[greed]
	`BB BB`

[tile]
	`Tile/bigwindowsmplant.til`
	`Tile/bigwindowsmplant.til`
	`Tile/bigwindowsmplant.til`
	`Tile/smwindow.til`
	`Tile/smwindow.til`
	`Tile/bigwindowsmplant.til`
[/tile]

[far sight scroll]
	56

[middle sight scroll]
	90

[near sight scroll]
	110

[pathgate pos]
	10	290	1331	253	789	183	713	314

[dungeon start area]
	236	213	71	208

[sound]
	`M_OUTER_TEMPLE`
	`R_AMB_WIND`
[/sound]

[animation]
	`Animation/watering.ani`	`[normal]`	792	122	0
	`Animation/watering.ani`	`[normal]`	1021	122	0
[/animation]

[passive object]
	319	0	0	120
	320	0	0	120
	321	0	0	120
	322	0	0	120
	323	0	0	120
	323	0	0	-980
	318	623	201	0
	318	793	201	0
	318	1141	206	0
	318	816	312	0
	318	1028	312	0
	318	1170	312	0
	318	645	313	0
[/passive object]

[monster]
	260	0	29	901	213	0	1	1	`[fixed]`	`[normal]`
	260	1	0	556	230	0	1	1	`[fixed]`	`[normal]`
	260	1	0	725	233	0	1	1	`[fixed]`	`[normal]`
	260	1	0	726	254	0	1	1	`[fixed]`	`[normal]`
	260	1	0	558	261	0	1	1	`[fixed]`	`[normal]`
	260	1	0	910	264	0	1	1	`[fixed]`	`[normal]`
[/monster]

[monster specific AI]
	`[normal]`
	`[normal]`
	`[normal]`
	`[normal]`
	`[normal]`
	`[normal]`
[/monster specific AI]

[event monster position]
	824	238	0
	633	236	0
	983	239	0
	490	240	0
[/event monster position]

[map name]
	`PVP 无名`
