#PVF_File

[player number]
	2	8

[pvp start area]
	0	0	0	0
	0	0	0	0
	0	0	0	0

[dungeon]
	15
[/dungeon]

[type]
	`[normal]`

[tile]
	`Tile/SkyCastleNPoll.til`
	`Tile/SkyCastlePCPoll.til`
	`Tile/SkyCastleUCPoll.til`
	`Tile/SkyCastleNPoll.til`
	`Tile/SkyCastleNPoll.til`
	`Tile/SkyCastleDCPoll.til`
	`Tile/SkyCastlePCPoll.til`
	`Tile/SkyCastleNPoll.til`
[/tile]

[far sight scroll]
	56

[middle sight scroll]
	90

[near sight scroll]
	110

[background animation]
	[ani info]
		[filename]
			`Animation/far0.ani`
		[layer]
			`[distantback]`
		[order]
			`[below]`
	[/ani info]
	[ani info]
		[filename]
			`../../PassiveObject/MapObject/ParticleFactory/Animation/OceanGradationTop.ani`
		[layer]
			`[middleback]`
		[order]
			`[below]`
	[/ani info]
	[ani info]
		[filename]
			`../../PassiveObject/MapObject/ParticleFactory/Animation/OceanGradationBottom.ani`
		[layer]
			`[close]`
		[order]
			`[upper]`
	[/ani info]
[/background animation]

[pathgate pos]
	12	249	1776	247	1488	206	274	335

[sound]
	`M_OCEAN`
	`R_ABYSMAL`
[/sound]

[animation]
	`Animation/wshadow.ani`	`[bottom]`	498	308	0
	`Animation/wshadow.ani`	`[bottom]`	994	327	0
[/animation]

[passive object]
	13	150	0	140
	13	650	0	160
	13	1150	0	140
	13	1750	0	145
	13	2250	0	150
	14	200	0	0
	14	300	0	150
	14	600	0	30
	14	900	0	-100
	14	1200	0	-40
	14	1400	0	0
	14	1850	0	-50
	14	2200	0	-80
	18	200	0	10
	15	350	0	230
	16	490	0	-20
	17	650	0	60
	15	720	0	-50
	16	800	0	150
	18	1100	0	-200
	17	1210	0	30
	17	1500	0	0
	18	1800	0	10
	16	2020	0	-225
	258	686	209	0
	258	1261	212	0
	1021	1049	216	0
	1021	868	336	0
	1021	1235	340	0
[/passive object]

[monster]
	701	1	0	509	208	0	1	1	`[fixed]`	`[normal]`
	701	1	0	448	209	0	1	1	`[fixed]`	`[normal]`
	220	0	25	819	229	0	1	1	`[fixed]`	`[normal]`
	221	0	25	1371	246	0	1	1	`[fixed]`	`[normal]`
	220	0	25	921	264	0	1	1	`[fixed]`	`[normal]`
	70	0	25	1481	280	0	1	1	`[fixed]`	`[normal]`
	51	1	0	606	291	0	1	1	`[fixed]`	`[normal]`
	221	0	25	1094	292	0	1	1	`[fixed]`	`[normal]`
	220	0	25	747	311	0	1	1	`[fixed]`	`[normal]`
[/monster]

[special passive object]
	235	601	204	0	1
	`[trap]`	2311	1	4	10	-1
	235	1126	215	0	1
	`[trap]`	2101	1	1	10	-1
	235	1311	322	0	1
	`[trap]`	2001	1	1	10	-1
	1021	480	338	0	1
	`[item]`	3	4	-1	-1	-1	
[/special passive object]

[greed]
	`LL II`

[map name]
	`PVP 无名`
