#PVF_File

[player number]
	2	8

[pvp start area]
	0	0	0	0
	0	0	0	0
	0	0	0	0

[dungeon]
	4
[/dungeon]

[type]
	`[normal]`

[greed]
	`DD BB`

[tile]
	`Tile/ForestOver.til`
	`Tile/ForestOver.til`
	`Tile/ForestOver.til`
	`Tile/ForestOver.til`
	`Tile/ForestOver.til`
[/tile]

[far sight scroll]
	56

[middle sight scroll]
	90

[near sight scroll]
	110

[background animation]
	[ani info]
		[filename]
			`Animation/far0.ani`
		[layer]
			`[distantback]`
		[order]
			`[below]`
	[/ani info]
	[ani info]
		[filename]
			`Animation/mid1.ani`
		[layer]
			`[middleback]`
		[order]
			`[below]`
	[/ani info]
[/background animation]

[pathgate pos]
	13	236	1106	235	552	147	560	348

[sound]
	`M_MIRKWOOD`
	`AMB_RAIN_01`
[/sound]

[animation]
	`Animation/BurntTree0.ani`	`[close]`	231	396	0
	`Animation/smallTree0.ani`	`[close]`	204	484	0
	`Animation/smallTree1.ani`	`[close]`	745	455	0
	`Animation/smallTree1.ani`	`[close]`	859	446	0
	`Animation/smallTree1.ani`	`[close]`	348	512	0
	`Animation/smallTree0.ani`	`[close]`	427	480	0
	`Animation/smallTree0.ani`	`[close]`	945	467	0
	`Animation/Grass0.ani`	`[bottom]`	196	202	0
	`Animation/Grass0.ani`	`[bottom]`	237	241	0
	`Animation/Grass0.ani`	`[bottom]`	470	189	0
	`Animation/Tree2.ani`	`[closeback]`	225	134	0
	`Animation/Stone1.ani`	`[closeback]`	347	156	0
	`Animation/Tree1.ani`	`[closeback]`	770	134	0
	`Animation/Tree2.ani`	`[closeback]`	923	134	0
	`Animation/Tree0.ani`	`[closeback]`	902	134	0
	`Animation/Tree4.ani`	`[closeback]`	203	134	0
	`Animation/Tree3.ani`	`[closeback]`	53	134	0
	`Animation/Tree4.ani`	`[closeback]`	131	134	0
	`Animation/Tree2.ani`	`[closeback]`	284	134	0
	`Animation/Tree2.ani`	`[closeback]`	342	134	0
	`Animation/smallTree0.ani`	`[closeback]`	827	120	0
	`Animation/Tree1.ani`	`[closeback]`	985	134	0
	`Animation/smallTree1.ani`	`[closeback]`	263	145	0
[/animation]

[passive object]
	3	200	260	400
	4	200	260	0
[/passive object]

[monster]
	3	0	6	375	188	0	1	1	`[fixed]`	`[normal]`
	4	0	6	298	233	0	1	1	`[fixed]`	`[normal]`
	3	0	6	395	249	0	1	1	`[fixed]`	`[normal]`
[/monster]

[monster specific AI]
	`[normal]`
	`[normal]`
	`[normal]`
[/monster specific AI]

[special passive object]
	221	696	201	0	3
	`[trap]`	2500	1	2	5	-1
	`[trap]`	2000	1	2	5	-1
	`[trap]`	40002	60	1	1	-1
	221	755	247	0	1
	`[monster]`	6	6	2	5	-1
	1015	494	263	0	2
	`[monster]`	4	6	10	10	-1
	`[monster]`	3	6	10	10	-1
	221	687	313	0	1
	`[item]`	3	-1	1	-1	-1
	1015	291	314	0	2
	`[monster]`	3	5	10	10	-1
	`[monster]`	4	6	10	10	-1	
[/special passive object]

[event monster position]
	351	210	0
	610	211	0
	610	267	0
	219	184	0
[/event monster position]

[map name]
	`PVP 无名`
