#PVF_File

[player number]
	2	8

[pvp start area]
	0	0	0	0
	0	0	0	0
	0	0	0	0

[dungeon]
	4
[/dungeon]

[type]
	`[normal]`

[greed]
	`HH CC`

[tile]
	`Tile/ForestOver.til`
	`Tile/ForestOver.til`
	`Tile/ForestOver.til`
	`Tile/ForestOver.til`
	`Tile/ForestOver.til`
	`Tile/ForestOver.til`
	`Tile/ForestOver.til`
[/tile]

[far sight scroll]
	56

[middle sight scroll]
	90

[near sight scroll]
	110

[background animation]
	[ani info]
		[filename]
			`Animation/far0.ani`
		[layer]
			`[distantback]`
		[order]
			`[below]`
	[/ani info]
	[ani info]
		[filename]
			`Animation/mid1.ani`
		[layer]
			`[middleback]`
		[order]
			`[below]`
	[/ani info]
[/background animation]

[pathgate pos]
	13	241	1553	239	1223	142	784	348

[sound]
	`M_MIRKWOOD`
	`AMB_RAIN_01`
[/sound]

[animation]
	`Animation/smallTree1.ani`	`[close]`	1029	508	0
	`Animation/smallTree0.ani`	`[close]`	1380	503	0
	`Animation/smallTree0.ani`	`[close]`	1447	427	0
	`Animation/smallTree1.ani`	`[close]`	1286	504	0
	`Animation/smallTree0.ani`	`[close]`	928	500	0
	`Animation/Stone1.ani`	`[normal]`	1214	291	0
	`Animation/Stone0.ani`	`[normal]`	1257	284	0
	`Animation/Stone0.ani`	`[normal]`	973	273	0
	`Animation/Stone1.ani`	`[normal]`	927	252	0
	`Animation/Stone0.ani`	`[normal]`	1310	251	0
	`Animation/Stone0.ani`	`[normal]`	1225	222	0
	`Animation/Tree4.ani`	`[closeback]`	1434	134	0
	`Animation/Tree1.ani`	`[closeback]`	1510	134	0
	`Animation/Tree0.ani`	`[closeback]`	272	133	0
	`Animation/Tree2.ani`	`[closeback]`	694	134	0
	`Animation/Tree3.ani`	`[closeback]`	872	134	0
	`Animation/Tree1.ani`	`[closeback]`	1037	134	0
	`Animation/Tree1.ani`	`[closeback]`	464	134	0
	`Animation/smallTree0.ani`	`[closeback]`	1374	128	0
	`Animation/smallTree0.ani`	`[closeback]`	903	128	0
	`Animation/smallTree0.ani`	`[closeback]`	165	127	0
	`Animation/smallTree0.ani`	`[closeback]`	281	125	0
	`Animation/smallTree0.ani`	`[closeback]`	341	129	0
	`Animation/smallTree0.ani`	`[closeback]`	216	129	0
	`Animation/smallTree0.ani`	`[closeback]`	396	128	0
	`Animation/smallTree1.ani`	`[closeback]`	103	140	0
	`Animation/smallTree0.ani`	`[closeback]`	538	125	0
	`Animation/smallTree1.ani`	`[closeback]`	480	135	0
	`Animation/smallTree0.ani`	`[closeback]`	656	140	0
	`Animation/smallTree0.ani`	`[closeback]`	822	123	0
	`Animation/smallTree0.ani`	`[closeback]`	765	125	0
	`Animation/smallTree1.ani`	`[closeback]`	959	147	0
[/animation]

[passive object]
	3	200	260	400
	4	200	260	0
	221	953	249	0
	221	483	344	0
[/passive object]

[monster]
	6	0	6	349	223	0	1	1	`[fixed]`	`[normal]`
	3	0	6	673	288	0	1	1	`[fixed]`	`[normal]`
	3	0	6	619	321	0	1	1	`[fixed]`	`[normal]`
	5	0	6	324	333	0	1	1	`[fixed]`	`[normal]`
[/monster]

[monster specific AI]
	`[normal]`
	`[normal]`
	`[normal]`
	`[normal]`
[/monster specific AI]

[special passive object]
	221	450	188	0	1
	`[monster]`	4	6	2	5	-1
	1015	654	212	0	3
	`[monster]`	2	5	1	1	-1
	`[monster]`	3	6	1	1	-1
	`[monster]`	4	6	1	1	-1
	221	480	223	0	2
	`[monster]`	3	6	2	5	-1
	`[item]`	3	-1	1	-1	-1
	221	829	243	0	1
	`[monster]`	4	6	2	10	-1
	221	1045	245	0	2
	`[monster]`	3	5	2	10	-1
	`[trap]`	2210	1	1	4	-1
	221	490	272	0	2
	`[monster]`	3	5	2	5	-1
	`[trap]`	2510	1	2	3	-1
	221	1137	295	0	2
	`[monster]`	3	6	2	10	-1
	`[item]`	3	-1	1	-1	-1
	221	506	304	0	1
	`[monster]`	4	5	2	5	-1
	221	760	310	0	1
	`[monster]`	4	6	2	10	-1
	1015	880	327	0	3
	`[monster]`	3	6	2	2	-1
	`[monster]`	4	6	2	2	-1
	`[monster]`	6	6	2	5	-1
	1015	1050	329	0	3
	`[monster]`	3	6	2	10	-1
	`[monster]`	5	6	2	10	-1
	`[monster]`	4	6	2	10	-1
	222	1353	339	0	1
	`[item]`	3	-1	3	-1	-1	
[/special passive object]

[event monster position]
	400	224	0
	400	284	0
	576	248	0
	761	191	0
[/event monster position]

[map name]
	`PVP 无名`
