#PVF_File

[player number]
	2	8

[pvp start area]
	0	0	0	0
	0	0	0	0
	0	0	0	0

[dungeon]
	4
[/dungeon]

[type]
	`[normal]`

[greed]
	`LL CC`

[tile]
	`Tile/ForestOver.til`
	`Tile/ForestOver.til`
	`Tile/ForestOver.til`
	`Tile/ForestOver.til`
	`Tile/ForestOver.til`
	`Tile/ForestOver.til`
	`Tile/ForestOver.til`
[/tile]

[far sight scroll]
	56

[middle sight scroll]
	90

[near sight scroll]
	110

[background animation]
	[ani info]
		[filename]
			`Animation/far0.ani`
		[layer]
			`[distantback]`
		[order]
			`[below]`
	[/ani info]
	[ani info]
		[filename]
			`Animation/mid1.ani`
		[layer]
			`[middleback]`
		[order]
			`[below]`
	[/ani info]
[/background animation]

[pathgate pos]
	12	243	1554	229	343	145	1230	348

[sound]
	`M_MIRKWOOD`
	`AMB_RAIN_01`
[/sound]

[animation]
	`Animation/smallTree0.ani`	`[close]`	534	460	0
	`Animation/StonePillar1.ani`	`[close]`	688	390	0
	`Animation/StonePillar0.ani`	`[close]`	769	418	0
	`Animation/Grass0.ani`	`[bottom]`	569	166	0
	`Animation/Grass0.ani`	`[bottom]`	677	256	0
	`Animation/Grass0.ani`	`[bottom]`	686	228	0
	`Animation/Grass0.ani`	`[bottom]`	739	181	0
	`Animation/Grass0.ani`	`[bottom]`	544	191	0
	`Animation/Grass2.ani`	`[bottom]`	1002	224	0
	`Animation/Grass1.ani`	`[bottom]`	1109	299	0
	`Animation/Tree3.ani`	`[closeback]`	562	134	0
	`Animation/Tree1.ani`	`[closeback]`	195	134	0
	`Animation/Tree4.ani`	`[closeback]`	780	134	0
	`Animation/smallTree0.ani`	`[closeback]`	689	129	0
	`Animation/smallTree0.ani`	`[closeback]`	1149	123	0
	`Animation/smallTree0.ani`	`[closeback]`	1025	123	0
	`Animation/Tree4.ani`	`[closeback]`	1256	134	0
[/animation]

[passive object]
	3	200	260	400
	4	200	260	0
	282	784	184	0
	284	1185	195	0
	286	499	231	0
	282	1020	314	0
[/passive object]

[monster]
	6	0	6	733	178	0	1	1	`[fixed]`	`[normal]`
	5001	1	0	697	236	0	1	1	`[fixed]`	`[normal]`
	5001	1	0	965	258	0	1	1	`[fixed]`	`[normal]`
	5001	1	0	401	267	0	1	1	`[fixed]`	`[normal]`
	5001	1	0	274	290	0	1	1	`[fixed]`	`[normal]`
	6	0	6	578	297	0	1	1	`[fixed]`	`[normal]`
[/monster]

[monster specific AI]
	`[normal]`
	`[normal]`
	`[normal]`
	`[normal]`
	`[normal]`
	`[normal]`
[/monster specific AI]

[special passive object]
	231	859	179	0	1
	`[item]`	1	1	-1	-1	-1
	221	670	187	0	1
	`[trap]`	2000	1	2	3	-1
	231	908	195	0	1
	`[item]`	1	1	-1	-1	-1
	221	613	231	0	2
	`[monster]`	3	6	3	10	-1
	`[trap]`	2110	1	2	3	-1
	221	869	251	0	1
	`[item]`	3	-1	2	-1	-1
	221	769	254	0	2
	`[trap]`	40002	60	2	10	-1
	`[item]`	3	-1	1	-1	-1
	226	643	289	0	1
	`[item]`	0	2	-1	-1	-1
	231	786	296	0	1
	`[item]`	1	1	-1	-1	-1
	231	1097	314	0	1
	`[item]`	1	1	-1	-1	-1
	225	352	334	0	1
	`[item]`	0	2	-1	-1	-1
	221	821	341	0	1
	`[monster]`	4	6	2	5	-1	
[/special passive object]

[event monster position]
	475	274	0
	443	313	0
	283	335	0
	254	217	0
[/event monster position]

[map name]
	`PVP 无名`
