#PVF_File

[player number]
	2	8

[pvp start area]
	0	0	0	0
	0	0	0	0
	0	0	0	0

[dungeon]
	4
[/dungeon]

[type]
	`[normal]`

[greed]
	`DD BB`

[tile]
	`Tile/ForestOver.til`
	`Tile/ForestOverUnder.til`
	`Tile/ForestUnder.til`
	`Tile/ForestUnder.til`
	`Tile/ForestUnderOver.til`
	`Tile/ForestOver.til`
	`Tile/ForestOver.til`
[/tile]

[far sight scroll]
	56

[middle sight scroll]
	90

[near sight scroll]
	110

[background animation]
	[ani info]
		[filename]
			`Animation/far0.ani`
		[layer]
			`[distantback]`
		[order]
			`[below]`
	[/ani info]
	[ani info]
		[filename]
			`Animation/mid1.ani`
		[layer]
			`[middleback]`
		[order]
			`[below]`
	[/ani info]
[/background animation]

[pathgate pos]
	16	244	1553	240	577	174	1219	347

[sound]
	`M_MIRKWOOD`
	`AMB_RAIN_01`
[/sound]

[animation]
	`Animation/BurntTree4.ani`	`[close]`	791	427	0
	`Animation/smallTree1.ani`	`[close]`	361	458	0
	`Animation/smallTree0.ani`	`[close]`	1028	427	0
	`Animation/smallTree0.ani`	`[close]`	1108	469	0
	`Animation/smallTree0.ani`	`[close]`	917	457	0
	`Animation/smallTree1.ani`	`[close]`	485	494	0
	`Animation/smallTree1.ani`	`[close]`	190	482	0
	`Animation/smallTree0.ani`	`[close]`	1496	443	0
	`Animation/smallTree0.ani`	`[close]`	1560	469	0
	`Animation/BurntTree4.ani`	`[close]`	1380	439	0
	`Animation/Flower1.ani`	`[normal]`	1213	291	0
	`Animation/Flower2.ani`	`[normal]`	457	285	0
	`Animation/Flower0.ani`	`[normal]`	783	267	0
	`Animation/Stone0.ani`	`[normal]`	1193	260	0
	`Animation/Flower0.ani`	`[normal]`	541	239	0
	`Animation/Flower2.ani`	`[normal]`	378	196	0
	`Animation/Flower1.ani`	`[normal]`	1137	182	0
	`Animation/aniFlower.ani`	`[bottom]`	648	290	0
	`Animation/Grass0.ani`	`[bottom]`	901	243	0
	`Animation/aniFlower.ani`	`[bottom]`	343	252	0
	`Animation/Tree1.ani`	`[closeback]`	943	173	0
	`Animation/Tree1.ani`	`[closeback]`	1214	147	0
	`Animation/Tree2.ani`	`[closeback]`	1059	162	0
	`Animation/Tree2.ani`	`[closeback]`	1336	138	0
	`Animation/Tree2.ani`	`[closeback]`	1476	137	0
	`Animation/Tree3.ani`	`[closeback]`	769	173	0
[/animation]

[passive object]
	3	200	260	400
	4	200	260	0
[/passive object]

[monster]
	4	1	0	372	190	0	1	1	`[fixed]`	`[normal]`
	4	0	5	969	217	0	1	1	`[fixed]`	`[normal]`
	4	0	5	751	223	0	1	1	`[fixed]`	`[normal]`
	4	0	5	604	292	0	1	1	`[fixed]`	`[normal]`
	4	0	5	917	295	0	1	1	`[fixed]`	`[normal]`
	4	1	0	361	305	0	1	1	`[fixed]`	`[normal]`
[/monster]

[monster specific AI]
	`[normal]`
	`[normal]`
	`[normal]`
	`[normal]`
	`[normal]`
	`[normal]`
[/monster specific AI]

[special passive object]
	228	853	226	0	1
	`[item]`	0	1	-1	-1	-1
	221	917	238	0	1
	`[trap]`	2500	1	2	10	-1
	228	429	246	0	1
	`[item]`	0	2	-1	-1	-1
	221	494	257	0	1
	`[monster]`	4	5	3	10	-1	
[/special passive object]

[event monster position]
	459	293	0
	352	222	0
	699	264	0
	765	285	0
[/event monster position]

[map name]
	`PVP 无名`
