#PVF_File

[player number]
	2	8

[pvp start area]
	0	0	0	0
	0	0	0	0
	0	0	0	0

[dungeon]
	4
[/dungeon]

[type]
	`[normal]`

[greed]
	`DD CC`

[tile]
	`Tile/ForestOver.til`
	`Tile/ForestOver.til`
	`Tile/ForestOverUnder.til`
	`Tile/ForestUnder.til`
	`Tile/ForestUnder.til`
	`Tile/ForestUnderOver.til`
	`Tile/ForestOver.til`
[/tile]

[far sight scroll]
	56

[middle sight scroll]
	90

[near sight scroll]
	110

[background animation]
	[ani info]
		[filename]
			`Animation/far0.ani`
		[layer]
			`[distantback]`
		[order]
			`[below]`
	[/ani info]
	[ani info]
		[filename]
			`Animation/mid1.ani`
		[layer]
			`[middleback]`
		[order]
			`[below]`
	[/ani info]
[/background animation]

[pathgate pos]
	16	244	1553	240	293	144	1270	349

[sound]
	`M_MIRKWOOD`
	`AMB_RAIN_01`
[/sound]

[animation]
	`Animation/BurntTree4.ani`	`[close]`	941	429	0
	`Animation/smallTree1.ani`	`[close]`	278	465	0
	`Animation/smallTree0.ani`	`[close]`	1028	427	0
	`Animation/smallTree0.ani`	`[close]`	1108	469	0
	`Animation/smallTree0.ani`	`[close]`	656	440	0
	`Animation/smallTree1.ani`	`[close]`	485	494	0
	`Animation/smallTree1.ani`	`[close]`	190	482	0
	`Animation/smallTree0.ani`	`[close]`	1496	443	0
	`Animation/smallTree0.ani`	`[close]`	1560	469	0
	`Animation/smallTree1.ani`	`[close]`	392	458	0
	`Animation/smallTree1.ani`	`[close]`	559	465	0
	`Animation/BurntTree4.ani`	`[close]`	1358	439	0
	`Animation/smallTree0.ani`	`[close]`	1392	455	0
	`Animation/Flower2.ani`	`[normal]`	887	323	0
	`Animation/Flower1.ani`	`[normal]`	1213	291	0
	`Animation/Flower2.ani`	`[normal]`	457	285	0
	`Animation/Stone0.ani`	`[normal]`	1193	260	0
	`Animation/Flower0.ani`	`[normal]`	541	239	0
	`Animation/Flower0.ani`	`[normal]`	680	215	0
	`Animation/Flower1.ani`	`[normal]`	1137	182	0
	`Animation/aniFlower.ani`	`[bottom]`	648	290	0
	`Animation/Grass0.ani`	`[bottom]`	901	243	0
	`Animation/aniFlower.ani`	`[bottom]`	343	252	0
	`Animation/Tree1.ani`	`[closeback]`	57	136	0
	`Animation/Tree3.ani`	`[closeback]`	448	134	0
	`Animation/Tree2.ani`	`[closeback]`	637	166	0
	`Animation/Tree1.ani`	`[closeback]`	791	166	0
	`Animation/Tree1.ani`	`[closeback]`	1170	148	0
	`Animation/Tree2.ani`	`[closeback]`	1059	166	0
	`Animation/Tree2.ani`	`[closeback]`	1345	134	0
	`Animation/Tree2.ani`	`[closeback]`	1475	134	0
	`Animation/Tree3.ani`	`[closeback]`	549	148	0
	`Animation/Tree3.ani`	`[closeback]`	933	167	0
	`Animation/Tree3.ani`	`[closeback]`	146	135	0
[/animation]

[passive object]
	3	200	260	400
	4	200	260	0
	221	1126	277	0
	221	1010	213	0
	221	1184	341	0
[/passive object]

[monster]
	3	1	0	717	226	0	1	1	`[fixed]`	`[normal]`
	3	1	0	1067	228	0	1	1	`[fixed]`	`[normal]`
	5	1	0	1170	240	0	1	1	`[fixed]`	`[normal]`
	6	1	0	1263	295	0	1	1	`[fixed]`	`[normal]`
	4	1	0	1052	314	0	1	1	`[fixed]`	`[normal]`
	4	1	0	728	321	0	1	1	`[fixed]`	`[normal]`
[/monster]

[monster specific AI]
	`[normal]`
	`[normal]`
	`[normal]`
	`[normal]`
	`[normal]`
	`[normal]`
[/monster specific AI]

[special passive object]
	228	890	186	0	1
	`[item]`	0	1	-1	-1	-1
	221	575	202	0	1
	`[monster]`	3	6	3	10	-1
	1015	884	231	0	2
	`[monster]`	3	6	10	10	-1
	`[monster]`	3	6	10	10	-1
	221	514	258	0	1
	`[trap]`	2510	1	4	10	-1
	1015	888	290	0	2
	`[monster]`	4	6	10	10	-1
	`[monster]`	4	6	10	10	-1
	221	575	325	0	1
	`[monster]`	4	6	3	10	-1
	228	891	348	0	1
	`[item]`	0	2	-1	-1	-1
	221	620	350	0	1
	`[trap]`	2011	1	3	10	-1	
[/special passive object]

[event monster position]
	451	193	0
	451	273	0
	647	225	0
	786	232	0
[/event monster position]

[map name]
	`PVP 无名`
