#PVF_File

[player number]
	2	8

[pvp start area]
	0	0	0	0
	0	0	0	0
	0	0	0	0

[dungeon]
	103
[/dungeon]

[type]
	`[normal]`

[greed]
	`EE EE`

[tile]
	`Tile/basic_1.til`
	`Tile/basic_2.til`
	`Tile/basic_3.til`
	`Tile/basic_4.til`
[/tile]

[extended tile]
	`Tile/basic_ex_3.til`
	`Tile/basic_ex_4.til`
	`Tile/basic_ex_2.til`
	`Tile/basic_ex_3.til`
[/extended tile]

[far sight scroll]
	56

[middle sight scroll]
	90

[near sight scroll]
	110

[background animation]
	[ani info]
		[filename]
			`Animation/back_far.ani`
		[layer]
			`[distantback]`
		[order]
			`[below]`
	[/ani info]
	[ani info]
		[filename]
			`Animation/back_middle3.ani`
		[layer]
			`[middleback]`
		[order]
			`[below]`
	[/ani info]
[/background animation]

[pathgate pos]
	45	205	1392	584	1351	527	1367	645

[sound]
	`AMB_POWERSTATION_TROMBE`
	`M_TROMBE`
[/sound]

[animation]
	`Animation/rail_2.ani`	`[normal]`	777	375	0
	`Animation/rail_2.ani`	`[normal]`	106	375	0
	`Animation/rail_1.ani`	`[normal]`	557	432	0
	`Animation/rail_3.ani`	`[normal]`	325	434	0
	`Animation/bottom_4.ani`	`[bottom]`	470	278	0
	`Animation/bottom_2.ani`	`[bottom]`	677	192	0
	`Animation/bottom_2.ani`	`[bottom]`	545	255	0
	`Animation/bottom_2.ani`	`[bottom]`	586	274	0
	`Animation/bottom_2.ani`	`[bottom]`	356	273	0
	`Animation/bottom_1.ani`	`[bottom]`	353	231	0
	`Animation/bottomcable.ani`	`[bottom]`	608	210	0
	`Animation/back_close_3.ani`	`[middleback]`	719	561	0
	`Animation/back_spark_3.ani`	`[middleback]`	767	-9	0
	`Animation/back_spark_2.ani`	`[middleback]`	677	-166	0
	`Animation/back_spark_2.ani`	`[middleback]`	298	-136	0
	`Animation/back_spark_2.ani`	`[middleback]`	328	-158	0
	`Animation/back_spark_2.ani`	`[middleback]`	323	-24	0
[/animation]

[passive object]
	15106	210	122	0
	15104	325	166	0
	15104	252	192	0
	15093	925	205	0
	15105	501	210	0
	15104	300	238	0
	15089	446	241	0
	15095	855	246	0
	15095	909	283	0
	15104	324	284	0
	15104	256	304	0
	15100	886	328	0
	15097	840	352	0
[/passive object]

[monster]
	61634	1	0	542	159	0	1	1	`[fixed]`	`[normal]`
	61634	1	0	588	190	0	1	1	`[fixed]`	`[normal]`
	61634	1	0	630	241	0	1	1	`[fixed]`	`[normal]`
	61634	1	0	591	282	0	1	1	`[fixed]`	`[normal]`
	61634	1	0	523	315	0	1	1	`[fixed]`	`[normal]`
[/monster]

[monster specific AI]
	`[normal]`
	`[normal]`
	`[normal]`
	`[normal]`
	`[normal]`
[/monster specific AI]

[ai character]
	10417	690	300	0	`[character]`	`[normal]`	5	0
[/ai character]

[event monster position]
	393	288	0
	424	287	0
	392	317	0
	427	317	0
[/event monster position]

[map name]
	`PVP 无名`
