#PVF_File

[player number]
	2	8

[pvp start area]
	0	0	0	0
	0	0	0	0
	0	0	0	0

[dungeon]
	100
[/dungeon]

[type]
	`[normal]`

[greed]
	`HH HH`

[tile]
	`Tile/grim_tile9.til`
	`Tile/grim_tile2.til`
	`Tile/grim_tile8.til`
	`Tile/grim_tile2.til`
	`Tile/grim_tile2.til`
	`Tile/grim_tile10.til`
[/tile]

[pathgate pos]
	106	191	1234	198	544	133	563	625

[sound]
	`M_GSEEKER01`
	`AMB_INSIDE_01`
[/sound]

[animation]
	`Animation/mstonebig4.ani`	`[close]`	1014	367	0
	`Animation/mstonebig1.ani`	`[close]`	513	364	0
	`Animation/grim_land.ani`	`[bottom]`	857	133	0
	`Animation/mstonesmall3.ani`	`[bottom]`	807	139	0
	`Animation/mstonesmall1.ani`	`[bottom]`	582	257	0
	`Animation/mstonesmall2.ani`	`[bottom]`	886	156	0
	`Animation/mstonebig1.ani`	`[closeback]`	252	122	0
	`Animation/mstonebig1.ani`	`[closeback]`	1111	121	0
	`Animation/mstonebig3.ani`	`[closeback]`	855	121	0
[/animation]

[passive object]
	8559	458	177	0
	8456	575	180	0
	8865	763	181	0
	8461	957	182	0
	8456	1091	224	0
	8456	789	224	0
	8456	486	224	0
	8456	341	224	0
	8456	937	225	0
	8456	638	225	0
	8559	474	294	0
	8461	1017	298	0
	8865	826	298	0
	735	-5	322	0
[/passive object]

[monster]
	61116	1	0	641	183	0	1	1	`[fixed]`	`[normal]`
	61116	1	0	699	190	0	1	1	`[fixed]`	`[normal]`
	61116	1	0	399	195	0	1	1	`[fixed]`	`[normal]`
	61116	1	0	407	246	0	1	1	`[fixed]`	`[normal]`
	56107	1	0	488	253	0	1	1	`[fixed]`	`[normal]`
	61116	1	0	331	253	0	1	1	`[fixed]`	`[normal]`
	61116	1	0	734	299	0	1	1	`[fixed]`	`[normal]`
	61116	1	0	419	312	0	1	1	`[fixed]`	`[normal]`
	61116	1	0	658	315	0	1	1	`[fixed]`	`[normal]`
	61116	1	0	581	315	0	1	1	`[fixed]`	`[normal]`
[/monster]

[monster specific AI]
	`[normal]`
	`[normal]`
	`[normal]`
	`[normal]`
	`[normal]`
	`[normal]`
	`[normal]`
	`[normal]`
	`[normal]`
	`[normal]`
[/monster specific AI]

[map name]
	`PVP 无名`
