#PVF_File

[player number]
	2	8

[pvp start area]
	0	0	0	0
	0	0	0	0
	0	0	0	0

[dungeon]
	1
[/dungeon]

[type]
	`[boss]`

[greed]
	`GG GG`

[tile]
	`Tile/ForestUnder.til`
	`Tile/ForestUnderOver.til`
	`Tile/ForestOver.til`
	`Tile/ForestOver.til`
	`Tile/ForestOver.til`
	`Tile/ForestOverUnder.til`
	`Tile/ForestUnder.til`
[/tile]

[far sight scroll]
	56

[middle sight scroll]
	90

[near sight scroll]
	110

[background animation]
	[ani info]
		[filename]
			`Animation/far1.ani`
		[layer]
			`[distantback]`
		[order]
			`[below]`
	[/ani info]
	[ani info]
		[filename]
			`Animation/mid1.ani`
		[layer]
			`[middleback]`
		[order]
			`[below]`
	[/ani info]
[/background animation]

[pathgate pos]
	13	244	1555	250	299	166	784	348

[sound]
	`AMB_FOREST_01`
	`M_FOREST_02`
[/sound]

[animation]
	`Animation/Stone0.ani`	`[normal]`	1311	350	0
	`Animation/Stone0.ani`	`[normal]`	1309	336	0
	`Animation/Stone1.ani`	`[normal]`	678	329	0
	`Animation/Stone0.ani`	`[normal]`	1332	326	0
	`Animation/Stone0.ani`	`[normal]`	1327	313	0
	`Animation/Stone1.ani`	`[normal]`	985	310	0
	`Animation/Stone0.ani`	`[normal]`	1334	298	0
	`Animation/Stone0.ani`	`[normal]`	1346	281	0
	`Animation/Stone0.ani`	`[normal]`	1347	249	0
	`Animation/Stone1.ani`	`[normal]`	928	237	0
	`Animation/Stone0.ani`	`[normal]`	1345	230	0
	`Animation/Stone0.ani`	`[normal]`	1346	196	0
	`Animation/Stone0.ani`	`[normal]`	1363	189	0
	`Animation/Grass2.ani`	`[bottom]`	683	306	0
	`Animation/StoneTower2.ani`	`[closeback]`	886	142	0
	`Animation/StoneTower2.ani`	`[closeback]`	772	135	0
	`Animation/StoneTower0.ani`	`[closeback]`	839	137	0
	`Animation/StoneTower0.ani`	`[closeback]`	1001	143	0
	`Animation/StoneTower0.ani`	`[closeback]`	936	142	0
	`Animation/BurntTree6.ani`	`[closeback]`	658	138	0
[/animation]

[passive object]
	5	150	150	0
	6	330	230	500
	5	650	190	0
	6	830	270	500
	5	1150	170	0
	6	1330	250	500
	272	1264	165	0
	273	376	249	0
	273	269	317	0
	272	1230	363	0
[/passive object]

[monster]
	1	1	0	602	207	0	1	1	`[fixed]`	`[normal]`
	1	1	0	862	214	0	1	1	`[fixed]`	`[normal]`
	1	1	0	1061	216	0	1	1	`[fixed]`	`[normal]`
	1	1	0	685	236	0	1	1	`[fixed]`	`[normal]`
	1	1	0	796	255	0	1	1	`[fixed]`	`[normal]`
	2	1	0	943	283	0	2	1	`[fixed]`	`[boss]`
	1	1	0	558	319	0	1	1	`[fixed]`	`[normal]`
[/monster]

[monster specific AI]
	`[normal]`
	`[normal]`
	`[normal]`
	`[normal]`
	`[normal]`
	`[normal]`
	`[normal]`
[/monster specific AI]

[NPC]
	1000	`[left]`	0	0	0
[/NPC]

[event monster position]
	507	213	0
	613	275	0
	746	178	0
	869	274	0
[/event monster position]

[map name]
	`PVP 无名`
