#PVF_File

1
`ATGunner/FlameBullet.skl`
2
`ATGunner/FreezeBullet.skl`
3
`ATGunner/Windmill.skl`
4
`ATGunner/AerialKnee.skl`
5
`ATGunner/HeadShot.skl`
6
`ATGunner/Punisher.skl`
7
`ATGunner/FastKnee.skl`
8
`ATGunner/RisingWindmill.skl`
9
`ATGunner/RandomShoot.skl`
10
`ATGunner/BulletGuard.skl`
11
`ATGunner/FastShoot.skl`
12
`ATGunner/Gatling.skl`
13
`ATGunner/FlameThrower.skl`
14
`ATGunner/AerialGatling.skl`
15
`ATGunner/WalkShoot.skl`
20
`ATGunner/TurningShoot.skl`
21
`ATGunner/SubWeaponMastery.skl`
22
`ATGunner/ReduceRevolverDelay.skl`
23
`ATGunner/ReduceRevolverReload.skl`
26
`ATGunner/CounterShoot.skl`
27
`ATGunner/RobotRX78.skl`
28
`ATGunner/RobotEz8.skl`
29
`ATGunner/RobotExs.skl`
30
`ATGunner/SilverBullet.skl`
31
`ATGunner/BulletReinforce.skl`
32
`ATGunner/TripleClutch.skl`
33
`ATGunner/StayOnJumpShoot.skl`
34
`ATGunner/HitOnSubWeapon.skl`
35
`ATGunner/AirRaid.skl`
36
`ATGunner/FlameThrowerBoost.skl`
37
`ATGunner/HighAngleSliding.skl`
38
`ATGunner/FM31.skl`
39
`ATGunner/LaserRifle.skl`
40
`ATGunner/SteyrHeavyRifle.skl`
41
`ATGunner/LaserRifleCharge.skl`
42
`ATGunner/RX78ofCrisis.skl`
43
`ATGunner/Camouflage.skl`
44
`ATGunner/SubWeaponPowerUp.skl`
45
`ATGunner/UraniumBomb.skl`
46
`ATGunner/Robotics.skl`
47
`ATGunner/LiftShot.skl`
48
`ATGunner/CrossShoot.skl`
49
`ATGunner/IncreaseBulletBuffCount.skl`
50
`ATGunner/RobotsExplosion.skl`
51
`ATGunner/DoubleGunhawk.skl`
52
`ATGunner/ArmorBullet.skl`
53
`ATGunner/NapalmBomb.skl`
55
`ATGunner/ArmorMasteryLeatherRG.skl`
56
`ATGunner/GrenadeNone.skl`
57
`ATGunner/GrenadeLight.skl`
58
`ATGunner/GrenadeWater.skl`
59
`ATGunner/MechaDrop.skl`
60
`ATGunner/RevolverCriticalDamageUp.skl`
61
`ATGunner/ArmorMasteryLeatherSP.skl`
62
`ATGunner/SubWeaponStuckDown.skl`
63
`ATGunner/RobotTempester.skl`
71
`ATGunner/Extruder.skl`
72
`ATGunner/MultiHeadShot.skl`
73
`ATGunner/CannonBall.skl`
74
`ATGunner/CancelCannonBall.skl`
75
`ATGunner/Stinger.skl`
76
`ATGunner/FlashMine.skl`
77
`ATGunner/C4Remote.skl`
78
`ATGunner/NielSniping.skl`
79
`ATGunner/G1.skl`
80
`ATGunner/G2.skl`
81
`ATGunner/G3.skl`
82
`ATGunner/ChargingSupply.skl`
83
`ATGunner/SparrowFactory.skl`
91
`ATGunner/ArmorMasteryClothMN.skl`
92
`ATGunner/ArmorMasteryHeavyRU.skl`
93
`ATGunner/Overheat.skl`
94
`ATGunner/VeiledCut.skl`
95
`ATGunner/GExtension.skl`
96
`ATGunner/G0.skl`
97
`ATGunner/AncientTrigger.skl`
98
`ATGunner/EMPStorm.skl`
99
`ATGunner/WeaponReinforce.skl`
100
`ATGunner/TwinGunblade.skl`
101
`ATGunner/AirRaidEx.skl`
102
`ATGunner/C4RemoteEx.skl`
103
`ATGunner/FlashMineEx.skl`
104
`ATGunner/MultiHeadShotEx.skl`
105
`ATGunner/RobotEz8Ex.skl`
106
`ATGunner/RobotExsEx.skl`
107
`ATGunner/BlizzardThrowerBoost.skl`
108
`ATGunner/StingerEx.skl`
109
`ATGunner/ChargeBuster.skl`
110
`ATGunner/MusketMastery.skl`
140
`ATGunner/HeadShotEx.skl`
141
`ATGunner/AerialGatlingEx.skl`
142
`ATGunner/RobotRX78Ex.skl`
143
`ATGunner/SilverBulletEx.skl`
144
`ATGunner/BulletGuardEx.skl`
145
`ATGunner/PunisherEx.skl`
146
`ATGunner/FlameThrowerEx.skl`
147
`ATGunner/SteyrHeavyRifleEx.skl`
148
`ATGunner/RobotsExplosionEx.skl`
149
`ATGunner/G1Ex.skl`
150
`ATGunner/CrossShootEx.skl`
151
`ATGunner/IncreaseBulletBuffCountEx.skl`
152
`ATGunner/MagicalChangeEx.skl`
153
`ATGunner/FastKneeEx.skl`
154
`ATGunner/RandomShootEx.skl`
155
`ATGunner/GrenadeNoneEx.skl`
156
`ATGunner/NapalmBombEx.skl`
157
`ATGunner/RobotEz8Exp.skl`
158
`ATGunner/SparrowFactoryEx.skl`
159
`ATGunner/GatlingEx.skl`
160
`ATGunner/StingerExp.skl`
161
`ATGunner/BasicAttackUpEx.skl`
162
`ATGunner/FlameBulletEx.skl`
163
`ATGunner/FreezeBulletEx.skl`
169
`ATGunner/BackStep.skl`
172
`ATGunner/ArmorMasteryLight.skl`
173
`ATGunner/ArmorMasteryHeavy.skl`
174
`ATGunner/BasicAttackUp.skl`
175
`ATGunner/JumpPowerUp.skl`
176
`ATGunner/MagicalAttackUp.skl`
177
`ATGunner/ThrowMastery.skl`
178
`ATGunner/PhysicalBackAttackCritical.skl`
179
`ATGunner/DisjointItem.skl`
180
`ATGunner/SuperArmorOnCast.skl`
181
`ATGunner/CompoundCraft.skl`
182
`ATGunner/CompoundWeaving.skl`
183
`ATGunner/CompoundMachine.skl`
184
`ATGunner/CompoundChemistry.skl`
185
`ATGunner/ArmorMasteryLeather.skl`
186
`ATGunner/PhysicalCriticalHitUp.skl`
187
`ATGunner/ArmorMasteryCloth.skl`
188
`ATGunner/MagicalCriticalHitUp.skl`
189
`ATGunner/MagicalBackAttackCritical.skl`
190
`ATGunner/QuickStanding.skl`
195
`ATGunner/BasicHpMaxUp.skl`
196
`ATGunner/ArmorMasteryPlate.skl`
197
`ATGunner/Conversion.skl`
200
`ATGunner/StatusUp.skl`
201
`ATGunner/ExperienceUp.skl`
191
`ATGunner/Enchant.skl`
192
`ATGunner/DollMaking.skl`
193
`ATGunner/Alchemy.skl`
194
`ATGunner/OpenDisjointShop.skl`
164
`ATGunner/CounterShootEx.skl`
166
`ATGunner/WindmillEx.skl`
167
`ATGunner/LiftShotEx.skl`
168
`ATGunner/AerialKneeEx.skl`
211
`ATGunner/AirRaidExp.skl`
212
`ATGunner/WalkShootEx.skl`
213
`ATGunner/DoubleGunhawkEx.skl`
214
`ATGunner/MultiHeadShotExp.skl`
215
`ATGunner/LaserRifleEx.skl`
216
`ATGunner/ExtruderEx.skl`
217
`ATGunner/CannonBallEx.skl`
218
`ATGunner/FlameThrowerBoostEx.skl`
219
`ATGunner/G2Ex.skl`
220
`ATGunner/G3Ex.skl`
221
`ATGunner/UraniumBombExp.skl`
222
`ATGunner/RobotTempesterEx.skl`
223
`ATGunner/GrenadeLightEx.skl`
224
`ATGunner/GrenadeWaterEx.skl`
225
`ATGunner/ArmorBulletEx.skl`
226
`ATGunner/ChargeBusterEx.skl`
227
`ATGunner/FlashMineExp.skl`
228
`ATGunner/C4RemoteExp.skl`
229
`ATGunner/NielSnipingEx.skl`
230
`ATGunner/RobotExsExp.skl`
231
`ATGunner/MechaDropEx.skl`