#PVF_File

1
`atmage/windstrike.skl`
2
`atmage/chainlightning.skl`
3
`atmage/crystalattack.skl`
4
`atmage/darkchange.skl`
5
`atmage/elementalchange.skl`
6
`atmage/fireroad.skl`
7
`atmage/iceroad.skl`
8
`atmage/icesword.skl`
9
`atmage/holonglight.skl`
10
`atmage/pieceofice.skl`
11
`atmage/flamecircle.skl`
12
`atmage/bluedragonwill.skl`
13
`atmage/frozenland.skl`
14
`atmage/icearea.skl`
15
`atmage/icecrash.skl`
16
`atmage/brokenarrow.skl`
17
`atmage/pushout.skl`
18
`atmage/magiccannon.skl`
19
`atmage/magicshield.skl`
20
`atmage/teleport.skl`
21
`atmage/fallenblossoms.skl`
22
`atmage/expression.skl`
23
`atmage/turnwindmill.skl`
24
`atmage/darknessmantle.skl`
25
`atmage/multishot.skl`
26
`atmage/watercannon.skl`
27
`atmage/firepillar.skl`
28
`atmage/manaburst.skl`
29
`atmage/lightningwall.skl`
30
`atmage/elementalrain.skl`
31
`atmage/resonance.skl`
32
`atmage/iceman.skl`
33
`atmage/diehard.skl`
34
`atmage/elementalshield.skl`
35
`atmage/iceelementalattack.skl`
36
`atmage/armormasteryclotheb.skl`
37
`atmage/armormasteryleathergm.skl`
48
`atmage/icechakram.skl`
49
`atmage/elementalbuster.skl`
50
`atmage/tundrasoul.skl`
51
`atmage/elementalchain.skl`
60
`atmage/iceorbex.skl`
61
`atmage/concentrate.skl`
62
`atmage/elementalstrikeex.skl`
63
`atmage/icefieldex.skl`
91
`atmage/equipbroom.skl`
92
`atmage/basicattackupex.skl`
169
`passive/backstep.skl`
172
`atmage/armormasterylight.skl`
173
`atmage/armormasteryheavy.skl`
174
`atmage/basicattackup.skl`
175
`atmage/jumppowerup.skl`
176
`atmage/magicalattackup.skl`
177
`atmage/throwmastery.skl`
178
`atmage/physicalbackattackcritical.skl`
179
`atmage/disjointitem.skl`
180
`atmage/superarmoroncast.skl`
181
`atmage/compoundcraft.skl`
182
`atmage/compoundweaving.skl`
183
`atmage/compoundmachine.skl`
184
`atmage/compoundchemistry.skl`
185
`atmage/armormasteryleather.skl`
186
`atmage/physicalcriticalhitup.skl`
187
`atmage/armormasterycloth.skl`
188
`atmage/magicalcriticalhitup.skl`
189
`atmage/magicalbackattackcritical.skl`
190
`atmage/quickstanding.skl`
191
`atmage/enchant.skl`
192
`atmage/dollmaking.skl`
193
`atmage/alchemy.skl`
194
`atmage/opendisjointshop.skl`
195
`atmage/basichpmaxup.skl`
196
`atmage/armormasteryplate.skl`
197
`atmage/conversion.skl`
199
`passive/benyuan.skl`
200
`atmage/statusup.skl`
201
`atmage/experienceup.skl`
211
`atmage/windstrikeex.skl`
212
`atmage/chainlightningex.skl`
213
`atmage/crystalattackex.skl`
214
`atmage/darkchangeex.skl`
216
`atmage/fireroadex.skl`
217
`atmage/iceroadex.skl`
218
`atmage/iceswordex.skl`
219
`atmage/holonglightex.skl`
220
`atmage/pieceoficeex.skl`
221
`atmage/flamecircleex.skl`
222
`atmage/bluedragonwillex.skl`
223
`atmage/frozenlandex.skl`
224
`atmage/iceareaex.skl`
225
`atmage/icecrashex.skl`
226
`atmage/brokenarrowex.skl`
227
`atmage/pushoutex.skl`
228
`atmage/magiccannonex.skl`
229
`atmage/magicshieldex.skl`
231
`atmage/fallenblossomsex.skl`
233
`atmage/turnwindmillex.skl`
234
`atmage/darknessmantleex.skl`
235
`atmage/multishotex.skl`
236
`atmage/watercannonex.skl`
237
`atmage/firepillarex.skl`
239
`atmage/lightningwallex.skl`
240
`atmage/elementalrainex.skl`
241
`atmage/resonanceex.skl`
242
`atmage/icemanex.skl`
243
`atmage/atmage_elementalfield.skl`
244
`atmage/atmage_convergencecannon.skl`
245
`atmage/atmage_armageddonstrike.skl`
246
`atmage/atmage_shardmagnum.skl`
247
`atmage/atmage_overfreezeextension.skl`
248
`atmage/atmage_judekatheeternal.skl`
254
`atmage/atmage_comminterrupt.skl`
