#PVF_File

1
`swordman/guard.skl`
2
`swordman/reflectguard.skl`
3
`swordman/autoguard.skl`
4
`swordman/lightswordmastery.skl`
5
`swordman/hardattack.skl`
6
`swordman/hardattackcharge.skl`
7
`swordman/hitback.skl`
8
`swordman/tripleslash.skl`
9
`swordman/momentaryslash.skl`
11
`swordman/dashattackmultihit.skl`
12
`swordman/shortswordmastery.skl`
13
`swordman/blademastery.skl`
14
`swordman/heavyswordmastery.skl`
15
`swordman/bluntmastery.skl`
16
`swordman/ashenfork.skl`
17
`swordman/jumpattackmulti.skl`
18
`swordman/ghoststep.skl`
19
`swordman/pinchpowerup.skl`
20
`swordman/normalwave.skl`
21
`swordman/icewave.skl`
22
`swordman/firewave.skl`
23
`swordman/sacrifice.skl`
24
`swordman/bloodblast.skl`
25
`swordman/khazan.skl`
26
`swordman/ghostsoulrelease.skl`
27
`swordman/weaponmasteryup.skl`
28
`swordman/swordman_jiquzhili.skl`
29
`swordman/darkfriendship.skl`
30
`swordman/darktoleranceup.skl`
31
`swordman/grabblastblood.skl`
32
`swordman/releasewave.skl`
33
`swordman/equiplightsword.skl`
34
`swordman/diehard.skl`
35
`swordman/ghostpowerup.skl`
36
`swordman/saya.skl`
37
`swordman/fastequip.skl`
38
`swordman/overdrive.skl`
39
`swordman/durabilityup.skl`
40
`swordman/reckless.skl`
41
`swordman/bremen.skl`
42
`swordman/disjointitemdark.skl`
43
`swordman/jumpattackhighfast.skl`
44
`swordman/tombstonerain.skl`
46
`swordman/upperslash.skl`
47
`swordman/wavemark.skl`
49
`swordman/backstepcutter.skl`
50
`swordman/grandwave.skl`
51
`swordman/grandwavecharge.skl`
52
`swordman/dotarea.skl`
53
`swordman/mindflash.skl`
55
`swordman/senseviolenttemper.skl`
56
`swordman/armormasteryheavybk.skl`
57
`swordman/shockwavearea.skl`
58
`swordman/vaneslash.skl`
60
`swordman/ghoststepslash.skl`
61
`swordman/armormasteryplatewave.skl`
62
`swordman/standalonewave.skl`
63
`swordman/bloodyvigorous.skl`
64
`swordman/gorecross.skl`
65
`swordman/hopsmash.skl`
67
`swordman/weaponcombo.skl`
68
`swordman/chargecrash.skl`
72
`swordman/rapidmoveslash.skl`
73
`swordman/illusionslash.skl`
74
`swordman/wavespinarea.skl`
75
`swordman/epidemicrasa.skl`
76
`swordman/frenzy.skl`
77
`swordman/moonlightslash.skl`
79
`swordman/bloodyrave.skl`
80
`swordman/moonlightslashfull.skl`
81
`swordman/outragebreak.skl`
82
`swordman/kalla.skl`
84
`swordman/keiga.skl`
85
`swordman/hellbenter.skl`
86
`swordman/hundredsword.skl`
87
`swordman/blache.skl`
88
`swordman/waveeye.skl`
89
`swordman/darkaura.skl`
90
`swordman/bleedingmastery.skl`
91
`swordman/defensedownoncritical.skl`
92
`swordman/stuckuponcounter.skl`
93
`swordman/armormasteryclothsb.skl`
94
`swordman/armormasterylightwm.skl`
95
`swordman/tombstonerainex.skl`
96
`swordman/sayaex.skl`
97
`swordman/momentaryslashex.skl`
98
`swordman/chargecrashex.skl`
99
`swordman/firewaveex.skl`
100
`swordman/icewaveex.skl`
101
`swordman/bloodblastex.skl`
102
`swordman/grabblastbloodex.skl`
103
`swordman/bloodsword.skl`
105
`swordman/flowmind.skl`
107
`swordman/flowmindone.skl`
108
`swordman/flowmindtwo.skl`
109
`swordman/flowmindthree.skl`
110
`swordman/flowmindpowerup.skl`
111
`swordman/ghostsidewind.skl`
112
`swordman/triplestab.skl`
113
`swordman/leishen.skl`
115
`swordman/ghostsidewindex.skl`
116
`swordman/triplestabex.skl`
139
`swordman/pinchpowerupex.skl`
140
`swordman/normalwaveex.skl`
141
`swordman/gorecrossex.skl`
142
`swordman/hardattackex.skl`
143
`swordman/tripleslashex.skl`
144
`swordman/hitbackex.skl`
145
`swordman/autoguardex.skl`
146
`swordman/bremenex.skl`
147
`swordman/ghoststepex.skl`
148
`swordman/diehardex.skl`
149
`swordman/recklessex.skl`
150
`swordman/dotareaex.skl`
151
`swordman/wavemarkex.skl`
152
`swordman/rapidmoveslashex.skl`
153
`swordman/ashenforkex.skl`
154
`swordman/momentaryslashexp.skl`
155
`swordman/moonlightslashex.skl`
156
`swordman/epidemicrasaex.skl`
157
`swordman/hopsmashex.skl`
158
`swordman/bloodyraveex.skl`
159
`swordman/vaneslashex.skl`
160
`swordman/reflectguardex.skl`
161
`swordman/basicattackupex.skl`
162
`swordman/dashattackmultihitex.skl`
163
`swordman/guardex.skl`
164
`swordman/khazanex.skl`
165
`swordman/grabblastbloodexp.skl`
166
`swordman/bloodblastexp.skl`
167
`swordman/outragebreakex.skl`
168
`swordman/bloodswordex.skl`
169
`passive/backstep.skl`
172
`swordman/armormasterylight.skl`
173
`swordman/armormasteryheavy.skl`
174
`swordman/basicattackup.skl`
175
`swordman/jumppowerup.skl`
176
`swordman/magicalattackup.skl`
177
`swordman/throwmastery.skl`
178
`swordman/physicalbackattackcritical.skl`
179
`swordman/disjointitem.skl`
180
`swordman/superarmoroncast.skl`
181
`swordman/compoundcraft.skl`
182
`swordman/compoundweaving.skl`
183
`swordman/compoundmachine.skl`
184
`swordman/compoundchemistry.skl`
185
`swordman/armormasteryleather.skl`
186
`swordman/physicalcriticalhitup.skl`
187
`swordman/armormasterycloth.skl`
188
`swordman/magicalcriticalhitup.skl`
189
`swordman/magicalbackattackcritical.skl`
190
`swordman/quickstanding.skl`
191
`swordman/enchant.skl`
192
`swordman/dollmaking.skl`
193
`swordman/alchemy.skl`
194
`swordman/opendisjointshop.skl`
195
`swordman/basichpmaxup.skl`
196
`swordman/armormasteryplate.skl`
197
`swordman/conversion.skl`
198
`swordman/burster.skl`
199
`passive/benyuan.skl`
200
`swordman/statusup.skl`
201
`swordman/experienceup.skl`
210
`swordman/releasewaveex.skl`
211
`swordman/grandwaveex.skl`
212
`swordman/firewaveexp.skl`
213
`swordman/standalonewaveex.skl`
214
`swordman/wavespinareaex.skl`
215
`swordman/upperslashex.skl`
216
`swordman/icewaveexp.skl`
217
`swordman/illusionslashexp.skl`
218
`swordman/chargecrashexp.skl`
219
`swordman/flowmindoneex.skl`
220
`swordman/flowmindtwoex.skl`
221
`swordman/flowmindthreeex.skl`
224
`swordman/sayaexp.skl`
225
`swordman/tombstonerainexp.skl`
226
`swordman/ghoststepslashex.skl`
227
`swordman/kallaex.skl`
228
`swordman/reflectguardexp.skl`
229
`swordman/swordman_bloodboom.skl`
230
`swordman/swordman_bloodmarble.skl`
231
`swordman/swordman_bloodriven.skl`
232
`swordman/swordman_rage.skl`
233
`swordman/swordman_bloodsnatch.skl`
234
`swordman/swordman_swordofmind.skl`
235
`swordman/swordman_meteorsword.skl`
236
`swordman/swordman_flashcut.skl`
237
`swordman/swordman_slashofboom.skl`
238
`swordman/swordman_slashofhell.skl`
239
`swordman/swordman_bladephantom.skl`
240
`swordman/swordman_bladephantomex.skl`
241
`swordman/swordman_zigadvent.skl`
242
`swordman/swordman_indaramang.skl`
243
`swordman/swordman_vajra.skl`
244
`swordman/swordman_lightninggod.skl`
245
`swordman/swordman_fatalblood.skl`
246
`swordman/swordman_handlingsword.skl`
247
`swordman/swordman_tombstoneswamp.skl`
248
`swordman/swordman_stateoflimit.skl`
249
`swordman/mysticequip.skl`
253
`swordman/defaneblood.skl`
254
`swordman/swordman_comminterrupt.skl`
