#PVF_File

1
`Swordman/Guard.skl`
2
`Swordman/ReflectGuard.skl`
3
`Swordman/AutoGuard.skl`
4
`Swordman/LightSwordMastery.skl`
5
`Swordman/HardAttack.skl`
6
`Swordman/HardAttackCharge.skl`
7
`Swordman/HitBack.skl`
8
`Swordman/TripleSlash.skl`
9
`Swordman/MomentarySlash.skl`
11
`Swordman/DashAttackMultiHit.skl`
12
`Swordman/ShortSwordMastery.skl`
13
`Swordman/BladeMastery.skl`
14
`Swordman/HeavySwordMastery.skl`
15
`Swordman/BluntMastery.skl`
16
`Swordman/AshenFork.skl`
17
`Swordman/JumpAttackMulti.skl`
18
`Swordman/GhostStep.skl`
19
`Swordman/PinchPowerUp.skl`
20
`Swordman/NormalWave.skl`
21
`Swordman/IceWave.skl`
22
`Swordman/FireWave.skl`
23
`Swordman/Sacrifice.skl`
24
`Swordman/BloodBlast.skl`
25
`Swordman/Khazan.skl`
27
`Swordman/WeaponMasteryUp.skl`
29
`Swordman/DarkFriendship.skl`
30
`Swordman/DarkToleranceUp.skl`
31
`Swordman/GrabBlastBlood.skl`
32
`Swordman/ReleaseWave.skl`
33
`Swordman/EquipLightSword.skl`
34
`Swordman/DieHard.skl`
35
`Swordman/GhostPowerUp.skl`
36
`Swordman/Saya.skl`
37
`Swordman/FastEquip.skl`
38
`Swordman/OverDrive.skl`
39
`Swordman/DurabilityUp.skl`
40
`Swordman/Reckless.skl`
41
`Swordman/Bremen.skl`
42
`Swordman/DisjointItemDark.skl`
43
`Swordman/JumpAttackHighFast.skl`
44
`Swordman/TombStoneRain.skl`
46
`Swordman/UpperSlash.skl`
47
`Swordman/WaveMark.skl`
49
`Swordman/BackStepCutter.skl`
50
`Swordman/GrandWave.skl`
51
`Swordman/GrandWaveCharge.skl`
52
`Swordman/DOTArea.skl`
53
`Swordman/MindFlash.skl`
55
`Swordman/SenseViolentTemper.skl`
56
`Swordman/ArmorMasteryHeavyBK.skl`
57
`Swordman/ShockWaveArea.skl`
58
`Swordman/VaneSlash.skl`
60
`Swordman/GhostStepSlash.skl`
61
`Swordman/ArmorMasteryPlateWave.skl`
62
`Swordman/StandAloneWave.skl`
63
`Swordman/BloodyVigorous.skl`
64
`Swordman/GoreCross.skl`
65
`Swordman/HopSmash.skl`
67
`Swordman/WeaponCombo.skl`
68
`Swordman/ChargeCrash.skl`
72
`Swordman/RapidMoveSlash.skl`
73
`Swordman/IllusionSlash.skl`
74
`Swordman/WaveSpinArea.skl`
75
`Swordman/EpidemicRasa.skl`
76
`Swordman/Frenzy.skl`
77
`Swordman/MoonlightSlash.skl`
79
`Swordman/BloodyRave.skl`
80
`Swordman/MoonlightSlashFull.skl`
81
`Swordman/OutRageBreak.skl`
82
`Swordman/Kalla.skl`
84
`Swordman/Keiga.skl`
85
`Swordman/Hellbenter.skl`
86
`Swordman/HundredSword.skl`
87
`Swordman/Blache.skl`
88
`Swordman/WaveEye.skl`
89
`Swordman/DarkAura.skl`
90
`Swordman/BleedingMastery.skl`
91
`Swordman/DefenseDownOnCritical.skl`
92
`Swordman/StuckUpOnCounter.skl`
93
`Swordman/ArmorMasteryClothSB.skl`
94
`Swordman/ArmorMasteryLightWM.skl`
95
`Swordman/TombStoneRainEx.skl`
96
`Swordman/SayaEx.skl`
97
`Swordman/MomentarySlashEx.skl`
98
`Swordman/ChargeCrashEx.skl`
99
`Swordman/FireWaveEx.skl`
100
`Swordman/IceWaveEx.skl`
101
`Swordman/BloodBlastEx.skl`
102
`Swordman/GrabBlastBloodEx.skl`
103
`Swordman/BloodSword.skl`
105
`Swordman/FlowMind.skl`
107
`Swordman/FlowMindOne.skl`
108
`Swordman/FlowMindTwo.skl`
109
`Swordman/FlowMindThree.skl`
110
`Swordman/FlowMindPowerUp.skl`
111
`Swordman/GhostSideWind.skl`
112
`Swordman/TripleStab.skl`
115
`Swordman/GhostSideWindEx.skl`
116
`Swordman/TripleStabEx.skl`
139
`Swordman/PinchPowerUpEx.skl`
140
`Swordman/NormalWaveEx.skl`
141
`Swordman/GoreCrossEx.skl`
142
`Swordman/HardAttackEx.skl`
143
`Swordman/TripleSlashEx.skl`
144
`Swordman/HitBackEx.skl`
145
`Swordman/AutoGuardEx.skl`
146
`Swordman/BremenEx.skl`
147
`Swordman/GhostStepEx.skl`
148
`Swordman/DieHardEx.skl`
149
`Swordman/RecklessEx.skl`
150
`Swordman/DOTAreaEx.skl`
151
`Swordman/WaveMarkEx.skl`
152
`Swordman/RapidMoveSlashEx.skl`
153
`Swordman/AshenForkEx.skl`
154
`Swordman/MomentarySlashExp.skl`
155
`Swordman/MoonlightSlashEx.skl`
156
`Swordman/EpidemicRasaEx.skl`
157
`Swordman/HopSmashEx.skl`
158
`Swordman/BloodyRaveEx.skl`
159
`Swordman/VaneSlashEx.skl`
160
`Swordman/ReflectGuardEx.skl`
161
`Swordman/BasicAttackUpEx.skl`
162
`Swordman/DashAttackMultiHitEx.skl`
163
`Swordman/GuardEx.skl`
164
`Swordman/KhazanEx.skl`
165
`Swordman/GrabBlastBloodExp.skl`
166
`Swordman/BloodBlastExp.skl`
167
`Swordman/OutRageBreakEx.skl`
168
`Swordman/BloodSwordEx.skl`
169
`passive/BackStep.skl`
172
`Swordman/ArmorMasteryLight.skl`
173
`Swordman/ArmorMasteryHeavy.skl`
174
`Swordman/BasicAttackUp.skl`
175
`Swordman/JumpPowerUp.skl`
176
`Swordman/MagicalAttackUp.skl`
177
`Swordman/ThrowMastery.skl`
178
`Swordman/PhysicalBackAttackCritical.skl`
179
`Swordman/DisjointItem.skl`
180
`Swordman/SuperArmorOnCast.skl`
181
`Swordman/CompoundCraft.skl`
182
`Swordman/CompoundWeaving.skl`
183
`Swordman/CompoundMachine.skl`
184
`Swordman/CompoundChemistry.skl`
185
`Swordman/ArmorMasteryLeather.skl`
186
`Swordman/PhysicalCriticalHitUp.skl`
187
`Swordman/ArmorMasteryCloth.skl`
188
`Swordman/MagicalCriticalHitUp.skl`
189
`Swordman/MagicalBackAttackCritical.skl`
190
`Swordman/QuickStanding.skl`
195
`Swordman/BasicHpMaxUp.skl`
196
`Swordman/ArmorMasteryPlate.skl`
197
`Swordman/Conversion.skl`
199
`passive/benyuan.skl`
200
`Swordman/StatusUp.skl`
201
`Swordman/ExperienceUp.skl`
191
`Swordman/Enchant.skl`
192
`Swordman/DollMaking.skl`
193
`Swordman/Alchemy.skl`
194
`Swordman/OpenDisjointShop.skl`
210
`Swordman/ReleaseWaveEx.skl`
211
`Swordman/GrandWaveEx.skl`
212
`Swordman/FireWaveExp.skl`
213
`Swordman/StandAloneWaveEx.skl`
214
`Swordman/WaveSpinAreaEx.skl`
215
`Swordman/UpperSlashEx.skl`
216
`Swordman/IceWaveExp.skl`
217
`Swordman/IllusionSlashExp.skl`
218
`Swordman/ChargeCrashExp.skl`
219
`Swordman/FlowMindOneEx.skl`
220
`Swordman/FlowMindTwoEx.skl`
221
`Swordman/FlowMindThreeEx.skl`
224
`Swordman/SayaExp.skl`
225
`Swordman/TombStoneRainExp.skl`
226
`Swordman/GhostStepSlashEx.skl`
227
`Swordman/KallaEx.skl`
228
`Swordman/ReflectGuardExp.skl`