#PVF_File

[player number]
	2	8

[pvp start area]
	0	0	0	0
	0	0	0	0
	0	0	0	0

[dungeon]
	43
[/dungeon]

[type]
	`[normal]`

[greed]
	`II II`

[tile]
	`Tile/0emptytile.til`
	`Tile/0emptytile.til`
	`Tile/0emptytile.til`
	`Tile/0emptytile.til`
	`Tile/0emptytile.til`
[/tile]

[extended tile]
	`Tile/1wl13.til`
	`Tile/1wl06.til`
	`Tile/1wl06.til`
	`Tile/1wl06.til`
	`Tile/1wl07.til`
	`Tile/flip_1wl05.til`
	`Tile/1wl01.til`
	`Tile/1wl01.til`
	`Tile/1wl01.til`
	`Tile/1wl05.til`
	`Tile/2wl04_1.til`
	`Tile/1wl01.til`
	`Tile/1wl01.til`
	`Tile/1wl01.til`
	`Tile/flip_1wl04.til`
	`Tile/1wl08.til`
	`Tile/1wl03.til`
	`Tile/1wl03.til`
	`Tile/1wl03.til`
	`Tile/flip_1wl08.til`
	`Tile/1wl21.til`
	`Tile/1wl16.til`
	`Tile/1wl16.til`
	`Tile/1wl16.til`
	`Tile/1wl17.til`
[/extended tile]

[far sight scroll]
	56

[middle sight scroll]
	90

[near sight scroll]
	110

[background animation]
	[ani info]
		[filename]
			`Animation/slfar.ani`
		[layer]
			`[distantback]`
		[order]
			`[below]`
	[/ani info]
	[ani info]
		[filename]
			`Animation/slmid.ani`
		[layer]
			`[middleback]`
		[order]
			`[below]`
	[/ani info]
	[ani info]
		[filename]
			`Animation/slmid2.ani`
		[layer]
			`[middleback]`
		[order]
			`[below]`
	[/ani info]
[/background animation]

[pathgate pos]
	60	377	1095	490	804	298	282	606

[sound]
	`M_WHITELAND`
	`R_AMB_SNOWWIND`
[/sound]

[passive object]
	743	478	284	0
	8150	624	285	0
	741	882	289	0
	845	258	302	0
	845	285	313	0
	739	19	487	0
	743	51	516	0
	845	1045	545	0
	845	1002	553	0
	742	757	609	0
	743	644	610	0
	51	0	0	0
	742	406	288	0
	846	293	293	0
	741	923	297	0
	738	117	301	0
	744	441	303	0
	743	896	307	0
	747	973	323	0
	747	36	434	0
	849	911	435	0
	745	884	589	0
	740	712	610	0
	744	598	611	0
	846	985	364	0
	846	1012	384	0
	846	476	580	0
	846	504	601	0
	846	447	604	0
[/passive object]

[monster]
	56450	1	0	372	351	0	1	1	`[fixed]`	`[normal]`
	3	1	0	867	390	0	1	1	`[fixed]`	`[normal]`
	56450	1	0	262	400	0	1	1	`[fixed]`	`[normal]`
	56450	1	0	745	412	0	1	1	`[fixed]`	`[normal]`
	3	1	0	391	437	0	1	1	`[fixed]`	`[normal]`
	3	1	0	432	442	0	1	1	`[fixed]`	`[normal]`
	3	1	0	963	459	0	1	1	`[fixed]`	`[normal]`
	61450	1	0	621	462	0	1	1	`[fixed]`	`[normal]`
	61450	1	0	234	467	0	1	1	`[fixed]`	`[normal]`
	3	1	0	403	472	0	1	1	`[fixed]`	`[normal]`
	56450	1	0	836	521	0	1	1	`[fixed]`	`[normal]`
[/monster]

[monster specific AI]
	`[normal]`
	`[normal]`
	`[normal]`
	`[normal]`
	`[normal]`
	`[normal]`
	`[normal]`
	`[normal]`
	`[normal]`
	`[normal]`
	`[normal]`
[/monster specific AI]

[event monster position]
	158	473	0
	458	348	0
	652	389	0
	813	408	0
[/event monster position]

[map name]
	`PVP 无名`
