#PVF_File

[player number]
	2	8

[pvp start area]
	0	0	0	0
	0	0	0	0
	0	0	0	0

[dungeon]
	93
[/dungeon]

[type]
	`[normal]`

[greed]
	`FF FF`

[tile]
	`Tile/tile06.til`
	`Tile/tile08.til`
	`Tile/tile12.til`
	`Tile/tile09.til`
[/tile]

[extended tile]
	`Tile/tileex00.til`
	`Tile/tileex00.til`
	`Tile/tileex00.til`
	`Tile/tileex00.til`
	`Tile/tileex01.til`
	`Tile/tileex01.til`
	`Tile/tileex01.til`
	`Tile/tileex01.til`
[/extended tile]

[far sight scroll]
	56

[middle sight scroll]
	90

[near sight scroll]
	110

[background animation]
	[ani info]
		[filename]
			`Animation/mid01.ani`
		[layer]
			`[distantback]`
		[order]
			`[below]`
	[/ani info]
[/background animation]

[pathgate pos]
	54	418	837	174	1327	1516	1338	1512

[sound]
	`AMB_WIND_01`
	`M_ARDEN`
[/sound]

[animation]
	`Animation/brick.ani`	`[normal]`	376	192	0
	`Animation/brick.ani`	`[normal]`	406	211	0
	`Animation/floor00.ani`	`[bottom]`	588	318	0
	`Animation/floor03.ani`	`[bottom]`	330	343	0
	`Animation/floor01.ani`	`[bottom]`	504	437	0
	`Animation/floor02.ani`	`[bottom]`	698	344	0
	`Animation/floor02.ani`	`[bottom]`	190	316	0
	`Animation/cliff00.ani`	`[closeback]`	727	90	0
	`Animation/cliff01.ani`	`[closeback]`	929	103	0
	`Animation/flag.ani`	`[closeback]`	622	94	0
	`Animation/close00.ani`	`[middleback]`	510	185	0
	`Animation/close01.ani`	`[middleback]`	161	201	0
[/animation]

[passive object]
	10441	316	212	0
	10440	231	216	0
	10440	125	216	0
	10440	24	216	0
	10443	586	453	0
	10443	605	474	0
	10440	853	486	0
	10440	748	486	0
	10440	646	486	0
[/passive object]

[monster]
	61247	1	0	468	300	0	1	1	`[fixed]`	`[normal]`
	56032	1	0	654	303	0	1	1	`[fixed]`	`[normal]`
	61247	1	0	382	358	0	1	1	`[fixed]`	`[normal]`
	61247	1	0	561	372	0	1	1	`[fixed]`	`[normal]`
[/monster]

[monster specific AI]
	`[normal]`
	`[normal]`
	`[normal]`
	`[normal]`
[/monster specific AI]

[event monster position]
	500	297	0
	466	293	0
	478	332	0
	504	322	0
[/event monster position]

[map name]
	`PVP 无名`
