#PVF_File

1
`Faras/faras.cre`
2
`Pentabas/Pentabas.cre`
3
`Phoenix/Phoenix.cre`
4
`Elbon/Elbon.cre`
5
`Nazarl/Nazarl.cre`
6
`Valefor/Valefor.cre`
7
`Charp/Charp.cre`
8
`Halphas/Halphas.cre`
9
`Zagan/Zagan.cre`
10
`Raum/Raum.cre`
11
`Glasya/Glasya.cre`
12
`Belz/Belz.cre`
13
`Belzebe/Belzebe.cre`
14
`Belzebuite/Belzebuite.cre`
15
`Botis/Botis.cre`
16
`Marbas/Marbas.cre`
17
`Balam/Balam.cre`
18
`Haagenti/Haagenti.cre`
19
`Berith/Berith.cre`
20
`Bobo/Bobo.cre`
21
`Amy/Amy.cre`
22
`BronzePig/BronzePig.cre`
23
`SilverPig/SilverPig.cre`
24
`GoldPig/GoldPig.cre`
25
`Petit_Tiger/Petit_Tiger.cre`
26
`Petit_Assaulter/Petit_Assaulter.cre`
27
`Petit_Marpissa/Petit_Marpissa.cre`
28
`Petit_Skeleton/Petit_Skeleton.cre`
29
`Petit_Alex/Petit_Alex.cre`
30
`Rat_Male/Rat_Male.cre`
31
`Rat_Female/Rat_Female.cre`
33
`Earth_Goblin/Earth_Goblin.cre`
34
`Spirit_Goblin/Spirit_Goblin.cre`
35
`TcgHpFairy/TcgHpFairy.cre`
36
`TcgMpFairy/TcgMpFairy.cre`
37
`Rudolph/Red.cre`
38
`Rudolph/Blue.cre`
39
`Dragon/Green.cre`
40
`Dragon/Blue.cre`
41
`Ox/Ox.cre`
43
`Petit_Lotus/Red.cre`
44
`Petit_Lotus/Blue.cre`
45
`RedPanda/RedPanda.cre`
46
`BluePanda/BluePanda.cre`
48
`SledgeRudolph/SledgeRudolph_Blue.cre`
49
`SledgeRudolph/SledgeRudolph_Red.cre`
50
`FireDragon/FireDragon.cre`
51
`IceDragon/IceDragon.cre`
52
`LittleTiger/Strong/StrongLittleTiger.cre`
53
`LittleTiger/Swift/SwiftLittleTiger.cre`
54
`Unicorn/Unicorn.cre`
55
`Unicorn/ShiningUnicorn.cre`
56
`Unicorn/LovelyUnicorn.cre`
57
`Reva/Soul/Creature.cre`
58
`Reva/NenMa/Creature.cre`
59
`Reva/Ranger/Creature.cre`
60
`Reva/Witch/Creature.cre`
61
`Reva/Crusader/Creature.cre`
62
`Reva/Necro/Creature.cre`
65
`CamelCricket/CamelCricket.cre`
66
`Psy/psy.cre`
67
`BonnyBunny/BonnyBunny.cre`
68
`LauncherGirl/LauncherGirl_Red.cre`
69
`LauncherGirl/LauncherGirl_Blue.cre`
70
`Bakal/bakal.cre`
75
`event-Amy/Amy.cre`
76
`event-Petit_Alex/Petit_Alex.cre`
77
`event-Petit_Assaulter/Petit_Assaulter.cre`
78
`event-Petit_Tiger/Petit_Tiger.cre`
85
`GirlsDay/girlsDay.cre`
86
`chn_defense_town_Goblin/chn_defense_town_Goblin.cre`
87
`ChowChow/ChowBrown/ChowBrown.cre`
88
`ChowChow/ChowBlack/ChowBlack.cre`
90
`SDCharacter/SwordMan/creature.cre`
91
`SDCharacter/Fighter/creature.cre`
92
`SDCharacter/Gunner/creature.cre`
93
`SDCharacter/Mage/creature.cre`
94
`SDCharacter/Priest/creature.cre`
95
`SDCharacter/Thief/creature.cre`
96
`SDCharacter/ATGunner/creature.cre`
97
`SDCharacter/ATFighter/creature.cre`
107
`Ignis/Ignis.cre`
108
`Aquajello/Aquajello.cre`
115
`DarkSister/DarkSister.cre`
116
`Petit_Ashcore/Petit_Ashcore.cre`
117
`Petit_Itrenog/Petit_Itrenog.cre`
118
`Petit_Nemaug/Petit_Nemaug.cre`
119
`Petit_Nagor/Petit_Nagor.cre`
120
`Hellhound/hellhound.cre`
121
`twdf/tw_bluebird/tw_bluebird.cre`
122
`woodendoll/woodendoll.cre`
123
`Pinocchio/unfinished_pinocchio_period.cre`
124
`Pinocchio/strong_pinocchio_period.cre`
125
`Pinocchio/clever_pinocchio_period.cre`
126
`Pinocchia/unfinished_pinocchia_period.cre`
127
`Pinocchia/strong_pinocchia_period.cre`
128
`Pinocchia/clever_pinocchia_period.cre`
129
`Pinocchio/strong_pinocchio.cre`
130
`Pinocchio/clever_pinocchio.cre`
131
`Pinocchia/strong_pinocchia.cre`
132
`Pinocchia/clever_pinocchia.cre`
137
`PurpleDragon/PurpleDragon.cre`
143
`Princess_Petit/princess_petit_period.cre`
144
`Petit_Bebe/petit_bebe_period.cre`
145
`Princess_Petit/princess_petit.cre`
146
`Petit_Bebe/petit_bebe.cre`
150
`chn_tree_1st/chn_tree_1st_noas.cre`
151
`chn_tree_2nd/chn_tree_2nd_dryad.cre`
152
`chn_tree_3rd/chn_tree_3rd_sylvan.cre`
153
`chn_tree_4th_boy_normal/chn_tree_4th_boy_normal_sylph.cre`
154
`chn_tree_4th_boy_maple/chn_tree_4th_boy_maple_sylph.cre`
155
`chn_tree_4th_girl_normal/chn_tree_4th_girl_normal_sylphid.cre`
156
`chn_tree_4th_girl_maple/chn_tree_4th_girl_maple_sylphid.cre`
157
`Artbook_creature/artbook_creature.cre`
158
`SDCharacterKR/ATFighter/SDCharacter_ATFighter.cre`
159
`SDCharacterKR/ATGunner/SDCharacter_ATGunner.cre`
160
`SDCharacterKR/ATMage/SDCharacter_ATMage.cre`
161
`SDCharacterKR/Creator/SDCharacter_Creator.cre`
162
`SDCharacterKR/DarkKnight/SDCharacter_DarkKnight.cre`
163
`SDCharacterKR/Fighter/SDCharacter_Fighter.cre`
164
`SDCharacterKR/Gunner/SDCharacter_Gunner.cre`
165
`SDCharacterKR/Mage/SDCharacter_Mage.cre`
166
`SDCharacterKR/Priest/SDCharacter_Priest.cre`
167
`SDCharacterKR/SwordMan/SDCharacter_SwordMan.cre`
168
`SDCharacterKR/Thief/SDCharacter_Thief.cre`
169
`Amy/Amy2.cre`
173
`chn_Shelby/ShelbyPink/ShelbyPink.cre`
174
`chn_Shelby/ShelbyBlue/ShelbyBlue.cre`
175
`chn_Shelby/ShelbyRed/ShelbyRed.cre`
176
`chn_Shelby/ShelbyBlack/ShelbyBlack.cre`
177
`SDCharacterKR/ATSwordMan/SDCharacter_AtSwordMan.cre`
179
`SDCharacterKR/ATSwordMan/SDCharacter_AtSwordMan2.cre`
180
`FairyTale/Lucy/Lucy_o.cre`
181
`FairyTale/Erza/Erza_o.cre`
182
`FairyTale/Natsu/Natsu_o.cre`
183
`2013Snake_Red/Red.cre`
184
`2013Snake_Orange/Orange.cre`
185
`2013Snake_Yellow/Yellow.cre`
186
`2013Snake_Green/Green.cre`
187
`2013Snake_Blue/Blue.cre`
188
`2013Snake_DarkBlue/DarkBlue.cre`
189
`2013Snake_Purple/Purple.cre`
190
`2013Snake_Rainbow/Rainbow.cre`
193
`chn_defense_town_Goblin/chn_defense_town_Goblin_2.cre`
194
`2013Kids/Rairyu/Rairyu.cre`
195
`2013Kids/Enryu/Enryu.cre`
196
`2013KidsSDAvatar/Swordman/Swordman.cre`
197
`2013KidsSDAvatar/ATSwordman/ATSwordman.cre`
198
`2013KidsSDAvatar/Fighter/Fighter.cre`
199
`2013KidsSDAvatar/ATFighter/ATFighter.cre`
200
`2013KidsSDAvatar/Gunner/Gunner.cre`
201
`2013KidsSDAvatar/ATGunner/ATGunner.cre`
202
`2013KidsSDAvatar/Mage/Mage.cre`
203
`2013KidsSDAvatar/ATMage/ATMage.cre`
204
`2013KidsSDAvatar/Priest/Priest.cre`
205
`2013KidsSDAvatar/Thief/Thief.cre`
206
`magi/Ugo/ugo.cre`
207
`magi/Pymon/pymon.cre`
219
`PhantomSeria/PhantomSeria_unlimited.cre`
220
`SDCharacterKR/ATSwordMan/chn_SD_ATswordman_random01.cre`
221
`SDCharacterKR/ATSwordMan/chn_SD_ATswordman_random02.cre`
222
`SDCharacterKR/ATSwordMan/chn_SD_ATswordman_random03.cre`
223
`SDCharacterKR/ATSwordMan/chn_SD_ATswordman_random04.cre`
224
`SDCharacterKR/ATSwordMan/chn_SD_ATswordman_random05.cre`
225
`SDCharacterKR/ATSwordMan/chn_SD_ATswordman_random06.cre`
229
`SDCharacterKR/ATSwordMan/SDCharacter_darktemplar4.cre`
234
`SDCharacterKR/ATSwordMan/SDCharacter_vagabond4.cre`
236
`SAO/asuna/asuna.cre`
237
`SAO/Suguha/Suguha.cre`
238
`SAO/Riz/Riz.cre`
239
`SAO/Yui/Yui/Yui.cre`
240
`SAO/Yui/Yui_Jin/Yui_Jin.cre`
249
`SAO/asuna/asuna_Jin.cre`
250
`SAO/Suguha/Suguha_Jin.cre`
251
`SAO/Riz/Riz_Jin.cre`
252
`chn_newbie/chn_newbie_IdolBebe_Default2.cre`
254
`chn_5th_Creature/5th_Creature.cre`
255
`chn_Qirin/blue/qirin_blue.cre`
256
`chn_Qirin/yellow/qirin_yellow.cre`
257
`chn_mechanic/01_to_04/mechanic01.cre`
258
`chn_Bobo_gold/bobo_gold.cre`
302
`chn_mechanic/01_to_04/mechanic02.cre`
303
`chn_mechanic/01_to_04/mechanic03.cre`
304
`chn_mechanic/01_to_04/mechanic04.cre`
305
`chn_mechanic/05_1_physical/mechanic05_1_physical_1.cre`
306
`chn_mechanic/05_1_physical/mechanic05_1_physical_2.cre`
307
`chn_mechanic/05_1_physical/mechanic05_1_physical_3.cre`
308
`chn_mechanic/05_1_physical/mechanic05_1_physical_4.cre`
309
`chn_mechanic/05_1_physical/mechanic05_1_physical_5.cre`
310
`chn_mechanic/05_1_physical/mechanic05_1_physical_6.cre`
311
`chn_mechanic/05_2_magical/mechanic05_2_magical_1.cre`
312
`chn_mechanic/05_2_magical/mechanic05_2_magical_2.cre`
313
`chn_mechanic/05_2_magical/mechanic05_2_magical_3.cre`
314
`chn_mechanic/05_2_magical/mechanic05_2_magical_4.cre`
315
`chn_mechanic/05_2_magical/mechanic05_2_magical_5.cre`
316
`chn_mechanic/05_2_magical/mechanic05_2_magical_6.cre`
317
`chn_mechanic/05_3_attack/mechanic05_3_attack_1.cre`
318
`chn_mechanic/05_3_attack/mechanic05_3_attack_2.cre`
319
`chn_mechanic/05_3_attack/mechanic05_3_attack_3.cre`
320
`chn_mechanic/05_3_attack/mechanic05_3_attack_4.cre`
321
`chn_mechanic/05_3_attack/mechanic05_3_attack_5.cre`
322
`chn_mechanic/05_3_attack/mechanic05_3_attack_6.cre`
323
`chn_mechanic/05_4_strength/mechanic05_4_strength_1.cre`
324
`chn_mechanic/05_4_strength/mechanic05_4_strength_2.cre`
325
`chn_mechanic/05_4_strength/mechanic05_4_strength_3.cre`
326
`chn_mechanic/05_4_strength/mechanic05_4_strength_4.cre`
327
`chn_mechanic/05_4_strength/mechanic05_4_strength_5.cre`
328
`chn_mechanic/05_4_strength/mechanic05_4_strength_6.cre`
329
`chn_mechanic/05_5_level/mechanic05_5_skilllevel_1.cre`
330
`chn_mechanic/05_5_level/mechanic05_5_skilllevel_2.cre`
331
`chn_mechanic/05_5_level/mechanic05_5_skilllevel_3.cre`
332
`chn_mechanic/05_5_level/mechanic05_5_skilllevel_4.cre`
333
`chn_mechanic/05_5_level/mechanic05_5_skilllevel_5.cre`
334
`chn_mechanic/05_5_level/mechanic05_5_skilllevel_6.cre`
335
`chn_mechanic/05_1_physical/mechanic05_physical_6_dragon.cre`
336
`chn_mechanic/05_2_magical/mechanic05_magical_6_dragon.cre`
337
`chn_mechanic/05_3_attack/mechanic05_attack_6_dragon.cre`
338
`chn_mechanic/05_4_strength/mechanic05_strength_6_dragon.cre`
339
`chn_mechanic/05_5_level/mechanic05_skilllevel_6_dragon.cre`
340
`chn_mechanic/05_1_physical/mechanic05_physical_6_helix.cre`
341
`chn_mechanic/05_2_magical/mechanic05_magical_6_helix.cre`
342
`chn_mechanic/05_3_attack/mechanic05_attack_6_helix.cre`
343
`chn_mechanic/05_4_strength/mechanic05_strength_6_helix.cre`
344
`chn_mechanic/05_5_level/mechanic05_skilllevel_6_helix.cre`
390
`2014Foundation/Bear/bear2.cre`
391
`2014Foundation/Tiger/tiger2.cre`
393
`2014Foundation/Beargirl/BeargirlP2.cre`
395
`2014Foundation/Tigergirl/TigergirlP2.cre`
396
`Gon/AngryGon/AngryGon.cre`
402
`Gon/HappyGon/HappyGon.cre`
420
`Hozo/CynicalRabbit.cre`
421
`Hozo/HelloBrown.cre`
445
`2015NewYear/Beckey/Beckey.cre`
446
`2015NewYear/Argos/Argos.cre`
447
`2015NewYear/Gold_Clown/Gold_Clown.cre`
453
`15_petitsandman/petitsandman_white.cre`
501
`SDnovice/novice.cre`
504
`BIG_SD/big_sd_sw.cre`
505
`BIG_SD/big_sd_mg.cre`
523
`tenebris/tenebris.cre`
524
`rumenus/rumenus.cre`
530
`2017_SDCharacter/DarkKnight/SDCharacter_DarkKnight.cre`
535
`2017_SDCharacter/Creator/SDCharacter_Creator.cre`
539
`2017_SDCharacter/Knight/Knight.cre`
570
`SDCharacterKR/GunBlader/SDCharacter_GunBlader.cre`
1504
`anton/anton.cre`
1508
`direzie/direzie.cre`
1520
`seria/seria.cre`
1529
`luna/luna.cre`
1530
`lolita/lolita.cre`
10000
`chn_sd_hotsummer/Swordman/Swordman.cre`
10001
`chn_sd_hotsummer/Fighter/Fighter.cre`
10002
`chn_sd_hotsummer/Gunner/Gunner.cre`
10003
`chn_sd_hotsummer/Mage/Mage.cre`
10004
`chn_sd_hotsummer/Priest/Priest.cre`
10005
`chn_sd_hotsummer/ATGunner/ATGunner.cre`
10006
`chn_sd_hotsummer/Thief/Thief.cre`
10007
`chn_sd_hotsummer/ATFighter/ATFighter.cre`
10008
`chn_sd_hotsummer/ATMage/ATMage.cre`
10009
`chn_sd_hotsummer/ATSwordman/ATSwordman.cre`
10010
`SD_Kunoichi/SD_Kunoichi.cre`
10011
`2wu_Gunner/Commander/Creature.cre`
10012
`2wu_Gunner/Prime/Creature.cre`
10013
`2wu_Gunner/Raven/Creature.cre`
10014
`2wu_Gunner/Destoroyer/Creature.cre`
10015
`2wu_Gunner/Commander_Ultimate/Creature.cre`
10016
`2wu_Gunner/Prime_Ultimate/Creature.cre`
10017
`2wu_Gunner/Raven_Ultimate/Creature.cre`
10018
`2wu_Gunner/Destoroyer_Ultimate/Creature.cre`
10019
`2wu_Mage/Ashtarte/Creature.cre`
10020
`2wu_Mage/Eclipse/Creature.cre`
10021
`2wu_Mage/Geniewiz/Creature.cre`
10022
`2wu_Mage/Overmind/Creature.cre`
10023
`2wu_Mage/Ashtarte_Ultimate/Creature.cre`
10024
`2wu_Mage/Eclipse_Ultimate/Creature.cre`
10025
`2wu_Mage/Geniewiz_Ultimate/Creature.cre`
10026
`2wu_Mage/Overmind_Ultimate/Creature.cre`
10027
`chn_2015_spring_festival/Zodiac_Brush/Zodiac_Brush.cre`
10028
`chn_2015_spring_festival/Zodiac_Scroll/Zodiac_Scroll.cre`
10029
`chn_traditional_day/chn_tree_1st.cre`
10030
`chn_traditional_day/chn_tree_complete.cre`
10031
`2wu_AtGunner/Stormtrooper/Creature.cre`
10032
`2wu_AtGunner/Freyja/Creature.cre`
10033
`2wu_AtGunner/Crimsonrose/Creature.cre`
10034
`2wu_AtGunner/Optimus/Creature.cre`
10035
`chn_return_and_newbie/chn_bobo_red.cre`
10036
`chn_return_and_newbie/chn_bobo_yellow.cre`
10037
`chn_2015_ontime/ontimegirl.cre`
10038
`chn_2015_zombie/chn_zombie_1st.cre`
10039
`chn_2015_zombie/chn_zombie_complete.cre`
10040
`hilda/hilda.cre`
10041
`2015Summer/Warter_Cannon_Girl_Blonde.cre`
10042
`2015Summer/Warter_Cannon_Girl_Red.cre`
10043
`chn_tower_event/chn_73_apc.cre`
10044
`2wu_Swordman/BloodEvil/Creature.cre`
10045
`2wu_Swordman/SwordGod/Creature.cre`
10046
`2wu_Swordman/Indra/Creature.cre`
10047
`2wu_Swordman/DarkLord/Creature.cre`
10048
`chn_Sheep_Farm/Sheep_Farm1.cre`
10049
`chn_Sheep_Farm/Sheep_Farm2.cre`
10050
`trainer/trainer.cre`
10051
`2wu_Fighter/NenEmpress/Creature.cre`
10052
`2wu_Fighter/Kaiser/Creature.cre`
10053
`2wu_Fighter/BlackWidow/Creature.cre`
10054
`2wu_Fighter/UltimateDiva/Creature.cre`
10055
`2wu_Thief/Alcyone/Creature.cre`
10056
`2wu_Thief/Thanatos/Creature.cre`
10057
`2wu_Thief/Shiranui/Creature.cre`
10058
`2wu_Thief/GrimReaper/Creature.cre`
10059
`2wu_AtFighter/NenEmperor/Creature.cre`
10060
`2wu_AtFighter/Conqueror/Creature.cre`
10061
`2wu_AtFighter/Pluto/Creature.cre`
10062
`2wu_AtFighter/GrandMaster/Creature.cre`
10063
`2wu_Atmage/Oblivion/Creature.cre`
10064
`2wu_Atmage/Eternal/Creature.cre`
10066
`chn_monkey_king_event/unlimited/Creature.cre`
10067
`chn_threekingdom/yb.cre`
10068
`chn_threekingdom/kw.cre`
10069
`chn_threekingdom/jb.cre`
10070
`chn_2016_Lengtoo/Creature.cre`
10071
`chn_p1fight/Creature.cre`
10072
`2wu_Knight/Gaia/Creature.cre`
10073
`2wu_Knight/ObsidianGod/Creature.cre`
10074
`chn_2016_dnf_time/dnf_time_girl.cre`
10075
`chn_2016_dnf_time/dnf_time_girl_gold.cre`
10076
`2wu_Demoniclaner/Warlord/Creature.cre`
10077
`2wu_Demoniclaner/Durandal/Creature.cre`
10078
`chn_2016_present/dnf_present.cre`
10079
`chn_2016_present/dnf_present2.cre`
10080
`2016Summer/Creature_Strawberry.cre`
10081
`2016Summer/Creature_Mango.cre`
10082
`2016Summer/Creature_Melon.cre`
10084
`2wu_Priest/Justice/Creature.cre`
10085
`2wu_Priest/Taeulsunin/Creature.cre`
10086
`2wu_Priest/Saint/Creature.cre`
10087
`2wu_Priest/Immortal/Creature.cre`
10088
`2wu_Atswordman/Majesty/Creature.cre`
10089
`2wu_Atswordman/Deicide/Creature.cre`
10090
`2wu_Atswordman/Nemesis/Creature.cre`
10091
`2wu_Atswordman/Vegabond/Creature.cre`
10092
`2017NewYear/DragonKnight.cre`
10093
`2017NewYear/DragonMage.cre`
10094
`chn_halloween_express/Creature.cre`
10095
`chn_Sheep_Farm/Sheep_Farm3.cre`
10096
`chn_Sheep_Farm/Sheep_Farm4.cre`
10097
`2wu_Atmage/VampireLord/Creature.cre`
10098
`2wu_Atmage/Aiolos/Creature.cre`
10099
`2wu_Atmage/Ascension/Creature.cre`
10100
`ATMage_2017_2aw_event/Creature.cre`
10101
`chn_joyclub/170427/vip1/Creature.cre`
10102
`chn_joyclub/170427/vip2/Creature.cre`
10103
`chn_joyclub/170427/vip3/Creature.cre`
10104
`chn_2016_Raising_Warriors/Creature.cre`
10105
`chn_2017_onday/onday_girl.cre`
10106
`chn_2017_onday/onday_girl_gold.cre`
10107
`2017Summer/01_Seiren.cre`
10108
`2017Summer/02_Seiren.cre`
10109
`2017Summer/03_Seiren.cre`
10110
`2wu_AtPriest/Seraphim/Creature.cre`
10111
`2wu_AtPriest/Inferno/Creature.cre`
10112
`2wu_AtPriest/CheonseonNangrang/Creature.cre`
10113
`2wu_AtPriest/Redeemer/Creature.cre`
10114
`SDCharacter/ATPriest/ATPriest.cre`
10115
`chn_Seria_On_The_Beach/Creature.cre`
10116
`chn_battleship_event/Creature.cre`
10117
`chn_battleship_event/upgrade_Creature.cre`
10118
`2wu_Knight/Knight/Knight.cre`
10119
`2wu_Knight/Savior/Creature.cre`
10120
`2wu_Knight/Dreadnought/Creature.cre`
10121
`chn_2017_dating_simulation/hero.cre`
10122
`chn_2017_dating_simulation/elisabeth.cre`
10123
`chn_2017_dating_simulation/eirin.cre`
10124
`chn_2017_dating_simulation/catherine.cre`
10125
`chn_2017_dating_simulation/lewis.cre`
10126
`chn_joyclub/171214/vip1/Creature.cre`
10127
`chn_joyclub/171214/vip2/Creature.cre`
10128
`chn_joyclub/171214/vip3/Creature.cre`
10130
`chn_2018_spring_festival/wizard_half_rabbit/wizard_half_rabbit.cre`
10131
`chn_2018_spring_festival/powwow_half_fox/powwow_half_fox.cre`
10132
`chn_hilder_newyear/hilder.cre`
10133
`chn_2018_spring_festival/special_wizard_half_rabbit/special_wizard_half_rabbit.cre`
10134
`chn_2018_spring_festival/special_powwow_half_fox/powwow_half_fox.cre`
10135
`2wu_demoniclaner\genocider\creature.cre`
10136
`2wu_demoniclaner\erebus\creature.cre`
10137
`2wu_Demoniclaner/DemonicLancer/DemonicLancer.cre`
10138
`chn_2018_april_day\creature.cre`
10140
`chn_2018_laborday/verrickt/Creature.cre`
10141
`chn_2018_laborday/wyatt/Creature.cre`
10142
`chn_2018_fairy_forest/event_LongevitySymbol_01.cre`
10143
`chn_2018_fairy_forest/event_LongevitySymbol_02.cre`
10144
`chn_2018_fairy_forest/event_LongevitySymbol_03.cre`
10145
`chn_2018_fairy_forest/event_LongevitySymbol_04.cre`
10146
`chn_2018_fairy_forest/event_LongevitySymbol_05.cre`
10147
`chn_2018_fairy_forest/event_LongevitySymbol_06.cre`
10148
`chn_2018_fairy_forest/event_LongevitySymbol_07.cre`
10149
`chn_2018_fairy_forest/event_LongevitySymbol_08.cre`
10150
`chn_2018_fairy_forest/event_LongevitySymbol_09.cre`
10151
`chn_2018_fairy_forest/event_LongevitySymbol_10.cre`
10152
`chn_2018_fairy_forest/event_LongevitySymbol_01_15.cre`
10153
`chn_2018_fairy_forest/event_LongevitySymbol_02_15.cre`
10154
`chn_2018_fairy_forest/event_LongevitySymbol_03_15.cre`
10155
`chn_2018_fairy_forest/event_LongevitySymbol_04_15.cre`
10156
`chn_2018_fairy_forest/event_LongevitySymbol_05_15.cre`
10157
`chn_2018_fairy_forest/event_LongevitySymbol_06_15.cre`
10158
`chn_2018_fairy_forest/event_LongevitySymbol_07_15.cre`
10159
`chn_2018_fairy_forest/event_LongevitySymbol_08_15.cre`
10160
`chn_2018_fairy_forest/event_LongevitySymbol_09_15.cre`
10161
`chn_2018_fairy_forest/event_LongevitySymbol_10_15.cre`
10162
`chn_2018_summer/dancer_cat/dancer_cat.cre`
10163
`chn_2018_summer/dancer_dog/dancer_dog.cre`
10164
`SDCharacter/GunBlader/SDCharacter_GunBlader.cre`
10165
`2wu_Gunblader/godfather/Creature.cre`
10166
`2wu_Gunblader/requiem/Creature.cre`
10167
`2wu_Gunblader/untouchable/Creature.cre`
10168
`2wu_Gunblader/pathfinder/Creature.cre`
10169
`chn_2018_hell/Bariel.cre`
10170
`chn_2018_hell/Turiel.cre`
10171
`180816_summer_attendance/Swordman/Swordman.cre`
10172
`180816_summer_attendance/ATSwordman/ATSwordman.cre`
10173
`180816_summer_attendance/ATFighter/ATFighter.cre`
10174
`180816_summer_attendance/Fighter/Fighter.cre`
10175
`180816_summer_attendance/Gunner/Gunner.cre`
10176
`180816_summer_attendance/ATGunner/ATGunner.cre`
10177
`180816_summer_attendance/ATMage/ATMage.cre`
10178
`180816_summer_attendance/Mage/Mage.cre`
10179
`180816_summer_attendance/Priest/Priest.cre`
10180
`180816_summer_attendance/ATPriest/ATPriest.cre`
10181
`180816_summer_attendance/Thief/Thief.cre`
10182
`180816_summer_attendance/Knight/Knight.cre`
10183
`180816_summer_attendance/DemonicLancer/DemonicLancer.cre`
10184
`180816_summer_attendance/Gunblader/GunBlader.cre`
10185
`chn_2018_mission_raid/petit_egeneu.cre`
10186
`chn_2018_BastetOrdel/Bastet_Cat.cre`
10187
`chn_2018_harvest_festival/Creature.cre`
10188
`chn_2018_beckey_figure/Beckey.cre`
10189
`chn_halloween_express/Creature2.cre`
10190
`chn_2018_sd_figure/DarkKnight/DarkKnight.cre`
10191
`chn_2018_sd_figure/Creator/Creator.cre`
10192
`chn_2018_Jolin/Jolin.cre`
10193
`chn_2018_petit_egeneu/petit_egeneu.cre`
10194
`chn_joyclub/181213/vip1/Creature.cre`
10195
`chn_joyclub/181213/vip2/Creature.cre`
10196
`chn_joyclub/181213/vip3/Creature.cre`
10197
`chn_2019_NewYear/lion_normal/creature.cre`
10198
`chn_2019_NewYear/fox_normal/creature.cre`
10199
`chn_2019_NewYear/lion_hidden/creature.cre`
10200
`chn_2019_NewYear/fox_hidden/creature.cre`
10201
`chn_gold_creature/Creature.cre`
10207
`chn_2017_dating_simulation/hero_chn.cre`
10208
`chn_2017_dating_simulation/elisabeth_chn.cre`
10209
`chn_2017_dating_simulation/eirin_chn.cre`
10210
`chn_2017_dating_simulation/catherine_chn.cre`
10211
`chn_2017_dating_simulation/lewis_chn.cre`
10212
`chn_2018_Jolin/Jolin_chn.cre`
10213
`chn_2019_miku/rinlen.cre`
10214
`chn_2019_miku/luka.cre`
10215
`chn_2019_miku/miku.cre`
10216
`chn_Seria_Newyear/Creature.cre`
10217
`chn_2019_Tree_Fairy/GreenTree_m.cre`
10218
`chn_2019_Tree_Fairy/GreenTree_f.cre`
10219
`chn_2019_Tree_Fairy/RedTree_m.cre`
10220
`chn_2019_Tree_Fairy/RedTree_f.cre`
10221
`chn_2019_Tree_Fairy/YellowTree_m.cre`
10222
`chn_2019_Tree_Fairy/YellowTree_f.cre`
10223
`chn_2019_Tree_Fairy/PinkTree_m.cre`
10224
`chn_2019_Tree_Fairy/PinkTree_f.cre`
10225
`chn_2019_Tree_Fairy/CamelliaTree_m.cre`
10226
`chn_2019_Tree_Fairy/CamelliaTree_f.cre`
10227
`chn_2019_lucky_goldpig/lucky_goldpig.cre`
10228
`chn_2019_Laborday/SD_Pack/Creature.cre`
10229
`chn_2019_Laborday/SD_Ram/Creature.cre`
10230
`chn_2019_Laborday/SD_Rem/Creature.cre`
10231
`chn_2019_rezero/sd_ram/creature.cre`
10232
`chn_2019_rezero/sd_rem/creature.cre`
10333
`chn_2019_nationalday/2wu_swordman/rakshasa/creature.cre`
10334
`chn_2019_nationalday/2wu_mage/hekate/creature.cre`
10335
`chn_2019_nationalday/2wu_swordman/bloodevil/creature.cre`
10336
`chn_2019_nationalday/2wu_swordman/swordgod/creature.cre`
10337
`chn_2019_nationalday/2wu_swordman/indra/creature.cre`
10338
`chn_2019_nationalday/2wu_swordman/darklord/creature.cre`
10343
`chn_2019_nationalday/2wu_atfighter/nenemperor/creature.cre`
10344
`chn_2019_nationalday/2wu_atfighter/conqueror/creature.cre`
10345
`chn_2019_nationalday/2wu_atfighter/pluto/creature.cre`
10346
`chn_2019_nationalday/2wu_atfighter/grandmaster/creature.cre`
10347
`chn_2019_nationalday/2wu_fighter/nenempress/creature.cre`
10348
`chn_2019_nationalday/2wu_fighter/kaiser/creature.cre`
10349
`chn_2019_nationalday/2wu_fighter/blackwidow/creature.cre`
10350
`chn_2019_nationalday/2wu_fighter/ultimatediva/creature.cre`
10351
`chn_2019_nationalday/2wu_gunner/commander/creature.cre`
10352
`chn_2019_nationalday/2wu_gunner/prime/creature.cre`
10353
`chn_2019_nationalday/2wu_gunner/raven/creature.cre`
10354
`chn_2019_nationalday/2wu_gunner/destoroyer/creature.cre`
10355
`chn_2019_nationalday/2wu_atgunner/crimsonrose/creature.cre`
10356
`chn_2019_nationalday/2wu_atgunner/stormtrooper/creature.cre`
10357
`chn_2019_nationalday/2wu_atgunner/optimus/creature.cre`
10358
`chn_2019_nationalday/2wu_atgunner/freyja/creature.cre`
10359
`chn_2019_nationalday/2wu_atmage/oblivion/creature.cre`
10360
`chn_2019_nationalday/2wu_atmage/eternal/creature.cre`
10361
`chn_2019_nationalday/2wu_atmage/vampirelord/creature.cre`
10362
`chn_2019_nationalday/2wu_atmage/aiolos/creature.cre`
10363
`chn_2019_nationalday/2wu_atmage/ascension/creature.cre`
10364
`chn_2019_nationalday/2wu_mage/ashtarte/creature.cre`
10365
`chn_2019_nationalday/2wu_mage/eclipse/creature.cre`
10366
`chn_2019_nationalday/2wu_mage/geniewiz/creature.cre`
10367
`chn_2019_nationalday/2wu_mage/overmind/creature.cre`
10368
`chn_2019_nationalday/2wu_priest/justice/creature.cre`
10369
`chn_2019_nationalday/2wu_priest/taeulsunin/creature.cre`
10370
`chn_2019_nationalday/2wu_priest/saint/creature.cre`
10371
`chn_2019_nationalday/2wu_priest/immortal/creature.cre`
10376
`chn_2019_nationalday/2wu_thief/alcyone/creature.cre`
10377
`chn_2019_nationalday/2wu_thief/thanatos/creature.cre`
10378
`chn_2019_nationalday/2wu_thief/shiranui/creature.cre`
10379
`chn_2019_nationalday/2wu_thief/grimreaper/creature.cre`
10400
`chn_joyclub/191210/vip1/creature.cre`
10401
`chn_joyclub/191210/vip2/creature.cre`
10402
`chn_joyclub/191210/vip3/Creature.cre`
10403
`chn_2020_NewYear/archer_normal/creature.cre`
10404
`chn_2020_NewYear/priest_normal/creature.cre`
10405
`chn_2020_NewYear/archer_hidden/creature.cre`
10406
`chn_2020_NewYear/priest_hidden/creature.cre`
10496
`chn_joyclub/201210/vip1/creature.cre`
10497
`chn_joyclub/201210/vip2/creature.cre`
10498
`chn_joyclub/201210/vip3/Creature.cre`
10499
`chn_2021_NewYear/Knight_Normal/creature.cre`
10500
`chn_2021_NewYear/Knight_Hidden/creature.cre`
10501
`chn_2021_NewYear/Mage_Normal/creature.cre`
10502
`chn_2021_NewYear/Mage_Hidden/creature.cre`
10520
`chn_2021_laborday/solar_normal/creature.cre`
10521
`chn_2021_laborday/luna_normal/creature.cre`
10522
`chn_2021_laborday/solar_hidden/creature.cre`
10523
`chn_2021_laborday/luna_hidden/creature.cre`
10591
`chn_2022_newyear/traveler/normal/creature.cre`
10592
`chn_2022_newyear/scientist/normal/creature.cre`
10593
`chn_2022_newyear/traveler/hidden/creature.cre`
10594
`chn_2022_newyear/scientist/hidden/creature.cre`
10621
`chn_2022_labor/alchemist/creature_3.cre`
10622
`chn_2022_labor/priestess/creature_3.cre`
10623
`chn_2022_labor/magi/creature_3.cre`
10624
`chn_2022_labor/archer/creature_3.cre`
10625
`chn_2022_labor/crossbow/creature_3.cre`
10626
`chn_2022_labor/sniper/creature_3.cre`
10627
`chn_2022_labor/shielder/creature_3.cre`
10628
`chn_2022_labor/spearman/creature_3.cre`
10629
`chn_2022_labor/swordsman/creature_3.cre`
11115
`sd_pack/pack.cre`
11116
`sd_ram/ram.cre`
11117
`sd_rem/rem.cre`
20000
`Japan/2014GoldenWeek/Liner/Liner_S.cre`
20001
`Japan/2014GoldenWeek/Liner/Liner_B.cre`
20002
`Japan/2014GoldenWeek/Minuet/Minuet_S.cre`
20003
`Japan/2014GoldenWeek/Minuet/Minuet_B.cre`
20004
`Japan/2014GoldenWeek/Eugenie/Eugenie_S.cre`
20005
`Japan/2014GoldenWeek/Eugenie/Eugenie_B.cre`
20006
`Japan/2014GoldenWeek/Shinobu/Shinobu_S.cre`
20007
`Japan/2014GoldenWeek/Shinobu/Shinobu_B.cre`
20018
`Japan/2014GothLoli/Lilith_Brown/Lilith_Brown.cre`
20019
`Japan/2014GothLoli/Lilith_Purple/Lilith_Purple.cre`
20020
`Japan/2014GothLoli/Lilith_Black/Lilith_Black.cre`
20021
`Japan/2014SuperSonico/Bikiny/Bikiny.cre`
20022
`Japan/2014SuperSonico/Torapaka/Torapaka.cre`
20023
`Japan/2014SuperSonico/Normal/Normal.cre`
20024
`Japan/2014SuperSonico/santa/santa.cre`
20036
`Japan/2015GoldenWeek/Masamune/Masamune_Y.cre`
20037
`Japan/2015GoldenWeek/Masamune/Masamune_J.cre`
20038
`Japan/2015GoldenWeek/Muramasa/Muramasa_Y.cre`
20039
`Japan/2015GoldenWeek/Muramasa/Muramasa_J.cre`
20040
`Japan/2015GoldenWeek/Murasame/Murasame_Y.cre`
20041
`Japan/2015GoldenWeek/Murasame/Murasame_J.cre`
54088
`FateZero/Saver/Saver.cre`
54089
`FateZero/Rider/Rider.cre`
54090
`FateZero/Lancer/Lancer.cre`
54091
`FateZero/Berserker/Berserker.cre`
59991
`light_swordman/creature.cre`
2020723
`2020new/diy_ry13/diyry2.cre`
2020724
`2020new/diy_ry13/diyry3.cre`
2020725
`2020new/diy_ry13/diyry4.cre`
2020726
`2020new/diy_ry13/diyry5.cre`
2020727
`2020new/diy_ry13/diyry6.cre`
2020728
`2020new/diy_ry13/diyry7.cre`
2020729
`2020new/diy_ry13/diyry8.cre`
2020730
`2020new/diy_ry13/diyry9.cre`
2020731
`2020new/diy_ry13/diyry10.cre`
2020732
`2020new/diy_ry13/diyry11.cre`
2020733
`2020new/diy_ry13/diyry12.cre`
2020734
`2020new/diy_ry13/diyry13.cre`
2020735
`2020new/diy_ry13/diyry14.cre`
2022100
`2022new/siroco/2022100/2022100.cre`
2022101
`2022new/siroco/2022101/2022101.cre`
2022102
`2022new/siroco/2022102/2022102.cre`
2022103
`2022new/siroco/2022103/2022103.cre`
2022104
`2022new/siroco/2022104/2022104.cre`
2022105
`2022new/siroco/2022105/2022105.cre`
2022106
`2022new/siroco/2022106/2022106.cre`
2022107
`2022new/siroco/2022107/2022107.cre`
2022108
`2022new/siroco/2022108/2022108.cre`
2022109
`2022new/siroco/2022109/2022109.cre`
2022110
`2022new/siroco/2022110/2022110.cre`
2022111
`2022new/siroco/2022111/2022111.cre`
2022112
`2022new/siroco/2022112/2022112.cre`
2022113
`2022new/siroco/2022113/2022113.cre`
2022114
`2022new/siroco/2022114/2022114.cre`
19870010
`chn_2019_event_ddt_jiansheng60_qq506807329/atfighter/creature.cre`
19870011
`chn_2019_event_ddt_jiansheng60_qq506807329/atgunner/creature.cre`
19870012
`chn_2019_event_ddt_jiansheng60_qq506807329/atmage/creature.cre`
19870013
`chn_2019_event_ddt_jiansheng60_qq506807329/atpriest/creature.cre`
19870014
`chn_2019_event_ddt_jiansheng60_qq506807329/atswordman/creature.cre`
19870015
`chn_2019_event_ddt_jiansheng60_qq506807329/demoniclancer/creature.cre`
19870016
`chn_2019_event_ddt_jiansheng60_qq506807329/fighter/creature.cre`
19870017
`chn_2019_event_ddt_jiansheng60_qq506807329/gunblader/creature.cre`
19870018
`chn_2019_event_ddt_jiansheng60_qq506807329/gunner/creature.cre`
19870019
`chn_2019_event_ddt_jiansheng60_qq506807329/knight/creature.cre`
19870020
`chn_2019_event_ddt_jiansheng60_qq506807329/mage/creature.cre`
19870021
`chn_2019_event_ddt_jiansheng60_qq506807329/priest/creature.cre`
19870022
`chn_2019_event_ddt_jiansheng60_qq506807329/swordman/creature.cre`
19870023
`chn_2019_event_ddt_jiansheng60_qq506807329/thief/creature.cre`