#PVF_File

[player number]
	2	8

[pvp start area]
	0	0	0	0
	0	0	0	0
	0	0	0	0

[dungeon]
	35
[/dungeon]

[type]
	`[normal]`

[greed]
	`FF BB`

[tile]
	`Tile/overnoblankmid.til`
	`Tile/overnoblankmid.til`
	`Tile/overnoblankmid.til`
	`Tile/overnoblankmid.til`
	`Tile/overnoblankmid.til`
	`Tile/overnoblankmid.til`
	`Tile/overnoblankmid.til`
[/tile]

[far sight scroll]
	56

[middle sight scroll]
	90

[near sight scroll]
	110

[background animation]
	[ani info]
		[filename]
			`Animation/dcfar.ani`
		[layer]
			`[distantback]`
		[order]
			`[below]`
	[/ani info]
	[ani info]
		[filename]
			`Animation/dcmid.ani`
		[layer]
			`[middleback]`
		[order]
			`[below]`
	[/ani info]
[/background animation]

[pathgate pos]
	14	192	1558	202	760	124	766	286

[sound]
	`R_AMB_CAVE`
	`DARKELF_AMB`
[/sound]

[animation]
	`Animation/dcfarstreamani.ani`	`[distantback]`	0	-120	0
	`Animation/dcfarstreamani.ani`	`[distantback]`	640	-120	0
	`Animation/dcfarstreamani.ani`	`[distantback]`	1280	-120	0
	`Animation/dcfarstreamani.ani`	`[distantback]`	1920	-120	0
[/animation]

[passive object]
	811	273	89	0
	811	865	93	0
	811	661	95	0
	811	467	97	0
	811	1067	97	0
	811	1270	97	0
	844	1234	201	0
	844	501	207	0
	844	961	207	0
	844	580	209	0
	844	660	209	0
	844	503	261	0
	844	1236	265	0
	844	580	265	0
	844	658	265	0
	813	771	291	0
[/passive object]

[monster]
	1000	0	43	607	160	0	1	1	`[fixed]`	`[normal]`
	1001	0	43	422	174	0	1	1	`[fixed]`	`[normal]`
	1000	0	43	873	186	0	1	1	`[fixed]`	`[normal]`
	1001	0	43	340	236	0	1	1	`[fixed]`	`[normal]`
	1000	0	43	857	246	0	1	1	`[fixed]`	`[normal]`
	1000	0	43	415	252	0	1	1	`[fixed]`	`[normal]`
[/monster]

[monster condition]
	50073	1	2	635	174	0	1	1	`[fixed]`	`[normal]`
	50074	1	2	635	174	0	1	1	`[fixed]`	`[normal]`
	50075	1	2	635	174	0	1	1	`[fixed]`	`[normal]`
	50076	1	2	635	174	0	1	1	`[fixed]`	`[normal]`
[/monster condition]

[special passive object]
	815	1090	191	0	1
	`[trap]`	2500	44	1	2	-1
	816	773	205	0	1
	`[item]`	0	3	-1	-1	-1
	844	960	250	0	1
	`[item]`	4	1	-1	-1	-1
	815	1082	255	0	1
	`[trap]`	2600	44	1	2	-1	
[/special passive object]

[event monster position]
	337	181	0
	333	258	0
	901	225	0
	1310	213	0
[/event monster position]

[map name]
	`PVP 无名`
