#PVF_File

[player number]
	2	8

[pvp start area]
	0	0	0	0
	0	0	0	0
	0	0	0	0

[type]
	`[normal]`

[greed]
	`FF FF`

[tile]
	`Tile/overnoblankmid.til`
	`Tile/overnoblankmid.til`
	`Tile/overnoblankmid.til`
	`Tile/overnoblankmid.til`
	`Tile/overnoblankmid.til`
[/tile]

[far sight scroll]
	56

[middle sight scroll]
	90

[near sight scroll]
	110

[background animation]
	[ani info]
		[filename]
			`Animation/dcfar.ani`
		[layer]
			`[distantback]`
		[order]
			`[below]`
	[/ani info]
	[ani info]
		[filename]
			`Animation/dcmid.ani`
		[layer]
			`[middleback]`
		[order]
			`[below]`
	[/ani info]
[/background animation]

[pathgate pos]
	22	190	1110	199	198	658	141	666

[sound]
	`R_AMB_CAVE`
	`M_DARKELF_BOSS`
[/sound]

[animation]
	`Animation/dcfarstreamani.ani`	`[distantback]`	0	-120	0
	`Animation/dcfarstreamani.ani`	`[distantback]`	640	-120	0
	`Animation/dcfarstreamani.ani`	`[distantback]`	1280	-120	0
	`Animation/dcfarstreamani.ani`	`[distantback]`	1920	-120	0
[/animation]

[passive object]
	811	841	95	0
	811	91	95	0
	811	465	97	0
	811	650	98	0
	811	270	100	0
	806	392	133	0
	806	775	136	0
[/passive object]

[monster]
	410	1	0	298	170	0	1	1	`[fixed]`	`[normal]`
	1000	1	0	830	178	0	1	1	`[fixed]`	`[normal]`
	1001	1	0	645	178	0	1	1	`[fixed]`	`[normal]`
	1000	1	0	351	184	0	1	1	`[fixed]`	`[normal]`
	411	1	0	245	198	0	1	1	`[fixed]`	`[normal]`
	1000	1	0	797	209	0	1	1	`[fixed]`	`[normal]`
	1001	1	0	669	212	0	1	1	`[fixed]`	`[normal]`
	410	1	0	222	243	0	1	1	`[fixed]`	`[normal]`
	1000	1	0	312	245	0	1	1	`[fixed]`	`[normal]`
	1001	1	0	642	257	0	1	1	`[fixed]`	`[normal]`
	1000	1	0	823	258	0	1	1	`[fixed]`	`[normal]`
[/monster]

[monster condition]
	50073	1	2	265	187	0	1	1	`[fixed]`	`[normal]`
	50074	1	2	265	187	0	1	1	`[fixed]`	`[normal]`
	50075	1	2	265	187	0	1	1	`[fixed]`	`[normal]`
	50076	1	2	265	187	0	1	1	`[fixed]`	`[normal]`
[/monster condition]

[monster specific AI]
	`[normal]`
	`[normal]`
	`[normal]`
	`[normal]`
	`[normal]`
	`[normal]`
	`[normal]`
	`[normal]`
	`[normal]`
	`[normal]`
	`[normal]`
[/monster specific AI]

[special passive object]
	30519	540	226	0	1
	`[hellparty]`
		105	25	1
		106	25	1
		107	25	1
		108	25	1
		13	20	1
		31	20	1
		111	20	1
		32	20	2
	`[/hellparty]`
[/special passive object]

[event monster position]
	532	258	0
	721	213	0
	933	204	0
	127	208	0
[/event monster position]

[map name]
	`PVP 无名`
