#PVF_File

[player number]
	2	8

[pvp start area]
	0	0	0	0
	0	0	0	0
	0	0	0	0

[dungeon]
	31
[/dungeon]

[type]
	`[normal]`

[greed]
	`NN II`

[tile]
	`Tile/overnoblankmid.til`
	`Tile/overnoblankmid.til`
	`Tile/overnoblankmid.til`
	`Tile/overnoblankmid.til`
	`Tile/overnoblankmid.til`
	`Tile/overnoblankmid.til`
	`Tile/overnoblankmid.til`
[/tile]

[far sight scroll]
	56

[middle sight scroll]
	90

[near sight scroll]
	110

[background animation]
	[ani info]
		[filename]
			`Animation/skfar.ani`
		[layer]
			`[distantback]`
		[order]
			`[below]`
	[/ani info]
	[ani info]
		[filename]
			`Animation/skmid.ani`
		[layer]
			`[middleback]`
		[order]
			`[below]`
	[/ani info]
[/background animation]

[pathgate pos]
	12	242	1551	203	780	129	786	289

[sound]
	`R_AMB_CAVE`
	`M_UNDERFOOT`
[/sound]

[animation]
	`Animation/skpuddle1.ani`	`[bottom]`	351	174	0
	`Animation/skpuddle2.ani`	`[bottom]`	650	186	0
	`Animation/skpuddle3.ani`	`[bottom]`	884	213	0
	`Animation/skpuddle1.ani`	`[bottom]`	1044	183	0
	`Animation/skpuddle2.ani`	`[bottom]`	1028	192	0
	`Animation/skpuddle1.ani`	`[bottom]`	1247	196	0
	`Animation/skfarstreamani.ani`	`[distantback]`	0	-120	0
	`Animation/skfarstreamani.ani`	`[distantback]`	640	-120	0
	`Animation/skfarstreamani.ani`	`[distantback]`	1280	-120	0
	`Animation/skfarstreamani.ani`	`[distantback]`	1920	-120	0
[/animation]

[passive object]
	814	368	187	0
	814	644	184	0
	814	874	216	0
	814	1028	182	0
	814	1254	199	0
	810	780	132	0
	805	1086	178	0
	805	1107	199	0
	812	527	212	0
	805	1127	235	0
[/passive object]

[monster]
	602	0	39	296	166	0	1	1	`[fixed]`	`[normal]`
	400	0	39	1286	172	0	1	1	`[fixed]`	`[normal]`
	400	0	39	1184	173	0	1	1	`[fixed]`	`[normal]`
	602	0	39	404	196	0	1	1	`[fixed]`	`[normal]`
	602	0	39	302	238	0	1	1	`[fixed]`	`[normal]`
	400	0	39	1286	248	0	1	1	`[fixed]`	`[normal]`
	400	0	39	1206	248	0	1	1	`[fixed]`	`[normal]`
[/monster]

[monster specific AI]
	`[normal]`
	`[normal]`
	`[normal]`
	`[normal]`
	`[normal]`
	`[normal]`
	`[normal]`
[/monster specific AI]

[special passive object]
	815	488	161	0	1
	`[item]`	2	-1	1	-1	-1
	815	540	287	0	1
	`[monster]`	403	39	1	5	-1	
[/special passive object]

[event monster position]
	377	242	0
	692	203	0
	616	163	0
	349	162	0
[/event monster position]

[map name]
	`PVP 无名`
