#PVF_File

[player number]
	2	8

[pvp start area]
	0	0	0	0
	0	0	0	0
	0	0	0	0

[dungeon]
	31
[/dungeon]

[type]
	`[normal]`

[greed]
	`CC CC`

[tile]
	`Tile/overnoblankmid.til`
	`Tile/overnoblankdown.til`
	`Tile/overnoblankup.til`
	`Tile/overnoblankdown.til`
	`Tile/overnoblankmid.til`
	`Tile/overnoblankmid.til`
	`Tile/overnoblankup.til`
	`Tile/overnoblankdown.til`
[/tile]

[far sight scroll]
	56

[middle sight scroll]
	90

[near sight scroll]
	110

[background animation]
	[ani info]
		[filename]
			`Animation/skfar.ani`
		[layer]
			`[distantback]`
		[order]
			`[below]`
	[/ani info]
	[ani info]
		[filename]
			`Animation/skmid.ani`
		[layer]
			`[middleback]`
		[order]
			`[below]`
	[/ani info]
[/background animation]

[pathgate pos]
	13	237	1776	195	1475	137	691	284

[sound]
	`R_AMB_CAVE`
	`M_UNDERFOOT`
[/sound]

[animation]
	`Animation/skfarstreamani.ani`	`[distantback]`	0	-120	0
	`Animation/skfarstreamani.ani`	`[distantback]`	640	-120	0
	`Animation/skfarstreamani.ani`	`[distantback]`	1280	-120	0
	`Animation/skfarstreamani.ani`	`[distantback]`	1920	-120	0
[/animation]

[passive object]
	814	578	189	0
	814	645	163	0
	814	822	185	0
	814	884	177	0
	814	992	177	0
	811	440	94	0
	811	1159	100	0
	804	1241	172	0
	804	943	172	0
	813	716	217	0
	804	944	220	0
	804	1247	231	0
	813	1515	283	0
	813	408	286	0
	813	326	300	0
[/passive object]

[monster]
	410	1	1	298	146	0	1	1	`[fixed]`	`[normal]`
	401	1	0	1017	158	0	1	1	`[fixed]`	`[normal]`
	602	1	0	790	163	0	1	1	`[fixed]`	`[normal]`
	600	1	0	580	167	0	1	1	`[fixed]`	`[normal]`
	400	1	0	1151	169	0	1	1	`[fixed]`	`[normal]`
	400	1	0	1085	192	0	1	1	`[fixed]`	`[normal]`
	401	1	0	1018	207	0	1	1	`[fixed]`	`[normal]`
	400	1	0	1151	208	0	1	1	`[fixed]`	`[normal]`
	410	1	1	378	217	0	1	1	`[fixed]`	`[normal]`
	600	1	0	528	225	0	1	1	`[fixed]`	`[normal]`
	602	1	0	759	261	0	1	1	`[fixed]`	`[normal]`
[/monster]

[monster specific AI]
	`[normal]`
	`[normal]`
	`[normal]`
	`[normal]`
	`[normal]`
	`[normal]`
	`[normal]`
	`[normal]`
	`[normal]`
	`[normal]`
	`[normal]`
[/monster specific AI]

[special passive object]
	816	622	133	0	1
	`[item]`	0	2	-1	-1	-1
	816	461	187	0	1
	`[item]`	0	2	-1	-1	-1
	803	283	203	0	3
	`[trap]`	2210	1	1	5	-1
	`[trap]`	2211	1	1	5	-1
	`[item]`	2	-1	5	-1	-1
	816	625	270	0	1
	`[item]`	0	2	-1	-1	-1
	815	1076	283	0	2
	`[monster]`	403	40	1	5	-1
	`[item]`	2	-1	1	-1	-1
	815	1207	284	0	2
	`[monster]`	403	40	1	5	-1
	`[item]`	2	-1	1	-1	-1
	815	945	286	0	2
	`[monster]`	404	40	1	5	-1
	`[item]`	2	-1	1	-1	-1	
[/special passive object]

[event monster position]
	878	205	0
	871	142	0
	225	237	0
	218	155	0
[/event monster position]

[map name]
	`PVP 无名`
