#PVF_File

1
`Linus.npc`
2
`Seria.npc`
3
`Kanna.npc`
4
`Sinda.npc`
5
`Shusia.npc`
6
`Poongjin.npc`
7
`GSD.npc`
8
`Danjin.npc`
9
`Shylock.npc`
10
`Lorian.npc`
11
`Kagon.npc`
12
`Sharan.npc`
13
`Rothon.npc`
15
`Board.npc`
17
`Kiri.npc`
18
`Birken.npc`
19
`Ophelia.npc`
20
`Danjin1.npc`
21
`Danjin2.npc`
22
`Storage.npc`
23
`Birken2.npc`
24
`Breeze.npc`
25
`Gale.npc`
26
`Klonter.npc`
27
`Albert.npc`
28
`Iris.npc`
29
`Roger.npc`
30
`Daphne.npc`
31
`BQM.npc`
32
`PostBox.npc`
33
`Seagun.npc`
34
`John.npc`
35
`Saya.npc`
36
`Oran.npc`
37
`CokeVending.npc`
38
`Danjin3.npc`
39
`Mintai.npc`
40
`Orca.npc`
41
`Balena.npc`
42
`Rino.npc`
44
`Danjin4.npc`
45
`Grandis.npc`
55
`CupNoodleVending.npc`
56
`Marlene.npc`
57
`Verrickt.npc`
58
`Zeldin.npc`
59
`Melvin.npc`
60
`Marlene_arad.npc`
61
`Iris_heaven.npc`
62
`Officer.npc`
63
`Seria_tutorial.npc`
80
`Vendingmachine_pc.npc`
81
`Vendingmachine_5event.npc`
82
`Cerainven.npc`
83
`SeriaVending.npc`
84
`ChestNutTree.npc`
85
`HalloweenCaldron.npc`
90
`3thAniverssaryCake.npc`
91
`EventMessageBoard.npc`
92
`PowerWarRewardCharacterStatue1.npc`
93
`PowerWarRewardCharacterStatue2.npc`
94
`PowerWarRewardCharacterStatue3.npc`
95
`Glam_Rinwood_Hen.npc`
96
`Glam_Rinwood_War.npc`
97
`Veol_Caelow_Hen.npc`
98
`Veol_Caelow_War.npc`
99
`GuildStorage.npc`
596
`the_last_mehmet_copy.npc`
1000
`Delilah.npc`
1001
`Drapyus.npc`
1002
`Gabriel.npc`
1003
`Gabriel_material.npc`
1004
`Gabriel_ancient.npc`
1005
`QuestNpc_botti.npc`
1006
`QuestNpc_moussam.npc`
1007
`QuestNpc_merman.npc`
1008
`cc_gsd.npc`
1009
`Albert_quest.npc`
1011
`aganzo.npc`
1012
`QuestNpc_hogas.npc`
1013
`QuestNpc_giselle.npc`
1014
`QuestNpc_astaroth.npc`
1015
`QuestNpc_shapiro.npc`
1016
`QuestNpc_nillbass.npc`
1017
`QuestNpc_iris.npc`
1018
`QuestNpc_bakal.npc`
1019
`QuestNpc_fairyseria.npc`
1020
`QuestNpc_umtara.npc`
1021
`QuestNpc_umtara_die.npc`
1022
`QuestNpc_siran.npc`
1023
`QuestNpc_iris1.npc`
1024
`quest_elf1.npc`
1025
`quest_elf2.npc`
1026
`quest_elf3.npc`
1027
`quest_elf4.npc`
1028
`quest_dark_iris1.npc`
1029
`quest_dark_iris1.npc`
1030
`QuestNpc_message.npc`
1031
`QuestNpc_seria.npc`
1032
`quest_girl.npc`
1033
`quest_ranje.npc`
1034
`quest_enjo.npc`
1035
`Delilah_tutorial.npc`
1036
`quest_dark.npc`
1037
`quest_creator.npc`
1038
`boss1_0.npc`
1039
`boss2_0.npc`
1040
`boss3_0.npc`
1041
`boss4_0.npc`
64
`Minet.npc`
65
`WernVonnegut.npc`
66
`Twinky.npc`
67
`Shusia_PVP.npc`
68
`Hilder.npc`
69
`Seria_FairPVP.npc`
70
`Shusia_FairPVP.npc`
71
`Albert_FairPVP.npc`
72
`Simona.npc`
73
`Ajelia.npc`
74
`Runa.npc`
75
`chn_QQeunsun.npc`
121
`event_dnf6thcake.npc`
10000
`DespairTower.npc`
10001
`PrivateStoreDoll.npc`
76
`Niber.npc`
77
`Wayne.npc`
78
`Ria.npc`
79
`Nessman.npc`
122
`Woo.npc`
123
`Woo_arad.npc`
124
`Jun.npc`
125
`Aska.npc`
126
`Siran.npc`
127
`the_last_mehmet.npc`
128
`timegate_move.npc`
129
`requiem_move.npc`
130
`timegate_back.npc`
131
`requiem_back.npc`
132
`Iris2.npc`
133
`erje.npc`
134
`Iris3.npc`
135
`the_last_mehmet_tutorial.npc`
136
`WernVonnegut_slough.npc`
200
`ChristmasEvent2011_Santa.npc`
201
`ChristmasEvent2011_SeriaRoomTree.npc`
202
`ChristmasEvent2011_PlazaTree.npc`
204
`Bead.npc`
205
`BlueMarble_Dice.npc`
140
`Gant_guardian.npc`
141
`Gant_guardian1.npc`
142
`Gant_attack_guardian1.npc`
143
`Gant_attack_guardian2.npc`
146
`2012_09_27_Event.npc`
2000
`Melvin2.npc`
2001
`erje2.npc`
3001
`Billboard.npc`
100
`tw_goose.npc`
101
`tw_gooseOut.npc`
102
`tw_Ghost_fire.npc`
103
`tw_bbq_linus.npc`
104
`tw_bbq_gsd.npc`
105
`tw_bbq_seria.npc`
106
`tw_bbq_siran.npc`
107
`tw_bbq_linus_costume.npc`
108
`tw_bbq_gsd_costume.npc`
109
`tw_bbq_seria_costume.npc`
110
`tw_bbq_siran_costume.npc`
111
`tw_MysteryMarble.npc`
148
`Skady.npc`
149
`Lobato.npc`
424
`chn_Aska.npc`
425
`chn_Jun.npc`
1010
`Nea.npc`