#PVF_File

[player number]
	2	8

[pvp start area]
	0	0	0	0
	0	0	0	0
	0	0	0	0

[dungeon]
	26
[/dungeon]

[type]
	`[normal]`

[greed]
	`BB BB`

[tile]
	`Tile/bigwindowsmplant.til`
	`Tile/bigwindowsmplant.til`
	`Tile/smwindow.til`
	`Tile/smnowindow.til`
	`Tile/smnowindowplant.til`
	`Tile/bigwindowsmplant.til`
	`Tile/bigwindowsmplant.til`
[/tile]

[far sight scroll]
	56

[middle sight scroll]
	90

[near sight scroll]
	110

[pathgate pos]
	14	283	1554	253	797	156	822	316

[sound]
	`M_2ND_SPINE`
	`R_AMB_WIND`
[/sound]

[animation]
	`Animation/watering.ani`	`[normal]`	567	123	0
[/animation]

[passive object]
	716	0	0	120
	717	0	0	120
	718	0	0	120
	719	0	0	120
	720	0	0	120
	720	0	0	-980
[/passive object]

[monster]
	270	1	0	1033	193	0	1	1	`[fixed]`	`[normal]`
	271	1	0	477	211	0	1	1	`[fixed]`	`[normal]`
	271	1	0	659	229	0	1	1	`[fixed]`	`[normal]`
	271	1	0	667	268	0	1	1	`[fixed]`	`[normal]`
	271	1	0	487	294	0	1	1	`[fixed]`	`[normal]`
	270	1	0	1030	313	0	1	1	`[fixed]`	`[normal]`
[/monster]

[monster specific AI]
	`[normal]`
	`[normal]`
	`[normal]`
	`[normal]`
	`[normal]`
	`[normal]`
[/monster specific AI]

[special passive object]
	777	1233	229	0	1
	`[trap]`	1025	1	2	1	-1
	300	351	243	0	1
	`[trap]`	1025	1	2	1	-1
	300	215	244	0	1
	`[trap]`	1025	1	2	1	-1
	777	1244	268	0	1
	`[trap]`	1025	1	2	1	-1
	300	359	280	0	1
	`[trap]`	1025	1	2	1	-1
	300	217	282	0	1
	`[trap]`	1025	1	2	1	-1	
[/special passive object]

[ai character]
	11400	812	234	0	`[monster]`	`[normal]`	5	0
[/ai character]

[event monster position]
	1154	245	0
	903	248	0
	680	247	0
	465	240	0
[/event monster position]

[map name]
	`PVP 无名`
