#PVF_File

[player number]
	2	8

[pvp start area]
	0	0	0	0
	0	0	0	0
	0	0	0	0

[dungeon]
	26
[/dungeon]

[type]
	`[normal]`

[greed]
	`OO II`

[tile]
	`Tile/bigwindowsmplant.til`
	`Tile/bigwindowsmplant.til`
	`Tile/smwindow.til`
	`Tile/smnowindow.til`
	`Tile/smnowindowplant.til`
	`Tile/bigwindowsmplant.til`
	`Tile/bigwindowsmplant.til`
[/tile]

[far sight scroll]
	56

[middle sight scroll]
	90

[near sight scroll]
	110

[pathgate pos]
	13	282	1553	239	788	178	808	321

[sound]
	`M_2ND_SPINE`
	`R_AMB_WIND`
[/sound]

[animation]
	`Animation/watering.ani`	`[normal]`	567	123	0
[/animation]

[passive object]
	716	0	0	120
	717	0	0	120
	718	0	0	120
	719	0	0	120
	720	0	0	120
	720	0	0	-980
	714	341	244	0
	714	1156	247	0
	714	496	247	0
	714	1021	249	0
	770	789	257	0
	1024	473	290	0
	771	1053	296	0
	771	1103	317	0
	1024	416	317	0
[/passive object]

[monster]
	261	1	0	1012	182	0	1	1	`[fixed]`	`[normal]`
	260	1	0	1082	182	0	1	1	`[fixed]`	`[normal]`
	262	1	0	448	183	0	1	1	`[fixed]`	`[normal]`
	260	1	0	391	183	0	1	1	`[fixed]`	`[normal]`
	273	1	0	1296	184	0	1	1	`[fixed]`	`[normal]`
	273	1	0	149	191	0	1	1	`[fixed]`	`[normal]`
	260	1	0	586	296	0	1	1	`[fixed]`	`[normal]`
	273	1	0	1320	311	0	1	1	`[fixed]`	`[normal]`
	273	1	0	187	320	0	1	1	`[fixed]`	`[normal]`
[/monster]

[monster specific AI]
	`[normal]`
	`[normal]`
	`[normal]`
	`[normal]`
	`[normal]`
	`[normal]`
	`[normal]`
	`[normal]`
	`[normal]`
[/monster specific AI]

[special passive object]
	771	194	250	0	3
	`[trap]`	2000	1	1	5	-1
	`[trap]`	48021	23	4	5	-1
	`[trap]`	48003	8	4	5	-1	
[/special passive object]

[event monster position]
	599	188	0
	919	196	0
	971	307	0
	512	306	0
[/event monster position]

[map name]
	`PVP 无名`
